yarn run v1.22.22
(node:88290) [DEP0169] DeprecationWarning: `url.parse()` behavior is not standardized and prone to errors that have security implications. Use the WHATWG URL API instead. CVEs are not issued for `url.parse()` vulnerabilities.
(Use `node --trace-deprecation ...` to show where the warning was created)
$ yarn workspaces run jest
(node:88291) [DEP0169] DeprecationWarning: `url.parse()` behavior is not standardized and prone to errors that have security implications. Use the WHATWG URL API instead. CVEs are not issued for `url.parse()` vulnerabilities.
(Use `node --trace-deprecation ...` to show where the warning was created)

> client
(node:88293) [DEP0169] DeprecationWarning: `url.parse()` behavior is not standardized and prone to errors that have security implications. Use the WHATWG URL API instead. CVEs are not issued for `url.parse()` vulnerabilities.
(Use `node --trace-deprecation ...` to show where the warning was created)
$ jest
Starting dev servers. This is required for end-to-end testing
yarn workspace v1.22.22

yarn workspace v1.22.22

(node:88344) [DEP0169] DeprecationWarning: `url.parse()` behavior is not standardized and prone to errors that have security implications. Use the WHATWG URL API instead. CVEs are not issued for `url.parse()` vulnerabilities.
(Use `node --trace-deprecation ...` to show where the warning was created)

(node:88345) [DEP0169] DeprecationWarning: `url.parse()` behavior is not standardized and prone to errors that have security implications. Use the WHATWG URL API instead. CVEs are not issued for `url.parse()` vulnerabilities.
(Use `node --trace-deprecation ...` to show where the warning was created)

yarn run v1.22.22

yarn run v1.22.22

(node:88347) [DEP0169] DeprecationWarning: `url.parse()` behavior is not standardized and prone to errors that have security implications. Use the WHATWG URL API instead. CVEs are not issued for `url.parse()` vulnerabilities.
(Use `node --trace-deprecation ...` to show where the warning was created)

(node:88346) [DEP0169] DeprecationWarning: `url.parse()` behavior is not standardized and prone to errors that have security implications. Use the WHATWG URL API instead. CVEs are not issued for `url.parse()` vulnerabilities.
(Use `node --trace-deprecation ...` to show where the warning was created)

$ webpack-dev-server --mode development

$ DEBUG=express:* DOTENV_CONFIG_PATH=../config/dev.env nodemon --ignore './scripts/' --ignore './resources/' --inspect -r dotenv/config server.js --watch

[nodemon] 2.0.22

[nodemon] to restart at any time, enter `rs`

[nodemon] watching path(s): *.*

[nodemon] watching extensions: js,mjs,json

[nodemon] starting `node --inspect -r dotenv/config server.js`

Debugger listening on ws://127.0.0.1:9229/6022bf4e-18bf-43bd-8c23-d1b240310d40
For help, see: https://nodejs.org/en/docs/inspector

<i> [webpack-dev-server] [HPM] Proxy created: /aria-at,/api,/embed  -> http://localhost:8033

<i> [webpack-dev-server] Project is running at:

<i> [webpack-dev-server] Loopback: http://localhost:3033/
<i> [webpack-dev-server] On Your Network (IPv4): http://10.199.132.204:3033/
<i> [webpack-dev-server] On Your Network (IPv6): http://[fe80::1]:3033/
<i> [webpack-dev-server] Content not from webpack is served from '/Users/drboostfire/Documents/GitHub/aria-at-app/client/static' directory
<i> [webpack-dev-server] 404s will fallback to '/index.html'

2025-07-13T23:02:48.788Z express:application set "x-powered-by" to true

2025-07-13T23:02:48.789Z express:application set "etag" to 'weak'

2025-07-13T23:02:48.789Z express:application set "etag fn" to [Function: generateETag]

2025-07-13T23:02:48.789Z express:application set "env" to 'development'

2025-07-13T23:02:48.789Z express:application set "query parser" to 'simple'

2025-07-13T23:02:48.789Z express:application set "query parser fn" to [Function: parse]

2025-07-13T23:02:48.789Z express:application set "subdomain offset" to 2
2025-07-13T23:02:48.789Z express:application set "trust proxy" to false

2025-07-13T23:02:48.789Z express:application set "trust proxy fn" to [Function: trustNone]

2025-07-13T23:02:48.789Z express:application booting in development mode

2025-07-13T23:02:48.789Z express:application set "view" to [Function: View]

2025-07-13T23:02:48.789Z express:application set "views" to '/Users/drboostfire/Documents/GitHub/aria-at-app/server/views'
2025-07-13T23:02:48.789Z express:application set "jsonp callback name" to 'callback'

2025-07-13T23:02:48.790Z express:application set "view engine" to 'hbs'

2025-07-13T23:02:48.790Z express:application set "views" to '/Users/drboostfire/Documents/GitHub/aria-at-app/server/handlebars/embed/views'

2025-07-13T23:02:48.794Z express:application set "x-powered-by" to true

2025-07-13T23:02:48.794Z express:application set "etag" to 'weak'
2025-07-13T23:02:48.794Z express:application set "etag fn" to [Function: generateETag]
2025-07-13T23:02:48.794Z express:application set "env" to 'development'
2025-07-13T23:02:48.794Z express:application set "query parser" to 'simple'
2025-07-13T23:02:48.794Z express:application set "query parser fn" to [Function: parse]
2025-07-13T23:02:48.794Z express:application set "subdomain offset" to 2
2025-07-13T23:02:48.794Z express:application set "trust proxy" to false
2025-07-13T23:02:48.794Z express:application set "trust proxy fn" to [Function: trustNone]
2025-07-13T23:02:48.794Z express:application booting in development mode

2025-07-13T23:02:48.794Z express:application set "view" to [Function: View]
2025-07-13T23:02:48.794Z express:application set "views" to '/Users/drboostfire/Documents/GitHub/aria-at-app/server/views'

2025-07-13T23:02:48.794Z express:application set "jsonp callback name" to 'callback'

2025-07-13T23:02:48.799Z express:application set "x-powered-by" to true

2025-07-13T23:02:48.799Z express:application set "etag" to 'weak'
2025-07-13T23:02:48.799Z express:application set "etag fn" to [Function: generateETag]
2025-07-13T23:02:48.799Z express:application set "env" to 'development'
2025-07-13T23:02:48.799Z express:application set "query parser" to 'simple'
2025-07-13T23:02:48.799Z express:application set "query parser fn" to [Function: parse]
2025-07-13T23:02:48.799Z express:application set "subdomain offset" to 2
2025-07-13T23:02:48.799Z express:application set "trust proxy" to false
2025-07-13T23:02:48.799Z express:application set "trust proxy fn" to [Function: trustNone]
2025-07-13T23:02:48.799Z express:application booting in development mode

2025-07-13T23:02:48.799Z express:application set "view" to [Function: View]
2025-07-13T23:02:48.799Z express:application set "views" to '/Users/drboostfire/Documents/GitHub/aria-at-app/server/views'
2025-07-13T23:02:48.799Z express:application set "jsonp callback name" to 'callback'

2025-07-13T23:02:48.799Z express:application .use app under /api

2025-07-13T23:02:48.799Z express:application .use app under /embed

Listening on 8033

`isModuleDeclaration` has been deprecated, please migrate to `isImportOrExportDeclaration`
    at isModuleDeclaration (/Users/drboostfire/Documents/GitHub/aria-at-app/node_modules/@babel/types/lib/validators/generated/index.js:3940:35)
    at PluginPass.Program (/Users/drboostfire/Documents/GitHub/aria-at-app/node_modules/babel-plugin-lodash/lib/index.js:102:44)

assets by path *.js 23.1 MiB
  asset bundle.js 22.9 MiB [emitted] (name: main)
  asset resources_vrender_mjs.bundle.js 67.3 KiB [emitted]
  asset resources_aria-at-harness_mjs.bundle.js 58.4 KiB [emitted]
  asset resources_at-commands_mjs.bundle.js 18.3 KiB [emitted]
  asset resources_types_aria-at-test-run_js.bundle.js 9.44 KiB [emitted]
  asset resources_types_aria-at-test-result_js.bundle.js 4.67 KiB [emitted]
assets by path *.jpg 65.1 KiB
  asset b69701922b27f0ff95a2f8a4f03b5025.jpg 17.7 KiB [emitted] [immutable] [from: assets/write-tests.jpg] (auxiliary name: main)
  asset c0a3b8e1b3d7237301d71953c9a811d1.jpg 16.7 KiB [emitted] [immutable] [from: assets/review-tests.jpg] (auxiliary name: main)
  asset b94a228c191bd738b564128bf6c5b467.jpg 15.6 KiB [emitted] [immutable] [from: assets/review-assertion.jpg] (auxiliary name: main)
  asset d590efaabe47e07bb6394b5a9618986d.jpg 15 KiB [emitted] [immutable] [from: assets/join-community.jpg] (auxiliary name: main)
asset index.css 3.65 KiB [emitted] [from: static/index.css] [copied]
asset index.html 440 bytes [emitted] [from: static/index.html] [copied]
orphan modules 538 KiB [orphan] 204 modules
runtime modules 31.8 KiB 18 modules
modules by path ../ 6.2 MiB
  javascript modules 6.14 MiB 1108 modules
  json modules 62.9 KiB
    modules by path ../node_modules/react-html-parser/node_modules/dom-serializer/ 32.8 KiB 5 modules
    modules by path ../node_modules/react-html-parser/node_modules/entities/ 30 KiB 4 modules
modules by path ./ 1.72 MiB 330 modules
asset modules 5.04 KiB
  data:image/svg+xml,%3csvg xmlns=%27.. 281 bytes [built] [code generated]
  data:image/svg+xml,%3csvg xmlns=%27.. 281 bytes [built] [code generated]
  data:image/svg+xml,%3csvg xmlns=%27.. 279 bytes [built] [code generated]
  data:image/svg+xml,%3csvg xmlns=%27.. 161 bytes [built] [code generated]
  + 15 modules
readable-stream (ignored) 15 bytes [built] [code generated]
webpack 5.92.1 compiled successfully in 5338 ms

(node:88348) [DEP0060] DeprecationWarning: The `util._extend` API is deprecated. Please use Object.assign() instead.
(Use `node --trace-deprecation ...` to show where the warning was created)

Error
    at Query.run (/Users/drboostfire/Documents/GitHub/aria-at-app/node_modules/sequelize/lib/dialects/postgres/query.js:50:25)
    at /Users/drboostfire/Documents/GitHub/aria-at-app/node_modules/sequelize/lib/sequelize.js:315:28
    at process.processTicksAndRejections (node:internal/process/task_queues:105:5)
    at async PostgresQueryInterface.select (/Users/drboostfire/Documents/GitHub/aria-at-app/node_modules/sequelize/lib/dialects/abstract/query-interface.js:407:12)
    at async User.findAll (/Users/drboostfire/Documents/GitHub/aria-at-app/node_modules/sequelize/lib/model.js:1140:21)
    at async Object.nestedGetOrCreate (/Users/drboostfire/Documents/GitHub/aria-at-app/server/models/services/ModelService.js:389:19)
    at async getOrCreateUser (/Users/drboostfire/Documents/GitHub/aria-at-app/server/models/services/UserService.js:452:30)
    at async setFakeUserController (/Users/drboostfire/Documents/GitHub/aria-at-app/server/controllers/FakeUserController.js:30:16) {
  name: 'SequelizeDatabaseError',
  parent: error: permission denied for table Vendor
      at Parser.parseErrorMessage (/Users/drboostfire/Documents/GitHub/aria-at-app/node_modules/pg-protocol/dist/parser.js:283:98)
      at Parser.handlePacket (/Users/drboostfire/Documents/GitHub/aria-at-app/node_modules/pg-protocol/dist/parser.js:122:29)
      at Parser.parse (/Users/drboostfire/Documents/GitHub/aria-at-app/node_modules/pg-protocol/dist/parser.js:35:38)
      at Socket.<anonymous> (/Users/drboostfire/Documents/GitHub/aria-at-app/node_modules/pg-protocol/dist/index.js:11:42)
      at Socket.emit (node:events:507:28)
      at addChunk (node:internal/streams/readable:559:12)
      at readableAddChunkPushByteMode (node:internal/streams/readable:510:3)
      at Readable.push (node:internal/streams/readable:390:5)
      at TCP.onStreamRead (node:internal/stream_base_commons:189:23) {
    length: 94,
    severity: 'ERROR',
    code: '42501',
    detail: undefined,
    hint: undefined,
    position: undefined,
    internalPosition: undefined,
    internalQuery: undefined,
    where: undefined,
    schema: undefined,
    table: undefined,
    column: undefined,
    dataType: undefined,
    constraint: undefined,
    file: 'aclchk.c',
    line: '3657',
    routine: 'aclcheck_error',
    sql: `SELECT "User"."id", "User"."username", "User"."isBot", "User"."createdAt", "User"."updatedAt", "User"."vendorId", "roles"."name" AS "roles.name", "ats"."id" AS "ats.id", "ats"."name" AS "ats.name", "ats"."key" AS "ats.key", "ats"."vendorId" AS "ats.vendorId", "testPlanRuns"."id" AS "testPlanRuns.id", "testPlanRuns"."testerUserId" AS "testPlanRuns.testerUserId", "testPlanRuns"."testPlanReportId" AS "testPlanRuns.testPlanReportId", "testPlanRuns"."testResults" AS "testPlanRuns.testResults", "testPlanRuns"."initiatedByAutomation" AS "testPlanRuns.initiatedByAutomation", "testPlanRuns"."isPrimary" AS "testPlanRuns.isPrimary" FROM "User" AS "User" LEFT OUTER JOIN ( "UserRoles" AS "roles->UserRoles" INNER JOIN "Role" AS "roles" ON "roles"."name" = "roles->UserRoles"."roleName") ON "User"."id" = "roles->UserRoles"."userId" LEFT OUTER JOIN ( "UserAts" AS "ats->UserAts" INNER JOIN "At" AS "ats" ON "ats"."id" = "ats->UserAts"."atId") ON "User"."id" = "ats->UserAts"."userId" LEFT OUTER JOIN "TestPlanRun" AS "testPlanRuns" ON "User"."id" = "testPlanRuns"."testerUserId" LEFT OUTER JOIN "Vendor" AS "company" ON "User"."vendorId" = "company"."id" WHERE "User"."username" = 'joe-the-tester';`,
    parameters: undefined
  },
  original: error: permission denied for table Vendor
      at Parser.parseErrorMessage (/Users/drboostfire/Documents/GitHub/aria-at-app/node_modules/pg-protocol/dist/parser.js:283:98)
      at Parser.handlePacket (/Users/drboostfire/Documents/GitHub/aria-at-app/node_modules/pg-protocol/dist/parser.js:122:29)
      at Parser.parse (/Users/drboostfire/Documents/GitHub/aria-at-app/node_modules/pg-protocol/dist/parser.js:35:38)
      at Socket.<anonymous> (/Users/drboostfire/Documents/GitHub/aria-at-app/node_modules/pg-protocol/dist/index.js:11:42)
      at Socket.emit (node:events:507:28)
      at addChunk (node:internal/streams/readable:559:12)
      at readableAddChunkPushByteMode (node:internal/streams/readable:510:3)
      at Readable.push (node:internal/streams/readable:390:5)
      at TCP.onStreamRead (node:internal/stream_base_commons:189:23) {
    length: 94,
    severity: 'ERROR',
    code: '42501',
    detail: undefined,
    hint: undefined,
    position: undefined,
    internalPosition: undefined,
    internalQuery: undefined,
    where: undefined,
    schema: undefined,
    table: undefined,
    column: undefined,
    dataType: undefined,
    constraint: undefined,
    file: 'aclchk.c',
    line: '3657',
    routine: 'aclcheck_error',
    sql: `SELECT "User"."id", "User"."username", "User"."isBot", "User"."createdAt", "User"."updatedAt", "User"."vendorId", "roles"."name" AS "roles.name", "ats"."id" AS "ats.id", "ats"."name" AS "ats.name", "ats"."key" AS "ats.key", "ats"."vendorId" AS "ats.vendorId", "testPlanRuns"."id" AS "testPlanRuns.id", "testPlanRuns"."testerUserId" AS "testPlanRuns.testerUserId", "testPlanRuns"."testPlanReportId" AS "testPlanRuns.testPlanReportId", "testPlanRuns"."testResults" AS "testPlanRuns.testResults", "testPlanRuns"."initiatedByAutomation" AS "testPlanRuns.initiatedByAutomation", "testPlanRuns"."isPrimary" AS "testPlanRuns.isPrimary" FROM "User" AS "User" LEFT OUTER JOIN ( "UserRoles" AS "roles->UserRoles" INNER JOIN "Role" AS "roles" ON "roles"."name" = "roles->UserRoles"."roleName") ON "User"."id" = "roles->UserRoles"."userId" LEFT OUTER JOIN ( "UserAts" AS "ats->UserAts" INNER JOIN "At" AS "ats" ON "ats"."id" = "ats->UserAts"."atId") ON "User"."id" = "ats->UserAts"."userId" LEFT OUTER JOIN "TestPlanRun" AS "testPlanRuns" ON "User"."id" = "testPlanRuns"."testerUserId" LEFT OUTER JOIN "Vendor" AS "company" ON "User"."vendorId" = "company"."id" WHERE "User"."username" = 'joe-the-tester';`,
    parameters: undefined
  },
  sql: `SELECT "User"."id", "User"."username", "User"."isBot", "User"."createdAt", "User"."updatedAt", "User"."vendorId", "roles"."name" AS "roles.name", "ats"."id" AS "ats.id", "ats"."name" AS "ats.name", "ats"."key" AS "ats.key", "ats"."vendorId" AS "ats.vendorId", "testPlanRuns"."id" AS "testPlanRuns.id", "testPlanRuns"."testerUserId" AS "testPlanRuns.testerUserId", "testPlanRuns"."testPlanReportId" AS "testPlanRuns.testPlanReportId", "testPlanRuns"."testResults" AS "testPlanRuns.testResults", "testPlanRuns"."initiatedByAutomation" AS "testPlanRuns.initiatedByAutomation", "testPlanRuns"."isPrimary" AS "testPlanRuns.isPrimary" FROM "User" AS "User" LEFT OUTER JOIN ( "UserRoles" AS "roles->UserRoles" INNER JOIN "Role" AS "roles" ON "roles"."name" = "roles->UserRoles"."roleName") ON "User"."id" = "roles->UserRoles"."userId" LEFT OUTER JOIN ( "UserAts" AS "ats->UserAts" INNER JOIN "At" AS "ats" ON "ats"."id" = "ats->UserAts"."atId") ON "User"."id" = "ats->UserAts"."userId" LEFT OUTER JOIN "TestPlanRun" AS "testPlanRuns" ON "User"."id" = "testPlanRuns"."testerUserId" LEFT OUTER JOIN "Vendor" AS "company" ON "User"."vendorId" = "company"."id" WHERE "User"."username" = 'joe-the-tester';`,
  parameters: {}
}

Error
    at Query.run (/Users/drboostfire/Documents/GitHub/aria-at-app/node_modules/sequelize/lib/dialects/postgres/query.js:50:25)
    at /Users/drboostfire/Documents/GitHub/aria-at-app/node_modules/sequelize/lib/sequelize.js:315:28
    at process.processTicksAndRejections (node:internal/process/task_queues:105:5)
    at async PostgresQueryInterface.select (/Users/drboostfire/Documents/GitHub/aria-at-app/node_modules/sequelize/lib/dialects/abstract/query-interface.js:407:12)
    at async User.findAll (/Users/drboostfire/Documents/GitHub/aria-at-app/node_modules/sequelize/lib/model.js:1140:21)
    at async Object.nestedGetOrCreate (/Users/drboostfire/Documents/GitHub/aria-at-app/server/models/services/ModelService.js:389:19)
    at async getOrCreateUser (/Users/drboostfire/Documents/GitHub/aria-at-app/server/models/services/UserService.js:452:30)
    at async setFakeUserController (/Users/drboostfire/Documents/GitHub/aria-at-app/server/controllers/FakeUserController.js:30:16)

Error
    at Query.run (/Users/drboostfire/Documents/GitHub/aria-at-app/node_modules/sequelize/lib/dialects/postgres/query.js:50:25)
    at /Users/drboostfire/Documents/GitHub/aria-at-app/node_modules/sequelize/lib/sequelize.js:315:28
    at process.processTicksAndRejections (node:internal/process/task_queues:105:5)
    at async PostgresQueryInterface.select (/Users/drboostfire/Documents/GitHub/aria-at-app/node_modules/sequelize/lib/dialects/abstract/query-interface.js:407:12)
    at async User.findAll (/Users/drboostfire/Documents/GitHub/aria-at-app/node_modules/sequelize/lib/model.js:1140:21)
    at async Object.nestedGetOrCreate (/Users/drboostfire/Documents/GitHub/aria-at-app/server/models/services/ModelService.js:389:19)
    at async getOrCreateUser (/Users/drboostfire/Documents/GitHub/aria-at-app/server/models/services/UserService.js:452:30)
    at async setFakeUserController (/Users/drboostfire/Documents/GitHub/aria-at-app/server/controllers/FakeUserController.js:30:16) {
  name: 'SequelizeDatabaseError',
  parent: error: permission denied for table Vendor
      at Parser.parseErrorMessage (/Users/drboostfire/Documents/GitHub/aria-at-app/node_modules/pg-protocol/dist/parser.js:283:98)
      at Parser.handlePacket (/Users/drboostfire/Documents/GitHub/aria-at-app/node_modules/pg-protocol/dist/parser.js:122:29)
      at Parser.parse (/Users/drboostfire/Documents/GitHub/aria-at-app/node_modules/pg-protocol/dist/parser.js:35:38)
      at Socket.<anonymous> (/Users/drboostfire/Documents/GitHub/aria-at-app/node_modules/pg-protocol/dist/index.js:11:42)
      at Socket.emit (node:events:507:28)
      at addChunk (node:internal/streams/readable:559:12)
      at readableAddChunkPushByteMode (node:internal/streams/readable:510:3)
      at Readable.push (node:internal/streams/readable:390:5)
      at TCP.onStreamRead (node:internal/stream_base_commons:189:23) {
    length: 94,
    severity: 'ERROR',
    code: '42501',
    detail: undefined,
    hint: undefined,
    position: undefined,
    internalPosition: undefined,
    internalQuery: undefined,
    where: undefined,
    schema: undefined,
    table: undefined,
    column: undefined,
    dataType: undefined,
    constraint: undefined,
    file: 'aclchk.c',
    line: '3657',
    routine: 'aclcheck_error',
    sql: `SELECT "User"."id", "User"."username", "User"."isBot", "User"."createdAt", "User"."updatedAt", "User"."vendorId", "roles"."name" AS "roles.name", "ats"."id" AS "ats.id", "ats"."name" AS "ats.name", "ats"."key" AS "ats.key", "ats"."vendorId" AS "ats.vendorId", "testPlanRuns"."id" AS "testPlanRuns.id", "testPlanRuns"."testerUserId" AS "testPlanRuns.testerUserId", "testPlanRuns"."testPlanReportId" AS "testPlanRuns.testPlanReportId", "testPlanRuns"."testResults" AS "testPlanRuns.testResults", "testPlanRuns"."initiatedByAutomation" AS "testPlanRuns.initiatedByAutomation", "testPlanRuns"."isPrimary" AS "testPlanRuns.isPrimary" FROM "User" AS "User" LEFT OUTER JOIN ( "UserRoles" AS "roles->UserRoles" INNER JOIN "Role" AS "roles" ON "roles"."name" = "roles->UserRoles"."roleName") ON "User"."id" = "roles->UserRoles"."userId" LEFT OUTER JOIN ( "UserAts" AS "ats->UserAts" INNER JOIN "At" AS "ats" ON "ats"."id" = "ats->UserAts"."atId") ON "User"."id" = "ats->UserAts"."userId" LEFT OUTER JOIN "TestPlanRun" AS "testPlanRuns" ON "User"."id" = "testPlanRuns"."testerUserId" LEFT OUTER JOIN "Vendor" AS "company" ON "User"."vendorId" = "company"."id" WHERE "User"."username" = 'joe-the-admin';`,
    parameters: undefined
  },
  original: error: permission denied for table Vendor
      at Parser.parseErrorMessage (/Users/drboostfire/Documents/GitHub/aria-at-app/node_modules/pg-protocol/dist/parser.js:283:98)
      at Parser.handlePacket (/Users/drboostfire/Documents/GitHub/aria-at-app/node_modules/pg-protocol/dist/parser.js:122:29)
      at Parser.parse (/Users/drboostfire/Documents/GitHub/aria-at-app/node_modules/pg-protocol/dist/parser.js:35:38)
      at Socket.<anonymous> (/Users/drboostfire/Documents/GitHub/aria-at-app/node_modules/pg-protocol/dist/index.js:11:42)
      at Socket.emit (node:events:507:28)
      at addChunk (node:internal/streams/readable:559:12)
      at readableAddChunkPushByteMode (node:internal/streams/readable:510:3)
      at Readable.push (node:internal/streams/readable:390:5)
      at TCP.onStreamRead (node:internal/stream_base_commons:189:23) {
    length: 94,
    severity: 'ERROR',
    code: '42501',
    detail: undefined,
    hint: undefined,
    position: undefined,
    internalPosition: undefined,
    internalQuery: undefined,
    where: undefined,
    schema: undefined,
    table: undefined,
    column: undefined,
    dataType: undefined,
    constraint: undefined,
    file: 'aclchk.c',
    line: '3657',
    routine: 'aclcheck_error',
    sql: `SELECT "User"."id", "User"."username", "User"."isBot", "User"."createdAt", "User"."updatedAt", "User"."vendorId", "roles"."name" AS "roles.name", "ats"."id" AS "ats.id", "ats"."name" AS "ats.name", "ats"."key" AS "ats.key", "ats"."vendorId" AS "ats.vendorId", "testPlanRuns"."id" AS "testPlanRuns.id", "testPlanRuns"."testerUserId" AS "testPlanRuns.testerUserId", "testPlanRuns"."testPlanReportId" AS "testPlanRuns.testPlanReportId", "testPlanRuns"."testResults" AS "testPlanRuns.testResults", "testPlanRuns"."initiatedByAutomation" AS "testPlanRuns.initiatedByAutomation", "testPlanRuns"."isPrimary" AS "testPlanRuns.isPrimary" FROM "User" AS "User" LEFT OUTER JOIN ( "UserRoles" AS "roles->UserRoles" INNER JOIN "Role" AS "roles" ON "roles"."name" = "roles->UserRoles"."roleName") ON "User"."id" = "roles->UserRoles"."userId" LEFT OUTER JOIN ( "UserAts" AS "ats->UserAts" INNER JOIN "At" AS "ats" ON "ats"."id" = "ats->UserAts"."atId") ON "User"."id" = "ats->UserAts"."userId" LEFT OUTER JOIN "TestPlanRun" AS "testPlanRuns" ON "User"."id" = "testPlanRuns"."testerUserId" LEFT OUTER JOIN "Vendor" AS "company" ON "User"."vendorId" = "company"."id" WHERE "User"."username" = 'joe-the-admin';`,
    parameters: undefined
  },
  sql: `SELECT "User"."id", "User"."username", "User"."isBot", "User"."createdAt", "User"."updatedAt", "User"."vendorId", "roles"."name" AS "roles.name", "ats"."id" AS "ats.id", "ats"."name" AS "ats.name", "ats"."key" AS "ats.key", "ats"."vendorId" AS "ats.vendorId", "testPlanRuns"."id" AS "testPlanRuns.id", "testPlanRuns"."testerUserId" AS "testPlanRuns.testerUserId", "testPlanRuns"."testPlanReportId" AS "testPlanRuns.testPlanReportId", "testPlanRuns"."testResults" AS "testPlanRuns.testResults", "testPlanRuns"."initiatedByAutomation" AS "testPlanRuns.initiatedByAutomation", "testPlanRuns"."isPrimary" AS "testPlanRuns.isPrimary" FROM "User" AS "User" LEFT OUTER JOIN ( "UserRoles" AS "roles->UserRoles" INNER JOIN "Role" AS "roles" ON "roles"."name" = "roles->UserRoles"."roleName") ON "User"."id" = "roles->UserRoles"."userId" LEFT OUTER JOIN ( "UserAts" AS "ats->UserAts" INNER JOIN "At" AS "ats" ON "ats"."id" = "ats->UserAts"."atId") ON "User"."id" = "ats->UserAts"."userId" LEFT OUTER JOIN "TestPlanRun" AS "testPlanRuns" ON "User"."id" = "testPlanRuns"."testerUserId" LEFT OUTER JOIN "Vendor" AS "company" ON "User"."vendorId" = "company"."id" WHERE "User"."username" = 'joe-the-admin';`,
  parameters: {}
}

Error
    at Query.run (/Users/drboostfire/Documents/GitHub/aria-at-app/node_modules/sequelize/lib/dialects/postgres/query.js:50:25)
    at /Users/drboostfire/Documents/GitHub/aria-at-app/node_modules/sequelize/lib/sequelize.js:315:28
    at process.processTicksAndRejections (node:internal/process/task_queues:105:5)
    at async PostgresQueryInterface.select (/Users/drboostfire/Documents/GitHub/aria-at-app/node_modules/sequelize/lib/dialects/abstract/query-interface.js:407:12)
    at async User.findAll (/Users/drboostfire/Documents/GitHub/aria-at-app/node_modules/sequelize/lib/model.js:1140:21)
    at async Object.nestedGetOrCreate (/Users/drboostfire/Documents/GitHub/aria-at-app/server/models/services/ModelService.js:389:19)
    at async getOrCreateUser (/Users/drboostfire/Documents/GitHub/aria-at-app/server/models/services/UserService.js:452:30)
    at async setFakeUserController (/Users/drboostfire/Documents/GitHub/aria-at-app/server/controllers/FakeUserController.js:30:16)

Error
    at Query.run (/Users/drboostfire/Documents/GitHub/aria-at-app/node_modules/sequelize/lib/dialects/postgres/query.js:50:25)
    at /Users/drboostfire/Documents/GitHub/aria-at-app/node_modules/sequelize/lib/sequelize.js:315:28
    at process.processTicksAndRejections (node:internal/process/task_queues:105:5)
    at async PostgresQueryInterface.select (/Users/drboostfire/Documents/GitHub/aria-at-app/node_modules/sequelize/lib/dialects/abstract/query-interface.js:407:12)
    at async User.findAll (/Users/drboostfire/Documents/GitHub/aria-at-app/node_modules/sequelize/lib/model.js:1140:21)
    at async Object.nestedGetOrCreate (/Users/drboostfire/Documents/GitHub/aria-at-app/server/models/services/ModelService.js:389:19)
    at async getOrCreateUser (/Users/drboostfire/Documents/GitHub/aria-at-app/server/models/services/UserService.js:452:30)
    at async setFakeUserController (/Users/drboostfire/Documents/GitHub/aria-at-app/server/controllers/FakeUserController.js:30:16) {
  name: 'SequelizeDatabaseError',
  parent: error: permission denied for table Vendor
      at Parser.parseErrorMessage (/Users/drboostfire/Documents/GitHub/aria-at-app/node_modules/pg-protocol/dist/parser.js:283:98)
      at Parser.handlePacket (/Users/drboostfire/Documents/GitHub/aria-at-app/node_modules/pg-protocol/dist/parser.js:122:29)
      at Parser.parse (/Users/drboostfire/Documents/GitHub/aria-at-app/node_modules/pg-protocol/dist/parser.js:35:38)
      at Socket.<anonymous> (/Users/drboostfire/Documents/GitHub/aria-at-app/node_modules/pg-protocol/dist/index.js:11:42)
      at Socket.emit (node:events:507:28)
      at addChunk (node:internal/streams/readable:559:12)
      at readableAddChunkPushByteMode (node:internal/streams/readable:510:3)
      at Readable.push (node:internal/streams/readable:390:5)
      at TCP.onStreamRead (node:internal/stream_base_commons:189:23) {
    length: 94,
    severity: 'ERROR',
    code: '42501',
    detail: undefined,
    hint: undefined,
    position: undefined,
    internalPosition: undefined,
    internalQuery: undefined,
    where: undefined,
    schema: undefined,
    table: undefined,
    column: undefined,
    dataType: undefined,
    constraint: undefined,
    file: 'aclchk.c',
    line: '3657',
    routine: 'aclcheck_error',
    sql: `SELECT "User"."id", "User"."username", "User"."isBot", "User"."createdAt", "User"."updatedAt", "User"."vendorId", "roles"."name" AS "roles.name", "ats"."id" AS "ats.id", "ats"."name" AS "ats.name", "ats"."key" AS "ats.key", "ats"."vendorId" AS "ats.vendorId", "testPlanRuns"."id" AS "testPlanRuns.id", "testPlanRuns"."testerUserId" AS "testPlanRuns.testerUserId", "testPlanRuns"."testPlanReportId" AS "testPlanRuns.testPlanReportId", "testPlanRuns"."testResults" AS "testPlanRuns.testResults", "testPlanRuns"."initiatedByAutomation" AS "testPlanRuns.initiatedByAutomation", "testPlanRuns"."isPrimary" AS "testPlanRuns.isPrimary" FROM "User" AS "User" LEFT OUTER JOIN ( "UserRoles" AS "roles->UserRoles" INNER JOIN "Role" AS "roles" ON "roles"."name" = "roles->UserRoles"."roleName") ON "User"."id" = "roles->UserRoles"."userId" LEFT OUTER JOIN ( "UserAts" AS "ats->UserAts" INNER JOIN "At" AS "ats" ON "ats"."id" = "ats->UserAts"."atId") ON "User"."id" = "ats->UserAts"."userId" LEFT OUTER JOIN "TestPlanRun" AS "testPlanRuns" ON "User"."id" = "testPlanRuns"."testerUserId" LEFT OUTER JOIN "Vendor" AS "company" ON "User"."vendorId" = "company"."id" WHERE "User"."username" = 'joe-the-vendor';`,
    parameters: undefined
  },
  original: error: permission denied for table Vendor
      at Parser.parseErrorMessage (/Users/drboostfire/Documents/GitHub/aria-at-app/node_modules/pg-protocol/dist/parser.js:283:98)
      at Parser.handlePacket (/Users/drboostfire/Documents/GitHub/aria-at-app/node_modules/pg-protocol/dist/parser.js:122:29)
      at Parser.parse (/Users/drboostfire/Documents/GitHub/aria-at-app/node_modules/pg-protocol/dist/parser.js:35:38)
      at Socket.<anonymous> (/Users/drboostfire/Documents/GitHub/aria-at-app/node_modules/pg-protocol/dist/index.js:11:42)
      at Socket.emit (node:events:507:28)
      at addChunk (node:internal/streams/readable:559:12)
      at readableAddChunkPushByteMode (node:internal/streams/readable:510:3)
      at Readable.push (node:internal/streams/readable:390:5)
      at TCP.onStreamRead (node:internal/stream_base_commons:189:23) {
    length: 94,
    severity: 'ERROR',
    code: '42501',
    detail: undefined,
    hint: undefined,
    position: undefined,
    internalPosition: undefined,
    internalQuery: undefined,
    where: undefined,
    schema: undefined,
    table: undefined,
    column: undefined,
    dataType: undefined,
    constraint: undefined,
    file: 'aclchk.c',
    line: '3657',
    routine: 'aclcheck_error',
    sql: `SELECT "User"."id", "User"."username", "User"."isBot", "User"."createdAt", "User"."updatedAt", "User"."vendorId", "roles"."name" AS "roles.name", "ats"."id" AS "ats.id", "ats"."name" AS "ats.name", "ats"."key" AS "ats.key", "ats"."vendorId" AS "ats.vendorId", "testPlanRuns"."id" AS "testPlanRuns.id", "testPlanRuns"."testerUserId" AS "testPlanRuns.testerUserId", "testPlanRuns"."testPlanReportId" AS "testPlanRuns.testPlanReportId", "testPlanRuns"."testResults" AS "testPlanRuns.testResults", "testPlanRuns"."initiatedByAutomation" AS "testPlanRuns.initiatedByAutomation", "testPlanRuns"."isPrimary" AS "testPlanRuns.isPrimary" FROM "User" AS "User" LEFT OUTER JOIN ( "UserRoles" AS "roles->UserRoles" INNER JOIN "Role" AS "roles" ON "roles"."name" = "roles->UserRoles"."roleName") ON "User"."id" = "roles->UserRoles"."userId" LEFT OUTER JOIN ( "UserAts" AS "ats->UserAts" INNER JOIN "At" AS "ats" ON "ats"."id" = "ats->UserAts"."atId") ON "User"."id" = "ats->UserAts"."userId" LEFT OUTER JOIN "TestPlanRun" AS "testPlanRuns" ON "User"."id" = "testPlanRuns"."testerUserId" LEFT OUTER JOIN "Vendor" AS "company" ON "User"."vendorId" = "company"."id" WHERE "User"."username" = 'joe-the-vendor';`,
    parameters: undefined
  },
  sql: `SELECT "User"."id", "User"."username", "User"."isBot", "User"."createdAt", "User"."updatedAt", "User"."vendorId", "roles"."name" AS "roles.name", "ats"."id" AS "ats.id", "ats"."name" AS "ats.name", "ats"."key" AS "ats.key", "ats"."vendorId" AS "ats.vendorId", "testPlanRuns"."id" AS "testPlanRuns.id", "testPlanRuns"."testerUserId" AS "testPlanRuns.testerUserId", "testPlanRuns"."testPlanReportId" AS "testPlanRuns.testPlanReportId", "testPlanRuns"."testResults" AS "testPlanRuns.testResults", "testPlanRuns"."initiatedByAutomation" AS "testPlanRuns.initiatedByAutomation", "testPlanRuns"."isPrimary" AS "testPlanRuns.isPrimary" FROM "User" AS "User" LEFT OUTER JOIN ( "UserRoles" AS "roles->UserRoles" INNER JOIN "Role" AS "roles" ON "roles"."name" = "roles->UserRoles"."roleName") ON "User"."id" = "roles->UserRoles"."userId" LEFT OUTER JOIN ( "UserAts" AS "ats->UserAts" INNER JOIN "At" AS "ats" ON "ats"."id" = "ats->UserAts"."atId") ON "User"."id" = "ats->UserAts"."userId" LEFT OUTER JOIN "TestPlanRun" AS "testPlanRuns" ON "User"."id" = "testPlanRuns"."testerUserId" LEFT OUTER JOIN "Vendor" AS "company" ON "User"."vendorId" = "company"."id" WHERE "User"."username" = 'joe-the-vendor';`,
  parameters: {}
}

Error
    at Query.run (/Users/drboostfire/Documents/GitHub/aria-at-app/node_modules/sequelize/lib/dialects/postgres/query.js:50:25)
    at /Users/drboostfire/Documents/GitHub/aria-at-app/node_modules/sequelize/lib/sequelize.js:315:28
    at process.processTicksAndRejections (node:internal/process/task_queues:105:5)
    at async PostgresQueryInterface.select (/Users/drboostfire/Documents/GitHub/aria-at-app/node_modules/sequelize/lib/dialects/abstract/query-interface.js:407:12)
    at async User.findAll (/Users/drboostfire/Documents/GitHub/aria-at-app/node_modules/sequelize/lib/model.js:1140:21)
    at async Object.nestedGetOrCreate (/Users/drboostfire/Documents/GitHub/aria-at-app/server/models/services/ModelService.js:389:19)
    at async getOrCreateUser (/Users/drboostfire/Documents/GitHub/aria-at-app/server/models/services/UserService.js:452:30)
    at async setFakeUserController (/Users/drboostfire/Documents/GitHub/aria-at-app/server/controllers/FakeUserController.js:30:16)

Error
    at Query.run (/Users/drboostfire/Documents/GitHub/aria-at-app/node_modules/sequelize/lib/dialects/postgres/query.js:50:25)
    at /Users/drboostfire/Documents/GitHub/aria-at-app/node_modules/sequelize/lib/sequelize.js:315:28
    at process.processTicksAndRejections (node:internal/process/task_queues:105:5)
    at async PostgresQueryInterface.select (/Users/drboostfire/Documents/GitHub/aria-at-app/node_modules/sequelize/lib/dialects/abstract/query-interface.js:407:12)
    at async User.findAll (/Users/drboostfire/Documents/GitHub/aria-at-app/node_modules/sequelize/lib/model.js:1140:21)
    at async Object.nestedGetOrCreate (/Users/drboostfire/Documents/GitHub/aria-at-app/server/models/services/ModelService.js:389:19)
    at async getOrCreateUser (/Users/drboostfire/Documents/GitHub/aria-at-app/server/models/services/UserService.js:452:30)
    at async setFakeUserController (/Users/drboostfire/Documents/GitHub/aria-at-app/server/controllers/FakeUserController.js:30:16) {
  name: 'SequelizeDatabaseError',
  parent: error: permission denied for table Vendor
      at Parser.parseErrorMessage (/Users/drboostfire/Documents/GitHub/aria-at-app/node_modules/pg-protocol/dist/parser.js:283:98)
      at Parser.handlePacket (/Users/drboostfire/Documents/GitHub/aria-at-app/node_modules/pg-protocol/dist/parser.js:122:29)
      at Parser.parse (/Users/drboostfire/Documents/GitHub/aria-at-app/node_modules/pg-protocol/dist/parser.js:35:38)
      at Socket.<anonymous> (/Users/drboostfire/Documents/GitHub/aria-at-app/node_modules/pg-protocol/dist/index.js:11:42)
      at Socket.emit (node:events:507:28)
      at addChunk (node:internal/streams/readable:559:12)
      at readableAddChunkPushByteMode (node:internal/streams/readable:510:3)
      at Readable.push (node:internal/streams/readable:390:5)
      at TCP.onStreamRead (node:internal/stream_base_commons:189:23) {
    length: 94,
    severity: 'ERROR',
    code: '42501',
    detail: undefined,
    hint: undefined,
    position: undefined,
    internalPosition: undefined,
    internalQuery: undefined,
    where: undefined,
    schema: undefined,
    table: undefined,
    column: undefined,
    dataType: undefined,
    constraint: undefined,
    file: 'aclchk.c',
    line: '3657',
    routine: 'aclcheck_error',
    sql: `SELECT "User"."id", "User"."username", "User"."isBot", "User"."createdAt", "User"."updatedAt", "User"."vendorId", "roles"."name" AS "roles.name", "ats"."id" AS "ats.id", "ats"."name" AS "ats.name", "ats"."key" AS "ats.key", "ats"."vendorId" AS "ats.vendorId", "testPlanRuns"."id" AS "testPlanRuns.id", "testPlanRuns"."testerUserId" AS "testPlanRuns.testerUserId", "testPlanRuns"."testPlanReportId" AS "testPlanRuns.testPlanReportId", "testPlanRuns"."testResults" AS "testPlanRuns.testResults", "testPlanRuns"."initiatedByAutomation" AS "testPlanRuns.initiatedByAutomation", "testPlanRuns"."isPrimary" AS "testPlanRuns.isPrimary" FROM "User" AS "User" LEFT OUTER JOIN ( "UserRoles" AS "roles->UserRoles" INNER JOIN "Role" AS "roles" ON "roles"."name" = "roles->UserRoles"."roleName") ON "User"."id" = "roles->UserRoles"."userId" LEFT OUTER JOIN ( "UserAts" AS "ats->UserAts" INNER JOIN "At" AS "ats" ON "ats"."id" = "ats->UserAts"."atId") ON "User"."id" = "ats->UserAts"."userId" LEFT OUTER JOIN "TestPlanRun" AS "testPlanRuns" ON "User"."id" = "testPlanRuns"."testerUserId" LEFT OUTER JOIN "Vendor" AS "company" ON "User"."vendorId" = "company"."id" WHERE "User"."username" = 'joe-the-tester';`,
    parameters: undefined
  },
  original: error: permission denied for table Vendor
      at Parser.parseErrorMessage (/Users/drboostfire/Documents/GitHub/aria-at-app/node_modules/pg-protocol/dist/parser.js:283:98)
      at Parser.handlePacket (/Users/drboostfire/Documents/GitHub/aria-at-app/node_modules/pg-protocol/dist/parser.js:122:29)
      at Parser.parse (/Users/drboostfire/Documents/GitHub/aria-at-app/node_modules/pg-protocol/dist/parser.js:35:38)
      at Socket.<anonymous> (/Users/drboostfire/Documents/GitHub/aria-at-app/node_modules/pg-protocol/dist/index.js:11:42)
      at Socket.emit (node:events:507:28)
      at addChunk (node:internal/streams/readable:559:12)
      at readableAddChunkPushByteMode (node:internal/streams/readable:510:3)
      at Readable.push (node:internal/streams/readable:390:5)
      at TCP.onStreamRead (node:internal/stream_base_commons:189:23) {
    length: 94,
    severity: 'ERROR',
    code: '42501',
    detail: undefined,
    hint: undefined,
    position: undefined,
    internalPosition: undefined,
    internalQuery: undefined,
    where: undefined,
    schema: undefined,
    table: undefined,
    column: undefined,
    dataType: undefined,
    constraint: undefined,
    file: 'aclchk.c',
    line: '3657',
    routine: 'aclcheck_error',
    sql: `SELECT "User"."id", "User"."username", "User"."isBot", "User"."createdAt", "User"."updatedAt", "User"."vendorId", "roles"."name" AS "roles.name", "ats"."id" AS "ats.id", "ats"."name" AS "ats.name", "ats"."key" AS "ats.key", "ats"."vendorId" AS "ats.vendorId", "testPlanRuns"."id" AS "testPlanRuns.id", "testPlanRuns"."testerUserId" AS "testPlanRuns.testerUserId", "testPlanRuns"."testPlanReportId" AS "testPlanRuns.testPlanReportId", "testPlanRuns"."testResults" AS "testPlanRuns.testResults", "testPlanRuns"."initiatedByAutomation" AS "testPlanRuns.initiatedByAutomation", "testPlanRuns"."isPrimary" AS "testPlanRuns.isPrimary" FROM "User" AS "User" LEFT OUTER JOIN ( "UserRoles" AS "roles->UserRoles" INNER JOIN "Role" AS "roles" ON "roles"."name" = "roles->UserRoles"."roleName") ON "User"."id" = "roles->UserRoles"."userId" LEFT OUTER JOIN ( "UserAts" AS "ats->UserAts" INNER JOIN "At" AS "ats" ON "ats"."id" = "ats->UserAts"."atId") ON "User"."id" = "ats->UserAts"."userId" LEFT OUTER JOIN "TestPlanRun" AS "testPlanRuns" ON "User"."id" = "testPlanRuns"."testerUserId" LEFT OUTER JOIN "Vendor" AS "company" ON "User"."vendorId" = "company"."id" WHERE "User"."username" = 'joe-the-tester';`,
    parameters: undefined
  },
  sql: `SELECT "User"."id", "User"."username", "User"."isBot", "User"."createdAt", "User"."updatedAt", "User"."vendorId", "roles"."name" AS "roles.name", "ats"."id" AS "ats.id", "ats"."name" AS "ats.name", "ats"."key" AS "ats.key", "ats"."vendorId" AS "ats.vendorId", "testPlanRuns"."id" AS "testPlanRuns.id", "testPlanRuns"."testerUserId" AS "testPlanRuns.testerUserId", "testPlanRuns"."testPlanReportId" AS "testPlanRuns.testPlanReportId", "testPlanRuns"."testResults" AS "testPlanRuns.testResults", "testPlanRuns"."initiatedByAutomation" AS "testPlanRuns.initiatedByAutomation", "testPlanRuns"."isPrimary" AS "testPlanRuns.isPrimary" FROM "User" AS "User" LEFT OUTER JOIN ( "UserRoles" AS "roles->UserRoles" INNER JOIN "Role" AS "roles" ON "roles"."name" = "roles->UserRoles"."roleName") ON "User"."id" = "roles->UserRoles"."userId" LEFT OUTER JOIN ( "UserAts" AS "ats->UserAts" INNER JOIN "At" AS "ats" ON "ats"."id" = "ats->UserAts"."atId") ON "User"."id" = "ats->UserAts"."userId" LEFT OUTER JOIN "TestPlanRun" AS "testPlanRuns" ON "User"."id" = "testPlanRuns"."testerUserId" LEFT OUTER JOIN "Vendor" AS "company" ON "User"."vendorId" = "company"."id" WHERE "User"."username" = 'joe-the-tester';`,
  parameters: {}
}

Error
    at Query.run (/Users/drboostfire/Documents/GitHub/aria-at-app/node_modules/sequelize/lib/dialects/postgres/query.js:50:25)
    at /Users/drboostfire/Documents/GitHub/aria-at-app/node_modules/sequelize/lib/sequelize.js:315:28
    at process.processTicksAndRejections (node:internal/process/task_queues:105:5)
    at async PostgresQueryInterface.select (/Users/drboostfire/Documents/GitHub/aria-at-app/node_modules/sequelize/lib/dialects/abstract/query-interface.js:407:12)
    at async User.findAll (/Users/drboostfire/Documents/GitHub/aria-at-app/node_modules/sequelize/lib/model.js:1140:21)
    at async Object.nestedGetOrCreate (/Users/drboostfire/Documents/GitHub/aria-at-app/server/models/services/ModelService.js:389:19)
    at async getOrCreateUser (/Users/drboostfire/Documents/GitHub/aria-at-app/server/models/services/UserService.js:452:30)
    at async setFakeUserController (/Users/drboostfire/Documents/GitHub/aria-at-app/server/controllers/FakeUserController.js:30:16)

Error
    at Query.run (/Users/drboostfire/Documents/GitHub/aria-at-app/node_modules/sequelize/lib/dialects/postgres/query.js:50:25)
    at /Users/drboostfire/Documents/GitHub/aria-at-app/node_modules/sequelize/lib/sequelize.js:315:28
    at process.processTicksAndRejections (node:internal/process/task_queues:105:5)
    at async PostgresQueryInterface.select (/Users/drboostfire/Documents/GitHub/aria-at-app/node_modules/sequelize/lib/dialects/abstract/query-interface.js:407:12)
    at async User.findAll (/Users/drboostfire/Documents/GitHub/aria-at-app/node_modules/sequelize/lib/model.js:1140:21)
    at async Object.nestedGetOrCreate (/Users/drboostfire/Documents/GitHub/aria-at-app/server/models/services/ModelService.js:389:19)
    at async getOrCreateUser (/Users/drboostfire/Documents/GitHub/aria-at-app/server/models/services/UserService.js:452:30)
    at async setFakeUserController (/Users/drboostfire/Documents/GitHub/aria-at-app/server/controllers/FakeUserController.js:30:16) {
  name: 'SequelizeDatabaseError',
  parent: error: permission denied for table Vendor
      at Parser.parseErrorMessage (/Users/drboostfire/Documents/GitHub/aria-at-app/node_modules/pg-protocol/dist/parser.js:283:98)
      at Parser.handlePacket (/Users/drboostfire/Documents/GitHub/aria-at-app/node_modules/pg-protocol/dist/parser.js:122:29)
      at Parser.parse (/Users/drboostfire/Documents/GitHub/aria-at-app/node_modules/pg-protocol/dist/parser.js:35:38)
      at Socket.<anonymous> (/Users/drboostfire/Documents/GitHub/aria-at-app/node_modules/pg-protocol/dist/index.js:11:42)
      at Socket.emit (node:events:507:28)
      at addChunk (node:internal/streams/readable:559:12)
      at readableAddChunkPushByteMode (node:internal/streams/readable:510:3)
      at Readable.push (node:internal/streams/readable:390:5)
      at TCP.onStreamRead (node:internal/stream_base_commons:189:23) {
    length: 94,
    severity: 'ERROR',
    code: '42501',
    detail: undefined,
    hint: undefined,
    position: undefined,
    internalPosition: undefined,
    internalQuery: undefined,
    where: undefined,
    schema: undefined,
    table: undefined,
    column: undefined,
    dataType: undefined,
    constraint: undefined,
    file: 'aclchk.c',
    line: '3657',
    routine: 'aclcheck_error',
    sql: `SELECT "User"."id", "User"."username", "User"."isBot", "User"."createdAt", "User"."updatedAt", "User"."vendorId", "roles"."name" AS "roles.name", "ats"."id" AS "ats.id", "ats"."name" AS "ats.name", "ats"."key" AS "ats.key", "ats"."vendorId" AS "ats.vendorId", "testPlanRuns"."id" AS "testPlanRuns.id", "testPlanRuns"."testerUserId" AS "testPlanRuns.testerUserId", "testPlanRuns"."testPlanReportId" AS "testPlanRuns.testPlanReportId", "testPlanRuns"."testResults" AS "testPlanRuns.testResults", "testPlanRuns"."initiatedByAutomation" AS "testPlanRuns.initiatedByAutomation", "testPlanRuns"."isPrimary" AS "testPlanRuns.isPrimary" FROM "User" AS "User" LEFT OUTER JOIN ( "UserRoles" AS "roles->UserRoles" INNER JOIN "Role" AS "roles" ON "roles"."name" = "roles->UserRoles"."roleName") ON "User"."id" = "roles->UserRoles"."userId" LEFT OUTER JOIN ( "UserAts" AS "ats->UserAts" INNER JOIN "At" AS "ats" ON "ats"."id" = "ats->UserAts"."atId") ON "User"."id" = "ats->UserAts"."userId" LEFT OUTER JOIN "TestPlanRun" AS "testPlanRuns" ON "User"."id" = "testPlanRuns"."testerUserId" LEFT OUTER JOIN "Vendor" AS "company" ON "User"."vendorId" = "company"."id" WHERE "User"."username" = 'joe-the-admin';`,
    parameters: undefined
  },
  original: error: permission denied for table Vendor
      at Parser.parseErrorMessage (/Users/drboostfire/Documents/GitHub/aria-at-app/node_modules/pg-protocol/dist/parser.js:283:98)
      at Parser.handlePacket (/Users/drboostfire/Documents/GitHub/aria-at-app/node_modules/pg-protocol/dist/parser.js:122:29)
      at Parser.parse (/Users/drboostfire/Documents/GitHub/aria-at-app/node_modules/pg-protocol/dist/parser.js:35:38)
      at Socket.<anonymous> (/Users/drboostfire/Documents/GitHub/aria-at-app/node_modules/pg-protocol/dist/index.js:11:42)
      at Socket.emit (node:events:507:28)
      at addChunk (node:internal/streams/readable:559:12)
      at readableAddChunkPushByteMode (node:internal/streams/readable:510:3)
      at Readable.push (node:internal/streams/readable:390:5)
      at TCP.onStreamRead (node:internal/stream_base_commons:189:23) {
    length: 94,
    severity: 'ERROR',
    code: '42501',
    detail: undefined,
    hint: undefined,
    position: undefined,
    internalPosition: undefined,
    internalQuery: undefined,
    where: undefined,
    schema: undefined,
    table: undefined,
    column: undefined,
    dataType: undefined,
    constraint: undefined,
    file: 'aclchk.c',
    line: '3657',
    routine: 'aclcheck_error',
    sql: `SELECT "User"."id", "User"."username", "User"."isBot", "User"."createdAt", "User"."updatedAt", "User"."vendorId", "roles"."name" AS "roles.name", "ats"."id" AS "ats.id", "ats"."name" AS "ats.name", "ats"."key" AS "ats.key", "ats"."vendorId" AS "ats.vendorId", "testPlanRuns"."id" AS "testPlanRuns.id", "testPlanRuns"."testerUserId" AS "testPlanRuns.testerUserId", "testPlanRuns"."testPlanReportId" AS "testPlanRuns.testPlanReportId", "testPlanRuns"."testResults" AS "testPlanRuns.testResults", "testPlanRuns"."initiatedByAutomation" AS "testPlanRuns.initiatedByAutomation", "testPlanRuns"."isPrimary" AS "testPlanRuns.isPrimary" FROM "User" AS "User" LEFT OUTER JOIN ( "UserRoles" AS "roles->UserRoles" INNER JOIN "Role" AS "roles" ON "roles"."name" = "roles->UserRoles"."roleName") ON "User"."id" = "roles->UserRoles"."userId" LEFT OUTER JOIN ( "UserAts" AS "ats->UserAts" INNER JOIN "At" AS "ats" ON "ats"."id" = "ats->UserAts"."atId") ON "User"."id" = "ats->UserAts"."userId" LEFT OUTER JOIN "TestPlanRun" AS "testPlanRuns" ON "User"."id" = "testPlanRuns"."testerUserId" LEFT OUTER JOIN "Vendor" AS "company" ON "User"."vendorId" = "company"."id" WHERE "User"."username" = 'joe-the-admin';`,
    parameters: undefined
  },
  sql: `SELECT "User"."id", "User"."username", "User"."isBot", "User"."createdAt", "User"."updatedAt", "User"."vendorId", "roles"."name" AS "roles.name", "ats"."id" AS "ats.id", "ats"."name" AS "ats.name", "ats"."key" AS "ats.key", "ats"."vendorId" AS "ats.vendorId", "testPlanRuns"."id" AS "testPlanRuns.id", "testPlanRuns"."testerUserId" AS "testPlanRuns.testerUserId", "testPlanRuns"."testPlanReportId" AS "testPlanRuns.testPlanReportId", "testPlanRuns"."testResults" AS "testPlanRuns.testResults", "testPlanRuns"."initiatedByAutomation" AS "testPlanRuns.initiatedByAutomation", "testPlanRuns"."isPrimary" AS "testPlanRuns.isPrimary" FROM "User" AS "User" LEFT OUTER JOIN ( "UserRoles" AS "roles->UserRoles" INNER JOIN "Role" AS "roles" ON "roles"."name" = "roles->UserRoles"."roleName") ON "User"."id" = "roles->UserRoles"."userId" LEFT OUTER JOIN ( "UserAts" AS "ats->UserAts" INNER JOIN "At" AS "ats" ON "ats"."id" = "ats->UserAts"."atId") ON "User"."id" = "ats->UserAts"."userId" LEFT OUTER JOIN "TestPlanRun" AS "testPlanRuns" ON "User"."id" = "testPlanRuns"."testerUserId" LEFT OUTER JOIN "Vendor" AS "company" ON "User"."vendorId" = "company"."id" WHERE "User"."username" = 'joe-the-admin';`,
  parameters: {}
}

Error
    at Query.run (/Users/drboostfire/Documents/GitHub/aria-at-app/node_modules/sequelize/lib/dialects/postgres/query.js:50:25)
    at /Users/drboostfire/Documents/GitHub/aria-at-app/node_modules/sequelize/lib/sequelize.js:315:28
    at process.processTicksAndRejections (node:internal/process/task_queues:105:5)
    at async PostgresQueryInterface.select (/Users/drboostfire/Documents/GitHub/aria-at-app/node_modules/sequelize/lib/dialects/abstract/query-interface.js:407:12)
    at async User.findAll (/Users/drboostfire/Documents/GitHub/aria-at-app/node_modules/sequelize/lib/model.js:1140:21)
    at async Object.nestedGetOrCreate (/Users/drboostfire/Documents/GitHub/aria-at-app/server/models/services/ModelService.js:389:19)
    at async getOrCreateUser (/Users/drboostfire/Documents/GitHub/aria-at-app/server/models/services/UserService.js:452:30)
    at async setFakeUserController (/Users/drboostfire/Documents/GitHub/aria-at-app/server/controllers/FakeUserController.js:30:16)

FAIL tests/e2e/ReportRerun.e2e.test.js (10.566 s)
  ● Report Rerun tab › shows different content based on user role

    thrown: "<!DOCTYPE html>
    <html lang=\"en\">
    <head>
    <meta charset=\"utf-8\">
    <title>Error</title>
    </head>
    <body>
    <pre>Error<br> &nbsp; &nbsp;at Query.run (/Users/drboostfire/Documents/GitHub/aria-at-app/node_modules/sequelize/lib/dialects/postgres/query.js:50:25)<br> &nbsp; &nbsp;at /Users/drboostfire/Documents/GitHub/aria-at-app/node_modules/sequelize/lib/sequelize.js:315:28<br> &nbsp; &nbsp;at process.processTicksAndRejections (node:internal/process/task_queues:105:5)<br> &nbsp; &nbsp;at async PostgresQueryInterface.select (/Users/drboostfire/Documents/GitHub/aria-at-app/node_modules/sequelize/lib/dialects/abstract/query-interface.js:407:12)<br> &nbsp; &nbsp;at async User.findAll (/Users/drboostfire/Documents/GitHub/aria-at-app/node_modules/sequelize/lib/model.js:1140:21)<br> &nbsp; &nbsp;at async Object.nestedGetOrCreate (/Users/drboostfire/Documents/GitHub/aria-at-app/server/models/services/ModelService.js:389:19)<br> &nbsp; &nbsp;at async getOrCreateUser (/Users/drboostfire/Documents/GitHub/aria-at-app/server/models/services/UserService.js:452:30)<br> &nbsp; &nbsp;at async setFakeUserController (/Users/drboostfire/Documents/GitHub/aria-at-app/server/controllers/FakeUserController.js:30:16)</pre>
    </body>
    </html>
    "

      12 |   };
      13 |
    > 14 |   it('shows different content based on user role', async () => {
         |   ^
      15 |     await getPage({ role: 'tester', url: '/test-queue' }, async page => {
      16 |       await switchToReportRerunTab(page);
      17 |

      at it (tests/e2e/ReportRerun.e2e.test.js:14:3)
      at Object.describe (tests/e2e/ReportRerun.e2e.test.js:3:1)

  ● Report Rerun tab › displays update events table

    thrown: "<!DOCTYPE html>
    <html lang=\"en\">
    <head>
    <meta charset=\"utf-8\">
    <title>Error</title>
    </head>
    <body>
    <pre>Error<br> &nbsp; &nbsp;at Query.run (/Users/drboostfire/Documents/GitHub/aria-at-app/node_modules/sequelize/lib/dialects/postgres/query.js:50:25)<br> &nbsp; &nbsp;at /Users/drboostfire/Documents/GitHub/aria-at-app/node_modules/sequelize/lib/sequelize.js:315:28<br> &nbsp; &nbsp;at process.processTicksAndRejections (node:internal/process/task_queues:105:5)<br> &nbsp; &nbsp;at async PostgresQueryInterface.select (/Users/drboostfire/Documents/GitHub/aria-at-app/node_modules/sequelize/lib/dialects/abstract/query-interface.js:407:12)<br> &nbsp; &nbsp;at async User.findAll (/Users/drboostfire/Documents/GitHub/aria-at-app/node_modules/sequelize/lib/model.js:1140:21)<br> &nbsp; &nbsp;at async Object.nestedGetOrCreate (/Users/drboostfire/Documents/GitHub/aria-at-app/server/models/services/ModelService.js:389:19)<br> &nbsp; &nbsp;at async getOrCreateUser (/Users/drboostfire/Documents/GitHub/aria-at-app/server/models/services/UserService.js:452:30)<br> &nbsp; &nbsp;at async setFakeUserController (/Users/drboostfire/Documents/GitHub/aria-at-app/server/controllers/FakeUserController.js:30:16)</pre>
    </body>
    </html>
    "

      44 |   });
      45 |
    > 46 |   it('displays update events table', async () => {
         |   ^
      47 |     await getPage({ role: 'admin', url: '/test-queue' }, async page => {
      48 |       await switchToReportRerunTab(page);
      49 |

      at it (tests/e2e/ReportRerun.e2e.test.js:46:3)
      at Object.describe (tests/e2e/ReportRerun.e2e.test.js:3:1)

Error
    at Query.run (/Users/drboostfire/Documents/GitHub/aria-at-app/node_modules/sequelize/lib/dialects/postgres/query.js:50:25)
    at /Users/drboostfire/Documents/GitHub/aria-at-app/node_modules/sequelize/lib/sequelize.js:315:28
    at process.processTicksAndRejections (node:internal/process/task_queues:105:5)
    at async PostgresQueryInterface.select (/Users/drboostfire/Documents/GitHub/aria-at-app/node_modules/sequelize/lib/dialects/abstract/query-interface.js:407:12)
    at async User.findAll (/Users/drboostfire/Documents/GitHub/aria-at-app/node_modules/sequelize/lib/model.js:1140:21)
    at async Object.nestedGetOrCreate (/Users/drboostfire/Documents/GitHub/aria-at-app/server/models/services/ModelService.js:389:19)
    at async getOrCreateUser (/Users/drboostfire/Documents/GitHub/aria-at-app/server/models/services/UserService.js:452:30)
    at async setFakeUserController (/Users/drboostfire/Documents/GitHub/aria-at-app/server/controllers/FakeUserController.js:30:16) {
  name: 'SequelizeDatabaseError',
  parent: error: permission denied for table Vendor
      at Parser.parseErrorMessage (/Users/drboostfire/Documents/GitHub/aria-at-app/node_modules/pg-protocol/dist/parser.js:283:98)
      at Parser.handlePacket (/Users/drboostfire/Documents/GitHub/aria-at-app/node_modules/pg-protocol/dist/parser.js:122:29)
      at Parser.parse (/Users/drboostfire/Documents/GitHub/aria-at-app/node_modules/pg-protocol/dist/parser.js:35:38)
      at Socket.<anonymous> (/Users/drboostfire/Documents/GitHub/aria-at-app/node_modules/pg-protocol/dist/index.js:11:42)
      at Socket.emit (node:events:507:28)
      at addChunk (node:internal/streams/readable:559:12)
      at readableAddChunkPushByteMode (node:internal/streams/readable:510:3)
      at Readable.push (node:internal/streams/readable:390:5)
      at TCP.onStreamRead (node:internal/stream_base_commons:189:23) {
    length: 94,
    severity: 'ERROR',
    code: '42501',
    detail: undefined,
    hint: undefined,
    position: undefined,
    internalPosition: undefined,
    internalQuery: undefined,
    where: undefined,
    schema: undefined,
    table: undefined,
    column: undefined,
    dataType: undefined,
    constraint: undefined,
    file: 'aclchk.c',
    line: '3657',
    routine: 'aclcheck_error',
    sql: `SELECT "User"."id", "User"."username", "User"."isBot", "User"."createdAt", "User"."updatedAt", "User"."vendorId", "roles"."name" AS "roles.name", "ats"."id" AS "ats.id", "ats"."name" AS "ats.name", "ats"."key" AS "ats.key", "ats"."vendorId" AS "ats.vendorId", "testPlanRuns"."id" AS "testPlanRuns.id", "testPlanRuns"."testerUserId" AS "testPlanRuns.testerUserId", "testPlanRuns"."testPlanReportId" AS "testPlanRuns.testPlanReportId", "testPlanRuns"."testResults" AS "testPlanRuns.testResults", "testPlanRuns"."initiatedByAutomation" AS "testPlanRuns.initiatedByAutomation", "testPlanRuns"."isPrimary" AS "testPlanRuns.isPrimary" FROM "User" AS "User" LEFT OUTER JOIN ( "UserRoles" AS "roles->UserRoles" INNER JOIN "Role" AS "roles" ON "roles"."name" = "roles->UserRoles"."roleName") ON "User"."id" = "roles->UserRoles"."userId" LEFT OUTER JOIN ( "UserAts" AS "ats->UserAts" INNER JOIN "At" AS "ats" ON "ats"."id" = "ats->UserAts"."atId") ON "User"."id" = "ats->UserAts"."userId" LEFT OUTER JOIN "TestPlanRun" AS "testPlanRuns" ON "User"."id" = "testPlanRuns"."testerUserId" LEFT OUTER JOIN "Vendor" AS "company" ON "User"."vendorId" = "company"."id" WHERE "User"."username" = 'joe-the-admin';`,
    parameters: undefined
  },
  original: error: permission denied for table Vendor
      at Parser.parseErrorMessage (/Users/drboostfire/Documents/GitHub/aria-at-app/node_modules/pg-protocol/dist/parser.js:283:98)
      at Parser.handlePacket (/Users/drboostfire/Documents/GitHub/aria-at-app/node_modules/pg-protocol/dist/parser.js:122:29)
      at Parser.parse (/Users/drboostfire/Documents/GitHub/aria-at-app/node_modules/pg-protocol/dist/parser.js:35:38)
      at Socket.<anonymous> (/Users/drboostfire/Documents/GitHub/aria-at-app/node_modules/pg-protocol/dist/index.js:11:42)
      at Socket.emit (node:events:507:28)
      at addChunk (node:internal/streams/readable:559:12)
      at readableAddChunkPushByteMode (node:internal/streams/readable:510:3)
      at Readable.push (node:internal/streams/readable:390:5)
      at TCP.onStreamRead (node:internal/stream_base_commons:189:23) {
    length: 94,
    severity: 'ERROR',
    code: '42501',
    detail: undefined,
    hint: undefined,
    position: undefined,
    internalPosition: undefined,
    internalQuery: undefined,
    where: undefined,
    schema: undefined,
    table: undefined,
    column: undefined,
    dataType: undefined,
    constraint: undefined,
    file: 'aclchk.c',
    line: '3657',
    routine: 'aclcheck_error',
    sql: `SELECT "User"."id", "User"."username", "User"."isBot", "User"."createdAt", "User"."updatedAt", "User"."vendorId", "roles"."name" AS "roles.name", "ats"."id" AS "ats.id", "ats"."name" AS "ats.name", "ats"."key" AS "ats.key", "ats"."vendorId" AS "ats.vendorId", "testPlanRuns"."id" AS "testPlanRuns.id", "testPlanRuns"."testerUserId" AS "testPlanRuns.testerUserId", "testPlanRuns"."testPlanReportId" AS "testPlanRuns.testPlanReportId", "testPlanRuns"."testResults" AS "testPlanRuns.testResults", "testPlanRuns"."initiatedByAutomation" AS "testPlanRuns.initiatedByAutomation", "testPlanRuns"."isPrimary" AS "testPlanRuns.isPrimary" FROM "User" AS "User" LEFT OUTER JOIN ( "UserRoles" AS "roles->UserRoles" INNER JOIN "Role" AS "roles" ON "roles"."name" = "roles->UserRoles"."roleName") ON "User"."id" = "roles->UserRoles"."userId" LEFT OUTER JOIN ( "UserAts" AS "ats->UserAts" INNER JOIN "At" AS "ats" ON "ats"."id" = "ats->UserAts"."atId") ON "User"."id" = "ats->UserAts"."userId" LEFT OUTER JOIN "TestPlanRun" AS "testPlanRuns" ON "User"."id" = "testPlanRuns"."testerUserId" LEFT OUTER JOIN "Vendor" AS "company" ON "User"."vendorId" = "company"."id" WHERE "User"."username" = 'joe-the-admin';`,
    parameters: undefined
  },
  sql: `SELECT "User"."id", "User"."username", "User"."isBot", "User"."createdAt", "User"."updatedAt", "User"."vendorId", "roles"."name" AS "roles.name", "ats"."id" AS "ats.id", "ats"."name" AS "ats.name", "ats"."key" AS "ats.key", "ats"."vendorId" AS "ats.vendorId", "testPlanRuns"."id" AS "testPlanRuns.id", "testPlanRuns"."testerUserId" AS "testPlanRuns.testerUserId", "testPlanRuns"."testPlanReportId" AS "testPlanRuns.testPlanReportId", "testPlanRuns"."testResults" AS "testPlanRuns.testResults", "testPlanRuns"."initiatedByAutomation" AS "testPlanRuns.initiatedByAutomation", "testPlanRuns"."isPrimary" AS "testPlanRuns.isPrimary" FROM "User" AS "User" LEFT OUTER JOIN ( "UserRoles" AS "roles->UserRoles" INNER JOIN "Role" AS "roles" ON "roles"."name" = "roles->UserRoles"."roleName") ON "User"."id" = "roles->UserRoles"."userId" LEFT OUTER JOIN ( "UserAts" AS "ats->UserAts" INNER JOIN "At" AS "ats" ON "ats"."id" = "ats->UserAts"."atId") ON "User"."id" = "ats->UserAts"."userId" LEFT OUTER JOIN "TestPlanRun" AS "testPlanRuns" ON "User"."id" = "testPlanRuns"."testerUserId" LEFT OUTER JOIN "Vendor" AS "company" ON "User"."vendorId" = "company"."id" WHERE "User"."username" = 'joe-the-admin';`,
  parameters: {}
}

Error
    at Query.run (/Users/drboostfire/Documents/GitHub/aria-at-app/node_modules/sequelize/lib/dialects/postgres/query.js:50:25)
    at /Users/drboostfire/Documents/GitHub/aria-at-app/node_modules/sequelize/lib/sequelize.js:315:28
    at process.processTicksAndRejections (node:internal/process/task_queues:105:5)
    at async PostgresQueryInterface.select (/Users/drboostfire/Documents/GitHub/aria-at-app/node_modules/sequelize/lib/dialects/abstract/query-interface.js:407:12)
    at async User.findAll (/Users/drboostfire/Documents/GitHub/aria-at-app/node_modules/sequelize/lib/model.js:1140:21)
    at async Object.nestedGetOrCreate (/Users/drboostfire/Documents/GitHub/aria-at-app/server/models/services/ModelService.js:389:19)
    at async getOrCreateUser (/Users/drboostfire/Documents/GitHub/aria-at-app/server/models/services/UserService.js:452:30)
    at async setFakeUserController (/Users/drboostfire/Documents/GitHub/aria-at-app/server/controllers/FakeUserController.js:30:16)

Error
    at Query.run (/Users/drboostfire/Documents/GitHub/aria-at-app/node_modules/sequelize/lib/dialects/postgres/query.js:50:25)
    at /Users/drboostfire/Documents/GitHub/aria-at-app/node_modules/sequelize/lib/sequelize.js:315:28
    at process.processTicksAndRejections (node:internal/process/task_queues:105:5)
    at async PostgresQueryInterface.select (/Users/drboostfire/Documents/GitHub/aria-at-app/node_modules/sequelize/lib/dialects/abstract/query-interface.js:407:12)
    at async User.findAll (/Users/drboostfire/Documents/GitHub/aria-at-app/node_modules/sequelize/lib/model.js:1140:21)
    at async Object.nestedGetOrCreate (/Users/drboostfire/Documents/GitHub/aria-at-app/server/models/services/ModelService.js:389:19)
    at async getOrCreateUser (/Users/drboostfire/Documents/GitHub/aria-at-app/server/models/services/UserService.js:452:30)
    at async setFakeUserController (/Users/drboostfire/Documents/GitHub/aria-at-app/server/controllers/FakeUserController.js:30:16) {
  name: 'SequelizeDatabaseError',
  parent: error: permission denied for table Vendor
      at Parser.parseErrorMessage (/Users/drboostfire/Documents/GitHub/aria-at-app/node_modules/pg-protocol/dist/parser.js:283:98)
      at Parser.handlePacket (/Users/drboostfire/Documents/GitHub/aria-at-app/node_modules/pg-protocol/dist/parser.js:122:29)
      at Parser.parse (/Users/drboostfire/Documents/GitHub/aria-at-app/node_modules/pg-protocol/dist/parser.js:35:38)
      at Socket.<anonymous> (/Users/drboostfire/Documents/GitHub/aria-at-app/node_modules/pg-protocol/dist/index.js:11:42)
      at Socket.emit (node:events:507:28)
      at addChunk (node:internal/streams/readable:559:12)
      at readableAddChunkPushByteMode (node:internal/streams/readable:510:3)
      at Readable.push (node:internal/streams/readable:390:5)
      at TCP.onStreamRead (node:internal/stream_base_commons:189:23) {
    length: 94,
    severity: 'ERROR',
    code: '42501',
    detail: undefined,
    hint: undefined,
    position: undefined,
    internalPosition: undefined,
    internalQuery: undefined,
    where: undefined,
    schema: undefined,
    table: undefined,
    column: undefined,
    dataType: undefined,
    constraint: undefined,
    file: 'aclchk.c',
    line: '3657',
    routine: 'aclcheck_error',
    sql: `SELECT "User"."id", "User"."username", "User"."isBot", "User"."createdAt", "User"."updatedAt", "User"."vendorId", "roles"."name" AS "roles.name", "ats"."id" AS "ats.id", "ats"."name" AS "ats.name", "ats"."key" AS "ats.key", "ats"."vendorId" AS "ats.vendorId", "testPlanRuns"."id" AS "testPlanRuns.id", "testPlanRuns"."testerUserId" AS "testPlanRuns.testerUserId", "testPlanRuns"."testPlanReportId" AS "testPlanRuns.testPlanReportId", "testPlanRuns"."testResults" AS "testPlanRuns.testResults", "testPlanRuns"."initiatedByAutomation" AS "testPlanRuns.initiatedByAutomation", "testPlanRuns"."isPrimary" AS "testPlanRuns.isPrimary" FROM "User" AS "User" LEFT OUTER JOIN ( "UserRoles" AS "roles->UserRoles" INNER JOIN "Role" AS "roles" ON "roles"."name" = "roles->UserRoles"."roleName") ON "User"."id" = "roles->UserRoles"."userId" LEFT OUTER JOIN ( "UserAts" AS "ats->UserAts" INNER JOIN "At" AS "ats" ON "ats"."id" = "ats->UserAts"."atId") ON "User"."id" = "ats->UserAts"."userId" LEFT OUTER JOIN "TestPlanRun" AS "testPlanRuns" ON "User"."id" = "testPlanRuns"."testerUserId" LEFT OUTER JOIN "Vendor" AS "company" ON "User"."vendorId" = "company"."id" WHERE "User"."username" = 'joe-the-admin';`,
    parameters: undefined
  },
  original: error: permission denied for table Vendor
      at Parser.parseErrorMessage (/Users/drboostfire/Documents/GitHub/aria-at-app/node_modules/pg-protocol/dist/parser.js:283:98)
      at Parser.handlePacket (/Users/drboostfire/Documents/GitHub/aria-at-app/node_modules/pg-protocol/dist/parser.js:122:29)
      at Parser.parse (/Users/drboostfire/Documents/GitHub/aria-at-app/node_modules/pg-protocol/dist/parser.js:35:38)
      at Socket.<anonymous> (/Users/drboostfire/Documents/GitHub/aria-at-app/node_modules/pg-protocol/dist/index.js:11:42)
      at Socket.emit (node:events:507:28)
      at addChunk (node:internal/streams/readable:559:12)
      at readableAddChunkPushByteMode (node:internal/streams/readable:510:3)
      at Readable.push (node:internal/streams/readable:390:5)
      at TCP.onStreamRead (node:internal/stream_base_commons:189:23) {
    length: 94,
    severity: 'ERROR',
    code: '42501',
    detail: undefined,
    hint: undefined,
    position: undefined,
    internalPosition: undefined,
    internalQuery: undefined,
    where: undefined,
    schema: undefined,
    table: undefined,
    column: undefined,
    dataType: undefined,
    constraint: undefined,
    file: 'aclchk.c',
    line: '3657',
    routine: 'aclcheck_error',
    sql: `SELECT "User"."id", "User"."username", "User"."isBot", "User"."createdAt", "User"."updatedAt", "User"."vendorId", "roles"."name" AS "roles.name", "ats"."id" AS "ats.id", "ats"."name" AS "ats.name", "ats"."key" AS "ats.key", "ats"."vendorId" AS "ats.vendorId", "testPlanRuns"."id" AS "testPlanRuns.id", "testPlanRuns"."testerUserId" AS "testPlanRuns.testerUserId", "testPlanRuns"."testPlanReportId" AS "testPlanRuns.testPlanReportId", "testPlanRuns"."testResults" AS "testPlanRuns.testResults", "testPlanRuns"."initiatedByAutomation" AS "testPlanRuns.initiatedByAutomation", "testPlanRuns"."isPrimary" AS "testPlanRuns.isPrimary" FROM "User" AS "User" LEFT OUTER JOIN ( "UserRoles" AS "roles->UserRoles" INNER JOIN "Role" AS "roles" ON "roles"."name" = "roles->UserRoles"."roleName") ON "User"."id" = "roles->UserRoles"."userId" LEFT OUTER JOIN ( "UserAts" AS "ats->UserAts" INNER JOIN "At" AS "ats" ON "ats"."id" = "ats->UserAts"."atId") ON "User"."id" = "ats->UserAts"."userId" LEFT OUTER JOIN "TestPlanRun" AS "testPlanRuns" ON "User"."id" = "testPlanRuns"."testerUserId" LEFT OUTER JOIN "Vendor" AS "company" ON "User"."vendorId" = "company"."id" WHERE "User"."username" = 'joe-the-admin';`,
    parameters: undefined
  },
  sql: `SELECT "User"."id", "User"."username", "User"."isBot", "User"."createdAt", "User"."updatedAt", "User"."vendorId", "roles"."name" AS "roles.name", "ats"."id" AS "ats.id", "ats"."name" AS "ats.name", "ats"."key" AS "ats.key", "ats"."vendorId" AS "ats.vendorId", "testPlanRuns"."id" AS "testPlanRuns.id", "testPlanRuns"."testerUserId" AS "testPlanRuns.testerUserId", "testPlanRuns"."testPlanReportId" AS "testPlanRuns.testPlanReportId", "testPlanRuns"."testResults" AS "testPlanRuns.testResults", "testPlanRuns"."initiatedByAutomation" AS "testPlanRuns.initiatedByAutomation", "testPlanRuns"."isPrimary" AS "testPlanRuns.isPrimary" FROM "User" AS "User" LEFT OUTER JOIN ( "UserRoles" AS "roles->UserRoles" INNER JOIN "Role" AS "roles" ON "roles"."name" = "roles->UserRoles"."roleName") ON "User"."id" = "roles->UserRoles"."userId" LEFT OUTER JOIN ( "UserAts" AS "ats->UserAts" INNER JOIN "At" AS "ats" ON "ats"."id" = "ats->UserAts"."atId") ON "User"."id" = "ats->UserAts"."userId" LEFT OUTER JOIN "TestPlanRun" AS "testPlanRuns" ON "User"."id" = "testPlanRuns"."testerUserId" LEFT OUTER JOIN "Vendor" AS "company" ON "User"."vendorId" = "company"."id" WHERE "User"."username" = 'joe-the-admin';`,
  parameters: {}
}

Error
    at Query.run (/Users/drboostfire/Documents/GitHub/aria-at-app/node_modules/sequelize/lib/dialects/postgres/query.js:50:25)
    at /Users/drboostfire/Documents/GitHub/aria-at-app/node_modules/sequelize/lib/sequelize.js:315:28
    at process.processTicksAndRejections (node:internal/process/task_queues:105:5)
    at async PostgresQueryInterface.select (/Users/drboostfire/Documents/GitHub/aria-at-app/node_modules/sequelize/lib/dialects/abstract/query-interface.js:407:12)
    at async User.findAll (/Users/drboostfire/Documents/GitHub/aria-at-app/node_modules/sequelize/lib/model.js:1140:21)
    at async Object.nestedGetOrCreate (/Users/drboostfire/Documents/GitHub/aria-at-app/server/models/services/ModelService.js:389:19)
    at async getOrCreateUser (/Users/drboostfire/Documents/GitHub/aria-at-app/server/models/services/UserService.js:452:30)
    at async setFakeUserController (/Users/drboostfire/Documents/GitHub/aria-at-app/server/controllers/FakeUserController.js:30:16)
Error
    at Query.run (/Users/drboostfire/Documents/GitHub/aria-at-app/node_modules/sequelize/lib/dialects/postgres/query.js:50:25)
    at /Users/drboostfire/Documents/GitHub/aria-at-app/node_modules/sequelize/lib/sequelize.js:315:28
    at process.processTicksAndRejections (node:internal/process/task_queues:105:5)
    at async PostgresQueryInterface.select (/Users/drboostfire/Documents/GitHub/aria-at-app/node_modules/sequelize/lib/dialects/abstract/query-interface.js:407:12)
    at async User.findAll (/Users/drboostfire/Documents/GitHub/aria-at-app/node_modules/sequelize/lib/model.js:1140:21)
    at async Object.nestedGetOrCreate (/Users/drboostfire/Documents/GitHub/aria-at-app/server/models/services/ModelService.js:389:19)
    at async getOrCreateUser (/Users/drboostfire/Documents/GitHub/aria-at-app/server/models/services/UserService.js:452:30)
    at async setFakeUserController (/Users/drboostfire/Documents/GitHub/aria-at-app/server/controllers/FakeUserController.js:30:16) {
  name: 'SequelizeDatabaseError',
  parent: error: permission denied for table Vendor
      at Parser.parseErrorMessage (/Users/drboostfire/Documents/GitHub/aria-at-app/node_modules/pg-protocol/dist/parser.js:283:98)
      at Parser.handlePacket (/Users/drboostfire/Documents/GitHub/aria-at-app/node_modules/pg-protocol/dist/parser.js:122:29)
      at Parser.parse (/Users/drboostfire/Documents/GitHub/aria-at-app/node_modules/pg-protocol/dist/parser.js:35:38)
      at Socket.<anonymous> (/Users/drboostfire/Documents/GitHub/aria-at-app/node_modules/pg-protocol/dist/index.js:11:42)
      at Socket.emit (node:events:507:28)
      at addChunk (node:internal/streams/readable:559:12)
      at readableAddChunkPushByteMode (node:internal/streams/readable:510:3)
      at Readable.push (node:internal/streams/readable:390:5)
      at TCP.onStreamRead (node:internal/stream_base_commons:189:23) {
    length: 94,
    severity: 'ERROR',
    code: '42501',
    detail: undefined,
    hint: undefined,
    position: undefined,
    internalPosition: undefined,
    internalQuery: undefined,
    where: undefined,
    schema: undefined,
    table: undefined,
    column: undefined,
    dataType: undefined,
    constraint: undefined,
    file: 'aclchk.c',
    line: '3657',
    routine: 'aclcheck_error',
    sql: `SELECT "User"."id", "User"."username", "User"."isBot", "User"."createdAt", "User"."updatedAt", "User"."vendorId", "roles"."name" AS "roles.name", "ats"."id" AS "ats.id", "ats"."name" AS "ats.name", "ats"."key" AS "ats.key", "ats"."vendorId" AS "ats.vendorId", "testPlanRuns"."id" AS "testPlanRuns.id", "testPlanRuns"."testerUserId" AS "testPlanRuns.testerUserId", "testPlanRuns"."testPlanReportId" AS "testPlanRuns.testPlanReportId", "testPlanRuns"."testResults" AS "testPlanRuns.testResults", "testPlanRuns"."initiatedByAutomation" AS "testPlanRuns.initiatedByAutomation", "testPlanRuns"."isPrimary" AS "testPlanRuns.isPrimary" FROM "User" AS "User" LEFT OUTER JOIN ( "UserRoles" AS "roles->UserRoles" INNER JOIN "Role" AS "roles" ON "roles"."name" = "roles->UserRoles"."roleName") ON "User"."id" = "roles->UserRoles"."userId" LEFT OUTER JOIN ( "UserAts" AS "ats->UserAts" INNER JOIN "At" AS "ats" ON "ats"."id" = "ats->UserAts"."atId") ON "User"."id" = "ats->UserAts"."userId" LEFT OUTER JOIN "TestPlanRun" AS "testPlanRuns" ON "User"."id" = "testPlanRuns"."testerUserId" LEFT OUTER JOIN "Vendor" AS "company" ON "User"."vendorId" = "company"."id" WHERE "User"."username" = 'joe-the-tester';`,
    parameters: undefined
  },
  original: error: permission denied for table Vendor
      at Parser.parseErrorMessage (/Users/drboostfire/Documents/GitHub/aria-at-app/node_modules/pg-protocol/dist/parser.js:283:98)
      at Parser.handlePacket (/Users/drboostfire/Documents/GitHub/aria-at-app/node_modules/pg-protocol/dist/parser.js:122:29)
      at Parser.parse (/Users/drboostfire/Documents/GitHub/aria-at-app/node_modules/pg-protocol/dist/parser.js:35:38)
      at Socket.<anonymous> (/Users/drboostfire/Documents/GitHub/aria-at-app/node_modules/pg-protocol/dist/index.js:11:42)
      at Socket.emit (node:events:507:28)
      at addChunk (node:internal/streams/readable:559:12)
      at readableAddChunkPushByteMode (node:internal/streams/readable:510:3)
      at Readable.push (node:internal/streams/readable:390:5)
      at TCP.onStreamRead (node:internal/stream_base_commons:189:23) {
    length: 94,
    severity: 'ERROR',
    code: '42501',
    detail: undefined,
    hint: undefined,
    position: undefined,
    internalPosition: undefined,
    internalQuery: undefined,
    where: undefined,
    schema: undefined,
    table: undefined,
    column: undefined,
    dataType: undefined,
    constraint: undefined,
    file: 'aclchk.c',
    line: '3657',
    routine: 'aclcheck_error',
    sql: `SELECT "User"."id", "User"."username", "User"."isBot", "User"."createdAt", "User"."updatedAt", "User"."vendorId", "roles"."name" AS "roles.name", "ats"."id" AS "ats.id", "ats"."name" AS "ats.name", "ats"."key" AS "ats.key", "ats"."vendorId" AS "ats.vendorId", "testPlanRuns"."id" AS "testPlanRuns.id", "testPlanRuns"."testerUserId" AS "testPlanRuns.testerUserId", "testPlanRuns"."testPlanReportId" AS "testPlanRuns.testPlanReportId", "testPlanRuns"."testResults" AS "testPlanRuns.testResults", "testPlanRuns"."initiatedByAutomation" AS "testPlanRuns.initiatedByAutomation", "testPlanRuns"."isPrimary" AS "testPlanRuns.isPrimary" FROM "User" AS "User" LEFT OUTER JOIN ( "UserRoles" AS "roles->UserRoles" INNER JOIN "Role" AS "roles" ON "roles"."name" = "roles->UserRoles"."roleName") ON "User"."id" = "roles->UserRoles"."userId" LEFT OUTER JOIN ( "UserAts" AS "ats->UserAts" INNER JOIN "At" AS "ats" ON "ats"."id" = "ats->UserAts"."atId") ON "User"."id" = "ats->UserAts"."userId" LEFT OUTER JOIN "TestPlanRun" AS "testPlanRuns" ON "User"."id" = "testPlanRuns"."testerUserId" LEFT OUTER JOIN "Vendor" AS "company" ON "User"."vendorId" = "company"."id" WHERE "User"."username" = 'joe-the-tester';`,
    parameters: undefined
  },
  sql: `SELECT "User"."id", "User"."username", "User"."isBot", "User"."createdAt", "User"."updatedAt", "User"."vendorId", "roles"."name" AS "roles.name", "ats"."id" AS "ats.id", "ats"."name" AS "ats.name", "ats"."key" AS "ats.key", "ats"."vendorId" AS "ats.vendorId", "testPlanRuns"."id" AS "testPlanRuns.id", "testPlanRuns"."testerUserId" AS "testPlanRuns.testerUserId", "testPlanRuns"."testPlanReportId" AS "testPlanRuns.testPlanReportId", "testPlanRuns"."testResults" AS "testPlanRuns.testResults", "testPlanRuns"."initiatedByAutomation" AS "testPlanRuns.initiatedByAutomation", "testPlanRuns"."isPrimary" AS "testPlanRuns.isPrimary" FROM "User" AS "User" LEFT OUTER JOIN ( "UserRoles" AS "roles->UserRoles" INNER JOIN "Role" AS "roles" ON "roles"."name" = "roles->UserRoles"."roleName") ON "User"."id" = "roles->UserRoles"."userId" LEFT OUTER JOIN ( "UserAts" AS "ats->UserAts" INNER JOIN "At" AS "ats" ON "ats"."id" = "ats->UserAts"."atId") ON "User"."id" = "ats->UserAts"."userId" LEFT OUTER JOIN "TestPlanRun" AS "testPlanRuns" ON "User"."id" = "testPlanRuns"."testerUserId" LEFT OUTER JOIN "Vendor" AS "company" ON "User"."vendorId" = "company"."id" WHERE "User"."username" = 'joe-the-tester';`,
  parameters: {}
}

Error
    at Query.run (/Users/drboostfire/Documents/GitHub/aria-at-app/node_modules/sequelize/lib/dialects/postgres/query.js:50:25)
    at /Users/drboostfire/Documents/GitHub/aria-at-app/node_modules/sequelize/lib/sequelize.js:315:28
    at process.processTicksAndRejections (node:internal/process/task_queues:105:5)
    at async PostgresQueryInterface.select (/Users/drboostfire/Documents/GitHub/aria-at-app/node_modules/sequelize/lib/dialects/abstract/query-interface.js:407:12)
    at async User.findAll (/Users/drboostfire/Documents/GitHub/aria-at-app/node_modules/sequelize/lib/model.js:1140:21)
    at async Object.nestedGetOrCreate (/Users/drboostfire/Documents/GitHub/aria-at-app/server/models/services/ModelService.js:389:19)
    at async getOrCreateUser (/Users/drboostfire/Documents/GitHub/aria-at-app/server/models/services/UserService.js:452:30)
    at async setFakeUserController (/Users/drboostfire/Documents/GitHub/aria-at-app/server/controllers/FakeUserController.js:30:16)

Error
    at Query.run (/Users/drboostfire/Documents/GitHub/aria-at-app/node_modules/sequelize/lib/dialects/postgres/query.js:50:25)
    at /Users/drboostfire/Documents/GitHub/aria-at-app/node_modules/sequelize/lib/sequelize.js:315:28
    at process.processTicksAndRejections (node:internal/process/task_queues:105:5)
    at async PostgresQueryInterface.select (/Users/drboostfire/Documents/GitHub/aria-at-app/node_modules/sequelize/lib/dialects/abstract/query-interface.js:407:12)
    at async User.findAll (/Users/drboostfire/Documents/GitHub/aria-at-app/node_modules/sequelize/lib/model.js:1140:21)
    at async Object.nestedGetOrCreate (/Users/drboostfire/Documents/GitHub/aria-at-app/server/models/services/ModelService.js:389:19)
    at async getOrCreateUser (/Users/drboostfire/Documents/GitHub/aria-at-app/server/models/services/UserService.js:452:30)
    at async setFakeUserController (/Users/drboostfire/Documents/GitHub/aria-at-app/server/controllers/FakeUserController.js:30:16) {
  name: 'SequelizeDatabaseError',
  parent: error: permission denied for table Vendor
      at Parser.parseErrorMessage (/Users/drboostfire/Documents/GitHub/aria-at-app/node_modules/pg-protocol/dist/parser.js:283:98)
      at Parser.handlePacket (/Users/drboostfire/Documents/GitHub/aria-at-app/node_modules/pg-protocol/dist/parser.js:122:29)
      at Parser.parse (/Users/drboostfire/Documents/GitHub/aria-at-app/node_modules/pg-protocol/dist/parser.js:35:38)
      at Socket.<anonymous> (/Users/drboostfire/Documents/GitHub/aria-at-app/node_modules/pg-protocol/dist/index.js:11:42)
      at Socket.emit (node:events:507:28)
      at addChunk (node:internal/streams/readable:559:12)
      at readableAddChunkPushByteMode (node:internal/streams/readable:510:3)
      at Readable.push (node:internal/streams/readable:390:5)
      at TCP.onStreamRead (node:internal/stream_base_commons:189:23) {
    length: 94,
    severity: 'ERROR',
    code: '42501',
    detail: undefined,
    hint: undefined,
    position: undefined,
    internalPosition: undefined,
    internalQuery: undefined,
    where: undefined,
    schema: undefined,
    table: undefined,
    column: undefined,
    dataType: undefined,
    constraint: undefined,
    file: 'aclchk.c',
    line: '3657',
    routine: 'aclcheck_error',
    sql: `SELECT "User"."id", "User"."username", "User"."isBot", "User"."createdAt", "User"."updatedAt", "User"."vendorId", "roles"."name" AS "roles.name", "ats"."id" AS "ats.id", "ats"."name" AS "ats.name", "ats"."key" AS "ats.key", "ats"."vendorId" AS "ats.vendorId", "testPlanRuns"."id" AS "testPlanRuns.id", "testPlanRuns"."testerUserId" AS "testPlanRuns.testerUserId", "testPlanRuns"."testPlanReportId" AS "testPlanRuns.testPlanReportId", "testPlanRuns"."testResults" AS "testPlanRuns.testResults", "testPlanRuns"."initiatedByAutomation" AS "testPlanRuns.initiatedByAutomation", "testPlanRuns"."isPrimary" AS "testPlanRuns.isPrimary" FROM "User" AS "User" LEFT OUTER JOIN ( "UserRoles" AS "roles->UserRoles" INNER JOIN "Role" AS "roles" ON "roles"."name" = "roles->UserRoles"."roleName") ON "User"."id" = "roles->UserRoles"."userId" LEFT OUTER JOIN ( "UserAts" AS "ats->UserAts" INNER JOIN "At" AS "ats" ON "ats"."id" = "ats->UserAts"."atId") ON "User"."id" = "ats->UserAts"."userId" LEFT OUTER JOIN "TestPlanRun" AS "testPlanRuns" ON "User"."id" = "testPlanRuns"."testerUserId" LEFT OUTER JOIN "Vendor" AS "company" ON "User"."vendorId" = "company"."id" WHERE "User"."username" = 'joe-the-vendor';`,
    parameters: undefined
  },
  original: error: permission denied for table Vendor
      at Parser.parseErrorMessage (/Users/drboostfire/Documents/GitHub/aria-at-app/node_modules/pg-protocol/dist/parser.js:283:98)
      at Parser.handlePacket (/Users/drboostfire/Documents/GitHub/aria-at-app/node_modules/pg-protocol/dist/parser.js:122:29)
      at Parser.parse (/Users/drboostfire/Documents/GitHub/aria-at-app/node_modules/pg-protocol/dist/parser.js:35:38)
      at Socket.<anonymous> (/Users/drboostfire/Documents/GitHub/aria-at-app/node_modules/pg-protocol/dist/index.js:11:42)
      at Socket.emit (node:events:507:28)
      at addChunk (node:internal/streams/readable:559:12)
      at readableAddChunkPushByteMode (node:internal/streams/readable:510:3)
      at Readable.push (node:internal/streams/readable:390:5)
      at TCP.onStreamRead (node:internal/stream_base_commons:189:23) {
    length: 94,
    severity: 'ERROR',
    code: '42501',
    detail: undefined,
    hint: undefined,
    position: undefined,
    internalPosition: undefined,
    internalQuery: undefined,
    where: undefined,
    schema: undefined,
    table: undefined,
    column: undefined,
    dataType: undefined,
    constraint: undefined,
    file: 'aclchk.c',
    line: '3657',
    routine: 'aclcheck_error',
    sql: `SELECT "User"."id", "User"."username", "User"."isBot", "User"."createdAt", "User"."updatedAt", "User"."vendorId", "roles"."name" AS "roles.name", "ats"."id" AS "ats.id", "ats"."name" AS "ats.name", "ats"."key" AS "ats.key", "ats"."vendorId" AS "ats.vendorId", "testPlanRuns"."id" AS "testPlanRuns.id", "testPlanRuns"."testerUserId" AS "testPlanRuns.testerUserId", "testPlanRuns"."testPlanReportId" AS "testPlanRuns.testPlanReportId", "testPlanRuns"."testResults" AS "testPlanRuns.testResults", "testPlanRuns"."initiatedByAutomation" AS "testPlanRuns.initiatedByAutomation", "testPlanRuns"."isPrimary" AS "testPlanRuns.isPrimary" FROM "User" AS "User" LEFT OUTER JOIN ( "UserRoles" AS "roles->UserRoles" INNER JOIN "Role" AS "roles" ON "roles"."name" = "roles->UserRoles"."roleName") ON "User"."id" = "roles->UserRoles"."userId" LEFT OUTER JOIN ( "UserAts" AS "ats->UserAts" INNER JOIN "At" AS "ats" ON "ats"."id" = "ats->UserAts"."atId") ON "User"."id" = "ats->UserAts"."userId" LEFT OUTER JOIN "TestPlanRun" AS "testPlanRuns" ON "User"."id" = "testPlanRuns"."testerUserId" LEFT OUTER JOIN "Vendor" AS "company" ON "User"."vendorId" = "company"."id" WHERE "User"."username" = 'joe-the-vendor';`,
    parameters: undefined
  },
  sql: `SELECT "User"."id", "User"."username", "User"."isBot", "User"."createdAt", "User"."updatedAt", "User"."vendorId", "roles"."name" AS "roles.name", "ats"."id" AS "ats.id", "ats"."name" AS "ats.name", "ats"."key" AS "ats.key", "ats"."vendorId" AS "ats.vendorId", "testPlanRuns"."id" AS "testPlanRuns.id", "testPlanRuns"."testerUserId" AS "testPlanRuns.testerUserId", "testPlanRuns"."testPlanReportId" AS "testPlanRuns.testPlanReportId", "testPlanRuns"."testResults" AS "testPlanRuns.testResults", "testPlanRuns"."initiatedByAutomation" AS "testPlanRuns.initiatedByAutomation", "testPlanRuns"."isPrimary" AS "testPlanRuns.isPrimary" FROM "User" AS "User" LEFT OUTER JOIN ( "UserRoles" AS "roles->UserRoles" INNER JOIN "Role" AS "roles" ON "roles"."name" = "roles->UserRoles"."roleName") ON "User"."id" = "roles->UserRoles"."userId" LEFT OUTER JOIN ( "UserAts" AS "ats->UserAts" INNER JOIN "At" AS "ats" ON "ats"."id" = "ats->UserAts"."atId") ON "User"."id" = "ats->UserAts"."userId" LEFT OUTER JOIN "TestPlanRun" AS "testPlanRuns" ON "User"."id" = "testPlanRuns"."testerUserId" LEFT OUTER JOIN "Vendor" AS "company" ON "User"."vendorId" = "company"."id" WHERE "User"."username" = 'joe-the-vendor';`,
  parameters: {}
}

Error
    at Query.run (/Users/drboostfire/Documents/GitHub/aria-at-app/node_modules/sequelize/lib/dialects/postgres/query.js:50:25)
    at /Users/drboostfire/Documents/GitHub/aria-at-app/node_modules/sequelize/lib/sequelize.js:315:28
    at process.processTicksAndRejections (node:internal/process/task_queues:105:5)
    at async PostgresQueryInterface.select (/Users/drboostfire/Documents/GitHub/aria-at-app/node_modules/sequelize/lib/dialects/abstract/query-interface.js:407:12)
    at async User.findAll (/Users/drboostfire/Documents/GitHub/aria-at-app/node_modules/sequelize/lib/model.js:1140:21)
    at async Object.nestedGetOrCreate (/Users/drboostfire/Documents/GitHub/aria-at-app/server/models/services/ModelService.js:389:19)
    at async getOrCreateUser (/Users/drboostfire/Documents/GitHub/aria-at-app/server/models/services/UserService.js:452:30)
    at async setFakeUserController (/Users/drboostfire/Documents/GitHub/aria-at-app/server/controllers/FakeUserController.js:30:16)

FAIL tests/e2e/smokeTest.e2e.test.js (11.731 s)
  ● smoke test › end-to-end tests can simultaneously sign in with all roles

    thrown: "<!DOCTYPE html>
    <html lang=\"en\">
    <head>
    <meta charset=\"utf-8\">
    <title>Error</title>
    </head>
    <body>
    <pre>Error<br> &nbsp; &nbsp;at Query.run (/Users/drboostfire/Documents/GitHub/aria-at-app/node_modules/sequelize/lib/dialects/postgres/query.js:50:25)<br> &nbsp; &nbsp;at /Users/drboostfire/Documents/GitHub/aria-at-app/node_modules/sequelize/lib/sequelize.js:315:28<br> &nbsp; &nbsp;at process.processTicksAndRejections (node:internal/process/task_queues:105:5)<br> &nbsp; &nbsp;at async PostgresQueryInterface.select (/Users/drboostfire/Documents/GitHub/aria-at-app/node_modules/sequelize/lib/dialects/abstract/query-interface.js:407:12)<br> &nbsp; &nbsp;at async User.findAll (/Users/drboostfire/Documents/GitHub/aria-at-app/node_modules/sequelize/lib/model.js:1140:21)<br> &nbsp; &nbsp;at async Object.nestedGetOrCreate (/Users/drboostfire/Documents/GitHub/aria-at-app/server/models/services/ModelService.js:389:19)<br> &nbsp; &nbsp;at async getOrCreateUser (/Users/drboostfire/Documents/GitHub/aria-at-app/server/models/services/UserService.js:452:30)<br> &nbsp; &nbsp;at async setFakeUserController (/Users/drboostfire/Documents/GitHub/aria-at-app/server/controllers/FakeUserController.js:30:16)</pre>
    </body>
    </html>
    "

      3 |
      4 | describe('smoke test', () => {
    > 5 |   it('end-to-end tests can simultaneously sign in with all roles', async () => {
        |   ^
      6 |     await Promise.all([
      7 |       getPage({ role: 'admin', url: '/test-queue' }, async page => {
      8 |         // Wait for page load

      at it (tests/e2e/smokeTest.e2e.test.js:5:3)
      at Object.describe (tests/e2e/smokeTest.e2e.test.js:4:1)

Error
    at Query.run (/Users/drboostfire/Documents/GitHub/aria-at-app/node_modules/sequelize/lib/dialects/postgres/query.js:50:25)
    at /Users/drboostfire/Documents/GitHub/aria-at-app/node_modules/sequelize/lib/sequelize.js:315:28
    at process.processTicksAndRejections (node:internal/process/task_queues:105:5)
    at async PostgresQueryInterface.select (/Users/drboostfire/Documents/GitHub/aria-at-app/node_modules/sequelize/lib/dialects/abstract/query-interface.js:407:12)
    at async User.findAll (/Users/drboostfire/Documents/GitHub/aria-at-app/node_modules/sequelize/lib/model.js:1140:21)
    at async Object.nestedGetOrCreate (/Users/drboostfire/Documents/GitHub/aria-at-app/server/models/services/ModelService.js:389:19)
    at async getOrCreateUser (/Users/drboostfire/Documents/GitHub/aria-at-app/server/models/services/UserService.js:452:30)
    at async setFakeUserController (/Users/drboostfire/Documents/GitHub/aria-at-app/server/controllers/FakeUserController.js:30:16) {
  name: 'SequelizeDatabaseError',
  parent: error: permission denied for table Vendor
      at Parser.parseErrorMessage (/Users/drboostfire/Documents/GitHub/aria-at-app/node_modules/pg-protocol/dist/parser.js:283:98)
      at Parser.handlePacket (/Users/drboostfire/Documents/GitHub/aria-at-app/node_modules/pg-protocol/dist/parser.js:122:29)
      at Parser.parse (/Users/drboostfire/Documents/GitHub/aria-at-app/node_modules/pg-protocol/dist/parser.js:35:38)
      at Socket.<anonymous> (/Users/drboostfire/Documents/GitHub/aria-at-app/node_modules/pg-protocol/dist/index.js:11:42)
      at Socket.emit (node:events:507:28)
      at addChunk (node:internal/streams/readable:559:12)
      at readableAddChunkPushByteMode (node:internal/streams/readable:510:3)
      at Readable.push (node:internal/streams/readable:390:5)
      at TCP.onStreamRead (node:internal/stream_base_commons:189:23) {
    length: 94,
    severity: 'ERROR',
    code: '42501',
    detail: undefined,
    hint: undefined,
    position: undefined,
    internalPosition: undefined,
    internalQuery: undefined,
    where: undefined,
    schema: undefined,
    table: undefined,
    column: undefined,
    dataType: undefined,
    constraint: undefined,
    file: 'aclchk.c',
    line: '3657',
    routine: 'aclcheck_error',
    sql: `SELECT "User"."id", "User"."username", "User"."isBot", "User"."createdAt", "User"."updatedAt", "User"."vendorId", "roles"."name" AS "roles.name", "ats"."id" AS "ats.id", "ats"."name" AS "ats.name", "ats"."key" AS "ats.key", "ats"."vendorId" AS "ats.vendorId", "testPlanRuns"."id" AS "testPlanRuns.id", "testPlanRuns"."testerUserId" AS "testPlanRuns.testerUserId", "testPlanRuns"."testPlanReportId" AS "testPlanRuns.testPlanReportId", "testPlanRuns"."testResults" AS "testPlanRuns.testResults", "testPlanRuns"."initiatedByAutomation" AS "testPlanRuns.initiatedByAutomation", "testPlanRuns"."isPrimary" AS "testPlanRuns.isPrimary" FROM "User" AS "User" LEFT OUTER JOIN ( "UserRoles" AS "roles->UserRoles" INNER JOIN "Role" AS "roles" ON "roles"."name" = "roles->UserRoles"."roleName") ON "User"."id" = "roles->UserRoles"."userId" LEFT OUTER JOIN ( "UserAts" AS "ats->UserAts" INNER JOIN "At" AS "ats" ON "ats"."id" = "ats->UserAts"."atId") ON "User"."id" = "ats->UserAts"."userId" LEFT OUTER JOIN "TestPlanRun" AS "testPlanRuns" ON "User"."id" = "testPlanRuns"."testerUserId" LEFT OUTER JOIN "Vendor" AS "company" ON "User"."vendorId" = "company"."id" WHERE "User"."username" = 'joe-the-tester';`,
    parameters: undefined
  },
  original: error: permission denied for table Vendor
      at Parser.parseErrorMessage (/Users/drboostfire/Documents/GitHub/aria-at-app/node_modules/pg-protocol/dist/parser.js:283:98)
      at Parser.handlePacket (/Users/drboostfire/Documents/GitHub/aria-at-app/node_modules/pg-protocol/dist/parser.js:122:29)
      at Parser.parse (/Users/drboostfire/Documents/GitHub/aria-at-app/node_modules/pg-protocol/dist/parser.js:35:38)
      at Socket.<anonymous> (/Users/drboostfire/Documents/GitHub/aria-at-app/node_modules/pg-protocol/dist/index.js:11:42)
      at Socket.emit (node:events:507:28)
      at addChunk (node:internal/streams/readable:559:12)
      at readableAddChunkPushByteMode (node:internal/streams/readable:510:3)
      at Readable.push (node:internal/streams/readable:390:5)
      at TCP.onStreamRead (node:internal/stream_base_commons:189:23) {
    length: 94,
    severity: 'ERROR',
    code: '42501',
    detail: undefined,
    hint: undefined,
    position: undefined,
    internalPosition: undefined,
    internalQuery: undefined,
    where: undefined,
    schema: undefined,
    table: undefined,
    column: undefined,
    dataType: undefined,
    constraint: undefined,
    file: 'aclchk.c',
    line: '3657',
    routine: 'aclcheck_error',
    sql: `SELECT "User"."id", "User"."username", "User"."isBot", "User"."createdAt", "User"."updatedAt", "User"."vendorId", "roles"."name" AS "roles.name", "ats"."id" AS "ats.id", "ats"."name" AS "ats.name", "ats"."key" AS "ats.key", "ats"."vendorId" AS "ats.vendorId", "testPlanRuns"."id" AS "testPlanRuns.id", "testPlanRuns"."testerUserId" AS "testPlanRuns.testerUserId", "testPlanRuns"."testPlanReportId" AS "testPlanRuns.testPlanReportId", "testPlanRuns"."testResults" AS "testPlanRuns.testResults", "testPlanRuns"."initiatedByAutomation" AS "testPlanRuns.initiatedByAutomation", "testPlanRuns"."isPrimary" AS "testPlanRuns.isPrimary" FROM "User" AS "User" LEFT OUTER JOIN ( "UserRoles" AS "roles->UserRoles" INNER JOIN "Role" AS "roles" ON "roles"."name" = "roles->UserRoles"."roleName") ON "User"."id" = "roles->UserRoles"."userId" LEFT OUTER JOIN ( "UserAts" AS "ats->UserAts" INNER JOIN "At" AS "ats" ON "ats"."id" = "ats->UserAts"."atId") ON "User"."id" = "ats->UserAts"."userId" LEFT OUTER JOIN "TestPlanRun" AS "testPlanRuns" ON "User"."id" = "testPlanRuns"."testerUserId" LEFT OUTER JOIN "Vendor" AS "company" ON "User"."vendorId" = "company"."id" WHERE "User"."username" = 'joe-the-tester';`,
    parameters: undefined
  },
  sql: `SELECT "User"."id", "User"."username", "User"."isBot", "User"."createdAt", "User"."updatedAt", "User"."vendorId", "roles"."name" AS "roles.name", "ats"."id" AS "ats.id", "ats"."name" AS "ats.name", "ats"."key" AS "ats.key", "ats"."vendorId" AS "ats.vendorId", "testPlanRuns"."id" AS "testPlanRuns.id", "testPlanRuns"."testerUserId" AS "testPlanRuns.testerUserId", "testPlanRuns"."testPlanReportId" AS "testPlanRuns.testPlanReportId", "testPlanRuns"."testResults" AS "testPlanRuns.testResults", "testPlanRuns"."initiatedByAutomation" AS "testPlanRuns.initiatedByAutomation", "testPlanRuns"."isPrimary" AS "testPlanRuns.isPrimary" FROM "User" AS "User" LEFT OUTER JOIN ( "UserRoles" AS "roles->UserRoles" INNER JOIN "Role" AS "roles" ON "roles"."name" = "roles->UserRoles"."roleName") ON "User"."id" = "roles->UserRoles"."userId" LEFT OUTER JOIN ( "UserAts" AS "ats->UserAts" INNER JOIN "At" AS "ats" ON "ats"."id" = "ats->UserAts"."atId") ON "User"."id" = "ats->UserAts"."userId" LEFT OUTER JOIN "TestPlanRun" AS "testPlanRuns" ON "User"."id" = "testPlanRuns"."testerUserId" LEFT OUTER JOIN "Vendor" AS "company" ON "User"."vendorId" = "company"."id" WHERE "User"."username" = 'joe-the-tester';`,
  parameters: {}
}

Error
    at Query.run (/Users/drboostfire/Documents/GitHub/aria-at-app/node_modules/sequelize/lib/dialects/postgres/query.js:50:25)
    at /Users/drboostfire/Documents/GitHub/aria-at-app/node_modules/sequelize/lib/sequelize.js:315:28
    at process.processTicksAndRejections (node:internal/process/task_queues:105:5)
    at async PostgresQueryInterface.select (/Users/drboostfire/Documents/GitHub/aria-at-app/node_modules/sequelize/lib/dialects/abstract/query-interface.js:407:12)
    at async User.findAll (/Users/drboostfire/Documents/GitHub/aria-at-app/node_modules/sequelize/lib/model.js:1140:21)
    at async Object.nestedGetOrCreate (/Users/drboostfire/Documents/GitHub/aria-at-app/server/models/services/ModelService.js:389:19)
    at async getOrCreateUser (/Users/drboostfire/Documents/GitHub/aria-at-app/server/models/services/UserService.js:452:30)
    at async setFakeUserController (/Users/drboostfire/Documents/GitHub/aria-at-app/server/controllers/FakeUserController.js:30:16)

Error
    at Query.run (/Users/drboostfire/Documents/GitHub/aria-at-app/node_modules/sequelize/lib/dialects/postgres/query.js:50:25)
    at /Users/drboostfire/Documents/GitHub/aria-at-app/node_modules/sequelize/lib/sequelize.js:315:28
    at process.processTicksAndRejections (node:internal/process/task_queues:105:5)
    at async PostgresQueryInterface.select (/Users/drboostfire/Documents/GitHub/aria-at-app/node_modules/sequelize/lib/dialects/abstract/query-interface.js:407:12)
    at async User.findAll (/Users/drboostfire/Documents/GitHub/aria-at-app/node_modules/sequelize/lib/model.js:1140:21)
    at async Object.nestedGetOrCreate (/Users/drboostfire/Documents/GitHub/aria-at-app/server/models/services/ModelService.js:389:19)
    at async getOrCreateUser (/Users/drboostfire/Documents/GitHub/aria-at-app/server/models/services/UserService.js:452:30)
    at async setFakeUserController (/Users/drboostfire/Documents/GitHub/aria-at-app/server/controllers/FakeUserController.js:30:16) {
  name: 'SequelizeDatabaseError',
  parent: error: permission denied for table Vendor
      at Parser.parseErrorMessage (/Users/drboostfire/Documents/GitHub/aria-at-app/node_modules/pg-protocol/dist/parser.js:283:98)
      at Parser.handlePacket (/Users/drboostfire/Documents/GitHub/aria-at-app/node_modules/pg-protocol/dist/parser.js:122:29)
      at Parser.parse (/Users/drboostfire/Documents/GitHub/aria-at-app/node_modules/pg-protocol/dist/parser.js:35:38)
      at Socket.<anonymous> (/Users/drboostfire/Documents/GitHub/aria-at-app/node_modules/pg-protocol/dist/index.js:11:42)
      at Socket.emit (node:events:507:28)
      at addChunk (node:internal/streams/readable:559:12)
      at readableAddChunkPushByteMode (node:internal/streams/readable:510:3)
      at Readable.push (node:internal/streams/readable:390:5)
      at TCP.onStreamRead (node:internal/stream_base_commons:189:23) {
    length: 94,
    severity: 'ERROR',
    code: '42501',
    detail: undefined,
    hint: undefined,
    position: undefined,
    internalPosition: undefined,
    internalQuery: undefined,
    where: undefined,
    schema: undefined,
    table: undefined,
    column: undefined,
    dataType: undefined,
    constraint: undefined,
    file: 'aclchk.c',
    line: '3657',
    routine: 'aclcheck_error',
    sql: `SELECT "User"."id", "User"."username", "User"."isBot", "User"."createdAt", "User"."updatedAt", "User"."vendorId", "roles"."name" AS "roles.name", "ats"."id" AS "ats.id", "ats"."name" AS "ats.name", "ats"."key" AS "ats.key", "ats"."vendorId" AS "ats.vendorId", "testPlanRuns"."id" AS "testPlanRuns.id", "testPlanRuns"."testerUserId" AS "testPlanRuns.testerUserId", "testPlanRuns"."testPlanReportId" AS "testPlanRuns.testPlanReportId", "testPlanRuns"."testResults" AS "testPlanRuns.testResults", "testPlanRuns"."initiatedByAutomation" AS "testPlanRuns.initiatedByAutomation", "testPlanRuns"."isPrimary" AS "testPlanRuns.isPrimary" FROM "User" AS "User" LEFT OUTER JOIN ( "UserRoles" AS "roles->UserRoles" INNER JOIN "Role" AS "roles" ON "roles"."name" = "roles->UserRoles"."roleName") ON "User"."id" = "roles->UserRoles"."userId" LEFT OUTER JOIN ( "UserAts" AS "ats->UserAts" INNER JOIN "At" AS "ats" ON "ats"."id" = "ats->UserAts"."atId") ON "User"."id" = "ats->UserAts"."userId" LEFT OUTER JOIN "TestPlanRun" AS "testPlanRuns" ON "User"."id" = "testPlanRuns"."testerUserId" LEFT OUTER JOIN "Vendor" AS "company" ON "User"."vendorId" = "company"."id" WHERE "User"."username" = 'joe-the-vendor';`,
    parameters: undefined
  },
  original: error: permission denied for table Vendor
      at Parser.parseErrorMessage (/Users/drboostfire/Documents/GitHub/aria-at-app/node_modules/pg-protocol/dist/parser.js:283:98)
      at Parser.handlePacket (/Users/drboostfire/Documents/GitHub/aria-at-app/node_modules/pg-protocol/dist/parser.js:122:29)
      at Parser.parse (/Users/drboostfire/Documents/GitHub/aria-at-app/node_modules/pg-protocol/dist/parser.js:35:38)
      at Socket.<anonymous> (/Users/drboostfire/Documents/GitHub/aria-at-app/node_modules/pg-protocol/dist/index.js:11:42)
      at Socket.emit (node:events:507:28)
      at addChunk (node:internal/streams/readable:559:12)
      at readableAddChunkPushByteMode (node:internal/streams/readable:510:3)
      at Readable.push (node:internal/streams/readable:390:5)
      at TCP.onStreamRead (node:internal/stream_base_commons:189:23) {
    length: 94,
    severity: 'ERROR',
    code: '42501',
    detail: undefined,
    hint: undefined,
    position: undefined,
    internalPosition: undefined,
    internalQuery: undefined,
    where: undefined,
    schema: undefined,
    table: undefined,
    column: undefined,
    dataType: undefined,
    constraint: undefined,
    file: 'aclchk.c',
    line: '3657',
    routine: 'aclcheck_error',
    sql: `SELECT "User"."id", "User"."username", "User"."isBot", "User"."createdAt", "User"."updatedAt", "User"."vendorId", "roles"."name" AS "roles.name", "ats"."id" AS "ats.id", "ats"."name" AS "ats.name", "ats"."key" AS "ats.key", "ats"."vendorId" AS "ats.vendorId", "testPlanRuns"."id" AS "testPlanRuns.id", "testPlanRuns"."testerUserId" AS "testPlanRuns.testerUserId", "testPlanRuns"."testPlanReportId" AS "testPlanRuns.testPlanReportId", "testPlanRuns"."testResults" AS "testPlanRuns.testResults", "testPlanRuns"."initiatedByAutomation" AS "testPlanRuns.initiatedByAutomation", "testPlanRuns"."isPrimary" AS "testPlanRuns.isPrimary" FROM "User" AS "User" LEFT OUTER JOIN ( "UserRoles" AS "roles->UserRoles" INNER JOIN "Role" AS "roles" ON "roles"."name" = "roles->UserRoles"."roleName") ON "User"."id" = "roles->UserRoles"."userId" LEFT OUTER JOIN ( "UserAts" AS "ats->UserAts" INNER JOIN "At" AS "ats" ON "ats"."id" = "ats->UserAts"."atId") ON "User"."id" = "ats->UserAts"."userId" LEFT OUTER JOIN "TestPlanRun" AS "testPlanRuns" ON "User"."id" = "testPlanRuns"."testerUserId" LEFT OUTER JOIN "Vendor" AS "company" ON "User"."vendorId" = "company"."id" WHERE "User"."username" = 'joe-the-vendor';`,
    parameters: undefined
  },
  sql: `SELECT "User"."id", "User"."username", "User"."isBot", "User"."createdAt", "User"."updatedAt", "User"."vendorId", "roles"."name" AS "roles.name", "ats"."id" AS "ats.id", "ats"."name" AS "ats.name", "ats"."key" AS "ats.key", "ats"."vendorId" AS "ats.vendorId", "testPlanRuns"."id" AS "testPlanRuns.id", "testPlanRuns"."testerUserId" AS "testPlanRuns.testerUserId", "testPlanRuns"."testPlanReportId" AS "testPlanRuns.testPlanReportId", "testPlanRuns"."testResults" AS "testPlanRuns.testResults", "testPlanRuns"."initiatedByAutomation" AS "testPlanRuns.initiatedByAutomation", "testPlanRuns"."isPrimary" AS "testPlanRuns.isPrimary" FROM "User" AS "User" LEFT OUTER JOIN ( "UserRoles" AS "roles->UserRoles" INNER JOIN "Role" AS "roles" ON "roles"."name" = "roles->UserRoles"."roleName") ON "User"."id" = "roles->UserRoles"."userId" LEFT OUTER JOIN ( "UserAts" AS "ats->UserAts" INNER JOIN "At" AS "ats" ON "ats"."id" = "ats->UserAts"."atId") ON "User"."id" = "ats->UserAts"."userId" LEFT OUTER JOIN "TestPlanRun" AS "testPlanRuns" ON "User"."id" = "testPlanRuns"."testerUserId" LEFT OUTER JOIN "Vendor" AS "company" ON "User"."vendorId" = "company"."id" WHERE "User"."username" = 'joe-the-vendor';`,
  parameters: {}
}

Error
    at Query.run (/Users/drboostfire/Documents/GitHub/aria-at-app/node_modules/sequelize/lib/dialects/postgres/query.js:50:25)
    at /Users/drboostfire/Documents/GitHub/aria-at-app/node_modules/sequelize/lib/sequelize.js:315:28
    at process.processTicksAndRejections (node:internal/process/task_queues:105:5)
    at async PostgresQueryInterface.select (/Users/drboostfire/Documents/GitHub/aria-at-app/node_modules/sequelize/lib/dialects/abstract/query-interface.js:407:12)
    at async User.findAll (/Users/drboostfire/Documents/GitHub/aria-at-app/node_modules/sequelize/lib/model.js:1140:21)
    at async Object.nestedGetOrCreate (/Users/drboostfire/Documents/GitHub/aria-at-app/server/models/services/ModelService.js:389:19)
    at async getOrCreateUser (/Users/drboostfire/Documents/GitHub/aria-at-app/server/models/services/UserService.js:452:30)
    at async setFakeUserController (/Users/drboostfire/Documents/GitHub/aria-at-app/server/controllers/FakeUserController.js:30:16)

FAIL tests/e2e/AtVersions.e2e.test.js
  ● AT Version UI › should add, edit, then remove an AtVersion

    thrown: "<!DOCTYPE html>
    <html lang=\"en\">
    <head>
    <meta charset=\"utf-8\">
    <title>Error</title>
    </head>
    <body>
    <pre>Error<br> &nbsp; &nbsp;at Query.run (/Users/drboostfire/Documents/GitHub/aria-at-app/node_modules/sequelize/lib/dialects/postgres/query.js:50:25)<br> &nbsp; &nbsp;at /Users/drboostfire/Documents/GitHub/aria-at-app/node_modules/sequelize/lib/sequelize.js:315:28<br> &nbsp; &nbsp;at process.processTicksAndRejections (node:internal/process/task_queues:105:5)<br> &nbsp; &nbsp;at async PostgresQueryInterface.select (/Users/drboostfire/Documents/GitHub/aria-at-app/node_modules/sequelize/lib/dialects/abstract/query-interface.js:407:12)<br> &nbsp; &nbsp;at async User.findAll (/Users/drboostfire/Documents/GitHub/aria-at-app/node_modules/sequelize/lib/model.js:1140:21)<br> &nbsp; &nbsp;at async Object.nestedGetOrCreate (/Users/drboostfire/Documents/GitHub/aria-at-app/server/models/services/ModelService.js:389:19)<br> &nbsp; &nbsp;at async getOrCreateUser (/Users/drboostfire/Documents/GitHub/aria-at-app/server/models/services/UserService.js:452:30)<br> &nbsp; &nbsp;at async setFakeUserController (/Users/drboostfire/Documents/GitHub/aria-at-app/server/controllers/FakeUserController.js:30:16)</pre>
    </body>
    </html>
    "

      2 |
      3 | describe('AT Version UI', () => {
    > 4 |   test('should add, edit, then remove an AtVersion', async () => {
        |   ^
      5 |     /* prettier-ignore */
      6 |     await getPage({ role: 'admin', url: '/test-queue' }, async page => {
      7 |       const openTrayIfClosed = async () => {

      at test (tests/e2e/AtVersions.e2e.test.js:4:3)
      at Object.describe (tests/e2e/AtVersions.e2e.test.js:3:1)

Error
    at Query.run (/Users/drboostfire/Documents/GitHub/aria-at-app/node_modules/sequelize/lib/dialects/postgres/query.js:50:25)
    at /Users/drboostfire/Documents/GitHub/aria-at-app/node_modules/sequelize/lib/sequelize.js:315:28
    at process.processTicksAndRejections (node:internal/process/task_queues:105:5)
    at async PostgresQueryInterface.select (/Users/drboostfire/Documents/GitHub/aria-at-app/node_modules/sequelize/lib/dialects/abstract/query-interface.js:407:12)
    at async User.findAll (/Users/drboostfire/Documents/GitHub/aria-at-app/node_modules/sequelize/lib/model.js:1140:21)
    at async Object.nestedGetOrCreate (/Users/drboostfire/Documents/GitHub/aria-at-app/server/models/services/ModelService.js:389:19)
    at async getOrCreateUser (/Users/drboostfire/Documents/GitHub/aria-at-app/server/models/services/UserService.js:452:30)
    at async setFakeUserController (/Users/drboostfire/Documents/GitHub/aria-at-app/server/controllers/FakeUserController.js:30:16) {
  name: 'SequelizeDatabaseError',
  parent: error: permission denied for table Vendor
      at Parser.parseErrorMessage (/Users/drboostfire/Documents/GitHub/aria-at-app/node_modules/pg-protocol/dist/parser.js:283:98)
      at Parser.handlePacket (/Users/drboostfire/Documents/GitHub/aria-at-app/node_modules/pg-protocol/dist/parser.js:122:29)
      at Parser.parse (/Users/drboostfire/Documents/GitHub/aria-at-app/node_modules/pg-protocol/dist/parser.js:35:38)
      at Socket.<anonymous> (/Users/drboostfire/Documents/GitHub/aria-at-app/node_modules/pg-protocol/dist/index.js:11:42)
      at Socket.emit (node:events:507:28)
      at addChunk (node:internal/streams/readable:559:12)
      at readableAddChunkPushByteMode (node:internal/streams/readable:510:3)
      at Readable.push (node:internal/streams/readable:390:5)
      at TCP.onStreamRead (node:internal/stream_base_commons:189:23) {
    length: 94,
    severity: 'ERROR',
    code: '42501',
    detail: undefined,
    hint: undefined,
    position: undefined,
    internalPosition: undefined,
    internalQuery: undefined,
    where: undefined,
    schema: undefined,
    table: undefined,
    column: undefined,
    dataType: undefined,
    constraint: undefined,
    file: 'aclchk.c',
    line: '3657',
    routine: 'aclcheck_error',
    sql: `SELECT "User"."id", "User"."username", "User"."isBot", "User"."createdAt", "User"."updatedAt", "User"."vendorId", "roles"."name" AS "roles.name", "ats"."id" AS "ats.id", "ats"."name" AS "ats.name", "ats"."key" AS "ats.key", "ats"."vendorId" AS "ats.vendorId", "testPlanRuns"."id" AS "testPlanRuns.id", "testPlanRuns"."testerUserId" AS "testPlanRuns.testerUserId", "testPlanRuns"."testPlanReportId" AS "testPlanRuns.testPlanReportId", "testPlanRuns"."testResults" AS "testPlanRuns.testResults", "testPlanRuns"."initiatedByAutomation" AS "testPlanRuns.initiatedByAutomation", "testPlanRuns"."isPrimary" AS "testPlanRuns.isPrimary" FROM "User" AS "User" LEFT OUTER JOIN ( "UserRoles" AS "roles->UserRoles" INNER JOIN "Role" AS "roles" ON "roles"."name" = "roles->UserRoles"."roleName") ON "User"."id" = "roles->UserRoles"."userId" LEFT OUTER JOIN ( "UserAts" AS "ats->UserAts" INNER JOIN "At" AS "ats" ON "ats"."id" = "ats->UserAts"."atId") ON "User"."id" = "ats->UserAts"."userId" LEFT OUTER JOIN "TestPlanRun" AS "testPlanRuns" ON "User"."id" = "testPlanRuns"."testerUserId" LEFT OUTER JOIN "Vendor" AS "company" ON "User"."vendorId" = "company"."id" WHERE "User"."username" = 'joe-the-admin';`,
    parameters: undefined
  },
  original: error: permission denied for table Vendor
      at Parser.parseErrorMessage (/Users/drboostfire/Documents/GitHub/aria-at-app/node_modules/pg-protocol/dist/parser.js:283:98)
      at Parser.handlePacket (/Users/drboostfire/Documents/GitHub/aria-at-app/node_modules/pg-protocol/dist/parser.js:122:29)
      at Parser.parse (/Users/drboostfire/Documents/GitHub/aria-at-app/node_modules/pg-protocol/dist/parser.js:35:38)
      at Socket.<anonymous> (/Users/drboostfire/Documents/GitHub/aria-at-app/node_modules/pg-protocol/dist/index.js:11:42)
      at Socket.emit (node:events:507:28)
      at addChunk (node:internal/streams/readable:559:12)
      at readableAddChunkPushByteMode (node:internal/streams/readable:510:3)
      at Readable.push (node:internal/streams/readable:390:5)
      at TCP.onStreamRead (node:internal/stream_base_commons:189:23) {
    length: 94,
    severity: 'ERROR',
    code: '42501',
    detail: undefined,
    hint: undefined,
    position: undefined,
    internalPosition: undefined,
    internalQuery: undefined,
    where: undefined,
    schema: undefined,
    table: undefined,
    column: undefined,
    dataType: undefined,
    constraint: undefined,
    file: 'aclchk.c',
    line: '3657',
    routine: 'aclcheck_error',
    sql: `SELECT "User"."id", "User"."username", "User"."isBot", "User"."createdAt", "User"."updatedAt", "User"."vendorId", "roles"."name" AS "roles.name", "ats"."id" AS "ats.id", "ats"."name" AS "ats.name", "ats"."key" AS "ats.key", "ats"."vendorId" AS "ats.vendorId", "testPlanRuns"."id" AS "testPlanRuns.id", "testPlanRuns"."testerUserId" AS "testPlanRuns.testerUserId", "testPlanRuns"."testPlanReportId" AS "testPlanRuns.testPlanReportId", "testPlanRuns"."testResults" AS "testPlanRuns.testResults", "testPlanRuns"."initiatedByAutomation" AS "testPlanRuns.initiatedByAutomation", "testPlanRuns"."isPrimary" AS "testPlanRuns.isPrimary" FROM "User" AS "User" LEFT OUTER JOIN ( "UserRoles" AS "roles->UserRoles" INNER JOIN "Role" AS "roles" ON "roles"."name" = "roles->UserRoles"."roleName") ON "User"."id" = "roles->UserRoles"."userId" LEFT OUTER JOIN ( "UserAts" AS "ats->UserAts" INNER JOIN "At" AS "ats" ON "ats"."id" = "ats->UserAts"."atId") ON "User"."id" = "ats->UserAts"."userId" LEFT OUTER JOIN "TestPlanRun" AS "testPlanRuns" ON "User"."id" = "testPlanRuns"."testerUserId" LEFT OUTER JOIN "Vendor" AS "company" ON "User"."vendorId" = "company"."id" WHERE "User"."username" = 'joe-the-admin';`,
    parameters: undefined
  },
  sql: `SELECT "User"."id", "User"."username", "User"."isBot", "User"."createdAt", "User"."updatedAt", "User"."vendorId", "roles"."name" AS "roles.name", "ats"."id" AS "ats.id", "ats"."name" AS "ats.name", "ats"."key" AS "ats.key", "ats"."vendorId" AS "ats.vendorId", "testPlanRuns"."id" AS "testPlanRuns.id", "testPlanRuns"."testerUserId" AS "testPlanRuns.testerUserId", "testPlanRuns"."testPlanReportId" AS "testPlanRuns.testPlanReportId", "testPlanRuns"."testResults" AS "testPlanRuns.testResults", "testPlanRuns"."initiatedByAutomation" AS "testPlanRuns.initiatedByAutomation", "testPlanRuns"."isPrimary" AS "testPlanRuns.isPrimary" FROM "User" AS "User" LEFT OUTER JOIN ( "UserRoles" AS "roles->UserRoles" INNER JOIN "Role" AS "roles" ON "roles"."name" = "roles->UserRoles"."roleName") ON "User"."id" = "roles->UserRoles"."userId" LEFT OUTER JOIN ( "UserAts" AS "ats->UserAts" INNER JOIN "At" AS "ats" ON "ats"."id" = "ats->UserAts"."atId") ON "User"."id" = "ats->UserAts"."userId" LEFT OUTER JOIN "TestPlanRun" AS "testPlanRuns" ON "User"."id" = "testPlanRuns"."testerUserId" LEFT OUTER JOIN "Vendor" AS "company" ON "User"."vendorId" = "company"."id" WHERE "User"."username" = 'joe-the-admin';`,
  parameters: {}
}

Error
    at Query.run (/Users/drboostfire/Documents/GitHub/aria-at-app/node_modules/sequelize/lib/dialects/postgres/query.js:50:25)
    at /Users/drboostfire/Documents/GitHub/aria-at-app/node_modules/sequelize/lib/sequelize.js:315:28
    at process.processTicksAndRejections (node:internal/process/task_queues:105:5)
    at async PostgresQueryInterface.select (/Users/drboostfire/Documents/GitHub/aria-at-app/node_modules/sequelize/lib/dialects/abstract/query-interface.js:407:12)
    at async User.findAll (/Users/drboostfire/Documents/GitHub/aria-at-app/node_modules/sequelize/lib/model.js:1140:21)
    at async Object.nestedGetOrCreate (/Users/drboostfire/Documents/GitHub/aria-at-app/server/models/services/ModelService.js:389:19)
    at async getOrCreateUser (/Users/drboostfire/Documents/GitHub/aria-at-app/server/models/services/UserService.js:452:30)
    at async setFakeUserController (/Users/drboostfire/Documents/GitHub/aria-at-app/server/controllers/FakeUserController.js:30:16)

PASS tests/e2e/TestPlanVersions.e2e.test.js (12.973 s)
PASS tests/e2e/TestReview.e2e.test.js (11.253 s)
Proxy request timed out: /w3c/aria-at/c665367f3742c2b607f7b3c2655782188b93f302/tests/alert/reference/2022-4-8_144013/js/alert.js

Proxy request timed out: /w3c/aria-at/ab77d47ab19db71c635c9bb459ba5c34182e1400/tests/alert/reference/2022-4-8_144013/alert.setFocusOnButton.html
Proxy request timed out: /w3c/aria-at/ab77d47ab19db71c635c9bb459ba5c34182e1400/tests/alert/reference/2022-4-8_144013/js/alert.js
Proxy request timed out: /w3c/aria-at/ca4c80fdb888a9ed9b68d92712189af681b437dc/tests/alert/reference/2022-4-8_144013/alert.setFocusOnButton.html
Proxy request timed out: /w3c/aria-at/ca4c80fdb888a9ed9b68d92712189af681b437dc/tests/alert/reference/2022-4-8_144013/css/alert.css

Proxy request timed out: /w3c/aria-at/c665367f3742c2b607f7b3c2655782188b93f302/tests/alert/reference/2022-4-8_144013/alert.setFocusOnButton.html
Proxy request timed out: /w3c/aria-at/c665367f3742c2b607f7b3c2655782188b93f302/tests/alert/reference/2022-4-8_144013/css/alert.css
Proxy request timed out: /w3c/aria-at/ab77d47ab19db71c635c9bb459ba5c34182e1400/tests/alert/reference/2022-4-8_144013/css/alert.css

Proxy request timed out: /w3c/aria-at/ca4c80fdb888a9ed9b68d92712189af681b437dc/tests/alert/reference/2022-4-8_144013/js/alert.js

PASS tests/e2e/Reports.e2e.test.js (8.873 s)
FAIL tests/e2e/snapshots/snapshotTest.e2e.test.js (33.998 s)
  ● Snapshot Comparison › should match snapshot for /

    thrown: "<!DOCTYPE html>
    <html lang=\"en\">
    <head>
    <meta charset=\"utf-8\">
    <title>Error</title>
    </head>
    <body>
    <pre>Error<br> &nbsp; &nbsp;at Query.run (/Users/drboostfire/Documents/GitHub/aria-at-app/node_modules/sequelize/lib/dialects/postgres/query.js:50:25)<br> &nbsp; &nbsp;at /Users/drboostfire/Documents/GitHub/aria-at-app/node_modules/sequelize/lib/sequelize.js:315:28<br> &nbsp; &nbsp;at process.processTicksAndRejections (node:internal/process/task_queues:105:5)<br> &nbsp; &nbsp;at async PostgresQueryInterface.select (/Users/drboostfire/Documents/GitHub/aria-at-app/node_modules/sequelize/lib/dialects/abstract/query-interface.js:407:12)<br> &nbsp; &nbsp;at async User.findAll (/Users/drboostfire/Documents/GitHub/aria-at-app/node_modules/sequelize/lib/model.js:1140:21)<br> &nbsp; &nbsp;at async Object.nestedGetOrCreate (/Users/drboostfire/Documents/GitHub/aria-at-app/server/models/services/ModelService.js:389:19)<br> &nbsp; &nbsp;at async getOrCreateUser (/Users/drboostfire/Documents/GitHub/aria-at-app/server/models/services/UserService.js:452:30)<br> &nbsp; &nbsp;at async setFakeUserController (/Users/drboostfire/Documents/GitHub/aria-at-app/server/controllers/FakeUserController.js:30:16)</pre>
    </body>
    </html>
    "

      12 | describe('Snapshot Comparison', () => {
      13 |   snapshotRoutes.forEach(route => {
    > 14 |     test(`should match snapshot for ${route}`, async () => {
         |     ^
      15 |       await getPage({ role: 'admin', url: route }, async page => {
      16 |         await page.waitForSelector('main');
      17 |

      at test (tests/e2e/snapshots/snapshotTest.e2e.test.js:14:5)
          at Array.forEach (<anonymous>)
      at forEach (tests/e2e/snapshots/snapshotTest.e2e.test.js:13:18)
      at Object.describe (tests/e2e/snapshots/snapshotTest.e2e.test.js:12:1)

  ● Snapshot Comparison › should match snapshot for /signup-instructions

    expect(received).toBe(expected) // Object.is equality

    - Expected  - 33
    + Received  +  2

    @@ -41,43 +41,12 @@
                      <a aria-current="false" class="nav-link" href="/test-queue"
                        >Test Queue</a
                      >
                    </li>
                    <li>
    -                 <a
    -                   aria-current="false"
    -                   class="nav-link"
    -                   href="/candidate-review"
    -                   >Candidate Review</a
    -                 >
    -               </li>
    -               <li>
    -                 <a
    -                   aria-current="false"
    -                   class="nav-link"
    -                   href="/account/settings"
    -                   >Settings</a
    -                 >
    -               </li>
    -               <li class="signed-in-wrapper">
    -                 <div class="signed-in" id="signed-in">
    -                   <svg
    -                     aria-hidden="true"
    -                     focusable="false"
    -                     data-prefix="fas"
    -                     data-icon="circle-user"
    -                     class="svg-inline--fa fa-circle-user"
    -                     role="img"
    -                     xmlns="http://www.w3.org/2000/svg"
    -                     viewBox="0 0 512 512">
    -                     <path
    -                       fill="currentColor"
    -                       d="M399 384.2C376.9 345.8 335.4 320 288 320H224c-47.4 0-88.9 25.8-111 64.2c35.2 39.2 86.2 63.8 143 63.8s107.8-24.7 143-63.8zM0 256a256 256 0 1 1 512 0A256 256 0 1 1 0 256zm256 16a72 72 0 1 0 0-144 72 72 0 1 0 0 144z"></path></svg
    -                   >Signed in as <b>joe-the-admin</b>
    -                 </div>
    -                 <a aria-describedby="signed-in" class="nav-link" href="/"
    -                   >Sign out</a
    +                 <a class="nav-link" href="/signup-instructions"
    +                   >Sign in with GitHub</a
                      >
                    </li>
                  </div>
                </div>
              </nav>

      22 |
      23 |         const existingSnapshot = await fs.readFile(snapshotPath, 'utf-8');
    > 24 |         expect(currentSnapshot.trim()).toBe(existingSnapshot.trim());
         |                                        ^
      25 |       });
      26 |     });
      27 |   });

      at toBe (tests/e2e/snapshots/snapshotTest.e2e.test.js:24:40)
      at call (tests/e2e/snapshots/snapshotTest.e2e.test.js:2:1)
      at Generator.tryCatch (tests/e2e/snapshots/snapshotTest.e2e.test.js:2:1)
      at Generator._invoke [as next] (tests/e2e/snapshots/snapshotTest.e2e.test.js:2:1)
      at asyncGeneratorStep (tests/e2e/snapshots/snapshotTest.e2e.test.js:2:1)
      at asyncGeneratorStep (tests/e2e/snapshots/snapshotTest.e2e.test.js:2:1)

  ● Snapshot Comparison › should match snapshot for /account/settings

    expect(received).toBe(expected) // Object.is equality

    - Expected  - 57
    + Received  + 13

    @@ -4,11 +4,11 @@
          <meta charset="UTF-8" />
          <meta name="google" content="notranslate" />
          <meta name="viewport" content="width=device-width, initial-scale=1" />

          <link rel="shortcut icon" href="data:image/x-icon;," type="image/x-icon" />
    -     <title>Settings | ARIA-AT</title>
    +     <title>Invalid Request | ARIA-AT</title>
        </head>
        <body>
          <div id="root">
            <div class="container-fluid">
              <nav
    @@ -41,66 +41,22 @@
                      <a aria-current="false" class="nav-link" href="/test-queue"
                        >Test Queue</a
                      >
                    </li>
                    <li>
    -                 <a
    -                   aria-current="false"
    -                   class="nav-link"
    -                   href="/candidate-review"
    -                   >Candidate Review</a
    -                 >
    -               </li>
    -               <li>
    -                 <a aria-current="true" class="nav-link" href="/account/settings"
    -                   >Settings</a
    -                 >
    -               </li>
    -               <li class="signed-in-wrapper">
    -                 <div class="signed-in" id="signed-in">
    -                   <svg
    -                     aria-hidden="true"
    -                     focusable="false"
    -                     data-prefix="fas"
    -                     data-icon="circle-user"
    -                     class="svg-inline--fa fa-circle-user"
    -                     role="img"
    -                     xmlns="http://www.w3.org/2000/svg"
    -                     viewBox="0 0 512 512">
    -                     <path
    -                       fill="currentColor"
    -                       d="M399 384.2C376.9 345.8 335.4 320 288 320H224c-47.4 0-88.9 25.8-111 64.2c35.2 39.2 86.2 63.8 143 63.8s107.8-24.7 143-63.8zM0 256a256 256 0 1 1 512 0A256 256 0 1 1 0 256zm256 16a72 72 0 1 0 0-144 72 72 0 1 0 0 144z"></path></svg
    -                   >Signed in as <b>joe-the-admin</b>
    -                 </div>
    -                 <a aria-describedby="signed-in" class="nav-link" href="/"
    -                   >Sign out</a
    -                 >
    -               </li>
    -             </div>
    -           </div>
    -         </nav>
    -       </div>
    -       <div class="container-fluid">
    -         <main id="main" tabindex="-1" class="container">
    -           <h1>Settings</h1>
    -           <section>
    -             <h2>User Details</h2>
    -             <p>
    -               <a
    -                 href="https://github.com/joe-the-admin"
    -                 target="_blank"
    -                 rel="noopener noreferrer"
    -                 >joe-the-admin</a
    -               >
    -             </p>
    -           </section>
    -           <section>
    -             <h2>Admin Actions</h2>
    -             <button type="button" class="btn btn-primary">
    -               Import Latest Test Plan Versions
    -             </button>
    -             <p>Date of latest test plan version: June 23, 2025 03:09 UTC</p>
    +                 <a class="nav-link" href="/invalid-request"
    +                   >Sign in with GitHub</a
    +                 >
    +               </li>
    +             </div>
    +           </div>
    +         </nav>
    +       </div>
    +       <div class="container-fluid">
    +         <main id="main" tabindex="-1" class="container">
    +           <section class="invalid-request">
    +             <div><h1>Whoops! Unable to complete request</h1></div>
                </section>
              </main>
            </div>
            <span
              class="visually-hidden-aria-live-region"

      22 |
      23 |         const existingSnapshot = await fs.readFile(snapshotPath, 'utf-8');
    > 24 |         expect(currentSnapshot.trim()).toBe(existingSnapshot.trim());
         |                                        ^
      25 |       });
      26 |     });
      27 |   });

      at toBe (tests/e2e/snapshots/snapshotTest.e2e.test.js:24:40)
      at call (tests/e2e/snapshots/snapshotTest.e2e.test.js:2:1)
      at Generator.tryCatch (tests/e2e/snapshots/snapshotTest.e2e.test.js:2:1)
      at Generator._invoke [as next] (tests/e2e/snapshots/snapshotTest.e2e.test.js:2:1)
      at asyncGeneratorStep (tests/e2e/snapshots/snapshotTest.e2e.test.js:2:1)
      at asyncGeneratorStep (tests/e2e/snapshots/snapshotTest.e2e.test.js:2:1)

  ● Snapshot Comparison › should match snapshot for /test-queue

    expect(received).toBe(expected) // Object.is equality

    - Expected  - 2269
    + Received  +    7

    @@ -41,2286 +41,24 @@
                      <a aria-current="true" class="nav-link" href="/test-queue"
                        >Test Queue</a
                      >
                    </li>
                    <li>
    -                 <a
    -                   aria-current="false"
    -                   class="nav-link"
    -                   href="/candidate-review"
    -                   >Candidate Review</a
    -                 >
    -               </li>
    -               <li>
    -                 <a
    -                   aria-current="false"
    -                   class="nav-link"
    -                   href="/account/settings"
    -                   >Settings</a
    -                 >
    -               </li>
    -               <li class="signed-in-wrapper">
    -                 <div class="signed-in" id="signed-in">
    -                   <svg
    -                     aria-hidden="true"
    -                     focusable="false"
    -                     data-prefix="fas"
    -                     data-icon="circle-user"
    -                     class="svg-inline--fa fa-circle-user"
    -                     role="img"
    -                     xmlns="http://www.w3.org/2000/svg"
    -                     viewBox="0 0 512 512">
    -                     <path
    -                       fill="currentColor"
    -                       d="M399 384.2C376.9 345.8 335.4 320 288 320H224c-47.4 0-88.9 25.8-111 64.2c35.2 39.2 86.2 63.8 143 63.8s107.8-24.7 143-63.8zM0 256a256 256 0 1 1 512 0A256 256 0 1 1 0 256zm256 16a72 72 0 1 0 0-144 72 72 0 1 0 0 144z"></path></svg
    -                   >Signed in as <b>joe-the-admin</b>
    -                 </div>
    -                 <a aria-describedby="signed-in" class="nav-link" href="/"
    -                   >Sign out</a
    -                 >
    +                 <a class="nav-link" href="/test-queue">Sign in with GitHub</a>
                    </li>
                  </div>
                </div>
              </nav>
            </div>
            <div class="container-fluid">
              <main id="main" tabindex="-1" class="container">
    -           <h1 class="test-queue-heading">Test Queue</h1>
    -           <div class="tabs-container">
    -             <div class="tab-list" role="tablist">
    -               <button
    -                 role="tab"
    -                 id="tab-0"
    -                 aria-selected="true"
    -                 aria-controls="panel-0"
    -                 class="tab-button selected-tab"
    -                 tabindex="0">
    -                 <span>Manual Test Queue</span></button
    -               ><button
    -                 role="tab"
    -                 id="tab-1"
    -                 aria-selected="false"
    -                 aria-controls="panel-1"
    -                 class="tab-button"
    -                 tabindex="-1">
    -                 <span>Automated Report Updates (5)</span>
    -               </button>
    -             </div>
    -             <div
    -               role="tabpanel"
    -               id="panel-0"
    -               aria-labelledby="tab-0"
    -               tabindex="0"
    -               class="tab-panel">
    -               <div>
    -                 <p data-testid="test-queue-instructions">
    -                   Manage the test plans, assign yourself a test plan or start
    -                   executing one that is already assigned to you.
    -                 </p>
    -                 <div class="disclosure-container stacked">
    -                   <h3 class="disclosure-heading">
    -                     <button
    -                       class="disclosure-button stacked"
    -                       id="disclosure-btn-manageTestQueue-Manage Assistive Technology Versions"
    -                       type="button"
    -                       aria-expanded="false"
    -                       aria-controls="disclosure-btn-controls-manageTestQueue-Manage Assistive Technology Versions">
    -                       Manage Assistive Technology Versions<svg
    -                         aria-hidden="true"
    -                         focusable="false"
    -                         data-prefix="fas"
    -                         data-icon="chevron-down"
    -                         class="svg-inline--fa fa-chevron-down disclosure-icon"
    -                         role="img"
    -                         xmlns="http://www.w3.org/2000/svg"
    -                         viewBox="0 0 512 512">
    -                         <path
    -                           fill="currentColor"
    -                           d="M233.4 406.6c12.5 12.5 32.8 12.5 45.3 0l192-192c12.5-12.5 12.5-32.8 0-45.3s-32.8-12.5-45.3 0L256 338.7 86.6 169.4c-12.5-12.5-32.8-12.5-45.3 0s-12.5 32.8 0 45.3l192 192z"></path>
    -                       </svg>
    -                     </button>
    -                   </h3>
    -                   <div
    -                     class="disclosure-content hidden stacked"
    -                     role="region"
    -                     id="disclosure-btn-controls-manageTestQueue-Manage Assistive Technology Versions"
    -                     aria-labelledby="disclosure-btn-manageTestQueue-Manage Assistive Technology Versions">
    -                     <div class="manage-disclosure-container">
    -                       <span
    -                         >Select an assistive technology and manage its versions
    -                         in the ARIA-AT App</span
    -                       >
    -                       <div class="disclosure-row-manage-ats">
    -                         <div class="ats-container form-group">
    -                           <label class="disclosure-form-label form-label"
    -                             >Assistive Technology</label
    -                           ><select class="form-select">
    -                             <option value="1">JAWS</option>
    -                             <option value="2">NVDA</option>
    -                             <option value="3">VoiceOver for macOS</option>
    -                           </select>
    -                         </div>
    -                         <div class="at-versions-container">
    -                           <div class="form-group">
    -                             <label class="disclosure-form-label form-label"
    -                               >Available Versions</label
    -                             ><select class="form-select">
    -                               <option value="1">2021.2111.13</option>
    -                             </select>
    -                           </div>
    -                           <div class="disclosure-buttons-row">
    -                             <button>Add a New Version</button
    -                             ><button>
    -                               <svg
    -                                 aria-hidden="true"
    -                                 focusable="false"
    -                                 data-prefix="fas"
    -                                 data-icon="pen-to-square"
    -                                 class="svg-inline--fa fa-pen-to-square"
    -                                 role="img"
    -                                 xmlns="http://www.w3.org/2000/svg"
    -                                 viewBox="0 0 512 512">
    -                                 <path
    -                                   fill="currentColor"
    -                                   d="M471.6 21.7c-21.9-21.9-57.3-21.9-79.2 0L362.3 51.7l97.9 97.9 30.1-30.1c21.9-21.9 21.9-57.3 0-79.2L471.6 21.7zm-299.2 220c-6.1 6.1-10.8 13.6-13.5 21.9l-29.6 88.8c-2.9 8.6-.6 18.1 5.8 24.6s15.9 8.7 24.6 5.8l88.8-29.6c8.2-2.7 15.7-7.4 21.9-13.5L437.7 172.3 339.7 74.3 172.4 241.7zM96 64C43 64 0 107 0 160V416c0 53 43 96 96 96H352c53 0 96-43 96-96V320c0-17.7-14.3-32-32-32s-32 14.3-32 32v96c0 17.7-14.3 32-32 32H96c-17.7 0-32-14.3-32-32V160c0-17.7 14.3-32 32-32h96c17.7 0 32-14.3 32-32s-14.3-32-32-32H96z"></path></svg
    -                               >Edit</button
    -                             ><button>
    -                               <svg
    -                                 aria-hidden="true"
    -                                 focusable="false"
    -                                 data-prefix="fas"
    -                                 data-icon="trash-can"
    -                                 class="svg-inline--fa fa-trash-can"
    -                                 role="img"
    -                                 xmlns="http://www.w3.org/2000/svg"
    -                                 viewBox="0 0 448 512">
    -                                 <path
    -                                   fill="currentColor"
    -                                   d="M135.2 17.7C140.6 6.8 151.7 0 163.8 0H284.2c12.1 0 23.2 6.8 28.6 17.7L320 32h96c17.7 0 32 14.3 32 32s-14.3 32-32 32H32C14.3 96 0 81.7 0 64S14.3 32 32 32h96l7.2-14.3zM32 128H416V448c0 35.3-28.7 64-64 64H96c-35.3 0-64-28.7-64-64V128zm96 64c-8.8 0-16 7.2-16 16V432c0 8.8 7.2 16 16 16s16-7.2 16-16V208c0-8.8-7.2-16-16-16zm96 0c-8.8 0-16 7.2-16 16V432c0 8.8 7.2 16 16 16s16-7.2 16-16V208c0-8.8-7.2-16-16-16zm96 0c-8.8 0-16 7.2-16 16V432c0 8.8 7.2 16 16 16s16-7.2 16-16V208c0-8.8-7.2-16-16-16z"></path></svg
    -                               >Remove
    -                             </button>
    -                           </div>
    -                         </div>
    -                       </div>
    -                     </div>
    -                   </div>
    -                   <h3 class="disclosure-heading">
    -                     <button
    -                       class="disclosure-button stacked"
    -                       id="disclosure-btn-manageTestQueue-Add Test Plans to the Test Queue"
    -                       type="button"
    -                       aria-expanded="false"
    -                       aria-controls="disclosure-btn-controls-manageTestQueue-Add Test Plans to the Test Queue">
    -                       Add Test Plans to the Test Queue<svg
    -                         aria-hidden="true"
    -                         focusable="false"
    -                         data-prefix="fas"
    -                         data-icon="chevron-down"
    -                         class="svg-inline--fa fa-chevron-down disclosure-icon"
    -                         role="img"
    -                         xmlns="http://www.w3.org/2000/svg"
    -                         viewBox="0 0 512 512">
    -                         <path
    -                           fill="currentColor"
    -                           d="M233.4 406.6c12.5 12.5 32.8 12.5 45.3 0l192-192c12.5-12.5 12.5-32.8 0-45.3s-32.8-12.5-45.3 0L256 338.7 86.6 169.4c-12.5-12.5-32.8-12.5-45.3 0s-12.5 32.8 0 45.3l192 192z"></path>
    -                       </svg>
    -                     </button>
    -                   </h3>
    -                   <div
    -                     class="disclosure-content hidden stacked"
    -                     role="region"
    -                     id="disclosure-btn-controls-manageTestQueue-Add Test Plans to the Test Queue"
    -                     aria-labelledby="disclosure-btn-manageTestQueue-Add Test Plans to the Test Queue">
    -                     <div class="manage-disclosure-container">
    -                       <span
    -                         >Select a test plan, assistive technology and browser to
    -                         add a new test plan report to the test queue.</span
    -                       >
    -                       <div class="disclosure-row-test-plans">
    -                         <div class="form-group">
    -                           <label class="disclosure-form-label form-label"
    -                             >Test Plan</label
    -                           ><select class="form-select">
    -                             <option value="89">
    -                               Action Menu Button Example Using
    -                               aria-activedescendant
    -                             </option>
    -                             <option value="1">Alert Example</option>
    -                             <option value="67">
    -                               Checkbox Example (Mixed-State)
    -                             </option>
    -                             <option value="85">Color Viewer Slider</option>
    -                             <option value="68">Command Button Example</option>
    -                             <option value="91">Modal Dialog Example</option>
    -                             <option value="7">
    -                               Select Only Combobox Example
    -                             </option>
    -                             <option value="31">Toggle Button</option>
    -                           </select>
    -                         </div>
    -                         <div class="form-group">
    -                           <label class="disclosure-form-label form-label"
    -                             >Test Plan Version</label
    -                           ><select aria-disabled="false" class="form-select">
    -                             <option value="89">
    -                               Feb 13, 2025 Menu button test plans: Change
    -                               priority of assertion stateCollapsed from 1 to 2
    -                               (pull #1196) (bac64bf)
    -                             </option>
    -                           </select>
    -                         </div>
    -                         <div></div>
    -                         <div class="form-group">
    -                           <label class="disclosure-form-label form-label"
    -                             >Assistive Technology</label
    -                           ><select class="form-select">
    -                             <option value="" disabled="">
    -                               Select an Assistive Technology
    -                             </option>
    -                             <option value="1">JAWS</option>
    -                             <option value="2">NVDA</option>
    -                             <option value="3">VoiceOver for macOS</option>
    -                           </select>
    -                         </div>
    -                         <div class="form-group">
    -                           <label class="disclosure-form-label form-label"
    -                             >Assistive Technology Version</label
    -                           >
    -                           <div class="form-group-at-version">
    -                             <div class="d-flex">
    -                               <label class="radio-box-label apply-checked-style"
    -                                 ><input
    -                                   type="radio"
    -                                   name="atVersion"
    -                                   class="radio-box-input"
    -                                   checked="" /><span style="position: relative"
    -                                   ><span
    -                                     style="
    -                                       position: absolute;
    -                                       font-weight: bold;
    -                                     "
    -                                     >Exact Version</span
    -                                   ><span
    -                                     aria-hidden="true"
    -                                     style="font-weight: bold; opacity: 0"
    -                                     >Exact Version</span
    -                                   ></span
    -                                 ></label
    -                               ><label class="radio-box-label"
    -                                 ><input
    -                                   type="radio"
    -                                   name="atVersion"
    -                                   class="radio-box-input" /><span
    -                                   style="position: relative"
    -                                   ><span
    -                                     style="
    -                                       position: absolute;
    -                                       font-weight: normal;
    -                                     "
    -                                     >Minimum Version</span
    -                                   ><span
    -                                     aria-hidden="true"
    -                                     style="font-weight: bold; opacity: 0"
    -                                     >Minimum Version</span
    -                                   ></span
    -                                 ></label
    -                               >
    -                             </div>
    -                             <select disabled="" class="form-select">
    -                               <option value="" disabled="">
    -                                 Select AT Version
    -                               </option>
    -                             </select>
    -                           </div>
    -                         </div>
    -                         <div class="form-group">
    -                           <label class="disclosure-form-label form-label"
    -                             >Browser</label
    -                           ><select disabled="" class="form-select">
    -                             <option value="" disabled="">
    -                               Select a Browser
    -                             </option>
    -                           </select>
    -                         </div>
    -                       </div>
    -                       <button
    -                         type="button"
    -                         disabled=""
    -                         data-testid="add-button"
    -                         class="w-auto btn btn-secondary">
    -                         Add to Test Queue
    -                       </button>
    -                       <div></div>
    -                       <div></div>
    -                     </div>
    -                   </div>
    -                 </div>
    -                 <h2 tabindex="-1" id="alert">Alert Example</h2>
    -                 <div class="disclosure-container test-plan-disclosure">
    -                   <h3 class="disclosure-heading">
    -                     <button
    -                       class="disclosure-button"
    -                       id="disclosure-btn-alert-0"
    -                       type="button"
    -                       aria-expanded="false"
    -                       aria-controls="disclosure-btn-controls-alert-0">
    -                       <span class="styled-pill"
    -                         ><span
    -                           ><svg
    -                             aria-hidden="true"
    -                             focusable="false"
    -                             data-prefix="fas"
    -                             data-icon="circle-check"
    -                             class="svg-inline--fa fa-circle-check check"
    -                             role="img"
    -                             xmlns="http://www.w3.org/2000/svg"
    -                             viewBox="0 0 512 512"
    -                             color="var(--positive-green)">
    -                             <path
    -                               fill="currentColor"
    -                               d="M256 512A256 256 0 1 0 256 0a256 256 0 1 0 0 512zM369 209L241 337c-9.4 9.4-24.6 9.4-33.9 0l-64-64c-9.4-9.4-9.4-24.6 0-33.9s24.6-9.4 33.9 0l47 47L335 175c9.4-9.4 24.6-9.4 33.9 0s9.4 24.6 0 33.9z"></path></svg
    -                           ><b>V22.04.14</b></span
    -                         ></span
    -                       >&nbsp;<span class="pill draft">Draft</span
    -                       ><svg
    -                         aria-hidden="true"
    -                         focusable="false"
    -                         data-prefix="fas"
    -                         data-icon="chevron-down"
    -                         class="svg-inline--fa fa-chevron-down disclosure-icon"
    -                         role="img"
    -                         xmlns="http://www.w3.org/2000/svg"
    -                         viewBox="0 0 512 512">
    -                         <path
    -                           fill="currentColor"
    -                           d="M233.4 406.6c12.5 12.5 32.8 12.5 45.3 0l192-192c12.5-12.5 12.5-32.8 0-45.3s-32.8-12.5-45.3 0L256 338.7 86.6 169.4c-12.5-12.5-32.8-12.5-45.3 0s-12.5 32.8 0 45.3l192 192z"></path>
    -                       </svg>
    -                     </button>
    -                   </h3>
    -                   <div
    -                     class="disclosure-content hidden"
    -                     role="region"
    -                     id="disclosure-btn-controls-alert-0"
    -                     aria-labelledby="disclosure-btn-alert-0">
    -                     <div class="metadata-container">
    -                       <a href="/test-review/1"
    -                         ><svg
    -                           aria-hidden="true"
    -                           focusable="false"
    -                           data-prefix="fas"
    -                           data-icon="arrow-up-right-from-square"
    -                           class="svg-inline--fa fa-arrow-up-right-from-square fa-xs dark-gray"
    -                           role="img"
    -                           xmlns="http://www.w3.org/2000/svg"
    -                           viewBox="0 0 512 512">
    -                           <path
    -                             fill="currentColor"
    -                             d="M320 0c-17.7 0-32 14.3-32 32s14.3 32 32 32h82.7L201.4 265.4c-12.5 12.5-12.5 32.8 0 45.3s32.8 12.5 45.3 0L448 109.3V192c0 17.7 14.3 32 32 32s32-14.3 32-32V32c0-17.7-14.3-32-32-32H320zM80 32C35.8 32 0 67.8 0 112V432c0 44.2 35.8 80 80 80H400c44.2 0 80-35.8 80-80V320c0-17.7-14.3-32-32-32s-32 14.3-32 32V432c0 8.8-7.2 16-16 16H80c-8.8 0-16-7.2-16-16V112c0-8.8 7.2-16 16-16H192c17.7 0 32-14.3 32-32s-14.3-32-32-32H80z"></path></svg
    -                         >View tests in V22.04.14</a
    -                       ><button
    -                         type="button"
    -                         class="test-plan-report-status-dialog-button btn btn-primary">
    -                         <span
    -                           ><span
    -                             class="report-status-dot reports-not-started"></span
    -                           >Required Reports <strong>Not Started</strong></span
    -                         >
    -                       </button>
    -                       <div></div>
    -                     </div>
    -                     <div class="table-responsive">
    -                       <table
    -                         aria-label="Reports for Alert Example V22.04.14 in draft phase"
    -                         class="test-queue table table-bordered">
    -                         <thead>
    -                           <tr>
    -                             <th>Assistive Technology</th>
    -                             <th>Browser</th>
    -                             <th>Testers</th>
    -                             <th>Status</th>
    -                             <th>Actions</th>
    -                           </tr>
    -                         </thead>
    -                         <tbody>
    -                           <tr>
    -                             <td>
    -                               <div class="version-container">
    -                                 VoiceOver for macOS&nbsp;<span
    -                                   >11.6 (20G165) or later</span
    -                                 >
    -                               </div>
    -                             </td>
    -                             <td>
    -                               <div class="version-container">
    -                                 Firefox&nbsp;<span>Any version</span>
    -                               </div>
    -                             </td>
    -                             <td>
    -                               <div class="assign-testers-container">
    -                                 <div id="assign-testers-7" class="dropdown">
    -                                   <button
    -                                     type="button"
    -                                     aria-expanded="false"
    -                                     class="assign-testers-dropdown-button dropdown-toggle btn btn-secondary">
    -                                     <span class="sr-only">Assign Testers</span
    -                                     ><svg
    -                                       aria-hidden="true"
    -                                       focusable="false"
    -                                       data-prefix="fas"
    -                                       data-icon="user"
    -                                       class="svg-inline--fa fa-user"
    -                                       role="img"
    -                                       xmlns="http://www.w3.org/2000/svg"
    -                                       viewBox="0 0 448 512">
    -                                       <path
    -                                         fill="currentColor"
    -                                         d="M224 256A128 128 0 1 0 224 0a128 128 0 1 0 0 256zm-45.7 48C79.8 304 0 383.8 0 482.3C0 498.7 13.3 512 29.7 512H418.3c16.4 0 29.7-13.3 29.7-29.7C448 383.8 368.2 304 269.7 304H178.3z"></path>
    -                                     </svg>
    -                                   </button>
    -                                 </div>
    -                                 <button type="button" class="btn btn-secondary">
    -                                   Assign Yourself
    -                                 </button>
    -                               </div>
    -                               <ul class="assign-testers-list"></ul>
    -                             </td>
    -                             <td>
    -                               <div class="status-container">
    -                                 <div class="progress">
    -                                   <div
    -                                     class="front"
    -                                     style="
    -                                       clip-path: inset(0px 0px 0px 0%);
    -                                     "></div>
    -                                   <div class="back"></div>
    -                                 </div>
    -                                 <span>No testers assigned</span>
    -                               </div>
    -                             </td>
    -                             <td>
    -                               <div class="actions-container">
    -                                 <button
    -                                   type="button"
    -                                   disabled=""
    -                                   class="btn btn-primary">
    -                                   Start Testing
    -                                 </button>
    -                                 <div class="dropdown">
    -                                   <button
    -                                     type="button"
    -                                     disabled=""
    -                                     aria-expanded="false"
    -                                     class="dropdown-toggle btn btn-secondary">
    -                                     <svg
    -                                       aria-hidden="true"
    -                                       focusable="false"
    -                                       data-prefix="fas"
    -                                       data-icon="file-import"
    -                                       class="svg-inline--fa fa-file-import"
    -                                       role="img"
    -                                       xmlns="http://www.w3.org/2000/svg"
    -                                       viewBox="0 0 512 512">
    -                                       <path
    -                                         fill="currentColor"
    -                                         d="M128 64c0-35.3 28.7-64 64-64H352V128c0 17.7 14.3 32 32 32H512V448c0 35.3-28.7 64-64 64H192c-35.3 0-64-28.7-64-64V336H302.1l-39 39c-9.4 9.4-9.4 24.6 0 33.9s24.6 9.4 33.9 0l80-80c9.4-9.4 9.4-24.6 0-33.9l-80-80c-9.4-9.4-24.6-9.4-33.9 0s-9.4 24.6 0 33.9l39 39H128V64zm0 224v48H24c-13.3 0-24-10.7-24-24s10.7-24 24-24H128zM512 128H384V0L512 128z"></path></svg
    -                                     >Open run as...
    -                                   </button>
    -                                 </div>
    -                                 <button
    -                                   type="button"
    -                                   disabled=""
    -                                   class="btn btn-secondary">
    -                                   <svg
    -                                     aria-hidden="true"
    -                                     focusable="false"
    -                                     data-prefix="fas"
    -                                     data-icon="square-check"
    -                                     class="svg-inline--fa fa-square-check"
    -                                     role="img"
    -                                     xmlns="http://www.w3.org/2000/svg"
    -                                     viewBox="0 0 448 512">
    -                                     <path
    -                                       fill="currentColor"
    -                                       d="M64 32C28.7 32 0 60.7 0 96V416c0 35.3 28.7 64 64 64H384c35.3 0 64-28.7 64-64V96c0-35.3-28.7-64-64-64H64zM337 209L209 337c-9.4 9.4-24.6 9.4-33.9 0l-64-64c-9.4-9.4-9.4-24.6 0-33.9s24.6-9.4 33.9 0l47 47L303 175c9.4-9.4 24.6-9.4 33.9 0s9.4 24.6 0 33.9z"></path></svg
    -                                   >Mark as Final</button
    -                                 ><button
    -                                   type="button"
    -                                   class="btn btn-secondary">
    -                                   <svg
    -                                     aria-hidden="true"
    -                                     focusable="false"
    -                                     data-prefix="fas"
    -                                     data-icon="trash-can"
    -                                     class="svg-inline--fa fa-trash-can"
    -                                     role="img"
    -                                     xmlns="http://www.w3.org/2000/svg"
    -                                     viewBox="0 0 448 512">
    -                                     <path
    -                                       fill="currentColor"
    -                                       d="M135.2 17.7C140.6 6.8 151.7 0 163.8 0H284.2c12.1 0 23.2 6.8 28.6 17.7L320 32h96c17.7 0 32 14.3 32 32s-14.3 32-32 32H32C14.3 96 0 81.7 0 64S14.3 32 32 32h96l7.2-14.3zM32 128H416V448c0 35.3-28.7 64-64 64H96c-35.3 0-64-28.7-64-64V128zm96 64c-8.8 0-16 7.2-16 16V432c0 8.8 7.2 16 16 16s16-7.2 16-16V208c0-8.8-7.2-16-16-16zm96 0c-8.8 0-16 7.2-16 16V432c0 8.8 7.2 16 16 16s16-7.2 16-16V208c0-8.8-7.2-16-16-16zm96 0c-8.8 0-16 7.2-16 16V432c0 8.8 7.2 16 16 16s16-7.2 16-16V208c0-8.8-7.2-16-16-16z"></path></svg
    -                                   >Delete Report
    -                                 </button>
    -                               </div>
    -                             </td>
    -                           </tr>
    -                         </tbody>
    -                       </table>
    -                     </div>
    -                   </div>
    -                 </div>
    -                 <h2 tabindex="-1" id="horizontal-slider">
    -                   Color Viewer Slider
    -                 </h2>
    -                 <div class="disclosure-container test-plan-disclosure">
    -                   <h3 class="disclosure-heading">
    -                     <button
    -                       class="disclosure-button"
    -                       id="disclosure-btn-horizontal-slider-0"
    -                       type="button"
    -                       aria-expanded="false"
    -                       aria-controls="disclosure-btn-controls-horizontal-slider-0">
    -                       <span class="styled-pill"
    -                         ><span
    -                           ><svg
    -                             aria-hidden="true"
    -                             focusable="false"
    -                             data-prefix="fas"
    -                             data-icon="circle-check"
    -                             class="svg-inline--fa fa-circle-check check"
    -                             role="img"
    -                             xmlns="http://www.w3.org/2000/svg"
    -                             viewBox="0 0 512 512"
    -                             color="var(--positive-green)">
    -                             <path
    -                               fill="currentColor"
    -                               d="M256 512A256 256 0 1 0 256 0a256 256 0 1 0 0 512zM369 209L241 337c-9.4 9.4-24.6 9.4-33.9 0l-64-64c-9.4-9.4-9.4-24.6 0-33.9s24.6-9.4 33.9 0l47 47L335 175c9.4-9.4 24.6-9.4 33.9 0s9.4 24.6 0 33.9z"></path></svg
    -                           ><b>V24.12.04</b></span
    -                         ></span
    -                       >&nbsp;<span class="pill draft">Draft</span
    -                       ><svg
    -                         aria-hidden="true"
    -                         focusable="false"
    -                         data-prefix="fas"
    -                         data-icon="chevron-down"
    -                         class="svg-inline--fa fa-chevron-down disclosure-icon"
    -                         role="img"
    -                         xmlns="http://www.w3.org/2000/svg"
    -                         viewBox="0 0 512 512">
    -                         <path
    -                           fill="currentColor"
    -                           d="M233.4 406.6c12.5 12.5 32.8 12.5 45.3 0l192-192c12.5-12.5 12.5-32.8 0-45.3s-32.8-12.5-45.3 0L256 338.7 86.6 169.4c-12.5-12.5-32.8-12.5-45.3 0s-12.5 32.8 0 45.3l192 192z"></path>
    -                       </svg>
    -                     </button>
    -                   </h3>
    -                   <div
    -                     class="disclosure-content hidden"
    -                     role="region"
    -                     id="disclosure-btn-controls-horizontal-slider-0"
    -                     aria-labelledby="disclosure-btn-horizontal-slider-0">
    -                     <div class="metadata-container">
    -                       <a href="/test-review/85"
    -                         ><svg
    -                           aria-hidden="true"
    -                           focusable="false"
    -                           data-prefix="fas"
    -                           data-icon="arrow-up-right-from-square"
    -                           class="svg-inline--fa fa-arrow-up-right-from-square fa-xs dark-gray"
    -                           role="img"
    -                           xmlns="http://www.w3.org/2000/svg"
    -                           viewBox="0 0 512 512">
    -                           <path
    -                             fill="currentColor"
    -                             d="M320 0c-17.7 0-32 14.3-32 32s14.3 32 32 32h82.7L201.4 265.4c-12.5 12.5-12.5 32.8 0 45.3s32.8 12.5 45.3 0L448 109.3V192c0 17.7 14.3 32 32 32s32-14.3 32-32V32c0-17.7-14.3-32-32-32H320zM80 32C35.8 32 0 67.8 0 112V432c0 44.2 35.8 80 80 80H400c44.2 0 80-35.8 80-80V320c0-17.7-14.3-32-32-32s-32 14.3-32 32V432c0 8.8-7.2 16-16 16H80c-8.8 0-16-7.2-16-16V112c0-8.8 7.2-16 16-16H192c17.7 0 32-14.3 32-32s-14.3-32-32-32H80z"></path></svg
    -                         >View tests in V24.12.04</a
    -                       ><button
    -                         type="button"
    -                         class="test-plan-report-status-dialog-button btn btn-primary">
    -                         <span
    -                           ><span
    -                             class="report-status-dot reports-missing"></span
    -                           >Some Required Reports <strong>Missing</strong></span
    -                         >
    -                       </button>
    -                       <div></div>
    -                     </div>
    -                     <div class="table-responsive">
    -                       <table
    -                         aria-label="Reports for Color Viewer Slider V24.12.04 in draft phase"
    -                         class="test-queue table table-bordered">
    -                         <thead>
    -                           <tr>
    -                             <th>Assistive Technology</th>
    -                             <th>Browser</th>
    -                             <th>Testers</th>
    -                             <th>Status</th>
    -                             <th>Actions</th>
    -                           </tr>
    -                         </thead>
    -                         <tbody>
    -                           <tr>
    -                             <td>
    -                               <div class="version-container">
    -                                 VoiceOver for macOS&nbsp;<span
    -                                   >11.6 (20G165) or later</span
    -                                 >
    -                               </div>
    -                             </td>
    -                             <td>
    -                               <div class="version-container">
    -                                 Safari&nbsp;<span>Any version</span>
    -                               </div>
    -                             </td>
    -                             <td>
    -                               <div class="assign-testers-container">
    -                                 <div id="assign-testers-27" class="dropdown">
    -                                   <button
    -                                     type="button"
    -                                     aria-expanded="false"
    -                                     class="assign-testers-dropdown-button dropdown-toggle btn btn-secondary">
    -                                     <span class="sr-only">Assign Testers</span
    -                                     ><svg
    -                                       aria-hidden="true"
    -                                       focusable="false"
    -                                       data-prefix="fas"
    -                                       data-icon="user"
    -                                       class="svg-inline--fa fa-user"
    -                                       role="img"
    -                                       xmlns="http://www.w3.org/2000/svg"
    -                                       viewBox="0 0 448 512">
    -                                       <path
    -                                         fill="currentColor"
    -                                         d="M224 256A128 128 0 1 0 224 0a128 128 0 1 0 0 256zm-45.7 48C79.8 304 0 383.8 0 482.3C0 498.7 13.3 512 29.7 512H418.3c16.4 0 29.7-13.3 29.7-29.7C448 383.8 368.2 304 269.7 304H178.3z"></path>
    -                                     </svg>
    -                                   </button>
    -                                 </div>
    -                                 <button type="button" class="btn btn-secondary">
    -                                   Assign Yourself
    -                                 </button>
    -                               </div>
    -                               <ul class="assign-testers-list">
    -                                 <li class="completion-status-list-item">
    -                                   <a
    -                                     href="https://github.com/esmeralda-baggins"
    -                                     target="_blank"
    -                                     rel="noopener noreferrer"
    -                                     >esmeralda-baggins</a
    -                                   ><em>0 of 9 tests complete</em>
    -                                 </li>
    -                               </ul>
    -                             </td>
    -                             <td>
    -                               <div class="status-container">
    -                                 <div class="progress">
    -                                   <div
    -                                     class="front"
    -                                     style="
    -                                       clip-path: inset(0px 0px 0px 0%);
    -                                     "></div>
    -                                   <div class="back"></div>
    -                                 </div>
    -                                 <span
    -                                   >0% complete by&nbsp;<a
    -                                     href="https://github.com/esmeralda-baggins"
    -                                     >esmeralda-baggins</a
    -                                   >&nbsp;</span
    -                                 >
    -                               </div>
    -                             </td>
    -                             <td>
    -                               <div class="actions-container">
    -                                 <button
    -                                   type="button"
    -                                   disabled=""
    -                                   class="btn btn-primary">
    -                                   Start Testing
    -                                 </button>
    -                                 <div class="dropdown">
    -                                   <button
    -                                     type="button"
    -                                     aria-expanded="false"
    -                                     class="dropdown-toggle btn btn-secondary">
    -                                     <svg
    -                                       aria-hidden="true"
    -                                       focusable="false"
    -                                       data-prefix="fas"
    -                                       data-icon="file-import"
    -                                       class="svg-inline--fa fa-file-import"
    -                                       role="img"
    -                                       xmlns="http://www.w3.org/2000/svg"
    -                                       viewBox="0 0 512 512">
    -                                       <path
    -                                         fill="currentColor"
    -                                         d="M128 64c0-35.3 28.7-64 64-64H352V128c0 17.7 14.3 32 32 32H512V448c0 35.3-28.7 64-64 64H192c-35.3 0-64-28.7-64-64V336H302.1l-39 39c-9.4 9.4-9.4 24.6 0 33.9s24.6 9.4 33.9 0l80-80c9.4-9.4 9.4-24.6 0-33.9l-80-80c-9.4-9.4-24.6-9.4-33.9 0s-9.4 24.6 0 33.9l39 39H128V64zm0 224v48H24c-13.3 0-24-10.7-24-24s10.7-24 24-24H128zM512 128H384V0L512 128z"></path></svg
    -                                     >Open run as...
    -                                   </button>
    -                                 </div>
    -                                 <button
    -                                   type="button"
    -                                   disabled=""
    -                                   class="btn btn-secondary">
    -                                   <svg
    -                                     aria-hidden="true"
    -                                     focusable="false"
    -                                     data-prefix="fas"
    -                                     data-icon="square-check"
    -                                     class="svg-inline--fa fa-square-check"
    -                                     role="img"
    -                                     xmlns="http://www.w3.org/2000/svg"
    -                                     viewBox="0 0 448 512">
    -                                     <path
    -                                       fill="currentColor"
    -                                       d="M64 32C28.7 32 0 60.7 0 96V416c0 35.3 28.7 64 64 64H384c35.3 0 64-28.7 64-64V96c0-35.3-28.7-64-64-64H64zM337 209L209 337c-9.4 9.4-24.6 9.4-33.9 0l-64-64c-9.4-9.4-9.4-24.6 0-33.9s24.6-9.4 33.9 0l47 47L303 175c9.4-9.4 24.6-9.4 33.9 0s9.4 24.6 0 33.9z"></path></svg
    -                                   >Mark as Final</button
    -                                 ><button
    -                                   type="button"
    -                                   class="btn btn-secondary">
    -                                   <svg
    -                                     aria-hidden="true"
    -                                     focusable="false"
    -                                     data-prefix="fas"
    -                                     data-icon="trash-can"
    -                                     class="svg-inline--fa fa-trash-can"
    -                                     role="img"
    -                                     xmlns="http://www.w3.org/2000/svg"
    -                                     viewBox="0 0 448 512">
    -                                     <path
    -                                       fill="currentColor"
    -                                       d="M135.2 17.7C140.6 6.8 151.7 0 163.8 0H284.2c12.1 0 23.2 6.8 28.6 17.7L320 32h96c17.7 0 32 14.3 32 32s-14.3 32-32 32H32C14.3 96 0 81.7 0 64S14.3 32 32 32h96l7.2-14.3zM32 128H416V448c0 35.3-28.7 64-64 64H96c-35.3 0-64-28.7-64-64V128zm96 64c-8.8 0-16 7.2-16 16V432c0 8.8 7.2 16 16 16s16-7.2 16-16V208c0-8.8-7.2-16-16-16zm96 0c-8.8 0-16 7.2-16 16V432c0 8.8 7.2 16 16 16s16-7.2 16-16V208c0-8.8-7.2-16-16-16zm96 0c-8.8 0-16 7.2-16 16V432c0 8.8 7.2 16 16 16s16-7.2 16-16V208c0-8.8-7.2-16-16-16z"></path></svg
    -                                   >Delete Report
    -                                 </button>
    -                               </div>
    -                             </td>
    -                           </tr>
    -                         </tbody>
    -                       </table>
    -                     </div>
    -                   </div>
    -                 </div>
    -                 <h2 tabindex="-1" id="modal-dialog">Modal Dialog Example</h2>
    -                 <div class="disclosure-container stacked test-plan-disclosure">
    -                   <h3 class="disclosure-heading">
    -                     <button
    -                       class="disclosure-button stacked"
    -                       id="disclosure-btn-modal-dialog-0"
    -                       type="button"
    -                       aria-expanded="false"
    -                       aria-controls="disclosure-btn-controls-modal-dialog-0">
    -                       <span class="styled-pill"
    -                         ><span
    -                           ><svg
    -                             aria-hidden="true"
    -                             focusable="false"
    -                             data-prefix="fas"
    -                             data-icon="circle-check"
    -                             class="svg-inline--fa fa-circle-check check"
    -                             role="img"
    -                             xmlns="http://www.w3.org/2000/svg"
    -                             viewBox="0 0 512 512"
    -                             color="var(--positive-green)">
    -                             <path
    -                               fill="currentColor"
    -                               d="M256 512A256 256 0 1 0 256 0a256 256 0 1 0 0 512zM369 209L241 337c-9.4 9.4-24.6 9.4-33.9 0l-64-64c-9.4-9.4-9.4-24.6 0-33.9s24.6-9.4 33.9 0l47 47L335 175c9.4-9.4 24.6-9.4 33.9 0s9.4 24.6 0 33.9z"></path></svg
    -                           ><b>V24.06.07</b></span
    -                         ></span
    -                       >&nbsp;<span class="pill draft">Draft</span
    -                       ><svg
    -                         aria-hidden="true"
    -                         focusable="false"
    -                         data-prefix="fas"
    -                         data-icon="chevron-down"
    -                         class="svg-inline--fa fa-chevron-down disclosure-icon"
    -                         role="img"
    -                         xmlns="http://www.w3.org/2000/svg"
    -                         viewBox="0 0 512 512">
    -                         <path
    -                           fill="currentColor"
    -                           d="M233.4 406.6c12.5 12.5 32.8 12.5 45.3 0l192-192c12.5-12.5 12.5-32.8 0-45.3s-32.8-12.5-45.3 0L256 338.7 86.6 169.4c-12.5-12.5-32.8-12.5-45.3 0s-12.5 32.8 0 45.3l192 192z"></path>
    -                       </svg>
    -                     </button>
    -                   </h3>
    -                   <div
    -                     class="disclosure-content hidden stacked"
    -                     role="region"
    -                     id="disclosure-btn-controls-modal-dialog-0"
    -                     aria-labelledby="disclosure-btn-modal-dialog-0">
    -                     <div class="metadata-container">
    -                       <a href="/test-review/91"
    -                         ><svg
    -                           aria-hidden="true"
    -                           focusable="false"
    -                           data-prefix="fas"
    -                           data-icon="arrow-up-right-from-square"
    -                           class="svg-inline--fa fa-arrow-up-right-from-square fa-xs dark-gray"
    -                           role="img"
    -                           xmlns="http://www.w3.org/2000/svg"
    -                           viewBox="0 0 512 512">
    -                           <path
    -                             fill="currentColor"
    -                             d="M320 0c-17.7 0-32 14.3-32 32s14.3 32 32 32h82.7L201.4 265.4c-12.5 12.5-12.5 32.8 0 45.3s32.8 12.5 45.3 0L448 109.3V192c0 17.7 14.3 32 32 32s32-14.3 32-32V32c0-17.7-14.3-32-32-32H320zM80 32C35.8 32 0 67.8 0 112V432c0 44.2 35.8 80 80 80H400c44.2 0 80-35.8 80-80V320c0-17.7-14.3-32-32-32s-32 14.3-32 32V432c0 8.8-7.2 16-16 16H80c-8.8 0-16-7.2-16-16V112c0-8.8 7.2-16 16-16H192c17.7 0 32-14.3 32-32s-14.3-32-32-32H80z"></path></svg
    -                         >View tests in V24.06.07</a
    -                       ><button
    -                         type="button"
    -                         class="test-plan-report-status-dialog-button btn btn-primary">
    -                         <span
    -                           ><span
    -                             class="report-status-dot reports-missing"></span
    -                           >Some Required Reports <strong>Missing</strong></span
    -                         >
    -                       </button>
    -                       <div></div>
    -                     </div>
    -                     <div class="table-responsive">
    -                       <table
    -                         aria-label="Reports for Modal Dialog Example V24.06.07 in draft phase"
    -                         class="test-queue table table-bordered">
    -                         <thead>
    -                           <tr>
    -                             <th>Assistive Technology</th>
    -                             <th>Browser</th>
    -                             <th>Testers</th>
    -                             <th>Status</th>
    -                             <th>Actions</th>
    -                           </tr>
    -                         </thead>
    -                         <tbody>
    -                           <tr>
    -                             <td>
    -                               <div class="version-container">
    -                                 NVDA&nbsp;<span>2020.4 or later</span>
    -                               </div>
    -                             </td>
    -                             <td>
    -                               <div class="version-container">
    -                                 Chrome&nbsp;<span>Any version</span>
    -                               </div>
    -                             </td>
    -                             <td>
    -                               <div class="assign-testers-container">
    -                                 <div id="assign-testers-19" class="dropdown">
    -                                   <button
    -                                     type="button"
    -                                     aria-expanded="false"
    -                                     class="assign-testers-dropdown-button dropdown-toggle btn btn-secondary">
    -                                     <span class="sr-only">Assign Testers</span
    -                                     ><svg
    -                                       aria-hidden="true"
    -                                       focusable="false"
    -                                       data-prefix="fas"
    -                                       data-icon="user"
    -                                       class="svg-inline--fa fa-user"
    -                                       role="img"
    -                                       xmlns="http://www.w3.org/2000/svg"
    -                                       viewBox="0 0 448 512">
    -                                       <path
    -                                         fill="currentColor"
    -                                         d="M224 256A128 128 0 1 0 224 0a128 128 0 1 0 0 256zm-45.7 48C79.8 304 0 383.8 0 482.3C0 498.7 13.3 512 29.7 512H418.3c16.4 0 29.7-13.3 29.7-29.7C448 383.8 368.2 304 269.7 304H178.3z"></path>
    -                                     </svg>
    -                                   </button>
    -                                 </div>
    -                                 <button type="button" class="btn btn-secondary">
    -                                   Assign Yourself
    -                                 </button>
    -                               </div>
    -                               <ul class="assign-testers-list">
    -                                 <li class="completion-status-list-item">
    -                                   <a
    -                                     href="https://github.com/esmeralda-baggins"
    -                                     target="_blank"
    -                                     rel="noopener noreferrer"
    -                                     >esmeralda-baggins</a
    -                                   ><em>12 of 12 tests complete</em>
    -                                 </li>
    -                               </ul>
    -                             </td>
    -                             <td>
    -                               <div class="status-container">
    -                                 <div class="progress">
    -                                   <div
    -                                     class="front"
    -                                     style="
    -                                       clip-path: inset(0px 0px 0px 100%);
    -                                     "></div>
    -                                   <div class="back"></div>
    -                                 </div>
    -                                 <span
    -                                   >100% complete by&nbsp;<a
    -                                     href="https://github.com/esmeralda-baggins"
    -                                     >esmeralda-baggins</a
    -                                   >&nbsp;</span
    -                                 >
    -                               </div>
    -                             </td>
    -                             <td>
    -                               <div class="actions-container">
    -                                 <button
    -                                   type="button"
    -                                   disabled=""
    -                                   class="btn btn-primary">
    -                                   Start Testing
    -                                 </button>
    -                                 <div class="dropdown">
    -                                   <button
    -                                     type="button"
    -                                     aria-expanded="false"
    -                                     class="dropdown-toggle btn btn-secondary">
    -                                     <svg
    -                                       aria-hidden="true"
    -                                       focusable="false"
    -                                       data-prefix="fas"
    -                                       data-icon="file-import"
    -                                       class="svg-inline--fa fa-file-import"
    -                                       role="img"
    -                                       xmlns="http://www.w3.org/2000/svg"
    -                                       viewBox="0 0 512 512">
    -                                       <path
    -                                         fill="currentColor"
    -                                         d="M128 64c0-35.3 28.7-64 64-64H352V128c0 17.7 14.3 32 32 32H512V448c0 35.3-28.7 64-64 64H192c-35.3 0-64-28.7-64-64V336H302.1l-39 39c-9.4 9.4-9.4 24.6 0 33.9s24.6 9.4 33.9 0l80-80c9.4-9.4 9.4-24.6 0-33.9l-80-80c-9.4-9.4-24.6-9.4-33.9 0s-9.4 24.6 0 33.9l39 39H128V64zm0 224v48H24c-13.3 0-24-10.7-24-24s10.7-24 24-24H128zM512 128H384V0L512 128z"></path></svg
    -                                     >Open run as...
    -                                   </button>
    -                                 </div>
    -                                 <button type="button" class="btn btn-secondary">
    -                                   <svg
    -                                     aria-hidden="true"
    -                                     focusable="false"
    -                                     data-prefix="fas"
    -                                     data-icon="square-check"
    -                                     class="svg-inline--fa fa-square-check"
    -                                     role="img"
    -                                     xmlns="http://www.w3.org/2000/svg"
    -                                     viewBox="0 0 448 512">
    -                                     <path
    -                                       fill="currentColor"
    -                                       d="M64 32C28.7 32 0 60.7 0 96V416c0 35.3 28.7 64 64 64H384c35.3 0 64-28.7 64-64V96c0-35.3-28.7-64-64-64H64zM337 209L209 337c-9.4 9.4-24.6 9.4-33.9 0l-64-64c-9.4-9.4-9.4-24.6 0-33.9s24.6-9.4 33.9 0l47 47L303 175c9.4-9.4 24.6-9.4 33.9 0s9.4 24.6 0 33.9z"></path></svg
    -                                   >Mark as Final</button
    -                                 ><button
    -                                   type="button"
    -                                   class="btn btn-secondary">
    -                                   <svg
    -                                     aria-hidden="true"
    -                                     focusable="false"
    -                                     data-prefix="fas"
    -                                     data-icon="trash-can"
    -                                     class="svg-inline--fa fa-trash-can"
    -                                     role="img"
    -                                     xmlns="http://www.w3.org/2000/svg"
    -                                     viewBox="0 0 448 512">
    -                                     <path
    -                                       fill="currentColor"
    -                                       d="M135.2 17.7C140.6 6.8 151.7 0 163.8 0H284.2c12.1 0 23.2 6.8 28.6 17.7L320 32h96c17.7 0 32 14.3 32 32s-14.3 32-32 32H32C14.3 96 0 81.7 0 64S14.3 32 32 32h96l7.2-14.3zM32 128H416V448c0 35.3-28.7 64-64 64H96c-35.3 0-64-28.7-64-64V128zm96 64c-8.8 0-16 7.2-16 16V432c0 8.8 7.2 16 16 16s16-7.2 16-16V208c0-8.8-7.2-16-16-16zm96 0c-8.8 0-16 7.2-16 16V432c0 8.8 7.2 16 16 16s16-7.2 16-16V208c0-8.8-7.2-16-16-16zm96 0c-8.8 0-16 7.2-16 16V432c0 8.8 7.2 16 16 16s16-7.2 16-16V208c0-8.8-7.2-16-16-16z"></path></svg
    -                                   >Delete Report
    -                                 </button>
    -                               </div>
    -                             </td>
    -                           </tr>
    -                         </tbody>
    -                       </table>
    -                     </div>
    -                   </div>
    -                   <h3 class="disclosure-heading">
    -                     <button
    -                       class="disclosure-button stacked"
    -                       id="disclosure-btn-modal-dialog-1"
    -                       type="button"
    -                       aria-expanded="false"
    -                       aria-controls="disclosure-btn-controls-modal-dialog-1">
    -                       <span class="styled-pill"
    -                         ><span
    -                           ><svg
    -                             aria-hidden="true"
    -                             focusable="false"
    -                             data-prefix="fas"
    -                             data-icon="circle-check"
    -                             class="svg-inline--fa fa-circle-check check"
    -                             role="img"
    -                             xmlns="http://www.w3.org/2000/svg"
    -                             viewBox="0 0 512 512"
    -                             color="var(--positive-green)">
    -                             <path
    -                               fill="currentColor"
    -                               d="M256 512A256 256 0 1 0 256 0a256 256 0 1 0 0 512zM369 209L241 337c-9.4 9.4-24.6 9.4-33.9 0l-64-64c-9.4-9.4-9.4-24.6 0-33.9s24.6-9.4 33.9 0l47 47L335 175c9.4-9.4 24.6-9.4 33.9 0s9.4 24.6 0 33.9z"></path></svg
    -                           ><b>V22.05.26</b></span
    -                         ></span
    -                       >&nbsp;<span class="pill candidate">Candidate</span
    -                       ><svg
    -                         aria-hidden="true"
    -                         focusable="false"
    -                         data-prefix="fas"
    -                         data-icon="chevron-down"
    -                         class="svg-inline--fa fa-chevron-down disclosure-icon"
    -                         role="img"
    -                         xmlns="http://www.w3.org/2000/svg"
    -                         viewBox="0 0 512 512">
    -                         <path
    -                           fill="currentColor"
    -                           d="M233.4 406.6c12.5 12.5 32.8 12.5 45.3 0l192-192c12.5-12.5 12.5-32.8 0-45.3s-32.8-12.5-45.3 0L256 338.7 86.6 169.4c-12.5-12.5-32.8-12.5-45.3 0s-12.5 32.8 0 45.3l192 192z"></path>
    -                       </svg>
    -                     </button>
    -                   </h3>
    -                   <div
    -                     class="disclosure-content hidden stacked"
    -                     role="region"
    -                     id="disclosure-btn-controls-modal-dialog-1"
    -                     aria-labelledby="disclosure-btn-modal-dialog-1">
    -                     <div class="metadata-container">
    -                       <a href="/test-review/24"
    -                         ><svg
    -                           aria-hidden="true"
    -                           focusable="false"
    -                           data-prefix="fas"
    -                           data-icon="arrow-up-right-from-square"
    -                           class="svg-inline--fa fa-arrow-up-right-from-square fa-xs dark-gray"
    -                           role="img"
    -                           xmlns="http://www.w3.org/2000/svg"
    -                           viewBox="0 0 512 512">
    -                           <path
    -                             fill="currentColor"
    -                             d="M320 0c-17.7 0-32 14.3-32 32s14.3 32 32 32h82.7L201.4 265.4c-12.5 12.5-12.5 32.8 0 45.3s32.8 12.5 45.3 0L448 109.3V192c0 17.7 14.3 32 32 32s32-14.3 32-32V32c0-17.7-14.3-32-32-32H320zM80 32C35.8 32 0 67.8 0 112V432c0 44.2 35.8 80 80 80H400c44.2 0 80-35.8 80-80V320c0-17.7-14.3-32-32-32s-32 14.3-32 32V432c0 8.8-7.2 16-16 16H80c-8.8 0-16-7.2-16-16V112c0-8.8 7.2-16 16-16H192c17.7 0 32-14.3 32-32s-14.3-32-32-32H80z"></path></svg
    -                         >View tests in V22.05.26</a
    -                       ><button
    -                         type="button"
    -                         class="test-plan-report-status-dialog-button btn btn-primary">
    -                         <span
    -                           ><span
    -                             class="report-status-dot reports-complete"></span
    -                           >Required Reports <strong>Complete</strong></span
    -                         >
    -                       </button>
    -                       <div></div>
    -                     </div>
    -                     <div class="table-responsive">
    -                       <table
    -                         aria-label="Reports for Modal Dialog Example V22.05.26 in candidate phase"
    -                         class="test-queue table table-bordered">
    -                         <thead>
    -                           <tr>
    -                             <th>Assistive Technology</th>
    -                             <th>Browser</th>
    -                             <th>Testers</th>
    -                             <th>Status</th>
    -                             <th>Actions</th>
    -                           </tr>
    -                         </thead>
    -                         <tbody>
    -                           <tr>
    -                             <td>
    -                               <div class="version-container">
    -                                 JAWS&nbsp;<span>2021.2111.13 or later</span>
    -                               </div>
    -                             </td>
    -                             <td>
    -                               <div class="version-container">
    -                                 Firefox&nbsp;<span>Any version</span>
    -                               </div>
    -                             </td>
    -                             <td>
    -                               <div class="assign-testers-container">
    -                                 <div id="assign-testers-8" class="dropdown">
    -                                   <button
    -                                     type="button"
    -                                     aria-expanded="false"
    -                                     class="assign-testers-dropdown-button dropdown-toggle btn btn-secondary">
    -                                     <span class="sr-only">Assign Testers</span
    -                                     ><svg
    -                                       aria-hidden="true"
    -                                       focusable="false"
    -                                       data-prefix="fas"
    -                                       data-icon="user"
    -                                       class="svg-inline--fa fa-user"
    -                                       role="img"
    -                                       xmlns="http://www.w3.org/2000/svg"
    -                                       viewBox="0 0 448 512">
    -                                       <path
    -                                         fill="currentColor"
    -                                         d="M224 256A128 128 0 1 0 224 0a128 128 0 1 0 0 256zm-45.7 48C79.8 304 0 383.8 0 482.3C0 498.7 13.3 512 29.7 512H418.3c16.4 0 29.7-13.3 29.7-29.7C448 383.8 368.2 304 269.7 304H178.3z"></path>
    -                                     </svg>
    -                                   </button>
    -                                 </div>
    -                                 <button type="button" class="btn btn-secondary">
    -                                   Assign Yourself
    -                                 </button>
    -                               </div>
    -                               <ul class="assign-testers-list">
    -                                 <li class="completion-status-list-item">
    -                                   <a
    -                                     href="https://github.com/esmeralda-baggins"
    -                                     target="_blank"
    -                                     rel="noopener noreferrer"
    -                                     >esmeralda-baggins</a
    -                                   ><em>18 of 18 tests complete</em>
    -                                 </li>
    -                               </ul>
    -                             </td>
    -                             <td>
    -                               <div class="status-container">
    -                                 <div class="progress">
    -                                   <div
    -                                     class="front"
    -                                     style="
    -                                       clip-path: inset(0px 0px 0px 100%);
    -                                     "></div>
    -                                   <div class="back"></div>
    -                                 </div>
    -                                 <span
    -                                   >100% complete by&nbsp;<a
    -                                     href="https://github.com/esmeralda-baggins"
    -                                     >esmeralda-baggins</a
    -                                   >&nbsp;</span
    -                                 >
    -                               </div>
    -                             </td>
    -                             <td>
    -                               <div class="actions-container">
    -                                 <button
    -                                   type="button"
    -                                   disabled=""
    -                                   class="btn btn-primary">
    -                                   Start Testing
    -                                 </button>
    -                                 <div class="dropdown">
    -                                   <button
    -                                     type="button"
    -                                     aria-expanded="false"
    -                                     class="dropdown-toggle btn btn-secondary">
    -                                     <svg
    -                                       aria-hidden="true"
    -                                       focusable="false"
    -                                       data-prefix="fas"
    -                                       data-icon="file-import"
    -                                       class="svg-inline--fa fa-file-import"
    -                                       role="img"
    -                                       xmlns="http://www.w3.org/2000/svg"
    -                                       viewBox="0 0 512 512">
    -                                       <path
    -                                         fill="currentColor"
    -                                         d="M128 64c0-35.3 28.7-64 64-64H352V128c0 17.7 14.3 32 32 32H512V448c0 35.3-28.7 64-64 64H192c-35.3 0-64-28.7-64-64V336H302.1l-39 39c-9.4 9.4-9.4 24.6 0 33.9s24.6 9.4 33.9 0l80-80c9.4-9.4 9.4-24.6 0-33.9l-80-80c-9.4-9.4-24.6-9.4-33.9 0s-9.4 24.6 0 33.9l39 39H128V64zm0 224v48H24c-13.3 0-24-10.7-24-24s10.7-24 24-24H128zM512 128H384V0L512 128z"></path></svg
    -                                     >Open run as...
    -                                   </button>
    -                                 </div>
    -                                 <button type="button" class="btn btn-secondary">
    -                                   <svg
    -                                     aria-hidden="true"
    -                                     focusable="false"
    -                                     data-prefix="fas"
    -                                     data-icon="square-check"
    -                                     class="svg-inline--fa fa-square-check"
    -                                     role="img"
    -                                     xmlns="http://www.w3.org/2000/svg"
    -                                     viewBox="0 0 448 512">
    -                                     <path
    -                                       fill="currentColor"
    -                                       d="M64 32C28.7 32 0 60.7 0 96V416c0 35.3 28.7 64 64 64H384c35.3 0 64-28.7 64-64V96c0-35.3-28.7-64-64-64H64zM337 209L209 337c-9.4 9.4-24.6 9.4-33.9 0l-64-64c-9.4-9.4-9.4-24.6 0-33.9s24.6-9.4 33.9 0l47 47L303 175c9.4-9.4 24.6-9.4 33.9 0s9.4 24.6 0 33.9z"></path></svg
    -                                   >Mark as Final</button
    -                                 ><button
    -                                   type="button"
    -                                   class="btn btn-secondary">
    -                                   <svg
    -                                     aria-hidden="true"
    -                                     focusable="false"
    -                                     data-prefix="fas"
    -                                     data-icon="trash-can"
    -                                     class="svg-inline--fa fa-trash-can"
    -                                     role="img"
    -                                     xmlns="http://www.w3.org/2000/svg"
    -                                     viewBox="0 0 448 512">
    -                                     <path
    -                                       fill="currentColor"
    -                                       d="M135.2 17.7C140.6 6.8 151.7 0 163.8 0H284.2c12.1 0 23.2 6.8 28.6 17.7L320 32h96c17.7 0 32 14.3 32 32s-14.3 32-32 32H32C14.3 96 0 81.7 0 64S14.3 32 32 32h96l7.2-14.3zM32 128H416V448c0 35.3-28.7 64-64 64H96c-35.3 0-64-28.7-64-64V128zm96 64c-8.8 0-16 7.2-16 16V432c0 8.8 7.2 16 16 16s16-7.2 16-16V208c0-8.8-7.2-16-16-16zm96 0c-8.8 0-16 7.2-16 16V432c0 8.8 7.2 16 16 16s16-7.2 16-16V208c0-8.8-7.2-16-16-16zm96 0c-8.8 0-16 7.2-16 16V432c0 8.8 7.2 16 16 16s16-7.2 16-16V208c0-8.8-7.2-16-16-16z"></path></svg
    -                                   >Delete Report
    -                                 </button>
    -                               </div>
    -                             </td>
    -                           </tr>
    -                           <tr>
    -                             <td>
    -                               <div class="version-container">
    -                                 NVDA&nbsp;<span>2020.4 or later</span>
    -                               </div>
    -                             </td>
    -                             <td>
    -                               <div class="version-container">
    -                                 Firefox&nbsp;<span>Any version</span>
    -                               </div>
    -                             </td>
    -                             <td>
    -                               <div class="assign-testers-container">
    -                                 <div id="assign-testers-9" class="dropdown">
    -                                   <button
    -                                     type="button"
    -                                     aria-expanded="false"
    -                                     class="assign-testers-dropdown-button dropdown-toggle btn btn-secondary">
    -                                     <span class="sr-only">Assign Testers</span
    -                                     ><svg
    -                                       aria-hidden="true"
    -                                       focusable="false"
    -                                       data-prefix="fas"
    -                                       data-icon="user"
    -                                       class="svg-inline--fa fa-user"
    -                                       role="img"
    -                                       xmlns="http://www.w3.org/2000/svg"
    -                                       viewBox="0 0 448 512">
    -                                       <path
    -                                         fill="currentColor"
    -                                         d="M224 256A128 128 0 1 0 224 0a128 128 0 1 0 0 256zm-45.7 48C79.8 304 0 383.8 0 482.3C0 498.7 13.3 512 29.7 512H418.3c16.4 0 29.7-13.3 29.7-29.7C448 383.8 368.2 304 269.7 304H178.3z"></path>
    -                                     </svg>
    -                                   </button>
    -                                 </div>
    -                                 <button type="button" class="btn btn-secondary">
    -                                   Assign Yourself
    -                                 </button>
    -                               </div>
    -                               <ul class="assign-testers-list">
    -                                 <li class="completion-status-list-item">
    -                                   <a
    -                                     href="https://github.com/esmeralda-baggins"
    -                                     target="_blank"
    -                                     rel="noopener noreferrer"
    -                                     >esmeralda-baggins</a
    -                                   ><em>18 of 18 tests complete</em>
    -                                 </li>
    -                               </ul>
    -                             </td>
    -                             <td>
    -                               <div class="status-container">
    -                                 <div class="progress">
    -                                   <div
    -                                     class="front"
    -                                     style="
    -                                       clip-path: inset(0px 0px 0px 100%);
    -                                     "></div>
    -                                   <div class="back"></div>
    -                                 </div>
    -                                 <span
    -                                   >100% complete by&nbsp;<a
    -                                     href="https://github.com/esmeralda-baggins"
    -                                     >esmeralda-baggins</a
    -                                   >&nbsp;</span
    -                                 >
    -                               </div>
    -                             </td>
    -                             <td>
    -                               <div class="actions-container">
    -                                 <button
    -                                   type="button"
    -                                   disabled=""
    -                                   class="btn btn-primary">
    -                                   Start Testing
    -                                 </button>
    -                                 <div class="dropdown">
    -                                   <button
    -                                     type="button"
    -                                     aria-expanded="false"
    -                                     class="dropdown-toggle btn btn-secondary">
    -                                     <svg
    -                                       aria-hidden="true"
    -                                       focusable="false"
    -                                       data-prefix="fas"
    -                                       data-icon="file-import"
    -                                       class="svg-inline--fa fa-file-import"
    -                                       role="img"
    -                                       xmlns="http://www.w3.org/2000/svg"
    -                                       viewBox="0 0 512 512">
    -                                       <path
    -                                         fill="currentColor"
    -                                         d="M128 64c0-35.3 28.7-64 64-64H352V128c0 17.7 14.3 32 32 32H512V448c0 35.3-28.7 64-64 64H192c-35.3 0-64-28.7-64-64V336H302.1l-39 39c-9.4 9.4-9.4 24.6 0 33.9s24.6 9.4 33.9 0l80-80c9.4-9.4 9.4-24.6 0-33.9l-80-80c-9.4-9.4-24.6-9.4-33.9 0s-9.4 24.6 0 33.9l39 39H128V64zm0 224v48H24c-13.3 0-24-10.7-24-24s10.7-24 24-24H128zM512 128H384V0L512 128z"></path></svg
    -                                     >Open run as...
    -                                   </button>
    -                                 </div>
    -                                 <button type="button" class="btn btn-secondary">
    -                                   <svg
    -                                     aria-hidden="true"
    -                                     focusable="false"
    -                                     data-prefix="fas"
    -                                     data-icon="square-check"
    -                                     class="svg-inline--fa fa-square-check"
    -                                     role="img"
    -                                     xmlns="http://www.w3.org/2000/svg"
    -                                     viewBox="0 0 448 512">
    -                                     <path
    -                                       fill="currentColor"
    -                                       d="M64 32C28.7 32 0 60.7 0 96V416c0 35.3 28.7 64 64 64H384c35.3 0 64-28.7 64-64V96c0-35.3-28.7-64-64-64H64zM337 209L209 337c-9.4 9.4-24.6 9.4-33.9 0l-64-64c-9.4-9.4-9.4-24.6 0-33.9s24.6-9.4 33.9 0l47 47L303 175c9.4-9.4 24.6-9.4 33.9 0s9.4 24.6 0 33.9z"></path></svg
    -                                   >Mark as Final</button
    -                                 ><button
    -                                   type="button"
    -                                   class="btn btn-secondary">
    -                                   <svg
    -                                     aria-hidden="true"
    -                                     focusable="false"
    -                                     data-prefix="fas"
    -                                     data-icon="trash-can"
    -                                     class="svg-inline--fa fa-trash-can"
    -                                     role="img"
    -                                     xmlns="http://www.w3.org/2000/svg"
    -                                     viewBox="0 0 448 512">
    -                                     <path
    -                                       fill="currentColor"
    -                                       d="M135.2 17.7C140.6 6.8 151.7 0 163.8 0H284.2c12.1 0 23.2 6.8 28.6 17.7L320 32h96c17.7 0 32 14.3 32 32s-14.3 32-32 32H32C14.3 96 0 81.7 0 64S14.3 32 32 32h96l7.2-14.3zM32 128H416V448c0 35.3-28.7 64-64 64H96c-35.3 0-64-28.7-64-64V128zm96 64c-8.8 0-16 7.2-16 16V432c0 8.8 7.2 16 16 16s16-7.2 16-16V208c0-8.8-7.2-16-16-16zm96 0c-8.8 0-16 7.2-16 16V432c0 8.8 7.2 16 16 16s16-7.2 16-16V208c0-8.8-7.2-16-16-16zm96 0c-8.8 0-16 7.2-16 16V432c0 8.8 7.2 16 16 16s16-7.2 16-16V208c0-8.8-7.2-16-16-16z"></path></svg
    -                                   >Delete Report
    -                                 </button>
    -                               </div>
    -                             </td>
    -                           </tr>
    -                           <tr>
    -                             <td>
    -                               <div class="version-container">
    -                                 VoiceOver for macOS&nbsp;<span
    -                                   >11.6 (20G165) or later</span
    -                                 >
    -                               </div>
    -                             </td>
    -                             <td>
    -                               <div class="version-container">
    -                                 Chrome&nbsp;<span>Any version</span>
    -                               </div>
    -                             </td>
    -                             <td>
    -                               <div class="assign-testers-container">
    -                                 <div id="assign-testers-11" class="dropdown">
    -                                   <button
    -                                     type="button"
    -                                     aria-expanded="false"
    -                                     class="assign-testers-dropdown-button dropdown-toggle btn btn-secondary">
    -                                     <span class="sr-only">Assign Testers</span
    -                                     ><svg
    -                                       aria-hidden="true"
    -                                       focusable="false"
    -                                       data-prefix="fas"
    -                                       data-icon="user"
    -                                       class="svg-inline--fa fa-user"
    -                                       role="img"
    -                                       xmlns="http://www.w3.org/2000/svg"
    -                                       viewBox="0 0 448 512">
    -                                       <path
    -                                         fill="currentColor"
    -                                         d="M224 256A128 128 0 1 0 224 0a128 128 0 1 0 0 256zm-45.7 48C79.8 304 0 383.8 0 482.3C0 498.7 13.3 512 29.7 512H418.3c16.4 0 29.7-13.3 29.7-29.7C448 383.8 368.2 304 269.7 304H178.3z"></path>
    -                                     </svg>
    -                                   </button>
    -                                 </div>
    -                                 <button type="button" class="btn btn-secondary">
    -                                   Assign Yourself
    -                                 </button>
    -                               </div>
    -                               <ul class="assign-testers-list">
    -                                 <li class="completion-status-list-item">
    -                                   <a
    -                                     href="https://github.com/esmeralda-baggins"
    -                                     target="_blank"
    -                                     rel="noopener noreferrer"
    -                                     >esmeralda-baggins</a
    -                                   ><em>11 of 11 tests complete</em>
    -                                 </li>
    -                               </ul>
    -                             </td>
    -                             <td>
    -                               <div class="status-container">
    -                                 <div class="progress">
    -                                   <div
    -                                     class="front"
    -                                     style="
    -                                       clip-path: inset(0px 0px 0px 100%);
    -                                     "></div>
    -                                   <div class="back"></div>
    -                                 </div>
    -                                 <span
    -                                   >100% complete by&nbsp;<a
    -                                     href="https://github.com/esmeralda-baggins"
    -                                     >esmeralda-baggins</a
    -                                   >&nbsp;</span
    -                                 >
    -                               </div>
    -                             </td>
    -                             <td>
    -                               <div class="actions-container">
    -                                 <button
    -                                   type="button"
    -                                   disabled=""
    -                                   class="btn btn-primary">
    -                                   Start Testing
    -                                 </button>
    -                                 <div class="dropdown">
    -                                   <button
    -                                     type="button"
    -                                     aria-expanded="false"
    -                                     class="dropdown-toggle btn btn-secondary">
    -                                     <svg
    -                                       aria-hidden="true"
    -                                       focusable="false"
    -                                       data-prefix="fas"
    -                                       data-icon="file-import"
    -                                       class="svg-inline--fa fa-file-import"
    -                                       role="img"
    -                                       xmlns="http://www.w3.org/2000/svg"
    -                                       viewBox="0 0 512 512">
    -                                       <path
    -                                         fill="currentColor"
    -                                         d="M128 64c0-35.3 28.7-64 64-64H352V128c0 17.7 14.3 32 32 32H512V448c0 35.3-28.7 64-64 64H192c-35.3 0-64-28.7-64-64V336H302.1l-39 39c-9.4 9.4-9.4 24.6 0 33.9s24.6 9.4 33.9 0l80-80c9.4-9.4 9.4-24.6 0-33.9l-80-80c-9.4-9.4-24.6-9.4-33.9 0s-9.4 24.6 0 33.9l39 39H128V64zm0 224v48H24c-13.3 0-24-10.7-24-24s10.7-24 24-24H128zM512 128H384V0L512 128z"></path></svg
    -                                     >Open run as...
    -                                   </button>
    -                                 </div>
    -                                 <button type="button" class="btn btn-secondary">
    -                                   <svg
    -                                     aria-hidden="true"
    -                                     focusable="false"
    -                                     data-prefix="fas"
    -                                     data-icon="square-check"
    -                                     class="svg-inline--fa fa-square-check"
    -                                     role="img"
    -                                     xmlns="http://www.w3.org/2000/svg"
    -                                     viewBox="0 0 448 512">
    -                                     <path
    -                                       fill="currentColor"
    -                                       d="M64 32C28.7 32 0 60.7 0 96V416c0 35.3 28.7 64 64 64H384c35.3 0 64-28.7 64-64V96c0-35.3-28.7-64-64-64H64zM337 209L209 337c-9.4 9.4-24.6 9.4-33.9 0l-64-64c-9.4-9.4-9.4-24.6 0-33.9s24.6-9.4 33.9 0l47 47L303 175c9.4-9.4 24.6-9.4 33.9 0s9.4 24.6 0 33.9z"></path></svg
    -                                   >Mark as Final</button
    -                                 ><button
    -                                   type="button"
    -                                   class="btn btn-secondary">
    -                                   <svg
    -                                     aria-hidden="true"
    -                                     focusable="false"
    -                                     data-prefix="fas"
    -                                     data-icon="trash-can"
    -                                     class="svg-inline--fa fa-trash-can"
    -                                     role="img"
    -                                     xmlns="http://www.w3.org/2000/svg"
    -                                     viewBox="0 0 448 512">
    -                                     <path
    -                                       fill="currentColor"
    -                                       d="M135.2 17.7C140.6 6.8 151.7 0 163.8 0H284.2c12.1 0 23.2 6.8 28.6 17.7L320 32h96c17.7 0 32 14.3 32 32s-14.3 32-32 32H32C14.3 96 0 81.7 0 64S14.3 32 32 32h96l7.2-14.3zM32 128H416V448c0 35.3-28.7 64-64 64H96c-35.3 0-64-28.7-64-64V128zm96 64c-8.8 0-16 7.2-16 16V432c0 8.8 7.2 16 16 16s16-7.2 16-16V208c0-8.8-7.2-16-16-16zm96 0c-8.8 0-16 7.2-16 16V432c0 8.8 7.2 16 16 16s16-7.2 16-16V208c0-8.8-7.2-16-16-16zm96 0c-8.8 0-16 7.2-16 16V432c0 8.8 7.2 16 16 16s16-7.2 16-16V208c0-8.8-7.2-16-16-16z"></path></svg
    -                                   >Delete Report
    -                                 </button>
    -                               </div>
    -                             </td>
    -                           </tr>
    -                           <tr>
    -                             <td>
    -                               <div class="version-container">
    -                                 VoiceOver for macOS&nbsp;<span
    -                                   >11.6 (20G165) or later</span
    -                                 >
    -                               </div>
    -                             </td>
    -                             <td>
    -                               <div class="version-container">
    -                                 Firefox&nbsp;<span>Any version</span>
    -                               </div>
    -                             </td>
    -                             <td>
    -                               <div class="assign-testers-container">
    -                                 <div id="assign-testers-10" class="dropdown">
    -                                   <button
    -                                     type="button"
    -                                     aria-expanded="false"
    -                                     class="assign-testers-dropdown-button dropdown-toggle btn btn-secondary">
    -                                     <span class="sr-only">Assign Testers</span
    -                                     ><svg
    -                                       aria-hidden="true"
    -                                       focusable="false"
    -                                       data-prefix="fas"
    -                                       data-icon="user"
    -                                       class="svg-inline--fa fa-user"
    -                                       role="img"
    -                                       xmlns="http://www.w3.org/2000/svg"
    -                                       viewBox="0 0 448 512">
    -                                       <path
    -                                         fill="currentColor"
    -                                         d="M224 256A128 128 0 1 0 224 0a128 128 0 1 0 0 256zm-45.7 48C79.8 304 0 383.8 0 482.3C0 498.7 13.3 512 29.7 512H418.3c16.4 0 29.7-13.3 29.7-29.7C448 383.8 368.2 304 269.7 304H178.3z"></path>
    -                                     </svg>
    -                                   </button>
    -                                 </div>
    -                                 <button type="button" class="btn btn-secondary">
    -                                   Assign Yourself
    -                                 </button>
    -                               </div>
    -                               <ul class="assign-testers-list">
    -                                 <li class="completion-status-list-item">
    -                                   <a
    -                                     href="https://github.com/esmeralda-baggins"
    -                                     target="_blank"
    -                                     rel="noopener noreferrer"
    -                                     >esmeralda-baggins</a
    -                                   ><em>11 of 11 tests complete</em>
    -                                 </li>
    -                               </ul>
    -                             </td>
    -                             <td>
    -                               <div class="status-container">
    -                                 <div class="progress">
    -                                   <div
    -                                     class="front"
    -                                     style="
    -                                       clip-path: inset(0px 0px 0px 100%);
    -                                     "></div>
    -                                   <div class="back"></div>
    -                                 </div>
    -                                 <span
    -                                   >100% complete by&nbsp;<a
    -                                     href="https://github.com/esmeralda-baggins"
    -                                     >esmeralda-baggins</a
    -                                   >&nbsp;</span
    -                                 >
    -                               </div>
    -                             </td>
    -                             <td>
    -                               <div class="actions-container">
    -                                 <button
    -                                   type="button"
    -                                   disabled=""
    -                                   class="btn btn-primary">
    -                                   Start Testing
    -                                 </button>
    -                                 <div class="dropdown">
    -                                   <button
    -                                     type="button"
    -                                     aria-expanded="false"
    -                                     class="dropdown-toggle btn btn-secondary">
    -                                     <svg
    -                                       aria-hidden="true"
    -                                       focusable="false"
    -                                       data-prefix="fas"
    -                                       data-icon="file-import"
    -                                       class="svg-inline--fa fa-file-import"
    -                                       role="img"
    -                                       xmlns="http://www.w3.org/2000/svg"
    -                                       viewBox="0 0 512 512">
    -                                       <path
    -                                         fill="currentColor"
    -                                         d="M128 64c0-35.3 28.7-64 64-64H352V128c0 17.7 14.3 32 32 32H512V448c0 35.3-28.7 64-64 64H192c-35.3 0-64-28.7-64-64V336H302.1l-39 39c-9.4 9.4-9.4 24.6 0 33.9s24.6 9.4 33.9 0l80-80c9.4-9.4 9.4-24.6 0-33.9l-80-80c-9.4-9.4-24.6-9.4-33.9 0s-9.4 24.6 0 33.9l39 39H128V64zm0 224v48H24c-13.3 0-24-10.7-24-24s10.7-24 24-24H128zM512 128H384V0L512 128z"></path></svg
    -                                     >Open run as...
    -                                   </button>
    -                                 </div>
    -                                 <button type="button" class="btn btn-secondary">
    -                                   <svg
    -                                     aria-hidden="true"
    -                                     focusable="false"
    -                                     data-prefix="fas"
    -                                     data-icon="square-check"
    -                                     class="svg-inline--fa fa-square-check"
    -                                     role="img"
    -                                     xmlns="http://www.w3.org/2000/svg"
    -                                     viewBox="0 0 448 512">
    -                                     <path
    -                                       fill="currentColor"
    -                                       d="M64 32C28.7 32 0 60.7 0 96V416c0 35.3 28.7 64 64 64H384c35.3 0 64-28.7 64-64V96c0-35.3-28.7-64-64-64H64zM337 209L209 337c-9.4 9.4-24.6 9.4-33.9 0l-64-64c-9.4-9.4-9.4-24.6 0-33.9s24.6-9.4 33.9 0l47 47L303 175c9.4-9.4 24.6-9.4 33.9 0s9.4 24.6 0 33.9z"></path></svg
    -                                   >Mark as Final</button
    -                                 ><button
    -                                   type="button"
    -                                   class="btn btn-secondary">
    -                                   <svg
    -                                     aria-hidden="true"
    -                                     focusable="false"
    -                                     data-prefix="fas"
    -                                     data-icon="trash-can"
    -                                     class="svg-inline--fa fa-trash-can"
    -                                     role="img"
    -                                     xmlns="http://www.w3.org/2000/svg"
    -                                     viewBox="0 0 448 512">
    -                                     <path
    -                                       fill="currentColor"
    -                                       d="M135.2 17.7C140.6 6.8 151.7 0 163.8 0H284.2c12.1 0 23.2 6.8 28.6 17.7L320 32h96c17.7 0 32 14.3 32 32s-14.3 32-32 32H32C14.3 96 0 81.7 0 64S14.3 32 32 32h96l7.2-14.3zM32 128H416V448c0 35.3-28.7 64-64 64H96c-35.3 0-64-28.7-64-64V128zm96 64c-8.8 0-16 7.2-16 16V432c0 8.8 7.2 16 16 16s16-7.2 16-16V208c0-8.8-7.2-16-16-16zm96 0c-8.8 0-16 7.2-16 16V432c0 8.8 7.2 16 16 16s16-7.2 16-16V208c0-8.8-7.2-16-16-16zm96 0c-8.8 0-16 7.2-16 16V432c0 8.8 7.2 16 16 16s16-7.2 16-16V208c0-8.8-7.2-16-16-16z"></path></svg
    -                                   >Delete Report
    -                                 </button>
    -                               </div>
    -                             </td>
    -                           </tr>
    -                         </tbody>
    -                       </table>
    -                     </div>
    -                   </div>
    -                 </div>
    -                 <h2 tabindex="-1" id="combobox-select-only">
    -                   Select Only Combobox Example
    -                 </h2>
    -                 <div class="disclosure-container test-plan-disclosure">
    -                   <h3 class="disclosure-heading">
    -                     <button
    -                       class="disclosure-button"
    -                       id="disclosure-btn-combobox-select-only-0"
    -                       type="button"
    -                       aria-expanded="false"
    -                       aria-controls="disclosure-btn-controls-combobox-select-only-0">
    -                       <span class="styled-pill"
    -                         ><span
    -                           ><svg
    -                             aria-hidden="true"
    -                             focusable="false"
    -                             data-prefix="fas"
    -                             data-icon="circle-check"
    -                             class="svg-inline--fa fa-circle-check check"
    -                             role="img"
    -                             xmlns="http://www.w3.org/2000/svg"
    -                             viewBox="0 0 512 512"
    -                             color="var(--positive-green)">
    -                             <path
    -                               fill="currentColor"
    -                               d="M256 512A256 256 0 1 0 256 0a256 256 0 1 0 0 512zM369 209L241 337c-9.4 9.4-24.6 9.4-33.9 0l-64-64c-9.4-9.4-9.4-24.6 0-33.9s24.6-9.4 33.9 0l47 47L335 175c9.4-9.4 24.6-9.4 33.9 0s9.4 24.6 0 33.9z"></path></svg
    -                           ><b>V22.03.17</b></span
    -                         ></span
    -                       >&nbsp;<span class="pill draft">Draft</span
    -                       ><svg
    -                         aria-hidden="true"
    -                         focusable="false"
    -                         data-prefix="fas"
    -                         data-icon="chevron-down"
    -                         class="svg-inline--fa fa-chevron-down disclosure-icon"
    -                         role="img"
    -                         xmlns="http://www.w3.org/2000/svg"
    -                         viewBox="0 0 512 512">
    -                         <path
    -                           fill="currentColor"
    -                           d="M233.4 406.6c12.5 12.5 32.8 12.5 45.3 0l192-192c12.5-12.5 12.5-32.8 0-45.3s-32.8-12.5-45.3 0L256 338.7 86.6 169.4c-12.5-12.5-32.8-12.5-45.3 0s-12.5 32.8 0 45.3l192 192z"></path>
    -                       </svg>
    -                     </button>
    -                   </h3>
    -                   <div
    -                     class="disclosure-content hidden"
    -                     role="region"
    -                     id="disclosure-btn-controls-combobox-select-only-0"
    -                     aria-labelledby="disclosure-btn-combobox-select-only-0">
    -                     <div class="metadata-container">
    -                       <a href="/test-review/7"
    -                         ><svg
    -                           aria-hidden="true"
    -                           focusable="false"
    -                           data-prefix="fas"
    -                           data-icon="arrow-up-right-from-square"
    -                           class="svg-inline--fa fa-arrow-up-right-from-square fa-xs dark-gray"
    -                           role="img"
    -                           xmlns="http://www.w3.org/2000/svg"
    -                           viewBox="0 0 512 512">
    -                           <path
    -                             fill="currentColor"
    -                             d="M320 0c-17.7 0-32 14.3-32 32s14.3 32 32 32h82.7L201.4 265.4c-12.5 12.5-12.5 32.8 0 45.3s32.8 12.5 45.3 0L448 109.3V192c0 17.7 14.3 32 32 32s32-14.3 32-32V32c0-17.7-14.3-32-32-32H320zM80 32C35.8 32 0 67.8 0 112V432c0 44.2 35.8 80 80 80H400c44.2 0 80-35.8 80-80V320c0-17.7-14.3-32-32-32s-32 14.3-32 32V432c0 8.8-7.2 16-16 16H80c-8.8 0-16-7.2-16-16V112c0-8.8 7.2-16 16-16H192c17.7 0 32-14.3 32-32s-14.3-32-32-32H80z"></path></svg
    -                         >View tests in V22.03.17</a
    -                       ><button
    -                         type="button"
    -                         class="test-plan-report-status-dialog-button btn btn-primary">
    -                         <span
    -                           ><span
    -                             class="report-status-dot reports-not-started"></span
    -                           >Required Reports <strong>Not Started</strong></span
    -                         >
    -                       </button>
    -                       <div></div>
    -                     </div>
    -                     <div class="table-responsive">
    -                       <table
    -                         aria-label="Reports for Select Only Combobox Example V22.03.17 in draft phase"
    -                         class="test-queue table table-bordered">
    -                         <thead>
    -                           <tr>
    -                             <th>Assistive Technology</th>
    -                             <th>Browser</th>
    -                             <th>Testers</th>
    -                             <th>Status</th>
    -                             <th>Actions</th>
    -                           </tr>
    -                         </thead>
    -                         <tbody>
    -                           <tr>
    -                             <td>
    -                               <div class="version-container">
    -                                 NVDA&nbsp;<span>2020.4 or later</span>
    -                               </div>
    -                             </td>
    -                             <td>
    -                               <div class="version-container">
    -                                 Firefox&nbsp;<span>Any version</span>
    -                               </div>
    -                             </td>
    -                             <td>
    -                               <div class="assign-testers-container">
    -                                 <div id="assign-testers-2" class="dropdown">
    -                                   <button
    -                                     type="button"
    -                                     aria-expanded="false"
    -                                     class="assign-testers-dropdown-button dropdown-toggle btn btn-secondary">
    -                                     <span class="sr-only">Assign Testers</span
    -                                     ><svg
    -                                       aria-hidden="true"
    -                                       focusable="false"
    -                                       data-prefix="fas"
    -                                       data-icon="user"
    -                                       class="svg-inline--fa fa-user"
    -                                       role="img"
    -                                       xmlns="http://www.w3.org/2000/svg"
    -                                       viewBox="0 0 448 512">
    -                                       <path
    -                                         fill="currentColor"
    -                                         d="M224 256A128 128 0 1 0 224 0a128 128 0 1 0 0 256zm-45.7 48C79.8 304 0 383.8 0 482.3C0 498.7 13.3 512 29.7 512H418.3c16.4 0 29.7-13.3 29.7-29.7C448 383.8 368.2 304 269.7 304H178.3z"></path>
    -                                     </svg>
    -                                   </button>
    -                                 </div>
    -                                 <button type="button" class="btn btn-secondary">
    -                                   Assign Yourself
    -                                 </button>
    -                               </div>
    -                               <ul class="assign-testers-list">
    -                                 <li class="completion-status-list-item">
    -                                   <a
    -                                     href="https://github.com/esmeralda-baggins"
    -                                     target="_blank"
    -                                     rel="noopener noreferrer"
    -                                     >esmeralda-baggins</a
    -                                   ><em>18 of 21 tests complete</em>
    -                                 </li>
    -                                 <br />
    -                                 <li class="completion-status-list-item">
    -                                   <a
    -                                     href="https://github.com/tom-proudfeet"
    -                                     target="_blank"
    -                                     rel="noopener noreferrer"
    -                                     >tom-proudfeet</a
    -                                   ><em>18 of 21 tests complete</em>
    -                                 </li>
    -                               </ul>
    -                             </td>
    -                             <td>
    -                               <div class="status-container">
    -                                 <div class="progress">
    -                                   <div
    -                                     class="front"
    -                                     style="
    -                                       clip-path: inset(0px 0px 0px 85%);
    -                                     "></div>
    -                                   <div class="back"></div>
    -                                 </div>
    -                                 <span
    -                                   >85% complete by&nbsp;2 testers&nbsp;<a
    -                                     href="/test-queue/2/conflicts"
    -                                     style="color: rgb(206, 27, 76)"
    -                                     >with 3 conflicts</a
    -                                   ></span
    -                                 >
    -                               </div>
    -                             </td>
    -                             <td>
    -                               <div class="actions-container">
    -                                 <button
    -                                   type="button"
    -                                   disabled=""
    -                                   class="btn btn-primary">
    -                                   Start Testing
    -                                 </button>
    -                                 <div class="dropdown">
    -                                   <button
    -                                     type="button"
    -                                     aria-expanded="false"
    -                                     class="dropdown-toggle btn btn-secondary">
    -                                     <svg
    -                                       aria-hidden="true"
    -                                       focusable="false"
    -                                       data-prefix="fas"
    -                                       data-icon="file-import"
    -                                       class="svg-inline--fa fa-file-import"
    -                                       role="img"
    -                                       xmlns="http://www.w3.org/2000/svg"
    -                                       viewBox="0 0 512 512">
    -                                       <path
    -                                         fill="currentColor"
    -                                         d="M128 64c0-35.3 28.7-64 64-64H352V128c0 17.7 14.3 32 32 32H512V448c0 35.3-28.7 64-64 64H192c-35.3 0-64-28.7-64-64V336H302.1l-39 39c-9.4 9.4-9.4 24.6 0 33.9s24.6 9.4 33.9 0l80-80c9.4-9.4 9.4-24.6 0-33.9l-80-80c-9.4-9.4-24.6-9.4-33.9 0s-9.4 24.6 0 33.9l39 39H128V64zm0 224v48H24c-13.3 0-24-10.7-24-24s10.7-24 24-24H128zM512 128H384V0L512 128z"></path></svg
    -                                     >Open run as...
    -                                   </button>
    -                                 </div>
    -                                 <button
    -                                   type="button"
    -                                   disabled=""
    -                                   class="btn btn-secondary">
    -                                   <svg
    -                                     aria-hidden="true"
    -                                     focusable="false"
    -                                     data-prefix="fas"
    -                                     data-icon="square-check"
    -                                     class="svg-inline--fa fa-square-check"
    -                                     role="img"
    -                                     xmlns="http://www.w3.org/2000/svg"
    -                                     viewBox="0 0 448 512">
    -                                     <path
    -                                       fill="currentColor"
    -                                       d="M64 32C28.7 32 0 60.7 0 96V416c0 35.3 28.7 64 64 64H384c35.3 0 64-28.7 64-64V96c0-35.3-28.7-64-64-64H64zM337 209L209 337c-9.4 9.4-24.6 9.4-33.9 0l-64-64c-9.4-9.4-9.4-24.6 0-33.9s24.6-9.4 33.9 0l47 47L303 175c9.4-9.4 24.6-9.4 33.9 0s9.4 24.6 0 33.9z"></path></svg
    -                                   >Mark as Final</button
    -                                 ><button
    -                                   type="button"
    -                                   class="btn btn-secondary">
    -                                   <svg
    -                                     aria-hidden="true"
    -                                     focusable="false"
    -                                     data-prefix="fas"
    -                                     data-icon="trash-can"
    -                                     class="svg-inline--fa fa-trash-can"
    -                                     role="img"
    -                                     xmlns="http://www.w3.org/2000/svg"
    -                                     viewBox="0 0 448 512">
    -                                     <path
    -                                       fill="currentColor"
    -                                       d="M135.2 17.7C140.6 6.8 151.7 0 163.8 0H284.2c12.1 0 23.2 6.8 28.6 17.7L320 32h96c17.7 0 32 14.3 32 32s-14.3 32-32 32H32C14.3 96 0 81.7 0 64S14.3 32 32 32h96l7.2-14.3zM32 128H416V448c0 35.3-28.7 64-64 64H96c-35.3 0-64-28.7-64-64V128zm96 64c-8.8 0-16 7.2-16 16V432c0 8.8 7.2 16 16 16s16-7.2 16-16V208c0-8.8-7.2-16-16-16zm96 0c-8.8 0-16 7.2-16 16V432c0 8.8 7.2 16 16 16s16-7.2 16-16V208c0-8.8-7.2-16-16-16zm96 0c-8.8 0-16 7.2-16 16V432c0 8.8 7.2 16 16 16s16-7.2 16-16V208c0-8.8-7.2-16-16-16z"></path></svg
    -                                   >Delete Report
    -                                 </button>
    -                               </div>
    -                             </td>
    -                           </tr>
    -                         </tbody>
    -                       </table>
    -                     </div>
    -                   </div>
    -                 </div>
    -                 <h2 tabindex="-1" id="toggle-button">Toggle Button</h2>
    -                 <div class="disclosure-container test-plan-disclosure">
    -                   <h3 class="disclosure-heading">
    -                     <button
    -                       class="disclosure-button"
    -                       id="disclosure-btn-toggle-button-0"
    -                       type="button"
    -                       aria-expanded="false"
    -                       aria-controls="disclosure-btn-controls-toggle-button-0">
    -                       <span class="styled-pill"
    -                         ><span
    -                           ><svg
    -                             aria-hidden="true"
    -                             focusable="false"
    -                             data-prefix="fas"
    -                             data-icon="circle-check"
    -                             class="svg-inline--fa fa-circle-check check"
    -                             role="img"
    -                             xmlns="http://www.w3.org/2000/svg"
    -                             viewBox="0 0 512 512"
    -                             color="var(--positive-green)">
    -                             <path
    -                               fill="currentColor"
    -                               d="M256 512A256 256 0 1 0 256 0a256 256 0 1 0 0 512zM369 209L241 337c-9.4 9.4-24.6 9.4-33.9 0l-64-64c-9.4-9.4-9.4-24.6 0-33.9s24.6-9.4 33.9 0l47 47L335 175c9.4-9.4 24.6-9.4 33.9 0s9.4 24.6 0 33.9z"></path></svg
    -                           ><b>V22.05.18</b></span
    -                         ></span
    -                       >&nbsp;<span class="pill draft">Draft</span
    -                       ><svg
    -                         aria-hidden="true"
    -                         focusable="false"
    -                         data-prefix="fas"
    -                         data-icon="chevron-down"
    -                         class="svg-inline--fa fa-chevron-down disclosure-icon"
    -                         role="img"
    -                         xmlns="http://www.w3.org/2000/svg"
    -                         viewBox="0 0 512 512">
    -                         <path
    -                           fill="currentColor"
    -                           d="M233.4 406.6c12.5 12.5 32.8 12.5 45.3 0l192-192c12.5-12.5 12.5-32.8 0-45.3s-32.8-12.5-45.3 0L256 338.7 86.6 169.4c-12.5-12.5-32.8-12.5-45.3 0s-12.5 32.8 0 45.3l192 192z"></path>
    -                       </svg>
    -                     </button>
    -                   </h3>
    -                   <div
    -                     class="disclosure-content hidden"
    -                     role="region"
    -                     id="disclosure-btn-controls-toggle-button-0"
    -                     aria-labelledby="disclosure-btn-toggle-button-0">
    -                     <div class="metadata-container">
    -                       <a href="/test-review/31"
    -                         ><svg
    -                           aria-hidden="true"
    -                           focusable="false"
    -                           data-prefix="fas"
    -                           data-icon="arrow-up-right-from-square"
    -                           class="svg-inline--fa fa-arrow-up-right-from-square fa-xs dark-gray"
    -                           role="img"
    -                           xmlns="http://www.w3.org/2000/svg"
    -                           viewBox="0 0 512 512">
    -                           <path
    -                             fill="currentColor"
    -                             d="M320 0c-17.7 0-32 14.3-32 32s14.3 32 32 32h82.7L201.4 265.4c-12.5 12.5-12.5 32.8 0 45.3s32.8 12.5 45.3 0L448 109.3V192c0 17.7 14.3 32 32 32s32-14.3 32-32V32c0-17.7-14.3-32-32-32H320zM80 32C35.8 32 0 67.8 0 112V432c0 44.2 35.8 80 80 80H400c44.2 0 80-35.8 80-80V320c0-17.7-14.3-32-32-32s-32 14.3-32 32V432c0 8.8-7.2 16-16 16H80c-8.8 0-16-7.2-16-16V112c0-8.8 7.2-16 16-16H192c17.7 0 32-14.3 32-32s-14.3-32-32-32H80z"></path></svg
    -                         >View tests in V22.05.18</a
    -                       ><button
    -                         type="button"
    -                         class="test-plan-report-status-dialog-button btn btn-primary">
    -                         <span
    -                           ><span
    -                             class="report-status-dot reports-in-progress"></span
    -                           >Required Reports <strong>In Progress</strong></span
    -                         >
    -                       </button>
    -                       <div></div>
    -                     </div>
    -                     <div class="table-responsive">
    -                       <table
    -                         aria-label="Reports for Toggle Button V22.05.18 in draft phase"
    -                         class="test-queue table table-bordered">
    -                         <thead>
    -                           <tr>
    -                             <th>Assistive Technology</th>
    -                             <th>Browser</th>
    -                             <th>Testers</th>
    -                             <th>Status</th>
    -                             <th>Actions</th>
    -                           </tr>
    -                         </thead>
    -                         <tbody>
    -                           <tr>
    -                             <td>
    -                               <div class="version-container">
    -                                 JAWS&nbsp;<span>2021.2111.13 or later</span>
    -                               </div>
    -                             </td>
    -                             <td>
    -                               <div class="version-container">
    -                                 Chrome&nbsp;<span>Any version</span>
    -                               </div>
    -                             </td>
    -                             <td>
    -                               <div class="assign-testers-container">
    -                                 <div id="assign-testers-1" class="dropdown">
    -                                   <button
    -                                     type="button"
    -                                     aria-expanded="false"
    -                                     class="assign-testers-dropdown-button dropdown-toggle btn btn-secondary">
    -                                     <span class="sr-only">Assign Testers</span
    -                                     ><svg
    -                                       aria-hidden="true"
    -                                       focusable="false"
    -                                       data-prefix="fas"
    -                                       data-icon="user"
    -                                       class="svg-inline--fa fa-user"
    -                                       role="img"
    -                                       xmlns="http://www.w3.org/2000/svg"
    -                                       viewBox="0 0 448 512">
    -                                       <path
    -                                         fill="currentColor"
    -                                         d="M224 256A128 128 0 1 0 224 0a128 128 0 1 0 0 256zm-45.7 48C79.8 304 0 383.8 0 482.3C0 498.7 13.3 512 29.7 512H418.3c16.4 0 29.7-13.3 29.7-29.7C448 383.8 368.2 304 269.7 304H178.3z"></path>
    -                                     </svg>
    -                                   </button>
    -                                 </div>
    -                                 <button type="button" class="btn btn-secondary">
    -                                   Assign Yourself
    -                                 </button>
    -                               </div>
    -                               <ul class="assign-testers-list">
    -                                 <li class="completion-status-list-item">
    -                                   <a
    -                                     href="https://github.com/esmeralda-baggins"
    -                                     target="_blank"
    -                                     rel="noopener noreferrer"
    -                                     >esmeralda-baggins</a
    -                                   ><em>12 of 16 tests complete</em>
    -                                 </li>
    -                                 <br />
    -                                 <li class="completion-status-list-item">
    -                                   <a
    -                                     href="https://github.com/tom-proudfeet"
    -                                     target="_blank"
    -                                     rel="noopener noreferrer"
    -                                     >tom-proudfeet</a
    -                                   ><em>13 of 16 tests complete</em>
    -                                 </li>
    -                               </ul>
    -                             </td>
    -                             <td>
    -                               <div class="status-container">
    -                                 <div class="progress">
    -                                   <div
    -                                     class="front"
    -                                     style="
    -                                       clip-path: inset(0px 0px 0px 78%);
    -                                     "></div>
    -                                   <div class="back"></div>
    -                                 </div>
    -                                 <span
    -                                   >78% complete by&nbsp;2 testers&nbsp;<a
    -                                     href="/test-queue/1/conflicts"
    -                                     style="color: rgb(206, 27, 76)"
    -                                     >with 14 conflicts</a
    -                                   ></span
    -                                 >
    -                               </div>
    -                             </td>
    -                             <td>
    -                               <div class="actions-container">
    -                                 <button
    -                                   type="button"
    -                                   disabled=""
    -                                   class="btn btn-primary">
    -                                   Start Testing
    -                                 </button>
    -                                 <div class="dropdown">
    -                                   <button
    -                                     type="button"
    -                                     aria-expanded="false"
    -                                     class="dropdown-toggle btn btn-secondary">
    -                                     <svg
    -                                       aria-hidden="true"
    -                                       focusable="false"
    -                                       data-prefix="fas"
    -                                       data-icon="file-import"
    -                                       class="svg-inline--fa fa-file-import"
    -                                       role="img"
    -                                       xmlns="http://www.w3.org/2000/svg"
    -                                       viewBox="0 0 512 512">
    -                                       <path
    -                                         fill="currentColor"
    -                                         d="M128 64c0-35.3 28.7-64 64-64H352V128c0 17.7 14.3 32 32 32H512V448c0 35.3-28.7 64-64 64H192c-35.3 0-64-28.7-64-64V336H302.1l-39 39c-9.4 9.4-9.4 24.6 0 33.9s24.6 9.4 33.9 0l80-80c9.4-9.4 9.4-24.6 0-33.9l-80-80c-9.4-9.4-24.6-9.4-33.9 0s-9.4 24.6 0 33.9l39 39H128V64zm0 224v48H24c-13.3 0-24-10.7-24-24s10.7-24 24-24H128zM512 128H384V0L512 128z"></path></svg
    -                                     >Open run as...
    -                                   </button>
    -                                 </div>
    -                                 <button
    -                                   type="button"
    -                                   disabled=""
    -                                   class="btn btn-secondary">
    -                                   <svg
    -                                     aria-hidden="true"
    -                                     focusable="false"
    -                                     data-prefix="fas"
    -                                     data-icon="square-check"
    -                                     class="svg-inline--fa fa-square-check"
    -                                     role="img"
    -                                     xmlns="http://www.w3.org/2000/svg"
    -                                     viewBox="0 0 448 512">
    -                                     <path
    -                                       fill="currentColor"
    -                                       d="M64 32C28.7 32 0 60.7 0 96V416c0 35.3 28.7 64 64 64H384c35.3 0 64-28.7 64-64V96c0-35.3-28.7-64-64-64H64zM337 209L209 337c-9.4 9.4-24.6 9.4-33.9 0l-64-64c-9.4-9.4-9.4-24.6 0-33.9s24.6-9.4 33.9 0l47 47L303 175c9.4-9.4 24.6-9.4 33.9 0s9.4 24.6 0 33.9z"></path></svg
    -                                   >Mark as Final</button
    -                                 ><button
    -                                   type="button"
    -                                   class="btn btn-secondary">
    -                                   <svg
    -                                     aria-hidden="true"
    -                                     focusable="false"
    -                                     data-prefix="fas"
    -                                     data-icon="trash-can"
    -                                     class="svg-inline--fa fa-trash-can"
    -                                     role="img"
    -                                     xmlns="http://www.w3.org/2000/svg"
    -                                     viewBox="0 0 448 512">
    -                                     <path
    -                                       fill="currentColor"
    -                                       d="M135.2 17.7C140.6 6.8 151.7 0 163.8 0H284.2c12.1 0 23.2 6.8 28.6 17.7L320 32h96c17.7 0 32 14.3 32 32s-14.3 32-32 32H32C14.3 96 0 81.7 0 64S14.3 32 32 32h96l7.2-14.3zM32 128H416V448c0 35.3-28.7 64-64 64H96c-35.3 0-64-28.7-64-64V128zm96 64c-8.8 0-16 7.2-16 16V432c0 8.8 7.2 16 16 16s16-7.2 16-16V208c0-8.8-7.2-16-16-16zm96 0c-8.8 0-16 7.2-16 16V432c0 8.8 7.2 16 16 16s16-7.2 16-16V208c0-8.8-7.2-16-16-16zm96 0c-8.8 0-16 7.2-16 16V432c0 8.8 7.2 16 16 16s16-7.2 16-16V208c0-8.8-7.2-16-16-16z"></path></svg
    -                                   >Delete Report
    -                                 </button>
    -                               </div>
    -                             </td>
    -                           </tr>
    -                         </tbody>
    -                       </table>
    -                     </div>
    -                   </div>
    -                 </div>
    -               </div>
    -             </div>
    -             <div
    -               role="tabpanel"
    -               id="panel-1"
    -               aria-labelledby="tab-1"
    -               hidden=""
    -               tabindex="0"
    -               class="tab-panel">
    -               <div>
    -                 <h2 id="rerun-heading" class="rerun-header">
    -                   Reports with Available Updates
    -                 </h2>
    -                 <div class="rerun-opportunity">
    -                   <div class="disclosure-container">
    -                     <h3 class="disclosure-heading">
    -                       <button
    -                         class="disclosure-button"
    -                         id="disclosure-btn-rerun-disclosure-4-0"
    -                         type="button"
    -                         aria-expanded="false"
    -                         aria-controls="disclosure-btn-controls-rerun-disclosure-4-0">
    -                         <span class="bot-name">
    -                           NVDA Bot 2023.3.3<span class="report-count">
    -                             (1 report to update)</span
    -                           ></span
    -                         ><svg
    -                           aria-hidden="true"
    -                           focusable="false"
    -                           data-prefix="fas"
    -                           data-icon="chevron-down"
    -                           class="svg-inline--fa fa-chevron-down disclosure-icon"
    -                           role="img"
    -                           xmlns="http://www.w3.org/2000/svg"
    -                           viewBox="0 0 512 512">
    -                           <path
    -                             fill="currentColor"
    -                             d="M233.4 406.6c12.5 12.5 32.8 12.5 45.3 0l192-192c12.5-12.5 12.5-32.8 0-45.3s-32.8-12.5-45.3 0L256 338.7 86.6 169.4c-12.5-12.5-32.8-12.5-45.3 0s-12.5 32.8 0 45.3l192 192z"></path>
    -                         </svg>
    -                       </button>
    -                     </h3>
    -                     <div
    -                       class="disclosure-content hidden"
    -                       role="region"
    -                       id="disclosure-btn-controls-rerun-disclosure-4-0"
    -                       aria-labelledby="disclosure-btn-rerun-disclosure-4-0">
    -                       <div class="report-description">
    -                         <p>
    -                           NVDA Bot 2023.3.3 has been recently added to the
    -                           system.
    -                         </p>
    -                         <p>
    -                           The following 1 report generated with 1 earlier
    -                           version of NVDA Bot can be automatically updated with
    -                           the "Start Generating Reports" button below.
    -                         </p>
    -                       </div>
    -                       <div class="action-header">
    -                         <button
    -                           class="rerun-button"
    -                           aria-label="Start generating reports for 1 reports with NVDA Bot 2023.3.3">
    -                           Start Generating Reports
    -                         </button>
    -                       </div>
    -                       <div class="report-table-container">
    -                         <table class="report-table">
    -                           <caption class="sr-only">
    -                             Reports generated from prior NVDA Bot versions
    -                           </caption>
    -                           <thead>
    -                             <tr>
    -                               <th scope="col">AT Version</th>
    -                               <th scope="col">Test Plan</th>
    -                               <th scope="col">Report Date</th>
    -                             </tr>
    -                           </thead>
    -                           <tbody>
    -                             <tr>
    -                               <td>2020.4</td>
    -                               <td>Modal Dialog Example</td>
    -                               <td>6 Jul 2022</td>
    -                             </tr>
    -                           </tbody>
    -                         </table>
    -                       </div>
    -                     </div>
    -                   </div>
    -                 </div>
    -                 <div class="rerun-opportunity">
    -                   <div class="disclosure-container">
    -                     <h3 class="disclosure-heading">
    -                       <button
    -                         class="disclosure-button"
    -                         id="disclosure-btn-rerun-disclosure-6-0"
    -                         type="button"
    -                         aria-expanded="false"
    -                         aria-controls="disclosure-btn-controls-rerun-disclosure-6-0">
    -                         <span class="bot-name">
    -                           VoiceOver for macOS Bot 14.0<span
    -                             class="report-count">
    -                             (4 reports to update)</span
    -                           ></span
    -                         ><svg
    -                           aria-hidden="true"
    -                           focusable="false"
    -                           data-prefix="fas"
    -                           data-icon="chevron-down"
    -                           class="svg-inline--fa fa-chevron-down disclosure-icon"
    -                           role="img"
    -                           xmlns="http://www.w3.org/2000/svg"
    -                           viewBox="0 0 512 512">
    -                           <path
    -                             fill="currentColor"
    -                             d="M233.4 406.6c12.5 12.5 32.8 12.5 45.3 0l192-192c12.5-12.5 12.5-32.8 0-45.3s-32.8-12.5-45.3 0L256 338.7 86.6 169.4c-12.5-12.5-32.8-12.5-45.3 0s-12.5 32.8 0 45.3l192 192z"></path>
    -                         </svg>
    -                       </button>
    -                     </h3>
    -                     <div
    -                       class="disclosure-content hidden"
    -                       role="region"
    -                       id="disclosure-btn-controls-rerun-disclosure-6-0"
    -                       aria-labelledby="disclosure-btn-rerun-disclosure-6-0">
    -                       <div class="report-description">
    -                         <p>
    -                           VoiceOver for macOS Bot 14.0 has been recently added
    -                           to the system.
    -                         </p>
    -                         <p>
    -                           The following 4 reports generated with 2 earlier
    -                           versions of VoiceOver for macOS Bot can be
    -                           automatically updated with the "Start Generating
    -                           Reports" button below.
    -                         </p>
    -                       </div>
    -                       <div class="action-header">
    -                         <button
    -                           class="rerun-button"
    -                           aria-label="Start generating reports for 4 reports with VoiceOver for macOS Bot 14.0">
    -                           Start Generating Reports
    -                         </button>
    -                       </div>
    -                       <div class="report-table-container">
    -                         <table class="report-table">
    -                           <caption class="sr-only">
    -                             Reports generated from prior VoiceOver for macOS Bot
    -                             versions
    -                           </caption>
    -                           <thead>
    -                             <tr>
    -                               <th scope="col">AT Version</th>
    -                               <th scope="col">Test Plan</th>
    -                               <th scope="col">Report Date</th>
    -                             </tr>
    -                           </thead>
    -                           <tbody>
    -                             <tr>
    -                               <td>13.0</td>
    -                               <td>
    -                                 Action Menu Button Example Using
    -                                 aria-activedescendant
    -                               </td>
    -                               <td>3 Oct 2024</td>
    -                             </tr>
    -                             <tr>
    -                               <td>11.6 (20G165)</td>
    -                               <td>
    -                                 Action Menu Button Example Using
    -                                 aria-activedescendant
    -                               </td>
    -                               <td>21 Sep 2024</td>
    -                             </tr>
    -                             <tr>
    -                               <td>11.6 (20G165)</td>
    -                               <td>Modal Dialog Example</td>
    -                               <td>6 Jul 2022</td>
    -                             </tr>
    -                             <tr>
    -                               <td>11.6 (20G165)</td>
    -                               <td>Checkbox Example (Mixed-State)</td>
    -                               <td>6 Jul 2022</td>
    -                             </tr>
    -                           </tbody>
    -                         </table>
    -                       </div>
    -                     </div>
    -                   </div>
    -                 </div>
    -                 <div class="events-section" tabindex="-1">
    -                   <div class="events-header">
    -                     <div class="events-header-container">
    -                       <h2 id="events-heading">Update Events</h2>
    -                       <button class="refresh-button" aria-label="Refresh">
    -                         <i class="fas fa-sync-alt" aria-hidden="true"></i>
    -                       </button>
    -                     </div>
    -                   </div>
    -                   <div class="events-content" aria-live="polite" role="log">
    -                     <div class="table-responsive">
    -                       <table
    -                         aria-label="Test plan rerun events history"
    -                         class="table">
    -                         <thead>
    -                           <tr>
    -                             <th scope="col">Time</th>
    -                             <th scope="col">Message</th>
    -                           </tr>
    -                         </thead>
    -                         <tbody>
    -                           <tr>
    -                             <td class="timestamp-cell">20 Sep 2024 13:57</td>
    -                             <td class="message-cell">
    -                               Test plan report for Modal Dialog Example run with
    -                               NVDA 2024.4.1 and Chrome had identical outputs to
    -                               the historical report, verdicts were copied, and
    -                               the report was finalized
    -                             </td>
    -                           </tr>
    -                         </tbody>
    -                       </table>
    -                     </div>
    -                   </div>
    -                 </div>
    -               </div>
    -             </div>
    +           <h1>Test Queue</h1>
    +           <div
    +             class="alert alert-danger"
    +             role="alert"
    +             data-testid="page-status">
    +             permission denied for table Vendor
                </div>
              </main>
            </div>
            <span
              class="visually-hidden-aria-live-region"

      22 |
      23 |         const existingSnapshot = await fs.readFile(snapshotPath, 'utf-8');
    > 24 |         expect(currentSnapshot.trim()).toBe(existingSnapshot.trim());
         |                                        ^
      25 |       });
      26 |     });
      27 |   });

      at toBe (tests/e2e/snapshots/snapshotTest.e2e.test.js:24:40)
      at call (tests/e2e/snapshots/snapshotTest.e2e.test.js:2:1)
      at Generator.tryCatch (tests/e2e/snapshots/snapshotTest.e2e.test.js:2:1)
      at Generator._invoke [as next] (tests/e2e/snapshots/snapshotTest.e2e.test.js:2:1)
      at asyncGeneratorStep (tests/e2e/snapshots/snapshotTest.e2e.test.js:2:1)
      at asyncGeneratorStep (tests/e2e/snapshots/snapshotTest.e2e.test.js:2:1)

  ● Snapshot Comparison › should match snapshot for /reports

    expect(received).toBe(expected) // Object.is equality

    - Expected  - 34
    + Received  +  1

    @@ -41,44 +41,11 @@
                      <a aria-current="false" class="nav-link" href="/test-queue"
                        >Test Queue</a
                      >
                    </li>
                    <li>
    -                 <a
    -                   aria-current="false"
    -                   class="nav-link"
    -                   href="/candidate-review"
    -                   >Candidate Review</a
    -                 >
    -               </li>
    -               <li>
    -                 <a
    -                   aria-current="false"
    -                   class="nav-link"
    -                   href="/account/settings"
    -                   >Settings</a
    -                 >
    -               </li>
    -               <li class="signed-in-wrapper">
    -                 <div class="signed-in" id="signed-in">
    -                   <svg
    -                     aria-hidden="true"
    -                     focusable="false"
    -                     data-prefix="fas"
    -                     data-icon="circle-user"
    -                     class="svg-inline--fa fa-circle-user"
    -                     role="img"
    -                     xmlns="http://www.w3.org/2000/svg"
    -                     viewBox="0 0 512 512">
    -                     <path
    -                       fill="currentColor"
    -                       d="M399 384.2C376.9 345.8 335.4 320 288 320H224c-47.4 0-88.9 25.8-111 64.2c35.2 39.2 86.2 63.8 143 63.8s107.8-24.7 143-63.8zM0 256a256 256 0 1 1 512 0A256 256 0 1 1 0 256zm256 16a72 72 0 1 0 0-144 72 72 0 1 0 0 144z"></path></svg
    -                   >Signed in as <b>joe-the-admin</b>
    -                 </div>
    -                 <a aria-describedby="signed-in" class="nav-link" href="/"
    -                   >Sign out</a
    -                 >
    +                 <a class="nav-link" href="/reports">Sign in with GitHub</a>
                    </li>
                  </div>
                </div>
              </nav>
            </div>

      22 |
      23 |         const existingSnapshot = await fs.readFile(snapshotPath, 'utf-8');
    > 24 |         expect(currentSnapshot.trim()).toBe(existingSnapshot.trim());
         |                                        ^
      25 |       });
      26 |     });
      27 |   });

      at toBe (tests/e2e/snapshots/snapshotTest.e2e.test.js:24:40)
      at call (tests/e2e/snapshots/snapshotTest.e2e.test.js:2:1)
      at Generator.tryCatch (tests/e2e/snapshots/snapshotTest.e2e.test.js:2:1)
      at Generator._invoke [as next] (tests/e2e/snapshots/snapshotTest.e2e.test.js:2:1)
      at asyncGeneratorStep (tests/e2e/snapshots/snapshotTest.e2e.test.js:2:1)
      at asyncGeneratorStep (tests/e2e/snapshots/snapshotTest.e2e.test.js:2:1)

  ● Snapshot Comparison › should match snapshot for /candidate-review

    expect(received).toBe(expected) // Object.is equality

    - Expected  - 319
    + Received  +  14

    @@ -4,11 +4,11 @@
          <meta charset="UTF-8" />
          <meta name="google" content="notranslate" />
          <meta name="viewport" content="width=device-width, initial-scale=1" />

          <link rel="shortcut icon" href="data:image/x-icon;," type="image/x-icon" />
    -     <title>Candidate Review | ARIA-AT</title>
    +     <title>Invalid Request | ARIA-AT</title>
        </head>
        <body>
          <div id="root">
            <div class="container-fluid">
              <nav
    @@ -41,328 +41,23 @@
                      <a aria-current="false" class="nav-link" href="/test-queue"
                        >Test Queue</a
                      >
                    </li>
                    <li>
    -                 <a aria-current="true" class="nav-link" href="/candidate-review"
    -                   >Candidate Review</a
    -                 >
    -               </li>
    -               <li>
    -                 <a
    -                   aria-current="false"
    -                   class="nav-link"
    -                   href="/account/settings"
    -                   >Settings</a
    -                 >
    -               </li>
    -               <li class="signed-in-wrapper">
    -                 <div class="signed-in" id="signed-in">
    -                   <svg
    -                     aria-hidden="true"
    -                     focusable="false"
    -                     data-prefix="fas"
    -                     data-icon="circle-user"
    -                     class="svg-inline--fa fa-circle-user"
    -                     role="img"
    -                     xmlns="http://www.w3.org/2000/svg"
    -                     viewBox="0 0 512 512">
    -                     <path
    -                       fill="currentColor"
    -                       d="M399 384.2C376.9 345.8 335.4 320 288 320H224c-47.4 0-88.9 25.8-111 64.2c35.2 39.2 86.2 63.8 143 63.8s107.8-24.7 143-63.8zM0 256a256 256 0 1 1 512 0A256 256 0 1 1 0 256zm256 16a72 72 0 1 0 0-144 72 72 0 1 0 0 144z"></path></svg
    -                   >Signed in as <b>joe-the-admin</b>
    -                 </div>
    -                 <a aria-describedby="signed-in" class="nav-link" href="/"
    -                   >Sign out</a
    -                 >
    -               </li>
    -             </div>
    -           </div>
    -         </nav>
    -       </div>
    -       <div class="container-fluid">
    -         <main id="main" tabindex="-1" class="fh-container container">
    -           <h1>Candidate Review</h1>
    -           <h2>Introduction</h2>
    -           <p>
    -             This page summarizes the test results for each AT and Browser which
    -             executed the Test Plan.
    -           </p>
    -           <div
    -             class="disclosure-container candidate-review-custom-disclosure-component">
    -             <h3 class="disclosure-heading">
    -               <button
    -                 class="disclosure-button"
    -                 id="disclosure-btn-candidateReviewRuns-JAWS"
    -                 type="button"
    -                 aria-expanded="true"
    -                 aria-controls="disclosure-btn-controls-candidateReviewRuns-JAWS">
    -                 JAWS<svg
    -                   aria-hidden="true"
    -                   focusable="false"
    -                   data-prefix="fas"
    -                   data-icon="chevron-up"
    -                   class="svg-inline--fa fa-chevron-up disclosure-icon"
    -                   role="img"
    -                   xmlns="http://www.w3.org/2000/svg"
    -                   viewBox="0 0 512 512">
    -                   <path
    -                     fill="currentColor"
    -                     d="M233.4 105.4c12.5-12.5 32.8-12.5 45.3 0l192 192c12.5 12.5 12.5 32.8 0 45.3s-32.8 12.5-45.3 0L256 173.3 86.6 342.6c-12.5 12.5-32.8 12.5-45.3 0s-12.5-32.8 0-45.3l192-192z"></path>
    -                 </svg>
    -               </button>
    -             </h3>
    -             <div
    -               class="disclosure-content visible"
    -               role="region"
    -               id="disclosure-btn-controls-candidateReviewRuns-JAWS"
    -               aria-labelledby="disclosure-btn-candidateReviewRuns-JAWS">
    -               <div class="table-responsive">
    -                 <table aria-label="JAWS" class="table table-bordered">
    -                   <thead>
    -                     <tr>
    -                       <th>Candidate Test Plans</th>
    -                       <th class="centered-text">Last Updated</th>
    -                       <th class="centered-text">Target Completion Date</th>
    -                       <th class="centered-text">Review Status</th>
    -                       <th class="centered-text">Results Summary</th>
    -                     </tr>
    -                   </thead>
    -                   <tbody>
    -                     <tr>
    -                       <th>
    -                         <a href="/candidate-test-plan/24/1"
    -                           >Modal Dialog Example V22.05.26 (18 Tests)</a
    -                         >
    -                       </th>
    -                       <td class="centered-text vertical"><i>Jul 6, 2022</i></td>
    -                       <td class="centered-text vertical"><i>Jan 2, 2023</i></td>
    -                       <td class="centered-text vertical">
    -                         <span class="status-text changes-requested"
    -                           ><svg
    -                             aria-hidden="true"
    -                             focusable="false"
    -                             data-prefix="fas"
    -                             data-icon="flag"
    -                             class="svg-inline--fa fa-flag"
    -                             role="img"
    -                             xmlns="http://www.w3.org/2000/svg"
    -                             viewBox="0 0 448 512">
    -                             <path
    -                               fill="currentColor"
    -                               d="M64 32C64 14.3 49.7 0 32 0S0 14.3 0 32V64 368 480c0 17.7 14.3 32 32 32s32-14.3 32-32V352l64.3-16.1c41.1-10.3 84.6-5.5 122.5 13.4c44.2 22.1 95.5 24.8 141.7 7.4l34.7-13c12.5-4.7 20.8-16.6 20.8-30V66.1c0-23-24.2-38-44.8-27.7l-9.6 4.8c-46.3 23.2-100.8 23.2-147.1 0c-35.1-17.6-75.4-22-113.5-12.5L64 48V32z"></path></svg
    -                           >Changes requested for 1 test</span
    -                         >
    -                       </td>
    -                       <td class="centered-text vertical">
    -                         <a aria-label="97%" href="/candidate-test-plan/24/1"
    -                           ><div class="progress">
    -                             <div
    -                               class="front"
    -                               style="clip-path: inset(0px 0px 0px 97%)">
    -                               97%
    -                             </div>
    -                             <div class="back">97%</div>
    -                           </div></a
    -                         ><span class="cell-row"
    -                           ><i
    -                             ><b>3 assertions</b> failed across
    -                             <b>3 tests</b> run with <b>1 browser</b></i
    -                           ></span
    -                         >
    -                       </td>
    -                     </tr>
    -                   </tbody>
    -                 </table>
    -               </div>
    -             </div>
    -           </div>
    -           <div
    -             class="disclosure-container candidate-review-custom-disclosure-component">
    -             <h3 class="disclosure-heading">
    -               <button
    -                 class="disclosure-button"
    -                 id="disclosure-btn-candidateReviewRuns-NVDA"
    -                 type="button"
    -                 aria-expanded="true"
    -                 aria-controls="disclosure-btn-controls-candidateReviewRuns-NVDA">
    -                 NVDA<svg
    -                   aria-hidden="true"
    -                   focusable="false"
    -                   data-prefix="fas"
    -                   data-icon="chevron-up"
    -                   class="svg-inline--fa fa-chevron-up disclosure-icon"
    -                   role="img"
    -                   xmlns="http://www.w3.org/2000/svg"
    -                   viewBox="0 0 512 512">
    -                   <path
    -                     fill="currentColor"
    -                     d="M233.4 105.4c12.5-12.5 32.8-12.5 45.3 0l192 192c12.5 12.5 12.5 32.8 0 45.3s-32.8 12.5-45.3 0L256 173.3 86.6 342.6c-12.5 12.5-32.8 12.5-45.3 0s-12.5-32.8 0-45.3l192-192z"></path>
    -                 </svg>
    -               </button>
    -             </h3>
    -             <div
    -               class="disclosure-content visible"
    -               role="region"
    -               id="disclosure-btn-controls-candidateReviewRuns-NVDA"
    -               aria-labelledby="disclosure-btn-candidateReviewRuns-NVDA">
    -               <div class="table-responsive">
    -                 <table aria-label="NVDA" class="table table-bordered">
    -                   <thead>
    -                     <tr>
    -                       <th>Candidate Test Plans</th>
    -                       <th class="centered-text">Last Updated</th>
    -                       <th class="centered-text">Target Completion Date</th>
    -                       <th class="centered-text">Review Status</th>
    -                       <th class="centered-text">Results Summary</th>
    -                     </tr>
    -                   </thead>
    -                   <tbody>
    -                     <tr>
    -                       <th>
    -                         <a href="/candidate-test-plan/24/2"
    -                           >Modal Dialog Example V22.05.26 (18 Tests)</a
    -                         >
    -                       </th>
    -                       <td class="centered-text vertical"><i>Jul 6, 2022</i></td>
    -                       <td class="centered-text vertical"><i>Jan 2, 2023</i></td>
    -                       <td class="centered-text vertical"></td>
    -                       <td class="centered-text vertical">
    -                         <a aria-label="97%" href="/candidate-test-plan/24/2"
    -                           ><div class="progress">
    -                             <div
    -                               class="front"
    -                               style="clip-path: inset(0px 0px 0px 97%)">
    -                               97%
    -                             </div>
    -                             <div class="back">97%</div>
    -                           </div></a
    -                         ><span class="cell-row"
    -                           ><i
    -                             ><b>3 assertions</b> failed across
    -                             <b>3 tests</b> run with <b>1 browser</b></i
    -                           ></span
    -                         >
    -                       </td>
    -                     </tr>
    -                   </tbody>
    -                 </table>
    -               </div>
    -             </div>
    -           </div>
    -           <div
    -             class="disclosure-container candidate-review-custom-disclosure-component">
    -             <h3 class="disclosure-heading">
    -               <button
    -                 class="disclosure-button"
    -                 id="disclosure-btn-candidateReviewRuns-VoiceOver for macOS"
    -                 type="button"
    -                 aria-expanded="true"
    -                 aria-controls="disclosure-btn-controls-candidateReviewRuns-VoiceOver for macOS">
    -                 VoiceOver for macOS<svg
    -                   aria-hidden="true"
    -                   focusable="false"
    -                   data-prefix="fas"
    -                   data-icon="chevron-up"
    -                   class="svg-inline--fa fa-chevron-up disclosure-icon"
    -                   role="img"
    -                   xmlns="http://www.w3.org/2000/svg"
    -                   viewBox="0 0 512 512">
    -                   <path
    -                     fill="currentColor"
    -                     d="M233.4 105.4c12.5-12.5 32.8-12.5 45.3 0l192 192c12.5 12.5 12.5 32.8 0 45.3s-32.8 12.5-45.3 0L256 173.3 86.6 342.6c-12.5 12.5-32.8 12.5-45.3 0s-12.5-32.8 0-45.3l192-192z"></path>
    -                 </svg>
    -               </button>
    -             </h3>
    -             <div
    -               class="disclosure-content visible"
    -               role="region"
    -               id="disclosure-btn-controls-candidateReviewRuns-VoiceOver for macOS"
    -               aria-labelledby="disclosure-btn-candidateReviewRuns-VoiceOver for macOS">
    -               <div class="table-responsive">
    -                 <table
    -                   aria-label="VoiceOver for macOS"
    -                   class="table table-bordered">
    -                   <thead>
    -                     <tr>
    -                       <th>Candidate Test Plans</th>
    -                       <th class="centered-text">Last Updated</th>
    -                       <th class="centered-text">Target Completion Date</th>
    -                       <th class="centered-text">Review Status</th>
    -                       <th class="centered-text">Results Summary</th>
    -                     </tr>
    -                   </thead>
    -                   <tbody>
    -                     <tr>
    -                       <th>
    -                         <a href="/candidate-test-plan/24/3"
    -                           >Modal Dialog Example V22.05.26 (11 Tests)</a
    -                         >
    -                       </th>
    -                       <td class="centered-text vertical"><i>Jul 6, 2022</i></td>
    -                       <td class="centered-text vertical"><i>Jan 2, 2023</i></td>
    -                       <td class="centered-text vertical"></td>
    -                       <td class="centered-text vertical">
    -                         <a aria-label="97%" href="/candidate-test-plan/24/3"
    -                           ><div class="progress">
    -                             <div
    -                               class="front"
    -                               style="clip-path: inset(0px 0px 0px 97%)">
    -                               97%
    -                             </div>
    -                             <div class="back">97%</div>
    -                           </div></a
    -                         ><span class="cell-row"
    -                           ><i
    -                             ><b>3 assertions</b> failed across
    -                             <b>3 tests</b> run with <b>1 browser</b></i
    -                           ></span
    -                         >
    -                       </td>
    -                     </tr>
    -                   </tbody>
    -                 </table>
    -               </div>
    -             </div>
    -           </div>
    -           <h3>Review Status Summary</h3>
    -           <div class="table-responsive">
    -             <table class="table table-bordered">
    -               <thead>
    -                 <tr>
    -                   <th>Test Plan</th>
    -                   <th class="centered-text">JAWS</th>
    -                   <th class="centered-text">NVDA</th>
    -                   <th class="centered-text">VoiceOver for macOS</th>
    -                 </tr>
    -               </thead>
    -               <tbody>
    -                 <tr>
    -                   <td>Modal Dialog Example V22.05.26</td>
    -                   <td class="centered-text vertical">
    -                     <span class="status-text changes-requested"
    -                       ><svg
    -                         aria-hidden="true"
    -                         focusable="false"
    -                         data-prefix="fas"
    -                         data-icon="flag"
    -                         class="svg-inline--fa fa-flag"
    -                         role="img"
    -                         xmlns="http://www.w3.org/2000/svg"
    -                         viewBox="0 0 448 512">
    -                         <path
    -                           fill="currentColor"
    -                           d="M64 32C64 14.3 49.7 0 32 0S0 14.3 0 32V64 368 480c0 17.7 14.3 32 32 32s32-14.3 32-32V352l64.3-16.1c41.1-10.3 84.6-5.5 122.5 13.4c44.2 22.1 95.5 24.8 141.7 7.4l34.7-13c12.5-4.7 20.8-16.6 20.8-30V66.1c0-23-24.2-38-44.8-27.7l-9.6 4.8c-46.3 23.2-100.8 23.2-147.1 0c-35.1-17.6-75.4-22-113.5-12.5L64 48V32z"></path></svg
    -                       >Changes requested for 1 test</span
    -                     >
    -                   </td>
    -                   <td class="centered-text vertical"></td>
    -                   <td class="centered-text vertical"></td>
    -                 </tr>
    -               </tbody>
    -             </table>
    -           </div>
    +                 <a class="nav-link" href="/invalid-request"
    +                   >Sign in with GitHub</a
    +                 >
    +               </li>
    +             </div>
    +           </div>
    +         </nav>
    +       </div>
    +       <div class="container-fluid">
    +         <main id="main" tabindex="-1" class="container">
    +           <section class="invalid-request">
    +             <div><h1>Whoops! Unable to complete request</h1></div>
    +           </section>
              </main>
            </div>
            <span
              class="visually-hidden-aria-live-region"
              aria-live="polite"

      22 |
      23 |         const existingSnapshot = await fs.readFile(snapshotPath, 'utf-8');
    > 24 |         expect(currentSnapshot.trim()).toBe(existingSnapshot.trim());
         |                                        ^
      25 |       });
      26 |     });
      27 |   });

      at toBe (tests/e2e/snapshots/snapshotTest.e2e.test.js:24:40)
      at call (tests/e2e/snapshots/snapshotTest.e2e.test.js:2:1)
      at Generator.tryCatch (tests/e2e/snapshots/snapshotTest.e2e.test.js:2:1)
      at Generator._invoke [as next] (tests/e2e/snapshots/snapshotTest.e2e.test.js:2:1)
      at asyncGeneratorStep (tests/e2e/snapshots/snapshotTest.e2e.test.js:2:1)
      at asyncGeneratorStep (tests/e2e/snapshots/snapshotTest.e2e.test.js:2:1)

  ● Snapshot Comparison › should match snapshot for /data-management

    expect(received).toBe(expected) // Object.is equality

    - Expected  - 524
    + Received  +  80

    @@ -41,43 +41,12 @@
                      <a aria-current="false" class="nav-link" href="/test-queue"
                        >Test Queue</a
                      >
                    </li>
                    <li>
    -                 <a
    -                   aria-current="false"
    -                   class="nav-link"
    -                   href="/candidate-review"
    -                   >Candidate Review</a
    -                 >
    -               </li>
    -               <li>
    -                 <a
    -                   aria-current="false"
    -                   class="nav-link"
    -                   href="/account/settings"
    -                   >Settings</a
    -                 >
    -               </li>
    -               <li class="signed-in-wrapper">
    -                 <div class="signed-in" id="signed-in">
    -                   <svg
    -                     aria-hidden="true"
    -                     focusable="false"
    -                     data-prefix="fas"
    -                     data-icon="circle-user"
    -                     class="svg-inline--fa fa-circle-user"
    -                     role="img"
    -                     xmlns="http://www.w3.org/2000/svg"
    -                     viewBox="0 0 512 512">
    -                     <path
    -                       fill="currentColor"
    -                       d="M399 384.2C376.9 345.8 335.4 320 288 320H224c-47.4 0-88.9 25.8-111 64.2c35.2 39.2 86.2 63.8 143 63.8s107.8-24.7 143-63.8zM0 256a256 256 0 1 1 512 0A256 256 0 1 1 0 256zm256 16a72 72 0 1 0 0-144 72 72 0 1 0 0 144z"></path></svg
    -                   >Signed in as <b>joe-the-admin</b>
    -                 </div>
    -                 <a aria-describedby="signed-in" class="nav-link" href="/"
    -                   >Sign out</a
    +                 <a class="nav-link" href="/data-management"
    +                   >Sign in with GitHub</a
                      >
                    </li>
                  </div>
                </div>
              </nav>
    @@ -89,287 +58,12 @@
                <p data-testid="data-management-instructions">
                  This page provides a view of the latest test plan version
                  information, and where they currently are in the
                  <a href="https://github.com/w3c/aria-at/wiki/Working-Mode"
                    >ARIA-AT Community Group’s review process</a
    -             >.<br />Use this page to manage Test Plans in the Test Queue and
    -             their phases.
    +             >.
                </p>
    -           <div class="disclosure-container stacked">
    -             <h3 class="disclosure-heading">
    -               <button
    -                 class="disclosure-button stacked"
    -                 id="disclosure-btn-manageTestQueue-Manage Assistive Technology Versions"
    -                 type="button"
    -                 aria-expanded="false"
    -                 aria-controls="disclosure-btn-controls-manageTestQueue-Manage Assistive Technology Versions">
    -                 Manage Assistive Technology Versions<svg
    -                   aria-hidden="true"
    -                   focusable="false"
    -                   data-prefix="fas"
    -                   data-icon="chevron-down"
    -                   class="svg-inline--fa fa-chevron-down disclosure-icon"
    -                   role="img"
    -                   xmlns="http://www.w3.org/2000/svg"
    -                   viewBox="0 0 512 512">
    -                   <path
    -                     fill="currentColor"
    -                     d="M233.4 406.6c12.5 12.5 32.8 12.5 45.3 0l192-192c12.5-12.5 12.5-32.8 0-45.3s-32.8-12.5-45.3 0L256 338.7 86.6 169.4c-12.5-12.5-32.8-12.5-45.3 0s-12.5 32.8 0 45.3l192 192z"></path>
    -                 </svg>
    -               </button>
    -             </h3>
    -             <div
    -               class="disclosure-content hidden stacked"
    -               role="region"
    -               id="disclosure-btn-controls-manageTestQueue-Manage Assistive Technology Versions"
    -               aria-labelledby="disclosure-btn-manageTestQueue-Manage Assistive Technology Versions">
    -               <div class="manage-disclosure-container">
    -                 <span
    -                   >Select an assistive technology and manage its versions in the
    -                   ARIA-AT App</span
    -                 >
    -                 <div class="disclosure-row-manage-ats">
    -                   <div class="ats-container form-group">
    -                     <label class="disclosure-form-label form-label"
    -                       >Assistive Technology</label
    -                     ><select class="form-select">
    -                       <option value="1">JAWS</option>
    -                       <option value="2">NVDA</option>
    -                       <option value="3">VoiceOver for macOS</option>
    -                     </select>
    -                   </div>
    -                   <div class="at-versions-container">
    -                     <div class="form-group">
    -                       <label class="disclosure-form-label form-label"
    -                         >Available Versions</label
    -                       ><select class="form-select">
    -                         <option value="1">2021.2111.13</option>
    -                       </select>
    -                     </div>
    -                     <div class="disclosure-buttons-row">
    -                       <button>Add a New Version</button
    -                       ><button>
    -                         <svg
    -                           aria-hidden="true"
    -                           focusable="false"
    -                           data-prefix="fas"
    -                           data-icon="pen-to-square"
    -                           class="svg-inline--fa fa-pen-to-square"
    -                           role="img"
    -                           xmlns="http://www.w3.org/2000/svg"
    -                           viewBox="0 0 512 512">
    -                           <path
    -                             fill="currentColor"
    -                             d="M471.6 21.7c-21.9-21.9-57.3-21.9-79.2 0L362.3 51.7l97.9 97.9 30.1-30.1c21.9-21.9 21.9-57.3 0-79.2L471.6 21.7zm-299.2 220c-6.1 6.1-10.8 13.6-13.5 21.9l-29.6 88.8c-2.9 8.6-.6 18.1 5.8 24.6s15.9 8.7 24.6 5.8l88.8-29.6c8.2-2.7 15.7-7.4 21.9-13.5L437.7 172.3 339.7 74.3 172.4 241.7zM96 64C43 64 0 107 0 160V416c0 53 43 96 96 96H352c53 0 96-43 96-96V320c0-17.7-14.3-32-32-32s-32 14.3-32 32v96c0 17.7-14.3 32-32 32H96c-17.7 0-32-14.3-32-32V160c0-17.7 14.3-32 32-32h96c17.7 0 32-14.3 32-32s-14.3-32-32-32H96z"></path></svg
    -                         >Edit</button
    -                       ><button>
    -                         <svg
    -                           aria-hidden="true"
    -                           focusable="false"
    -                           data-prefix="fas"
    -                           data-icon="trash-can"
    -                           class="svg-inline--fa fa-trash-can"
    -                           role="img"
    -                           xmlns="http://www.w3.org/2000/svg"
    -                           viewBox="0 0 448 512">
    -                           <path
    -                             fill="currentColor"
    -                             d="M135.2 17.7C140.6 6.8 151.7 0 163.8 0H284.2c12.1 0 23.2 6.8 28.6 17.7L320 32h96c17.7 0 32 14.3 32 32s-14.3 32-32 32H32C14.3 96 0 81.7 0 64S14.3 32 32 32h96l7.2-14.3zM32 128H416V448c0 35.3-28.7 64-64 64H96c-35.3 0-64-28.7-64-64V128zm96 64c-8.8 0-16 7.2-16 16V432c0 8.8 7.2 16 16 16s16-7.2 16-16V208c0-8.8-7.2-16-16-16zm96 0c-8.8 0-16 7.2-16 16V432c0 8.8 7.2 16 16 16s16-7.2 16-16V208c0-8.8-7.2-16-16-16zm96 0c-8.8 0-16 7.2-16 16V432c0 8.8 7.2 16 16 16s16-7.2 16-16V208c0-8.8-7.2-16-16-16z"></path></svg
    -                         >Remove
    -                       </button>
    -                     </div>
    -                   </div>
    -                 </div>
    -               </div>
    -             </div>
    -             <h3 class="disclosure-heading">
    -               <button
    -                 class="disclosure-button stacked"
    -                 id="disclosure-btn-manageTestQueue-Add Test Plans to the Test Queue"
    -                 type="button"
    -                 aria-expanded="false"
    -                 aria-controls="disclosure-btn-controls-manageTestQueue-Add Test Plans to the Test Queue">
    -                 Add Test Plans to the Test Queue<svg
    -                   aria-hidden="true"
    -                   focusable="false"
    -                   data-prefix="fas"
    -                   data-icon="chevron-down"
    -                   class="svg-inline--fa fa-chevron-down disclosure-icon"
    -                   role="img"
    -                   xmlns="http://www.w3.org/2000/svg"
    -                   viewBox="0 0 512 512">
    -                   <path
    -                     fill="currentColor"
    -                     d="M233.4 406.6c12.5 12.5 32.8 12.5 45.3 0l192-192c12.5-12.5 12.5-32.8 0-45.3s-32.8-12.5-45.3 0L256 338.7 86.6 169.4c-12.5-12.5-32.8-12.5-45.3 0s-12.5 32.8 0 45.3l192 192z"></path>
    -                 </svg>
    -               </button>
    -             </h3>
    -             <div
    -               class="disclosure-content hidden stacked"
    -               role="region"
    -               id="disclosure-btn-controls-manageTestQueue-Add Test Plans to the Test Queue"
    -               aria-labelledby="disclosure-btn-manageTestQueue-Add Test Plans to the Test Queue">
    -               <div class="manage-disclosure-container">
    -                 <span
    -                   >Select a test plan, assistive technology and browser to add a
    -                   new test plan report to the test queue.</span
    -                 >
    -                 <div class="disclosure-row-test-plans">
    -                   <div class="form-group">
    -                     <label class="disclosure-form-label form-label"
    -                       >Test Plan</label
    -                     ><select class="form-select">
    -                       <option value="81">Accordion</option>
    -                       <option value="89">
    -                         Action Menu Button Example Using aria-activedescendant
    -                       </option>
    -                       <option value="88">
    -                         Action Menu Button Example Using element.focus()
    -                       </option>
    -                       <option value="82">Alert Example</option>
    -                       <option value="34">Banner Landmark</option>
    -                       <option value="66">Breadcrumb Example</option>
    -                       <option value="67">Checkbox Example (Mixed-State)</option>
    -                       <option value="36">Checkbox Example (Two State)</option>
    -                       <option value="85">Color Viewer Slider</option>
    -                       <option value="38">
    -                         Combobox with Both List and Inline Autocomplete Example
    -                       </option>
    -                       <option value="83">Command Button Example</option>
    -                       <option value="41">Complementary Landmark</option>
    -                       <option value="42">Contentinfo Landmark</option>
    -                       <option value="55">
    -                         Data Grid Example 1: Minimal Data Grid
    -                       </option>
    -                       <option value="43">
    -                         Date Picker Spin Button Example
    -                       </option>
    -                       <option value="84">
    -                         Disclosure Navigation Menu Example
    -                       </option>
    -                       <option value="44">
    -                         Disclosure of Answers to Frequently Asked Questions
    -                         Example
    -                       </option>
    -                       <option value="53">Editor Menubar Example</option>
    -                       <option value="46">Form Landmark</option>
    -                       <option value="75">Horizontal Multi-Thumb Slider</option>
    -                       <option value="78">
    -                         Link Example 1 (span element with text content)
    -                       </option>
    -                       <option value="87">
    -                         Link Example 2 (img element with alt attribute)
    -                       </option>
    -                       <option value="86">
    -                         Link Example 3 (CSS :before content property on a span
    -                         element)
    -                       </option>
    -                       <option value="49">Main Landmark</option>
    -                       <option value="95">Media Seek Slider</option>
    -                       <option value="54">Meter</option>
    -                       <option value="91">Modal Dialog Example</option>
    -                       <option value="90">Navigation Menu Button</option>
    -                       <option value="93">
    -                         Radio Group Example Using Roving tabindex
    -                       </option>
    -                       <option value="92">
    -                         Radio Group Example Using aria-activedescendant
    -                       </option>
    -                       <option value="94">Rating Radio Group</option>
    -                       <option value="59">Rating Slider</option>
    -                       <option value="7">Select Only Combobox Example</option>
    -                       <option value="61">Switch Example</option>
    -                       <option value="62">Tabs with Manual Activation</option>
    -                       <option value="96">Toggle Button</option>
    -                       <option value="97">Vertical Temperature Slider</option>
    -                     </select>
    -                   </div>
    -                   <div class="form-group">
    -                     <label class="disclosure-form-label form-label"
    -                       >Test Plan Version</label
    -                     ><select
    -                       disabled=""
    -                       aria-disabled="true"
    -                       class="form-select">
    -                       <option>Versions in R&amp;D or Deprecated</option>
    -                     </select>
    -                   </div>
    -                   <div></div>
    -                   <div class="form-group">
    -                     <label class="disclosure-form-label form-label"
    -                       >Assistive Technology</label
    -                     ><select class="form-select">
    -                       <option value="" disabled="">
    -                         Select an Assistive Technology
    -                       </option>
    -                       <option value="1">JAWS</option>
    -                       <option value="2">NVDA</option>
    -                       <option value="3">VoiceOver for macOS</option>
    -                     </select>
    -                   </div>
    -                   <div class="form-group">
    -                     <label class="disclosure-form-label form-label"
    -                       >Assistive Technology Version</label
    -                     >
    -                     <div class="form-group-at-version">
    -                       <div class="d-flex">
    -                         <label class="radio-box-label apply-checked-style"
    -                           ><input
    -                             type="radio"
    -                             name="atVersion"
    -                             class="radio-box-input"
    -                             checked="" /><span style="position: relative"
    -                             ><span style="position: absolute; font-weight: bold"
    -                               >Exact Version</span
    -                             ><span
    -                               aria-hidden="true"
    -                               style="font-weight: bold; opacity: 0"
    -                               >Exact Version</span
    -                             ></span
    -                           ></label
    -                         ><label class="radio-box-label"
    -                           ><input
    -                             type="radio"
    -                             name="atVersion"
    -                             class="radio-box-input" /><span
    -                             style="position: relative"
    -                             ><span
    -                               style="position: absolute; font-weight: normal"
    -                               >Minimum Version</span
    -                             ><span
    -                               aria-hidden="true"
    -                               style="font-weight: bold; opacity: 0"
    -                               >Minimum Version</span
    -                             ></span
    -                           ></label
    -                         >
    -                       </div>
    -                       <select disabled="" class="form-select">
    -                         <option value="" disabled="">Select AT Version</option>
    -                       </select>
    -                     </div>
    -                   </div>
    -                   <div class="form-group">
    -                     <label class="disclosure-form-label form-label"
    -                       >Browser</label
    -                     ><select disabled="" class="form-select">
    -                       <option value="" disabled="">Select a Browser</option>
    -                     </select>
    -                   </div>
    -                 </div>
    -                 <button
    -                   type="button"
    -                   disabled=""
    -                   data-testid="add-button"
    -                   class="w-auto btn btn-secondary">
    -                   Add to Test Queue
    -                 </button>
    -                 <div></div>
    -                 <div></div>
    -               </div>
    -             </div>
    -           </div>
                <h2>Test Plans Status Summary</h2>
                <ul
                  class="d-flex align-items-center my-3"
                  aria-label="Filter tests plans by status"
                  role="group">
    @@ -740,11 +434,11 @@
                            >
                          </div>
                        </td>
                        <td><span class="none centered absolute">N/A</span></td>
                        <td>
    -                     <div class="phase-cell" role="list" aria-setsize="3">
    +                     <div class="phase-cell" role="list" aria-setsize="2">
                            <span class="styled-pill full-width auto-width"
                              ><a href="/test-review/91"
                                ><span
                                  ><svg
                                    aria-hidden="true"
    @@ -776,11 +470,11 @@
                              <div></div
                            ></span>
                          </div>
                        </td>
                        <td>
    -                     <div class="phase-cell" role="list" aria-setsize="5">
    +                     <div class="phase-cell" role="list" aria-setsize="4">
                            <span class="styled-pill full-width auto-width"
                              ><a href="/test-review/24"
                                ><span
                                  ><svg
                                    aria-hidden="true"
    @@ -796,14 +490,10 @@
                                      fill="currentColor"
                                      d="M256 512A256 256 0 1 0 256 0a256 256 0 1 0 0 512zM369 209L241 337c-9.4 9.4-24.6 9.4-33.9 0l-64-64c-9.4-9.4-9.4-24.6 0-33.9s24.6-9.4 33.9 0l47 47L335 175c9.4-9.4 24.6-9.4 33.9 0s9.4 24.6 0 33.9z"></path></svg
                                  ><b>V22.05.26</b></span
                                ></a
                              ></span
    -                       ><button
    -                         type="button"
    -                         class="advance-button btn btn-secondary">
    -                         Advance to Recommended</button
                            ><span role="listitem"
                              ><button
                                type="button"
                                class="test-plan-report-status-dialog-button btn btn-primary">
                                <span
    @@ -818,12 +508,14 @@
                                ><span class="report-status-dot issues"></span
                                ><a href="/data-management/modal-dialog#github-issues"
                                  >2 Open Issues</a
                                >
                                from 2 ATs</span
    -                         ><span class="target-days-container"></span
    -                       ></span>
    +                         ><span class="target-days-container"
    +                           >Target&nbsp;<b>924 Days</b>&nbsp;Past</span
    +                         ></span
    +                       >
                          </div>
                        </td>
                        <td><span class="none centered absolute">None Yet</span></td>
                      </tr>
                      <tr aria-rowindex="3">
    @@ -847,11 +539,11 @@
                              Progress</span
                            >
                          </div>
                        </td>
                        <td>
    -                     <div class="phase-cell" role="list" aria-setsize="2">
    +                     <div class="phase-cell" role="list" aria-setsize="1">
                            <span class="styled-pill full-width auto-width"
                              ><a href="/test-review/82"
                                ><span
                                  ><svg
                                    aria-hidden="true"
    @@ -867,19 +559,15 @@
                                      fill="currentColor"
                                      d="M256 512A256 256 0 1 0 256 0a256 256 0 1 0 0 512zM369 209L241 337c-9.4 9.4-24.6 9.4-33.9 0l-64-64c-9.4-9.4-9.4-24.6 0-33.9s24.6-9.4 33.9 0l47 47L335 175c9.4-9.4 24.6-9.4 33.9 0s9.4 24.6 0 33.9z"></path></svg
                                  ><b>V24.04.26</b></span
                                ></a
                              ></span
    -                       ><button
    -                         type="button"
    -                         class="advance-button btn btn-secondary">
    -                         Advance to Draft
    -                       </button>
    +                       >
                          </div>
                        </td>
                        <td>
    -                     <div class="phase-cell" role="list" aria-setsize="3">
    +                     <div class="phase-cell" role="list" aria-setsize="2">
                            <span class="styled-pill full-width auto-width"
                              ><a href="/test-review/1"
                                ><span
                                  ><svg
                                    aria-hidden="true"
    @@ -936,11 +624,11 @@
                            </p>
                          </div>
                        </td>
                        <td><span class="none centered absolute">N/A</span></td>
                        <td>
    -                     <div class="phase-cell" role="list" aria-setsize="3">
    +                     <div class="phase-cell" role="list" aria-setsize="2">
                            <span class="styled-pill full-width auto-width"
                              ><a href="/test-review/85"
                                ><span
                                  ><svg
                                    aria-hidden="true"
    @@ -1001,11 +689,11 @@
                              Progress</span
                            >
                          </div>
                        </td>
                        <td>
    -                     <div class="phase-cell" role="list" aria-setsize="2">
    +                     <div class="phase-cell" role="list" aria-setsize="1">
                            <span class="styled-pill full-width auto-width"
                              ><a href="/test-review/83"
                                ><span
                                  ><svg
                                    aria-hidden="true"
    @@ -1021,19 +709,15 @@
                                      fill="currentColor"
                                      d="M256 512A256 256 0 1 0 256 0a256 256 0 1 0 0 512zM369 209L241 337c-9.4 9.4-24.6 9.4-33.9 0l-64-64c-9.4-9.4-9.4-24.6 0-33.9s24.6-9.4 33.9 0l47 47L335 175c9.4-9.4 24.6-9.4 33.9 0s9.4 24.6 0 33.9z"></path></svg
                                  ><b>V24.03.12</b></span
                                ></a
                              ></span
    -                       ><button
    -                         type="button"
    -                         class="advance-button btn btn-secondary">
    -                         Advance to Draft
    -                       </button>
    +                       >
                          </div>
                        </td>
                        <td>
    -                     <div class="phase-cell" role="list" aria-setsize="3">
    +                     <div class="phase-cell" role="list" aria-setsize="2">
                            <span class="styled-pill full-width auto-width"
                              ><a href="/test-review/68"
                                ><span
                                  ><svg
                                    aria-hidden="true"
    @@ -1049,14 +733,10 @@
                                      fill="currentColor"
                                      d="M256 512A256 256 0 1 0 256 0a256 256 0 1 0 0 512zM369 209L241 337c-9.4 9.4-24.6 9.4-33.9 0l-64-64c-9.4-9.4-9.4-24.6 0-33.9s24.6-9.4 33.9 0l47 47L335 175c9.4-9.4 24.6-9.4 33.9 0s9.4 24.6 0 33.9z"></path></svg
                                  ><b>V23.12.06</b></span
                                ></a
                              ></span
    -                       ><button
    -                         type="button"
    -                         class="advance-button btn btn-secondary">
    -                         Advance to Candidate</button
                            ><span role="listitem"
                              ><button
                                type="button"
                                class="test-plan-report-status-dialog-button btn btn-primary">
                                <span
    @@ -1097,11 +777,11 @@
                              Progress</span
                            >
                          </div>
                        </td>
                        <td>
    -                     <div class="phase-cell" role="list" aria-setsize="2">
    +                     <div class="phase-cell" role="list" aria-setsize="1">
                            <span class="styled-pill full-width auto-width"
                              ><a href="/test-review/39"
                                ><span
                                  ><svg
                                    aria-hidden="true"
    @@ -1117,19 +797,15 @@
                                      fill="currentColor"
                                      d="M256 512A256 256 0 1 0 256 0a256 256 0 1 0 0 512zM369 209L241 337c-9.4 9.4-24.6 9.4-33.9 0l-64-64c-9.4-9.4-9.4-24.6 0-33.9s24.6-9.4 33.9 0l47 47L335 175c9.4-9.4 24.6-9.4 33.9 0s9.4 24.6 0 33.9z"></path></svg
                                  ><b>V22.03.17-1</b></span
                                ></a
                              ></span
    -                       ><button
    -                         type="button"
    -                         class="advance-button btn btn-secondary">
    -                         Advance to Draft
    -                       </button>
    +                       >
                          </div>
                        </td>
                        <td>
    -                     <div class="phase-cell" role="list" aria-setsize="3">
    +                     <div class="phase-cell" role="list" aria-setsize="2">
                            <span class="styled-pill full-width auto-width"
                              ><a href="/test-review/7"
                                ><span
                                  ><svg
                                    aria-hidden="true"
    @@ -1189,11 +865,11 @@
                              Progress</span
                            >
                          </div>
                        </td>
                        <td>
    -                     <div class="phase-cell" role="list" aria-setsize="2">
    +                     <div class="phase-cell" role="list" aria-setsize="1">
                            <span class="styled-pill full-width auto-width"
                              ><a href="/test-review/96"
                                ><span
                                  ><svg
                                    aria-hidden="true"
    @@ -1209,19 +885,15 @@
                                      fill="currentColor"
                                      d="M256 512A256 256 0 1 0 256 0a256 256 0 1 0 0 512zM369 209L241 337c-9.4 9.4-24.6 9.4-33.9 0l-64-64c-9.4-9.4-9.4-24.6 0-33.9s24.6-9.4 33.9 0l47 47L335 175c9.4-9.4 24.6-9.4 33.9 0s9.4 24.6 0 33.9z"></path></svg
                                  ><b>V24.10.22</b></span
                                ></a
                              ></span
    -                       ><button
    -                         type="button"
    -                         class="advance-button btn btn-secondary">
    -                         Advance to Draft
    -                       </button>
    +                       >
                          </div>
                        </td>
                        <td>
    -                     <div class="phase-cell" role="list" aria-setsize="3">
    +                     <div class="phase-cell" role="list" aria-setsize="2">
                            <span class="styled-pill full-width auto-width"
                              ><a href="/test-review/31"
                                ><span
                                  ><svg
                                    aria-hidden="true"
    @@ -1273,11 +945,11 @@
                            <span class="pill full-width rd">R&amp;D</span>
                            <p class="review-text">Complete <b>Jun 23, 2025</b></p>
                          </div>
                        </td>
                        <td>
    -                     <div class="phase-cell" role="list" aria-setsize="2">
    +                     <div class="phase-cell" role="list" aria-setsize="1">
                            <span class="styled-pill full-width auto-width"
                              ><a href="/test-review/81"
                                ><span
                                  ><svg
                                    aria-hidden="true"
    @@ -1293,15 +965,11 @@
                                      fill="currentColor"
                                      d="M256 512A256 256 0 1 0 256 0a256 256 0 1 0 0 512zM369 209L241 337c-9.4 9.4-24.6 9.4-33.9 0l-64-64c-9.4-9.4-9.4-24.6 0-33.9s24.6-9.4 33.9 0l47 47L335 175c9.4-9.4 24.6-9.4 33.9 0s9.4 24.6 0 33.9z"></path></svg
                                  ><b>V25.06.23</b></span
                                ></a
                              ></span
    -                       ><button
    -                         type="button"
    -                         class="advance-button btn btn-secondary">
    -                         Advance to Draft
    -                       </button>
    +                       >
                          </div>
                        </td>
                        <td>
                          <span class="none centered absolute">Not Started</span>
                        </td>
    @@ -1329,11 +997,11 @@
                            <span class="pill full-width rd">R&amp;D</span>
                            <p class="review-text">Complete <b>Feb 13, 2025</b></p>
                          </div>
                        </td>
                        <td>
    -                     <div class="phase-cell" role="list" aria-setsize="2">
    +                     <div class="phase-cell" role="list" aria-setsize="1">
                            <span class="styled-pill full-width auto-width"
                              ><a href="/test-review/88"
                                ><span
                                  ><svg
                                    aria-hidden="true"
    @@ -1349,15 +1017,11 @@
                                      fill="currentColor"
                                      d="M256 512A256 256 0 1 0 256 0a256 256 0 1 0 0 512zM369 209L241 337c-9.4 9.4-24.6 9.4-33.9 0l-64-64c-9.4-9.4-9.4-24.6 0-33.9s24.6-9.4 33.9 0l47 47L335 175c9.4-9.4 24.6-9.4 33.9 0s9.4 24.6 0 33.9z"></path></svg
                                  ><b>V25.02.13</b></span
                                ></a
                              ></span
    -                       ><button
    -                         type="button"
    -                         class="advance-button btn btn-secondary">
    -                         Advance to Draft
    -                       </button>
    +                       >
                          </div>
                        </td>
                        <td>
                          <span class="none centered absolute">Not Started</span>
                        </td>
    @@ -1381,11 +1045,11 @@
                            <span class="pill full-width rd">R&amp;D</span>
                            <p class="review-text">Complete <b>Mar 17, 2022</b></p>
                          </div>
                        </td>
                        <td>
    -                     <div class="phase-cell" role="list" aria-setsize="2">
    +                     <div class="phase-cell" role="list" aria-setsize="1">
                            <span class="styled-pill full-width auto-width"
                              ><a href="/test-review/34"
                                ><span
                                  ><svg
                                    aria-hidden="true"
    @@ -1401,15 +1065,11 @@
                                      fill="currentColor"
                                      d="M256 512A256 256 0 1 0 256 0a256 256 0 1 0 0 512zM369 209L241 337c-9.4 9.4-24.6 9.4-33.9 0l-64-64c-9.4-9.4-9.4-24.6 0-33.9s24.6-9.4 33.9 0l47 47L335 175c9.4-9.4 24.6-9.4 33.9 0s9.4 24.6 0 33.9z"></path></svg
                                  ><b>V22.03.17-1</b></span
                                ></a
                              ></span
    -                       ><button
    -                         type="button"
    -                         class="advance-button btn btn-secondary">
    -                         Advance to Draft
    -                       </button>
    +                       >
                          </div>
                        </td>
                        <td>
                          <span class="none centered absolute">Not Started</span>
                        </td>
    @@ -1435,11 +1095,11 @@
                            <span class="pill full-width rd">R&amp;D</span>
                            <p class="review-text">Complete <b>Aug 23, 2023</b></p>
                          </div>
                        </td>
                        <td>
    -                     <div class="phase-cell" role="list" aria-setsize="2">
    +                     <div class="phase-cell" role="list" aria-setsize="1">
                            <span class="styled-pill full-width auto-width"
                              ><a href="/test-review/66"
                                ><span
                                  ><svg
                                    aria-hidden="true"
    @@ -1455,15 +1115,11 @@
                                      fill="currentColor"
                                      d="M256 512A256 256 0 1 0 256 0a256 256 0 1 0 0 512zM369 209L241 337c-9.4 9.4-24.6 9.4-33.9 0l-64-64c-9.4-9.4-9.4-24.6 0-33.9s24.6-9.4 33.9 0l47 47L335 175c9.4-9.4 24.6-9.4 33.9 0s9.4 24.6 0 33.9z"></path></svg
                                  ><b>V23.08.23</b></span
                                ></a
                              ></span
    -                       ><button
    -                         type="button"
    -                         class="advance-button btn btn-secondary">
    -                         Advance to Draft
    -                       </button>
    +                       >
                          </div>
                        </td>
                        <td>
                          <span class="none centered absolute">Not Started</span>
                        </td>
    @@ -1489,11 +1145,11 @@
                            <span class="pill full-width rd">R&amp;D</span>
                            <p class="review-text">Complete <b>Mar 17, 2022</b></p>
                          </div>
                        </td>
                        <td>
    -                     <div class="phase-cell" role="list" aria-setsize="2">
    +                     <div class="phase-cell" role="list" aria-setsize="1">
                            <span class="styled-pill full-width auto-width"
                              ><a href="/test-review/36"
                                ><span
                                  ><svg
                                    aria-hidden="true"
    @@ -1509,15 +1165,11 @@
                                      fill="currentColor"
                                      d="M256 512A256 256 0 1 0 256 0a256 256 0 1 0 0 512zM369 209L241 337c-9.4 9.4-24.6 9.4-33.9 0l-64-64c-9.4-9.4-9.4-24.6 0-33.9s24.6-9.4 33.9 0l47 47L335 175c9.4-9.4 24.6-9.4 33.9 0s9.4 24.6 0 33.9z"></path></svg
                                  ><b>V22.03.17-1</b></span
                                ></a
                              ></span
    -                       ><button
    -                         type="button"
    -                         class="advance-button btn btn-secondary">
    -                         Advance to Draft
    -                       </button>
    +                       >
                          </div>
                        </td>
                        <td>
                          <span class="none centered absolute">Not Started</span>
                        </td>
    @@ -1547,11 +1199,11 @@
                            <span class="pill full-width rd">R&amp;D</span>
                            <p class="review-text">Complete <b>Mar 29, 2022</b></p>
                          </div>
                        </td>
                        <td>
    -                     <div class="phase-cell" role="list" aria-setsize="2">
    +                     <div class="phase-cell" role="list" aria-setsize="1">
                            <span class="styled-pill full-width auto-width"
                              ><a href="/test-review/38"
                                ><span
                                  ><svg
                                    aria-hidden="true"
    @@ -1567,15 +1219,11 @@
                                      fill="currentColor"
                                      d="M256 512A256 256 0 1 0 256 0a256 256 0 1 0 0 512zM369 209L241 337c-9.4 9.4-24.6 9.4-33.9 0l-64-64c-9.4-9.4-9.4-24.6 0-33.9s24.6-9.4 33.9 0l47 47L335 175c9.4-9.4 24.6-9.4 33.9 0s9.4 24.6 0 33.9z"></path></svg
                                  ><b>V22.03.29-1</b></span
                                ></a
                              ></span
    -                       ><button
    -                         type="button"
    -                         class="advance-button btn btn-secondary">
    -                         Advance to Draft
    -                       </button>
    +                       >
                          </div>
                        </td>
                        <td>
                          <span class="none centered absolute">Not Started</span>
                        </td>
    @@ -1601,11 +1249,11 @@
                            <span class="pill full-width rd">R&amp;D</span>
                            <p class="review-text">Complete <b>Mar 17, 2022</b></p>
                          </div>
                        </td>
                        <td>
    -                     <div class="phase-cell" role="list" aria-setsize="2">
    +                     <div class="phase-cell" role="list" aria-setsize="1">
                            <span class="styled-pill full-width auto-width"
                              ><a href="/test-review/41"
                                ><span
                                  ><svg
                                    aria-hidden="true"
    @@ -1621,15 +1269,11 @@
                                      fill="currentColor"
                                      d="M256 512A256 256 0 1 0 256 0a256 256 0 1 0 0 512zM369 209L241 337c-9.4 9.4-24.6 9.4-33.9 0l-64-64c-9.4-9.4-9.4-24.6 0-33.9s24.6-9.4 33.9 0l47 47L335 175c9.4-9.4 24.6-9.4 33.9 0s9.4 24.6 0 33.9z"></path></svg
                                  ><b>V22.03.17-1</b></span
                                ></a
                              ></span
    -                       ><button
    -                         type="button"
    -                         class="advance-button btn btn-secondary">
    -                         Advance to Draft
    -                       </button>
    +                       >
                          </div>
                        </td>
                        <td>
                          <span class="none centered absolute">Not Started</span>
                        </td>
    @@ -1655,11 +1299,11 @@
                            <span class="pill full-width rd">R&amp;D</span>
                            <p class="review-text">Complete <b>Mar 17, 2022</b></p>
                          </div>
                        </td>
                        <td>
    -                     <div class="phase-cell" role="list" aria-setsize="2">
    +                     <div class="phase-cell" role="list" aria-setsize="1">
                            <span class="styled-pill full-width auto-width"
                              ><a href="/test-review/42"
                                ><span
                                  ><svg
                                    aria-hidden="true"
    @@ -1675,15 +1319,11 @@
                                      fill="currentColor"
                                      d="M256 512A256 256 0 1 0 256 0a256 256 0 1 0 0 512zM369 209L241 337c-9.4 9.4-24.6 9.4-33.9 0l-64-64c-9.4-9.4-9.4-24.6 0-33.9s24.6-9.4 33.9 0l47 47L335 175c9.4-9.4 24.6-9.4 33.9 0s9.4 24.6 0 33.9z"></path></svg
                                  ><b>V22.03.17-1</b></span
                                ></a
                              ></span
    -                       ><button
    -                         type="button"
    -                         class="advance-button btn btn-secondary">
    -                         Advance to Draft
    -                       </button>
    +                       >
                          </div>
                        </td>
                        <td>
                          <span class="none centered absolute">Not Started</span>
                        </td>
    @@ -1709,11 +1349,11 @@
                            <span class="pill full-width rd">R&amp;D</span>
                            <p class="review-text">Complete <b>Mar 17, 2022</b></p>
                          </div>
                        </td>
                        <td>
    -                     <div class="phase-cell" role="list" aria-setsize="2">
    +                     <div class="phase-cell" role="list" aria-setsize="1">
                            <span class="styled-pill full-width auto-width"
                              ><a href="/test-review/55"
                                ><span
                                  ><svg
                                    aria-hidden="true"
    @@ -1729,15 +1369,11 @@
                                      fill="currentColor"
                                      d="M256 512A256 256 0 1 0 256 0a256 256 0 1 0 0 512zM369 209L241 337c-9.4 9.4-24.6 9.4-33.9 0l-64-64c-9.4-9.4-9.4-24.6 0-33.9s24.6-9.4 33.9 0l47 47L335 175c9.4-9.4 24.6-9.4 33.9 0s9.4 24.6 0 33.9z"></path></svg
                                  ><b>V22.03.17-1</b></span
                                ></a
                              ></span
    -                       ><button
    -                         type="button"
    -                         class="advance-button btn btn-secondary">
    -                         Advance to Draft
    -                       </button>
    +                       >
                          </div>
                        </td>
                        <td>
                          <span class="none centered absolute">Not Started</span>
                        </td>
    @@ -1763,11 +1399,11 @@
                            <span class="pill full-width rd">R&amp;D</span>
                            <p class="review-text">Complete <b>Mar 17, 2022</b></p>
                          </div>
                        </td>
                        <td>
    -                     <div class="phase-cell" role="list" aria-setsize="2">
    +                     <div class="phase-cell" role="list" aria-setsize="1">
                            <span class="styled-pill full-width auto-width"
                              ><a href="/test-review/43"
                                ><span
                                  ><svg
                                    aria-hidden="true"
    @@ -1783,15 +1419,11 @@
                                      fill="currentColor"
                                      d="M256 512A256 256 0 1 0 256 0a256 256 0 1 0 0 512zM369 209L241 337c-9.4 9.4-24.6 9.4-33.9 0l-64-64c-9.4-9.4-9.4-24.6 0-33.9s24.6-9.4 33.9 0l47 47L335 175c9.4-9.4 24.6-9.4 33.9 0s9.4 24.6 0 33.9z"></path></svg
                                  ><b>V22.03.17-1</b></span
                                ></a
                              ></span
    -                       ><button
    -                         type="button"
    -                         class="advance-button btn btn-secondary">
    -                         Advance to Draft
    -                       </button>
    +                       >
                          </div>
                        </td>
                        <td>
                          <span class="none centered absolute">Not Started</span>
                        </td>
    @@ -1817,11 +1449,11 @@
                            <span class="pill full-width rd">R&amp;D</span>
                            <p class="review-text">Complete <b>Mar 6, 2025</b></p>
                          </div>
                        </td>
                        <td>
    -                     <div class="phase-cell" role="list" aria-setsize="2">
    +                     <div class="phase-cell" role="list" aria-setsize="1">
                            <span class="styled-pill full-width auto-width"
                              ><a href="/test-review/84"
                                ><span
                                  ><svg
                                    aria-hidden="true"
    @@ -1837,15 +1469,11 @@
                                      fill="currentColor"
                                      d="M256 512A256 256 0 1 0 256 0a256 256 0 1 0 0 512zM369 209L241 337c-9.4 9.4-24.6 9.4-33.9 0l-64-64c-9.4-9.4-9.4-24.6 0-33.9s24.6-9.4 33.9 0l47 47L335 175c9.4-9.4 24.6-9.4 33.9 0s9.4 24.6 0 33.9z"></path></svg
                                  ><b>V25.03.06</b></span
                                ></a
                              ></span
    -                       ><button
    -                         type="button"
    -                         class="advance-button btn btn-secondary">
    -                         Advance to Draft
    -                       </button>
    +                       >
                          </div>
                        </td>
                        <td>
                          <span class="none centered absolute">Not Started</span>
                        </td>
    @@ -1874,11 +1502,11 @@
                            <span class="pill full-width rd">R&amp;D</span>
                            <p class="review-text">Complete <b>Mar 17, 2022</b></p>
                          </div>
                        </td>
                        <td>
    -                     <div class="phase-cell" role="list" aria-setsize="2">
    +                     <div class="phase-cell" role="list" aria-setsize="1">
                            <span class="styled-pill full-width auto-width"
                              ><a href="/test-review/44"
                                ><span
                                  ><svg
                                    aria-hidden="true"
    @@ -1894,15 +1522,11 @@
                                      fill="currentColor"
                                      d="M256 512A256 256 0 1 0 256 0a256 256 0 1 0 0 512zM369 209L241 337c-9.4 9.4-24.6 9.4-33.9 0l-64-64c-9.4-9.4-9.4-24.6 0-33.9s24.6-9.4 33.9 0l47 47L335 175c9.4-9.4 24.6-9.4 33.9 0s9.4 24.6 0 33.9z"></path></svg
                                  ><b>V22.03.17-1</b></span
                                ></a
                              ></span
    -                       ><button
    -                         type="button"
    -                         class="advance-button btn btn-secondary">
    -                         Advance to Draft
    -                       </button>
    +                       >
                          </div>
                        </td>
                        <td>
                          <span class="none centered absolute">Not Started</span>
                        </td>
    @@ -1928,11 +1552,11 @@
                            <span class="pill full-width rd">R&amp;D</span>
                            <p class="review-text">Complete <b>Mar 17, 2022</b></p>
                          </div>
                        </td>
                        <td>
    -                     <div class="phase-cell" role="list" aria-setsize="2">
    +                     <div class="phase-cell" role="list" aria-setsize="1">
                            <span class="styled-pill full-width auto-width"
                              ><a href="/test-review/53"
                                ><span
                                  ><svg
                                    aria-hidden="true"
    @@ -1948,15 +1572,11 @@
                                      fill="currentColor"
                                      d="M256 512A256 256 0 1 0 256 0a256 256 0 1 0 0 512zM369 209L241 337c-9.4 9.4-24.6 9.4-33.9 0l-64-64c-9.4-9.4-9.4-24.6 0-33.9s24.6-9.4 33.9 0l47 47L335 175c9.4-9.4 24.6-9.4 33.9 0s9.4 24.6 0 33.9z"></path></svg
                                  ><b>V22.03.17-1</b></span
                                ></a
                              ></span
    -                       ><button
    -                         type="button"
    -                         class="advance-button btn btn-secondary">
    -                         Advance to Draft
    -                       </button>
    +                       >
                          </div>
                        </td>
                        <td>
                          <span class="none centered absolute">Not Started</span>
                        </td>
    @@ -1980,11 +1600,11 @@
                            <span class="pill full-width rd">R&amp;D</span>
                            <p class="review-text">Complete <b>Mar 17, 2022</b></p>
                          </div>
                        </td>
                        <td>
    -                     <div class="phase-cell" role="list" aria-setsize="2">
    +                     <div class="phase-cell" role="list" aria-setsize="1">
                            <span class="styled-pill full-width auto-width"
                              ><a href="/test-review/46"
                                ><span
                                  ><svg
                                    aria-hidden="true"
    @@ -2000,15 +1620,11 @@
                                      fill="currentColor"
                                      d="M256 512A256 256 0 1 0 256 0a256 256 0 1 0 0 512zM369 209L241 337c-9.4 9.4-24.6 9.4-33.9 0l-64-64c-9.4-9.4-9.4-24.6 0-33.9s24.6-9.4 33.9 0l47 47L335 175c9.4-9.4 24.6-9.4 33.9 0s9.4 24.6 0 33.9z"></path></svg
                                  ><b>V22.03.17-1</b></span
                                ></a
                              ></span
    -                       ><button
    -                         type="button"
    -                         class="advance-button btn btn-secondary">
    -                         Advance to Draft
    -                       </button>
    +                       >
                          </div>
                        </td>
                        <td>
                          <span class="none centered absolute">Not Started</span>
                        </td>
    @@ -2034,11 +1650,11 @@
                            <span class="pill full-width rd">R&amp;D</span>
                            <p class="review-text">Complete <b>Aug 23, 2023</b></p>
                          </div>
                        </td>
                        <td>
    -                     <div class="phase-cell" role="list" aria-setsize="2">
    +                     <div class="phase-cell" role="list" aria-setsize="1">
                            <span class="styled-pill full-width auto-width"
                              ><a href="/test-review/75"
                                ><span
                                  ><svg
                                    aria-hidden="true"
    @@ -2054,15 +1670,11 @@
                                      fill="currentColor"
                                      d="M256 512A256 256 0 1 0 256 0a256 256 0 1 0 0 512zM369 209L241 337c-9.4 9.4-24.6 9.4-33.9 0l-64-64c-9.4-9.4-9.4-24.6 0-33.9s24.6-9.4 33.9 0l47 47L335 175c9.4-9.4 24.6-9.4 33.9 0s9.4 24.6 0 33.9z"></path></svg
                                  ><b>V23.08.23</b></span
                                ></a
                              ></span
    -                       ><button
    -                         type="button"
    -                         class="advance-button btn btn-secondary">
    -                         Advance to Draft
    -                       </button>
    +                       >
                          </div>
                        </td>
                        <td>
                          <span class="none centered absolute">Not Started</span>
                        </td>
    @@ -2088,11 +1700,11 @@
                            <span class="pill full-width rd">R&amp;D</span>
                            <p class="review-text">Complete <b>Dec 13, 2023</b></p>
                          </div>
                        </td>
                        <td>
    -                     <div class="phase-cell" role="list" aria-setsize="2">
    +                     <div class="phase-cell" role="list" aria-setsize="1">
                            <span class="styled-pill full-width auto-width"
                              ><a href="/test-review/78"
                                ><span
                                  ><svg
                                    aria-hidden="true"
    @@ -2108,15 +1720,11 @@
                                      fill="currentColor"
                                      d="M256 512A256 256 0 1 0 256 0a256 256 0 1 0 0 512zM369 209L241 337c-9.4 9.4-24.6 9.4-33.9 0l-64-64c-9.4-9.4-9.4-24.6 0-33.9s24.6-9.4 33.9 0l47 47L335 175c9.4-9.4 24.6-9.4 33.9 0s9.4 24.6 0 33.9z"></path></svg
                                  ><b>V23.12.13</b></span
                                ></a
                              ></span
    -                       ><button
    -                         type="button"
    -                         class="advance-button btn btn-secondary">
    -                         Advance to Draft
    -                       </button>
    +                       >
                          </div>
                        </td>
                        <td>
                          <span class="none centered absolute">Not Started</span>
                        </td>
    @@ -2142,11 +1750,11 @@
                            <span class="pill full-width rd">R&amp;D</span>
                            <p class="review-text">Complete <b>Jan 23, 2025</b></p>
                          </div>
                        </td>
                        <td>
    -                     <div class="phase-cell" role="list" aria-setsize="2">
    +                     <div class="phase-cell" role="list" aria-setsize="1">
                            <span class="styled-pill full-width auto-width"
                              ><a href="/test-review/87"
                                ><span
                                  ><svg
                                    aria-hidden="true"
    @@ -2162,15 +1770,11 @@
                                      fill="currentColor"
                                      d="M256 512A256 256 0 1 0 256 0a256 256 0 1 0 0 512zM369 209L241 337c-9.4 9.4-24.6 9.4-33.9 0l-64-64c-9.4-9.4-9.4-24.6 0-33.9s24.6-9.4 33.9 0l47 47L335 175c9.4-9.4 24.6-9.4 33.9 0s9.4 24.6 0 33.9z"></path></svg
                                  ><b>V25.01.23</b></span
                                ></a
                              ></span
    -                       ><button
    -                         type="button"
    -                         class="advance-button btn btn-secondary">
    -                         Advance to Draft
    -                       </button>
    +                       >
                          </div>
                        </td>
                        <td>
                          <span class="none centered absolute">Not Started</span>
                        </td>
    @@ -2199,11 +1803,11 @@
                            <span class="pill full-width rd">R&amp;D</span>
                            <p class="review-text">Complete <b>Jan 23, 2025</b></p>
                          </div>
                        </td>
                        <td>
    -                     <div class="phase-cell" role="list" aria-setsize="2">
    +                     <div class="phase-cell" role="list" aria-setsize="1">
                            <span class="styled-pill full-width auto-width"
                              ><a href="/test-review/86"
                                ><span
                                  ><svg
                                    aria-hidden="true"
    @@ -2219,15 +1823,11 @@
                                      fill="currentColor"
                                      d="M256 512A256 256 0 1 0 256 0a256 256 0 1 0 0 512zM369 209L241 337c-9.4 9.4-24.6 9.4-33.9 0l-64-64c-9.4-9.4-9.4-24.6 0-33.9s24.6-9.4 33.9 0l47 47L335 175c9.4-9.4 24.6-9.4 33.9 0s9.4 24.6 0 33.9z"></path></svg
                                  ><b>V25.01.23</b></span
                                ></a
                              ></span
    -                       ><button
    -                         type="button"
    -                         class="advance-button btn btn-secondary">
    -                         Advance to Draft
    -                       </button>
    +                       >
                          </div>
                        </td>
                        <td>
                          <span class="none centered absolute">Not Started</span>
                        </td>
    @@ -2251,11 +1851,11 @@
                            <span class="pill full-width rd">R&amp;D</span>
                            <p class="review-text">Complete <b>Aug 5, 2022</b></p>
                          </div>
                        </td>
                        <td>
    -                     <div class="phase-cell" role="list" aria-setsize="2">
    +                     <div class="phase-cell" role="list" aria-setsize="1">
                            <span class="styled-pill full-width auto-width"
                              ><a href="/test-review/49"
                                ><span
                                  ><svg
                                    aria-hidden="true"
    @@ -2271,15 +1871,11 @@
                                      fill="currentColor"
                                      d="M256 512A256 256 0 1 0 256 0a256 256 0 1 0 0 512zM369 209L241 337c-9.4 9.4-24.6 9.4-33.9 0l-64-64c-9.4-9.4-9.4-24.6 0-33.9s24.6-9.4 33.9 0l47 47L335 175c9.4-9.4 24.6-9.4 33.9 0s9.4 24.6 0 33.9z"></path></svg
                                  ><b>V22.08.05</b></span
                                ></a
                              ></span
    -                       ><button
    -                         type="button"
    -                         class="advance-button btn btn-secondary">
    -                         Advance to Draft
    -                       </button>
    +                       >
                          </div>
                        </td>
                        <td>
                          <span class="none centered absolute">Not Started</span>
                        </td>
    @@ -2305,11 +1901,11 @@
                            <span class="pill full-width rd">R&amp;D</span>
                            <p class="review-text">Complete <b>Mar 14, 2025</b></p>
                          </div>
                        </td>
                        <td>
    -                     <div class="phase-cell" role="list" aria-setsize="2">
    +                     <div class="phase-cell" role="list" aria-setsize="1">
                            <span class="styled-pill full-width auto-width"
                              ><a href="/test-review/95"
                                ><span
                                  ><svg
                                    aria-hidden="true"
    @@ -2325,15 +1921,11 @@
                                      fill="currentColor"
                                      d="M256 512A256 256 0 1 0 256 0a256 256 0 1 0 0 512zM369 209L241 337c-9.4 9.4-24.6 9.4-33.9 0l-64-64c-9.4-9.4-9.4-24.6 0-33.9s24.6-9.4 33.9 0l47 47L335 175c9.4-9.4 24.6-9.4 33.9 0s9.4 24.6 0 33.9z"></path></svg
                                  ><b>V25.03.14</b></span
                                ></a
                              ></span
    -                       ><button
    -                         type="button"
    -                         class="advance-button btn btn-secondary">
    -                         Advance to Draft
    -                       </button>
    +                       >
                          </div>
                        </td>
                        <td>
                          <span class="none centered absolute">Not Started</span>
                        </td>
    @@ -2357,11 +1949,11 @@
                            <span class="pill full-width rd">R&amp;D</span>
                            <p class="review-text">Complete <b>Aug 5, 2022</b></p>
                          </div>
                        </td>
                        <td>
    -                     <div class="phase-cell" role="list" aria-setsize="2">
    +                     <div class="phase-cell" role="list" aria-setsize="1">
                            <span class="styled-pill full-width auto-width"
                              ><a href="/test-review/54"
                                ><span
                                  ><svg
                                    aria-hidden="true"
    @@ -2377,15 +1969,11 @@
                                      fill="currentColor"
                                      d="M256 512A256 256 0 1 0 256 0a256 256 0 1 0 0 512zM369 209L241 337c-9.4 9.4-24.6 9.4-33.9 0l-64-64c-9.4-9.4-9.4-24.6 0-33.9s24.6-9.4 33.9 0l47 47L335 175c9.4-9.4 24.6-9.4 33.9 0s9.4 24.6 0 33.9z"></path></svg
                                  ><b>V22.08.05</b></span
                                ></a
                              ></span
    -                       ><button
    -                         type="button"
    -                         class="advance-button btn btn-secondary">
    -                         Advance to Draft
    -                       </button>
    +                       >
                          </div>
                        </td>
                        <td>
                          <span class="none centered absolute">Not Started</span>
                        </td>
    @@ -2411,11 +1999,11 @@
                            <span class="pill full-width rd">R&amp;D</span>
                            <p class="review-text">Complete <b>Feb 13, 2025</b></p>
                          </div>
                        </td>
                        <td>
    -                     <div class="phase-cell" role="list" aria-setsize="2">
    +                     <div class="phase-cell" role="list" aria-setsize="1">
                            <span class="styled-pill full-width auto-width"
                              ><a href="/test-review/90"
                                ><span
                                  ><svg
                                    aria-hidden="true"
    @@ -2431,15 +2019,11 @@
                                      fill="currentColor"
                                      d="M256 512A256 256 0 1 0 256 0a256 256 0 1 0 0 512zM369 209L241 337c-9.4 9.4-24.6 9.4-33.9 0l-64-64c-9.4-9.4-9.4-24.6 0-33.9s24.6-9.4 33.9 0l47 47L335 175c9.4-9.4 24.6-9.4 33.9 0s9.4 24.6 0 33.9z"></path></svg
                                  ><b>V25.02.13</b></span
                                ></a
                              ></span
    -                       ><button
    -                         type="button"
    -                         class="advance-button btn btn-secondary">
    -                         Advance to Draft
    -                       </button>
    +                       >
                          </div>
                        </td>
                        <td>
                          <span class="none centered absolute">Not Started</span>
                        </td>
    @@ -2465,11 +2049,11 @@
                            <span class="pill full-width rd">R&amp;D</span>
                            <p class="review-text">Complete <b>Feb 12, 2025</b></p>
                          </div>
                        </td>
                        <td>
    -                     <div class="phase-cell" role="list" aria-setsize="2">
    +                     <div class="phase-cell" role="list" aria-setsize="1">
                            <span class="styled-pill full-width auto-width"
                              ><a href="/test-review/93"
                                ><span
                                  ><svg
                                    aria-hidden="true"
    @@ -2485,15 +2069,11 @@
                                      fill="currentColor"
                                      d="M256 512A256 256 0 1 0 256 0a256 256 0 1 0 0 512zM369 209L241 337c-9.4 9.4-24.6 9.4-33.9 0l-64-64c-9.4-9.4-9.4-24.6 0-33.9s24.6-9.4 33.9 0l47 47L335 175c9.4-9.4 24.6-9.4 33.9 0s9.4 24.6 0 33.9z"></path></svg
                                  ><b>V25.02.12</b></span
                                ></a
                              ></span
    -                       ><button
    -                         type="button"
    -                         class="advance-button btn btn-secondary">
    -                         Advance to Draft
    -                       </button>
    +                       >
                          </div>
                        </td>
                        <td>
                          <span class="none centered absolute">Not Started</span>
                        </td>
    @@ -2519,11 +2099,11 @@
                            <span class="pill full-width rd">R&amp;D</span>
                            <p class="review-text">Complete <b>Feb 12, 2025</b></p>
                          </div>
                        </td>
                        <td>
    -                     <div class="phase-cell" role="list" aria-setsize="2">
    +                     <div class="phase-cell" role="list" aria-setsize="1">
                            <span class="styled-pill full-width auto-width"
                              ><a href="/test-review/92"
                                ><span
                                  ><svg
                                    aria-hidden="true"
    @@ -2539,15 +2119,11 @@
                                      fill="currentColor"
                                      d="M256 512A256 256 0 1 0 256 0a256 256 0 1 0 0 512zM369 209L241 337c-9.4 9.4-24.6 9.4-33.9 0l-64-64c-9.4-9.4-9.4-24.6 0-33.9s24.6-9.4 33.9 0l47 47L335 175c9.4-9.4 24.6-9.4 33.9 0s9.4 24.6 0 33.9z"></path></svg
                                  ><b>V25.02.12</b></span
                                ></a
                              ></span
    -                       ><button
    -                         type="button"
    -                         class="advance-button btn btn-secondary">
    -                         Advance to Draft
    -                       </button>
    +                       >
                          </div>
                        </td>
                        <td>
                          <span class="none centered absolute">Not Started</span>
                        </td>
    @@ -2573,11 +2149,11 @@
                            <span class="pill full-width rd">R&amp;D</span>
                            <p class="review-text">Complete <b>Apr 22, 2025</b></p>
                          </div>
                        </td>
                        <td>
    -                     <div class="phase-cell" role="list" aria-setsize="2">
    +                     <div class="phase-cell" role="list" aria-setsize="1">
                            <span class="styled-pill full-width auto-width"
                              ><a href="/test-review/94"
                                ><span
                                  ><svg
                                    aria-hidden="true"
    @@ -2593,15 +2169,11 @@
                                      fill="currentColor"
                                      d="M256 512A256 256 0 1 0 256 0a256 256 0 1 0 0 512zM369 209L241 337c-9.4 9.4-24.6 9.4-33.9 0l-64-64c-9.4-9.4-9.4-24.6 0-33.9s24.6-9.4 33.9 0l47 47L335 175c9.4-9.4 24.6-9.4 33.9 0s9.4 24.6 0 33.9z"></path></svg
                                  ><b>V25.04.22</b></span
                                ></a
                              ></span
    -                       ><button
    -                         type="button"
    -                         class="advance-button btn btn-secondary">
    -                         Advance to Draft
    -                       </button>
    +                       >
                          </div>
                        </td>
                        <td>
                          <span class="none centered absolute">Not Started</span>
                        </td>
    @@ -2627,11 +2199,11 @@
                            <span class="pill full-width rd">R&amp;D</span>
                            <p class="review-text">Complete <b>Mar 17, 2022</b></p>
                          </div>
                        </td>
                        <td>
    -                     <div class="phase-cell" role="list" aria-setsize="2">
    +                     <div class="phase-cell" role="list" aria-setsize="1">
                            <span class="styled-pill full-width auto-width"
                              ><a href="/test-review/59"
                                ><span
                                  ><svg
                                    aria-hidden="true"
    @@ -2647,15 +2219,11 @@
                                      fill="currentColor"
                                      d="M256 512A256 256 0 1 0 256 0a256 256 0 1 0 0 512zM369 209L241 337c-9.4 9.4-24.6 9.4-33.9 0l-64-64c-9.4-9.4-9.4-24.6 0-33.9s24.6-9.4 33.9 0l47 47L335 175c9.4-9.4 24.6-9.4 33.9 0s9.4 24.6 0 33.9z"></path></svg
                                  ><b>V22.03.17-1</b></span
                                ></a
                              ></span
    -                       ><button
    -                         type="button"
    -                         class="advance-button btn btn-secondary">
    -                         Advance to Draft
    -                       </button>
    +                       >
                          </div>
                        </td>
                        <td>
                          <span class="none centered absolute">Not Started</span>
                        </td>
    @@ -2679,11 +2247,11 @@
                            <span class="pill full-width rd">R&amp;D</span>
                            <p class="review-text">Complete <b>Aug 5, 2022</b></p>
                          </div>
                        </td>
                        <td>
    -                     <div class="phase-cell" role="list" aria-setsize="2">
    +                     <div class="phase-cell" role="list" aria-setsize="1">
                            <span class="styled-pill full-width auto-width"
                              ><a href="/test-review/61"
                                ><span
                                  ><svg
                                    aria-hidden="true"
    @@ -2699,15 +2267,11 @@
                                      fill="currentColor"
                                      d="M256 512A256 256 0 1 0 256 0a256 256 0 1 0 0 512zM369 209L241 337c-9.4 9.4-24.6 9.4-33.9 0l-64-64c-9.4-9.4-9.4-24.6 0-33.9s24.6-9.4 33.9 0l47 47L335 175c9.4-9.4 24.6-9.4 33.9 0s9.4 24.6 0 33.9z"></path></svg
                                  ><b>V22.08.05</b></span
                                ></a
                              ></span
    -                       ><button
    -                         type="button"
    -                         class="advance-button btn btn-secondary">
    -                         Advance to Draft
    -                       </button>
    +                       >
                          </div>
                        </td>
                        <td>
                          <span class="none centered absolute">Not Started</span>
                        </td>
    @@ -2733,11 +2297,11 @@
                            <span class="pill full-width rd">R&amp;D</span>
                            <p class="review-text">Complete <b>Mar 17, 2022</b></p>
                          </div>
                        </td>
                        <td>
    -                     <div class="phase-cell" role="list" aria-setsize="2">
    +                     <div class="phase-cell" role="list" aria-setsize="1">
                            <span class="styled-pill full-width auto-width"
                              ><a href="/test-review/62"
                                ><span
                                  ><svg
                                    aria-hidden="true"
    @@ -2753,15 +2317,11 @@
                                      fill="currentColor"
                                      d="M256 512A256 256 0 1 0 256 0a256 256 0 1 0 0 512zM369 209L241 337c-9.4 9.4-24.6 9.4-33.9 0l-64-64c-9.4-9.4-9.4-24.6 0-33.9s24.6-9.4 33.9 0l47 47L335 175c9.4-9.4 24.6-9.4 33.9 0s9.4 24.6 0 33.9z"></path></svg
                                  ><b>V22.03.17-1</b></span
                                ></a
                              ></span
    -                       ><button
    -                         type="button"
    -                         class="advance-button btn btn-secondary">
    -                         Advance to Draft
    -                       </button>
    +                       >
                          </div>
                        </td>
                        <td>
                          <span class="none centered absolute">Not Started</span>
                        </td>
    @@ -2787,11 +2347,11 @@
                            <span class="pill full-width rd">R&amp;D</span>
                            <p class="review-text">Complete <b>Apr 9, 2025</b></p>
                          </div>
                        </td>
                        <td>
    -                     <div class="phase-cell" role="list" aria-setsize="2">
    +                     <div class="phase-cell" role="list" aria-setsize="1">
                            <span class="styled-pill full-width auto-width"
                              ><a href="/test-review/97"
                                ><span
                                  ><svg
                                    aria-hidden="true"
    @@ -2807,15 +2367,11 @@
                                      fill="currentColor"
                                      d="M256 512A256 256 0 1 0 256 0a256 256 0 1 0 0 512zM369 209L241 337c-9.4 9.4-24.6 9.4-33.9 0l-64-64c-9.4-9.4-9.4-24.6 0-33.9s24.6-9.4 33.9 0l47 47L335 175c9.4-9.4 24.6-9.4 33.9 0s9.4 24.6 0 33.9z"></path></svg
                                  ><b>V25.04.09</b></span
                                ></a
                              ></span
    -                       ><button
    -                         type="button"
    -                         class="advance-button btn btn-secondary">
    -                         Advance to Draft
    -                       </button>
    +                       >
                          </div>
                        </td>
                        <td>
                          <span class="none centered absolute">Not Started</span>
                        </td>

      22 |
      23 |         const existingSnapshot = await fs.readFile(snapshotPath, 'utf-8');
    > 24 |         expect(currentSnapshot.trim()).toBe(existingSnapshot.trim());
         |                                        ^
      25 |       });
      26 |     });
      27 |   });

      at toBe (tests/e2e/snapshots/snapshotTest.e2e.test.js:24:40)
      at call (tests/e2e/snapshots/snapshotTest.e2e.test.js:2:1)
      at Generator.tryCatch (tests/e2e/snapshots/snapshotTest.e2e.test.js:2:1)
      at Generator._invoke [as next] (tests/e2e/snapshots/snapshotTest.e2e.test.js:2:1)
      at asyncGeneratorStep (tests/e2e/snapshots/snapshotTest.e2e.test.js:2:1)
      at asyncGeneratorStep (tests/e2e/snapshots/snapshotTest.e2e.test.js:2:1)

  ● Snapshot Comparison › should match snapshot for /404

    expect(received).toBe(expected) // Object.is equality

    - Expected  - 36
    + Received  +  1

    @@ -40,46 +40,11 @@
                    <li>
                      <a aria-current="false" class="nav-link" href="/test-queue"
                        >Test Queue</a
                      >
                    </li>
    -               <li>
    -                 <a
    -                   aria-current="false"
    -                   class="nav-link"
    -                   href="/candidate-review"
    -                   >Candidate Review</a
    -                 >
    -               </li>
    -               <li>
    -                 <a
    -                   aria-current="false"
    -                   class="nav-link"
    -                   href="/account/settings"
    -                   >Settings</a
    -                 >
    -               </li>
    -               <li class="signed-in-wrapper">
    -                 <div class="signed-in" id="signed-in">
    -                   <svg
    -                     aria-hidden="true"
    -                     focusable="false"
    -                     data-prefix="fas"
    -                     data-icon="circle-user"
    -                     class="svg-inline--fa fa-circle-user"
    -                     role="img"
    -                     xmlns="http://www.w3.org/2000/svg"
    -                     viewBox="0 0 512 512">
    -                     <path
    -                       fill="currentColor"
    -                       d="M399 384.2C376.9 345.8 335.4 320 288 320H224c-47.4 0-88.9 25.8-111 64.2c35.2 39.2 86.2 63.8 143 63.8s107.8-24.7 143-63.8zM0 256a256 256 0 1 1 512 0A256 256 0 1 1 0 256zm256 16a72 72 0 1 0 0-144 72 72 0 1 0 0 144z"></path></svg
    -                   >Signed in as <b>joe-the-admin</b>
    -                 </div>
    -                 <a aria-describedby="signed-in" class="nav-link" href="/"
    -                   >Sign out</a
    -                 >
    -               </li>
    +               <li><a class="nav-link" href="/404">Sign in with GitHub</a></li>
                  </div>
                </div>
              </nav>
            </div>
            <div class="container-fluid">

      22 |
      23 |         const existingSnapshot = await fs.readFile(snapshotPath, 'utf-8');
    > 24 |         expect(currentSnapshot.trim()).toBe(existingSnapshot.trim());
         |                                        ^
      25 |       });
      26 |     });
      27 |   });

      at toBe (tests/e2e/snapshots/snapshotTest.e2e.test.js:24:40)
      at call (tests/e2e/snapshots/snapshotTest.e2e.test.js:2:1)
      at Generator.tryCatch (tests/e2e/snapshots/snapshotTest.e2e.test.js:2:1)
      at Generator._invoke [as next] (tests/e2e/snapshots/snapshotTest.e2e.test.js:2:1)
      at asyncGeneratorStep (tests/e2e/snapshots/snapshotTest.e2e.test.js:2:1)
      at asyncGeneratorStep (tests/e2e/snapshots/snapshotTest.e2e.test.js:2:1)

  ● Snapshot Comparison › should match snapshot for /test-plan-report/1

    expect(received).toBe(expected) // Object.is equality

    - Expected  - 33
    + Received  +  2

    @@ -44,43 +44,12 @@
                      <a aria-current="true" class="nav-link" href="/test-queue"
                        >Test Queue</a
                      >
                    </li>
                    <li>
    -                 <a
    -                   aria-current="false"
    -                   class="nav-link"
    -                   href="/candidate-review"
    -                   >Candidate Review</a
    -                 >
    -               </li>
    -               <li>
    -                 <a
    -                   aria-current="false"
    -                   class="nav-link"
    -                   href="/account/settings"
    -                   >Settings</a
    -                 >
    -               </li>
    -               <li class="signed-in-wrapper">
    -                 <div class="signed-in" id="signed-in">
    -                   <svg
    -                     aria-hidden="true"
    -                     focusable="false"
    -                     data-prefix="fas"
    -                     data-icon="circle-user"
    -                     class="svg-inline--fa fa-circle-user"
    -                     role="img"
    -                     xmlns="http://www.w3.org/2000/svg"
    -                     viewBox="0 0 512 512">
    -                     <path
    -                       fill="currentColor"
    -                       d="M399 384.2C376.9 345.8 335.4 320 288 320H224c-47.4 0-88.9 25.8-111 64.2c35.2 39.2 86.2 63.8 143 63.8s107.8-24.7 143-63.8zM0 256a256 256 0 1 1 512 0A256 256 0 1 1 0 256zm256 16a72 72 0 1 0 0-144 72 72 0 1 0 0 144z"></path></svg
    -                   >Signed in as <b>joe-the-admin</b>
    -                 </div>
    -                 <a aria-describedby="signed-in" class="nav-link" href="/"
    -                   >Sign out</a
    +                 <a class="nav-link" href="/test-plan-report/1"
    +                   >Sign in with GitHub</a
                      >
                    </li>
                  </div>
                </div>
              </nav>

      22 |
      23 |         const existingSnapshot = await fs.readFile(snapshotPath, 'utf-8');
    > 24 |         expect(currentSnapshot.trim()).toBe(existingSnapshot.trim());
         |                                        ^
      25 |       });
      26 |     });
      27 |   });

      at toBe (tests/e2e/snapshots/snapshotTest.e2e.test.js:24:40)
      at call (tests/e2e/snapshots/snapshotTest.e2e.test.js:2:1)
      at Generator.tryCatch (tests/e2e/snapshots/snapshotTest.e2e.test.js:2:1)
      at Generator._invoke [as next] (tests/e2e/snapshots/snapshotTest.e2e.test.js:2:1)
      at asyncGeneratorStep (tests/e2e/snapshots/snapshotTest.e2e.test.js:2:1)
      at asyncGeneratorStep (tests/e2e/snapshots/snapshotTest.e2e.test.js:2:1)

  ● Snapshot Comparison › should match snapshot for /test-review/8

    expect(received).toBe(expected) // Object.is equality

    - Expected  - 33
    + Received  +  2

    @@ -41,43 +41,12 @@
                      <a aria-current="false" class="nav-link" href="/test-queue"
                        >Test Queue</a
                      >
                    </li>
                    <li>
    -                 <a
    -                   aria-current="false"
    -                   class="nav-link"
    -                   href="/candidate-review"
    -                   >Candidate Review</a
    -                 >
    -               </li>
    -               <li>
    -                 <a
    -                   aria-current="false"
    -                   class="nav-link"
    -                   href="/account/settings"
    -                   >Settings</a
    -                 >
    -               </li>
    -               <li class="signed-in-wrapper">
    -                 <div class="signed-in" id="signed-in">
    -                   <svg
    -                     aria-hidden="true"
    -                     focusable="false"
    -                     data-prefix="fas"
    -                     data-icon="circle-user"
    -                     class="svg-inline--fa fa-circle-user"
    -                     role="img"
    -                     xmlns="http://www.w3.org/2000/svg"
    -                     viewBox="0 0 512 512">
    -                     <path
    -                       fill="currentColor"
    -                       d="M399 384.2C376.9 345.8 335.4 320 288 320H224c-47.4 0-88.9 25.8-111 64.2c35.2 39.2 86.2 63.8 143 63.8s107.8-24.7 143-63.8zM0 256a256 256 0 1 1 512 0A256 256 0 1 1 0 256zm256 16a72 72 0 1 0 0-144 72 72 0 1 0 0 144z"></path></svg
    -                   >Signed in as <b>joe-the-admin</b>
    -                 </div>
    -                 <a aria-describedby="signed-in" class="nav-link" href="/"
    -                   >Sign out</a
    +                 <a class="nav-link" href="/test-review/8"
    +                   >Sign in with GitHub</a
                      >
                    </li>
                  </div>
                </div>
              </nav>

      22 |
      23 |         const existingSnapshot = await fs.readFile(snapshotPath, 'utf-8');
    > 24 |         expect(currentSnapshot.trim()).toBe(existingSnapshot.trim());
         |                                        ^
      25 |       });
      26 |     });
      27 |   });

      at toBe (tests/e2e/snapshots/snapshotTest.e2e.test.js:24:40)
      at call (tests/e2e/snapshots/snapshotTest.e2e.test.js:2:1)
      at Generator.tryCatch (tests/e2e/snapshots/snapshotTest.e2e.test.js:2:1)
      at Generator._invoke [as next] (tests/e2e/snapshots/snapshotTest.e2e.test.js:2:1)
      at asyncGeneratorStep (tests/e2e/snapshots/snapshotTest.e2e.test.js:2:1)
      at asyncGeneratorStep (tests/e2e/snapshots/snapshotTest.e2e.test.js:2:1)

  ● Snapshot Comparison › should match snapshot for /run/2

    expect(received).toBe(expected) // Object.is equality

    - Expected  - 877
    + Received  +  11

    @@ -4,16 +4,13 @@
          <meta charset="UTF-8" />
          <meta name="google" content="notranslate" />
          <meta name="viewport" content="width=device-width, initial-scale=1" />

          <link rel="shortcut icon" href="data:image/x-icon;," type="image/x-icon" />
    -     <title>
    -       Navigate forwards to a collapsed select-only combobox in reading mode for
    -       NVDA 2020.4 and Firefox 99 | ARIA-AT
    -     </title>
    +     <title>Error - Test Results | ARIA-AT</title>
        </head>
    -   <body data-rr-ui-modal-open="" class="modal-open" style="overflow: hidden">
    +   <body>
          <div id="root">
            <div class="container-fluid">
              <nav
                aria-label="Menu"
                class="navbar navbar-expand-xl navbar-light bg-light">
    @@ -43,892 +40,29 @@
                    <li>
                      <a aria-current="true" class="nav-link" href="/test-queue"
                        >Test Queue</a
                      >
                    </li>
    -               <li>
    -                 <a
    -                   aria-current="false"
    -                   class="nav-link"
    -                   href="/candidate-review"
    -                   >Candidate Review</a
    -                 >
    -               </li>
    -               <li>
    -                 <a
    -                   aria-current="false"
    -                   class="nav-link"
    -                   href="/account/settings"
    -                   >Settings</a
    -                 >
    -               </li>
    -               <li class="signed-in-wrapper">
    -                 <div class="signed-in" id="signed-in">
    -                   <svg
    -                     aria-hidden="true"
    -                     focusable="false"
    -                     data-prefix="fas"
    -                     data-icon="circle-user"
    -                     class="svg-inline--fa fa-circle-user"
    -                     role="img"
    -                     xmlns="http://www.w3.org/2000/svg"
    -                     viewBox="0 0 512 512">
    -                     <path
    -                       fill="currentColor"
    -                       d="M399 384.2C376.9 345.8 335.4 320 288 320H224c-47.4 0-88.9 25.8-111 64.2c35.2 39.2 86.2 63.8 143 63.8s107.8-24.7 143-63.8zM0 256a256 256 0 1 1 512 0A256 256 0 1 1 0 256zm256 16a72 72 0 1 0 0-144 72 72 0 1 0 0 144z"></path></svg
    -                   >Signed in as <b>joe-the-admin</b>
    -                 </div>
    -                 <a aria-describedby="signed-in" class="nav-link" href="/"
    -                   >Sign out</a
    -                 >
    -               </li>
    +               <li><a class="nav-link" href="/run/2">Sign in with GitHub</a></li>
                  </div>
                </div>
              </nav>
            </div>
            <div class="container-fluid">
    -         <div class="container">
    -           <div class="row">
    -             <div class="test-navigator col-md-3">
    -               <div class="test-navigator-toggle-container">
    -                 <h2 id="test-navigator-heading">
    -                   <button
    -                     aria-label="Test Navigation"
    -                     aria-controls="test-navigator-nav"
    -                     aria-expanded="true"
    -                     class="test-navigator-toggle">
    -                     <svg
    -                       aria-hidden="true"
    -                       focusable="false"
    -                       data-prefix="fas"
    -                       data-icon="arrow-left"
    -                       class="svg-inline--fa fa-arrow-left"
    -                       role="img"
    -                       xmlns="http://www.w3.org/2000/svg"
    -                       viewBox="0 0 448 512">
    -                       <path
    -                         fill="currentColor"
    -                         d="M9.4 233.4c-12.5 12.5-12.5 32.8 0 45.3l160 160c12.5 12.5 32.8 12.5 45.3 0s12.5-32.8 0-45.3L109.2 288 416 288c17.7 0 32-14.3 32-32s-14.3-32-32-32l-306.7 0L214.6 118.6c12.5-12.5 12.5-32.8 0-45.3s-32.8-12.5-45.3 0l-160 160z"></path></svg
    -                     ><svg
    -                       aria-hidden="true"
    -                       focusable="false"
    -                       data-prefix="fas"
    -                       data-icon="align-left"
    -                       class="svg-inline--fa fa-align-left"
    -                       role="img"
    -                       xmlns="http://www.w3.org/2000/svg"
    -                       viewBox="0 0 448 512">
    -                       <path
    -                         fill="currentColor"
    -                         d="M288 64c0 17.7-14.3 32-32 32H32C14.3 96 0 81.7 0 64S14.3 32 32 32H256c17.7 0 32 14.3 32 32zm0 256c0 17.7-14.3 32-32 32H32c-17.7 0-32-14.3-32-32s14.3-32 32-32H256c17.7 0 32 14.3 32 32zM0 192c0-17.7 14.3-32 32-32H416c17.7 0 32 14.3 32 32s-14.3 32-32 32H32c-17.7 0-32-14.3-32-32zM448 448c0 17.7-14.3 32-32 32H32c-17.7 0-32-14.3-32-32s14.3-32 32-32H416c17.7 0 32 14.3 32 32z"></path>
    -                     </svg>
    -                   </button>
    -                 </h2>
    -               </div>
    -               <nav id="test-navigator-nav" aria-label="Test">
    -                 <ol
    -                   aria-labelledby="test-navigator-heading"
    -                   class="test-navigator-list">
    -                   <li class="test-name-wrapper complete">
    -                     <a href="#1" class="test-name" aria-current="true"
    -                       >Navigate forwards to a collapsed select-only combobox in
    -                       reading mode</a
    -                     ><span
    -                       class="progress-indicator"
    -                       title="Complete Test"></span>
    -                   </li>
    -                   <li class="test-name-wrapper not-started">
    -                     <a href="#2" class="test-name" aria-current="false"
    -                       >Navigate backwards to a collapsed select-only combobox in
    -                       reading mode</a
    -                     ><span
    -                       class="progress-indicator"
    -                       title="Not Started"></span>
    -                   </li>
    -                   <li class="test-name-wrapper not-started">
    -                     <a href="#3" class="test-name" aria-current="false"
    -                       >Navigate forwards to a collapsed select-only combobox in
    -                       interaction mode</a
    -                     ><span
    -                       class="progress-indicator"
    -                       title="Not Started"></span>
    -                   </li>
    -                   <li class="test-name-wrapper conflicts">
    -                     <a href="#4" class="test-name" aria-current="false"
    -                       >Navigate backwards to a collapsed select-only combobox in
    -                       interaction mode</a
    -                     ><span
    -                       class="progress-indicator"
    -                       title="Has Conflicts"></span>
    -                   </li>
    -                   <li class="test-name-wrapper complete">
    -                     <a href="#5" class="test-name" aria-current="false"
    -                       >Read information about a collapsed select-only combobox
    -                       in reading mode</a
    -                     ><span
    -                       class="progress-indicator"
    -                       title="Complete Test"></span>
    -                   </li>
    -                   <li class="test-name-wrapper conflicts">
    -                     <a href="#6" class="test-name" aria-current="false"
    -                       >Read information about a collapsed select-only combobox
    -                       in interaction mode</a
    -                     ><span
    -                       class="progress-indicator"
    -                       title="Has Conflicts"></span>
    -                   </li>
    -                   <li class="test-name-wrapper conflicts">
    -                     <a href="#7" class="test-name" aria-current="false"
    -                       >Open a collapsed select-only combobox in reading mode</a
    -                     ><span
    -                       class="progress-indicator"
    -                       title="Has Conflicts"></span>
    -                   </li>
    -                   <li class="test-name-wrapper in-progress">
    -                     <a href="#8" class="test-name" aria-current="false"
    -                       >Open a collapsed select-only combobox in interaction
    -                       mode</a
    -                     ><span
    -                       class="progress-indicator"
    -                       title="In Progress"></span>
    -                   </li>
    -                   <li class="test-name-wrapper complete">
    -                     <a href="#9" class="test-name" aria-current="false"
    -                       >Open a collapsed select-only combobox to the first option
    -                       in interaction mode</a
    -                     ><span
    -                       class="progress-indicator"
    -                       title="Complete Test"></span>
    -                   </li>
    -                   <li class="test-name-wrapper complete">
    -                     <a href="#10" class="test-name" aria-current="false"
    -                       >Open a collapsed select-only combobox to a specific
    -                       option in interaction mode</a
    -                     ><span
    -                       class="progress-indicator"
    -                       title="Complete Test"></span>
    -                   </li>
    -                   <li class="test-name-wrapper complete">
    -                     <a href="#11" class="test-name" aria-current="false"
    -                       >Open a collapsed select-only combobox to the last option
    -                       in interaction mode</a
    -                     ><span
    -                       class="progress-indicator"
    -                       title="Complete Test"></span>
    -                   </li>
    -                   <li class="test-name-wrapper complete">
    -                     <a href="#12" class="test-name" aria-current="false"
    -                       >Read information about a listbox popup in interaction
    -                       mode</a
    -                     ><span
    -                       class="progress-indicator"
    -                       title="Complete Test"></span>
    -                   </li>
    -                   <li class="test-name-wrapper complete">
    -                     <a href="#13" class="test-name" aria-current="false"
    -                       >Navigate forwards to an option in a listbox popup in
    -                       interaction mode</a
    -                     ><span
    -                       class="progress-indicator"
    -                       title="Complete Test"></span>
    -                   </li>
    -                   <li class="test-name-wrapper complete">
    -                     <a href="#14" class="test-name" aria-current="false"
    -                       >Navigate backwards to an option in a listbox popup in
    -                       interaction mode</a
    -                     ><span
    -                       class="progress-indicator"
    -                       title="Complete Test"></span>
    -                   </li>
    -                   <li class="test-name-wrapper complete">
    -                     <a href="#15" class="test-name" aria-current="false"
    -                       >Navigate to a specific option in a listbox popup in
    -                       interaction mode</a
    -                     ><span
    -                       class="progress-indicator"
    -                       title="Complete Test"></span>
    -                   </li>
    -                   <li class="test-name-wrapper complete">
    -                     <a href="#16" class="test-name" aria-current="false"
    -                       >Navigate to the first option in a listbox popup in
    -                       interaction mode</a
    -                     ><span
    -                       class="progress-indicator"
    -                       title="Complete Test"></span>
    -                   </li>
    -                   <li class="test-name-wrapper complete">
    -                     <a href="#17" class="test-name" aria-current="false"
    -                       >Navigate to the last option in a listbox popup in
    -                       interaction mode</a
    -                     ><span
    -                       class="progress-indicator"
    -                       title="Complete Test"></span>
    -                   </li>
    -                   <li class="test-name-wrapper complete">
    -                     <a href="#18" class="test-name" aria-current="false"
    -                       >Navigate forwards by ten options in a listbox popup in
    -                       interaction mode</a
    -                     ><span
    -                       class="progress-indicator"
    -                       title="Complete Test"></span>
    -                   </li>
    -                   <li class="test-name-wrapper complete">
    -                     <a href="#19" class="test-name" aria-current="false"
    -                       >Navigate backwards by ten options in a listbox popup in
    -                       interaction mode</a
    -                     ><span
    -                       class="progress-indicator"
    -                       title="Complete Test"></span>
    -                   </li>
    -                   <li class="test-name-wrapper complete">
    -                     <a href="#20" class="test-name" aria-current="false"
    -                       >Select an option in a listbox popup in interaction
    -                       mode</a
    -                     ><span
    -                       class="progress-indicator"
    -                       title="Complete Test"></span>
    -                   </li>
    -                   <li class="test-name-wrapper complete">
    -                     <a href="#21" class="test-name" aria-current="false"
    -                       >Close a listbox popup in interaction mode</a
    -                     ><span
    -                       class="progress-indicator"
    -                       title="Complete Test"></span>
    -                   </li>
    -                 </ol>
    -               </nav>
    -             </div>
    -             <main id="main" tabindex="-1" class="col">
    -               <div class="row">
    -                 <div class="col">
    -                   <h1 data-testid="testing-task" tabindex="-1">
    -                     <span class="task-label">Test 1:</span>Navigate forwards to
    -                     a collapsed select-only combobox in reading mode
    -                   </h1>
    -                   <span
    -                     ><div class="test-info-wrapper">
    -                       <div
    -                         class="test-info-entity apg-example-name"
    -                         data-testid="apg-example-name">
    -                         <div data-testid="info-label">
    -                           <b>Test Plan:</b>&nbsp;<a href="/test-review/7"
    -                             >Select Only Combobox Example V22.03.17</a
    -                           >
    -                         </div>
    -                       </div>
    -                       <div
    -                         class="test-info-entity at-browser-container"
    -                         data-testid="at-browser-container">
    -                         <div class="at-browser-row">
    -                           <div data-testid="info-label">
    -                             <b>AT:</b> NVDA 2020.4
    -                           </div>
    -                           <div data-testid="info-label">
    -                             <b>Browser:</b> Firefox 99
    -                           </div>
    -                         </div>
    -                         <button
    -                           type="button"
    -                           id="edit-fa-button"
    -                           aria-label="Edit version details for AT and Browser"
    -                           class="btn btn-primary">
    -                           <svg
    -                             aria-hidden="true"
    -                             focusable="false"
    -                             data-prefix="fas"
    -                             data-icon="pen-to-square"
    -                             class="svg-inline--fa fa-pen-to-square"
    -                             role="img"
    -                             xmlns="http://www.w3.org/2000/svg"
    -                             viewBox="0 0 512 512">
    -                             <path
    -                               fill="currentColor"
    -                               d="M471.6 21.7c-21.9-21.9-57.3-21.9-79.2 0L362.3 51.7l97.9 97.9 30.1-30.1c21.9-21.9 21.9-57.3 0-79.2L471.6 21.7zm-299.2 220c-6.1 6.1-10.8 13.6-13.5 21.9l-29.6 88.8c-2.9 8.6-.6 18.1 5.8 24.6s15.9 8.7 24.6 5.8l88.8-29.6c8.2-2.7 15.7-7.4 21.9-13.5L437.7 172.3 339.7 74.3 172.4 241.7zM96 64C43 64 0 107 0 160V416c0 53 43 96 96 96H352c53 0 96-43 96-96V320c0-17.7-14.3-32-32-32s-32 14.3-32 32v96c0 17.7-14.3 32-32 32H96c-17.7 0-32-14.3-32-32V160c0-17.7 14.3-32 32-32h96c17.7 0 32-14.3 32-32s-14.3-32-32-32H96z"></path>
    -                           </svg>
    -                         </button>
    -                       </div>
    -                       <div class="test-info-entity tests-completed">
    -                         <div data-testid="info-label">
    -                           <svg
    -                             aria-hidden="true"
    -                             focusable="false"
    -                             data-prefix="fas"
    -                             data-icon="check"
    -                             class="svg-inline--fa fa-check"
    -                             role="img"
    -                             xmlns="http://www.w3.org/2000/svg"
    -                             viewBox="0 0 448 512">
    -                             <path
    -                               fill="currentColor"
    -                               d="M438.6 105.4c12.5 12.5 12.5 32.8 0 45.3l-256 256c-12.5 12.5-32.8 12.5-45.3 0l-128-128c-12.5-12.5-12.5-32.8 0-45.3s32.8-12.5 45.3 0L160 338.7 393.4 105.4c12.5-12.5 32.8-12.5 45.3 0z"></path></svg
    -                           ><b>18 of 21</b> tests completed
    -                         </div>
    -                       </div>
    -                     </div>
    -                     <div class="test-info-entity reviewing-as">
    -                       Reviewing tests of <b>esmeralda-baggins</b>.
    -                       <em
    -                         >All changes will be saved as performed by
    -                         esmeralda-baggins.</em
    -                       >
    -                     </div></span
    -                   >
    -                   <div class="row">
    -                     <div class="p-0 col-md-9">
    -                       <div class="row">
    -                         <div class="test-renderer-container">
    -                           <h1>
    -                             Navigate forwards to a collapsed select-only
    -                             combobox in reading mode
    -                           </h1>
    -                           <h2 id="overallstatus">
    -                             Test Results&nbsp;(24 passed, 0 failed, 0
    -                             unsupported)
    -                           </h2>
    -                           <h3>
    -                             F&nbsp;Results:&nbsp;6 passed,&nbsp;0 failed,&nbsp;0
    -                             unsupported
    -                           </h3>
    -                           <p class="test-plan-results-response-p">
    -                             NVDA Response:
    -                           </p>
    -                           <blockquote class="test-plan-results-blockquote">
    -                             automatically seeded sample output
    -                           </blockquote>
    -                           <div class="table-responsive">
    -                             <table
    -                               aria-label="Results for test Navigate forwards to a collapsed select-only combobox in reading mode"
    -                               class="test-plan-results-table table table-bordered">
    -                               <caption>
    -                                 F Results
    -                               </caption>
    -                               <thead>
    -                                 <tr>
    -                                   <th>Priority</th>
    -                                   <th>Assertion</th>
    -                                   <th>Result</th>
    -                                 </tr>
    -                               </thead>
    -                               <tbody>
    -                                 <tr>
    -                                   <td>MUST</td>
    -                                   <td>Role 'combobox' is conveyed</td>
    -                                   <td>Passed</td>
    -                                 </tr>
    -                                 <tr>
    -                                   <td>MUST</td>
    -                                   <td>Name 'Favorite Fruit' is conveyed</td>
    -                                   <td>Passed</td>
    -                                 </tr>
    -                                 <tr>
    -                                   <td>MUST</td>
    -                                   <td>
    -                                     Text of the selected option ('Choose a
    -                                     Fruit') is conveyed
    -                                   </td>
    -                                   <td>Passed</td>
    -                                 </tr>
    -                                 <tr>
    -                                   <td>MUST</td>
    -                                   <td>
    -                                     State of the combobox (collapsed) is
    -                                     conveyed
    -                                   </td>
    -                                   <td>Passed</td>
    -                                 </tr>
    -                                 <tr>
    -                                   <td>MUST</td>
    -                                   <td>
    -                                     Not cause severe negative side effects
    -                                   </td>
    -                                   <td>Passed</td>
    -                                 </tr>
    -                                 <tr>
    -                                   <td>SHOULD</td>
    -                                   <td>
    -                                     Not cause moderate negative side effects
    -                                   </td>
    -                                   <td>Passed</td>
    -                                 </tr>
    -                               </tbody>
    -                             </table>
    -                           </div>
    -                           The command 'F' did not cause any negative side
    -                           effects.
    -                           <hr aria-hidden="true" />
    -                           <h3>
    -                             C&nbsp;Results:&nbsp;6 passed,&nbsp;0 failed,&nbsp;0
    -                             unsupported
    -                           </h3>
    -                           <p class="test-plan-results-response-p">
    -                             NVDA Response:
    -                           </p>
    -                           <blockquote class="test-plan-results-blockquote">
    -                             automatically seeded sample output
    -                           </blockquote>
    -                           <div class="table-responsive">
    -                             <table
    -                               aria-label="Results for test Navigate forwards to a collapsed select-only combobox in reading mode"
    -                               class="test-plan-results-table table table-bordered">
    -                               <caption>
    -                                 C Results
    -                               </caption>
    -                               <thead>
    -                                 <tr>
    -                                   <th>Priority</th>
    -                                   <th>Assertion</th>
    -                                   <th>Result</th>
    -                                 </tr>
    -                               </thead>
    -                               <tbody>
    -                                 <tr>
    -                                   <td>MUST</td>
    -                                   <td>Role 'combobox' is conveyed</td>
    -                                   <td>Passed</td>
    -                                 </tr>
    -                                 <tr>
    -                                   <td>MUST</td>
    -                                   <td>Name 'Favorite Fruit' is conveyed</td>
    -                                   <td>Passed</td>
    -                                 </tr>
    -                                 <tr>
    -                                   <td>MUST</td>
    -                                   <td>
    -                                     Text of the selected option ('Choose a
    -                                     Fruit') is conveyed
    -                                   </td>
    -                                   <td>Passed</td>
    -                                 </tr>
    -                                 <tr>
    -                                   <td>MUST</td>
    -                                   <td>
    -                                     State of the combobox (collapsed) is
    -                                     conveyed
    -                                   </td>
    -                                   <td>Passed</td>
    -                                 </tr>
    -                                 <tr>
    -                                   <td>MUST</td>
    -                                   <td>
    -                                     Not cause severe negative side effects
    -                                   </td>
    -                                   <td>Passed</td>
    -                                 </tr>
    -                                 <tr>
    -                                   <td>SHOULD</td>
    -                                   <td>
    -                                     Not cause moderate negative side effects
    -                                   </td>
    -                                   <td>Passed</td>
    -                                 </tr>
    -                               </tbody>
    -                             </table>
    -                           </div>
    -                           The command 'C' did not cause any negative side
    -                           effects.
    -                           <hr aria-hidden="true" />
    -                           <h3>
    -                             Tab&nbsp;Results:&nbsp;6 passed,&nbsp;0
    -                             failed,&nbsp;0 unsupported
    -                           </h3>
    -                           <p class="test-plan-results-response-p">
    -                             NVDA Response:
    -                           </p>
    -                           <blockquote class="test-plan-results-blockquote">
    -                             automatically seeded sample output
    -                           </blockquote>
    -                           <div class="table-responsive">
    -                             <table
    -                               aria-label="Results for test Navigate forwards to a collapsed select-only combobox in reading mode"
    -                               class="test-plan-results-table table table-bordered">
    -                               <caption>
    -                                 Tab Results
    -                               </caption>
    -                               <thead>
    -                                 <tr>
    -                                   <th>Priority</th>
    -                                   <th>Assertion</th>
    -                                   <th>Result</th>
    -                                 </tr>
    -                               </thead>
    -                               <tbody>
    -                                 <tr>
    -                                   <td>MUST</td>
    -                                   <td>Role 'combobox' is conveyed</td>
    -                                   <td>Passed</td>
    -                                 </tr>
    -                                 <tr>
    -                                   <td>MUST</td>
    -                                   <td>Name 'Favorite Fruit' is conveyed</td>
    -                                   <td>Passed</td>
    -                                 </tr>
    -                                 <tr>
    -                                   <td>MUST</td>
    -                                   <td>
    -                                     Text of the selected option ('Choose a
    -                                     Fruit') is conveyed
    -                                   </td>
    -                                   <td>Passed</td>
    -                                 </tr>
    -                                 <tr>
    -                                   <td>MUST</td>
    -                                   <td>
    -                                     State of the combobox (collapsed) is
    -                                     conveyed
    -                                   </td>
    -                                   <td>Passed</td>
    -                                 </tr>
    -                                 <tr>
    -                                   <td>MUST</td>
    -                                   <td>
    -                                     Not cause severe negative side effects
    -                                   </td>
    -                                   <td>Passed</td>
    -                                 </tr>
    -                                 <tr>
    -                                   <td>SHOULD</td>
    -                                   <td>
    -                                     Not cause moderate negative side effects
    -                                   </td>
    -                                   <td>Passed</td>
    -                                 </tr>
    -                               </tbody>
    -                             </table>
    -                           </div>
    -                           The command 'Tab' did not cause any negative side
    -                           effects.
    -                           <hr aria-hidden="true" />
    -                           <h3>
    -                             Down Arrow&nbsp;Results:&nbsp;6 passed,&nbsp;0
    -                             failed,&nbsp;0 unsupported
    -                           </h3>
    -                           <p class="test-plan-results-response-p">
    -                             NVDA Response:
    -                           </p>
    -                           <blockquote class="test-plan-results-blockquote">
    -                             automatically seeded sample output
    -                           </blockquote>
    -                           <div class="table-responsive">
    -                             <table
    -                               aria-label="Results for test Navigate forwards to a collapsed select-only combobox in reading mode"
    -                               class="test-plan-results-table table table-bordered">
    -                               <caption>
    -                                 Down Arrow Results
    -                               </caption>
    -                               <thead>
    -                                 <tr>
    -                                   <th>Priority</th>
    -                                   <th>Assertion</th>
    -                                   <th>Result</th>
    -                                 </tr>
    -                               </thead>
    -                               <tbody>
    -                                 <tr>
    -                                   <td>MUST</td>
    -                                   <td>Role 'combobox' is conveyed</td>
    -                                   <td>Passed</td>
    -                                 </tr>
    -                                 <tr>
    -                                   <td>MUST</td>
    -                                   <td>Name 'Favorite Fruit' is conveyed</td>
    -                                   <td>Passed</td>
    -                                 </tr>
    -                                 <tr>
    -                                   <td>MUST</td>
    -                                   <td>
    -                                     Text of the selected option ('Choose a
    -                                     Fruit') is conveyed
    -                                   </td>
    -                                   <td>Passed</td>
    -                                 </tr>
    -                                 <tr>
    -                                   <td>MUST</td>
    -                                   <td>
    -                                     State of the combobox (collapsed) is
    -                                     conveyed
    -                                   </td>
    -                                   <td>Passed</td>
    -                                 </tr>
    -                                 <tr>
    -                                   <td>MUST</td>
    -                                   <td>
    -                                     Not cause severe negative side effects
    -                                   </td>
    -                                   <td>Passed</td>
    -                                 </tr>
    -                                 <tr>
    -                                   <td>SHOULD</td>
    -                                   <td>
    -                                     Not cause moderate negative side effects
    -                                   </td>
    -                                   <td>Passed</td>
    -                                 </tr>
    -                               </tbody>
    -                             </table>
    -                           </div>
    -                           The command 'Down Arrow' did not cause any negative
    -                           side effects.
    -                         </div>
    -                       </div>
    -                       <div class="row">
    -                         <h2 id="test-toolbar-heading" class="sr-only">
    -                           Test Controls
    -                         </h2>
    -                         <ul
    -                           aria-labelledby="test-toolbar-heading"
    -                           class="test-run-toolbar">
    -                           <li>
    -                             <button
    -                               type="button"
    -                               disabled=""
    -                               class="btn btn-secondary">
    -                               Previous Test
    -                             </button>
    -                           </li>
    -                           <li>
    -                             <button type="button" class="btn btn-secondary">
    -                               <svg
    -                                 aria-hidden="true"
    -                                 focusable="false"
    -                                 data-prefix="fas"
    -                                 data-icon="pen"
    -                                 class="svg-inline--fa fa-pen"
    -                                 role="img"
    -                                 xmlns="http://www.w3.org/2000/svg"
    -                                 viewBox="0 0 512 512">
    -                                 <path
    -                                   fill="currentColor"
    -                                   d="M362.7 19.3L314.3 67.7 444.3 197.7l48.4-48.4c25-25 25-65.5 0-90.5L453.3 19.3c-25-25-65.5-25-90.5 0zm-71 71L58.6 323.5c-10.4 10.4-18 23.3-22.2 37.4L1 481.2C-1.5 489.7 .8 498.8 7 505s15.3 8.5 23.7 6.1l120.3-35.4c14.1-4.2 27-11.8 37.4-22.2L421.7 220.3 291.7 90.3z"></path></svg
    -                               >Edit Results
    -                             </button>
    -                           </li>
    -                           <li>
    -                             <button type="button" class="btn btn-secondary">
    -                               Next Test
    -                             </button>
    -                           </li>
    -                           <li>
    -                             <button type="button" class="btn btn-primary">
    -                               Continue
    -                             </button>
    -                           </li>
    -                         </ul>
    -                       </div>
    -                     </div>
    -                     <div class="current-test-options col-md-3">
    -                       <div role="complementary">
    -                         <h2 id="test-options-heading">Test Options</h2>
    -                         <ul
    -                           class="options-wrapper"
    -                           aria-labelledby="test-options-heading">
    -                           <li>
    -                             <a
    -                               role="button"
    -                               tabindex="0"
    -                               href="https://github.com/bocoup/aria-at/issues/new?title=Feedback:%20%22Navigate%20forwards%20to%20a%20collapsed%20select-only%20combobox%20in%20reading%20mode%22%20(Select%20Only%20Combobox%20Example,%20Test%201,%20V22.03.17)&amp;labels=nvda,feedback&amp;body=%23%23%20Description%20of%20Behavior%0A%0A%3C!--%20Write%20your%20description%20here%20--%3E%0A%0A%23%23%20Test%20Setup%0A%0A-%20Test%20File%3A%20%5Btest-01-navigate-forwards-to-collapsed-select-only-combobox-reading-nvda.collected.html%5D(https%3A%2F%2Faria-at.netlify.app%2Ftests%2Fcombobox-select-only%2Ftest-01-navigate-forwards-to-collapsed-select-only-combobox-reading-nvda.collected.html)%0A-%20AT%3A%20NVDA%20(Version%202020.4)%0A-%20Browser%3A%20Firefox%20(Version%2099)%0A%0A%3C!--%20The%20following%20data%20allows%20the%20issue%20to%20be%20imported%20into%20the%20ARIA%20AT%20App%20--%3E%0A%3C!--%20ARIA_AT_APP_ISSUE_DATA%20%3D%20%7B%22testPlanDirectory%22%3A%22combobox-select-only%22%2C%22versionString%22%3A%22V22.03.17%22%2C%22atName%22%3A%22NVDA%22%2C%22browserName%22%3A%22Firefox%22%2C%22testRowNumber%22%3A1%2C%22testSequenceNumber%22%3A1%2C%22isCandidateReview%22%3Afalse%2C%22isCandidateReviewChangesRequested%22%3Afalse%7D%20--%3E"
    -                               target="_blank"
    -                               aria-disabled="false"
    -                               class="option-btn btn btn-secondary"
    -                               ><svg
    -                                 aria-hidden="true"
    -                                 focusable="false"
    -                                 data-prefix="fas"
    -                                 data-icon="circle-exclamation"
    -                                 class="svg-inline--fa fa-circle-exclamation"
    -                                 role="img"
    -                                 xmlns="http://www.w3.org/2000/svg"
    -                                 viewBox="0 0 512 512"
    -                                 color="var(--bg-dark-gray)">
    -                                 <path
    -                                   fill="currentColor"
    -                                   d="M256 512A256 256 0 1 0 256 0a256 256 0 1 0 0 512zm0-384c13.3 0 24 10.7 24 24V264c0 13.3-10.7 24-24 24s-24-10.7-24-24V152c0-13.3 10.7-24 24-24zM224 352a32 32 0 1 1 64 0 32 32 0 1 1 -64 0z"></path></svg
    -                               >Raise an Issue</a
    -                             >
    -                           </li>
    -                           <li>
    -                             <button
    -                               type="button"
    -                               aria-disabled="false"
    -                               class="option-btn btn btn-secondary">
    -                               <svg
    -                                 aria-hidden="true"
    -                                 focusable="false"
    -                                 data-prefix="fas"
    -                                 data-icon="arrow-rotate-right"
    -                                 class="svg-inline--fa fa-arrow-rotate-right"
    -                                 role="img"
    -                                 xmlns="http://www.w3.org/2000/svg"
    -                                 viewBox="0 0 512 512"
    -                                 color="var(--bg-dark-gray)">
    -                                 <path
    -                                   fill="currentColor"
    -                                   d="M386.3 160H336c-17.7 0-32 14.3-32 32s14.3 32 32 32H464c17.7 0 32-14.3 32-32V64c0-17.7-14.3-32-32-32s-32 14.3-32 32v51.2L414.4 97.6c-87.5-87.5-229.3-87.5-316.8 0s-87.5 229.3 0 316.8s229.3 87.5 316.8 0c12.5-12.5 12.5-32.8 0-45.3s-32.8-12.5-45.3 0c-62.5 62.5-163.8 62.5-226.3 0s-62.5-163.8 0-226.3s163.8-62.5 226.3 0L386.3 160z"></path></svg
    -                               >Start Over
    -                             </button>
    -                           </li>
    -                           <li>
    -                             <button
    -                               type="button"
    -                               aria-disabled="false"
    -                               class="option-btn btn btn-secondary">
    -                               Save and Close
    -                             </button>
    -                           </li>
    -                           <li class="help-link">
    -                             <a href="mailto:public-aria-at@w3.org"
    -                               >Email us if you need help</a
    -                             >
    -                           </li>
    -                         </ul>
    -                       </div>
    -                     </div>
    -                   </div>
    -                   <div style="display: none"></div>
    -                 </div>
    -               </div>
    -             </main>
    +         <main id="main" tabindex="-1" class="container">
    +           <h1>Testing Task</h1>
    +           <div
    +             class="alert alert-danger"
    +             role="alert"
    +             data-testid="page-status">
    +             permission denied for table Vendor
                </div>
    -           <div></div>
    -           <div></div>
    -         </div>
    +         </main>
            </div>
            <span
              class="visually-hidden-aria-live-region"
              aria-live="polite"
              aria-atomic="true"></span>
          </div>
          <script src="/bundle.js"></script>
    -
    -     <div class="fade modal-backdrop show"></div>
    -     <div
    -       role="dialog"
    -       aria-modal="true"
    -       class="fade modal show"
    -       tabindex="-1"
    -       aria-labelledby="title-modal-2"
    -       style="display: block; padding-left: 0px">
    -       <div id="focus-trapped-modal-2" class="modal-dialog modal-60w">
    -         <div tabindex="0"></div>
    -         <div class="modal-content">
    -           <div class="border-bottom-0 modal-header">
    -             <h1
    -               class="modal-title modal-title"
    -               id="title-modal-2"
    -               tabindex="-1">
    -               Assistive Technology and Browser Details
    -             </h1>
    -             <button type="button" class="btn-close" aria-label="Close"></button>
    -           </div>
    -           <div class="modal-body">
    -             <div class="modal-inner-section-container">
    -               <div
    -                 role="alert"
    -                 class="fade at-browser-details-modal-alert alert alert-warning show">
    -                 <svg
    -                   aria-hidden="true"
    -                   focusable="false"
    -                   data-prefix="fas"
    -                   data-icon="triangle-exclamation"
    -                   class="svg-inline--fa fa-triangle-exclamation"
    -                   role="img"
    -                   xmlns="http://www.w3.org/2000/svg"
    -                   viewBox="0 0 512 512">
    -                   <path
    -                     fill="currentColor"
    -                     d="M256 32c14.2 0 27.3 7.5 34.5 19.8l216 368c7.3 12.4 7.3 27.7 .2 40.1S486.3 480 472 480H40c-14.3 0-27.6-7.7-34.7-20.1s-7-27.8 .2-40.1l216-368C228.7 39.5 241.8 32 256 32zm0 128c-13.3 0-24 10.7-24 24V296c0 13.3 10.7 24 24 24s24-10.7 24-24V184c0-13.3-10.7-24-24-24zm32 224a32 32 0 1 0 -64 0 32 32 0 1 0 64 0z"></path></svg
    -                 ><span
    -                   >You are about to review
    -                   <b>Select Only Combobox Example</b> as
    -                   <b>esmeralda-baggins</b>. Your Assistive Technology and
    -                   Browser might be different. Please proceed with caution.</span
    -                 >
    -               </div>
    -               Your Assistive Technology and Browser Details are the following.
    -               Please make sure this information is still accurate.<br /><br />
    -               <fieldset class="fieldset-row">
    -                 <legend>
    -                   <h2 class="modal-subtitle">Assistive Technology Details</h2>
    -                 </legend>
    -                 <div class="form-group">
    -                   <label class="form-label">Assistive Technology Name</label
    -                   ><input
    -                     disabled=""
    -                     type="text"
    -                     class="form-control"
    -                     value="NVDA" />
    -                 </div>
    -                 <div class="form-group">
    -                   <label class="form-label"
    -                     >Assistive Technology Version<span
    -                       class="required-indicator"
    -                       aria-hidden="true"></span></label
    -                   ><select
    -                     required=""
    -                     data-testid="at-browser-modal-select"
    -                     class="form-select">
    -                     <option value="Select a Version" disabled="">
    -                       Select a Version
    -                     </option>
    -                     <option value="2023.3.3">2023.3.3</option>
    -                     <option value="2020.4">2020.4</option>
    -                   </select>
    -                 </div>
    -               </fieldset>
    -               <fieldset class="fieldset-row">
    -                 <legend><h2 class="modal-subtitle">Browser Details</h2></legend>
    -                 <div
    -                   role="alert"
    -                   class="fade at-browser-details-modal-alert alert alert-warning show">
    -                   <svg
    -                     aria-hidden="true"
    -                     focusable="false"
    -                     data-prefix="fas"
    -                     data-icon="triangle-exclamation"
    -                     class="svg-inline--fa fa-triangle-exclamation"
    -                     role="img"
    -                     xmlns="http://www.w3.org/2000/svg"
    -                     viewBox="0 0 512 512">
    -                     <path
    -                       fill="currentColor"
    -                       d="M256 32c14.2 0 27.3 7.5 34.5 19.8l216 368c7.3 12.4 7.3 27.7 .2 40.1S486.3 480 472 480H40c-14.3 0-27.6-7.7-34.7-20.1s-7-27.8 .2-40.1l216-368C228.7 39.5 241.8 32 256 32zm0 128c-13.3 0-24 10.7-24 24V296c0 13.3 10.7 24 24 24s24-10.7 24-24V184c0-13.3-10.7-24-24-24zm32 224a32 32 0 1 0 -64 0 32 32 0 1 0 64 0z"></path></svg
    -                   ><span
    -                     >We have automatically detected you are using
    -                     <b>Chrome Headless 127</b>. This version is different than
    -                     what <b>esmeralda-baggins</b> was using last time, which was
    -                     <b>Firefox 99</b>.<br /><br />We have not updated this
    -                     information below. Please proceed with caution.</span
    -                   >
    -                 </div>
    -                 <div class="form-group">
    -                   <label class="form-label">Browser Name</label
    -                   ><input
    -                     disabled=""
    -                     type="text"
    -                     class="form-control"
    -                     value="Firefox" />
    -                 </div>
    -                 <div class="form-group">
    -                   <label class="form-label"
    -                     >Browser Version<span
    -                       class="required-indicator"
    -                       aria-hidden="true"></span></label
    -                   ><input
    -                     required=""
    -                     data-testid="at-browser-modal-input"
    -                     type="text"
    -                     class="form-control"
    -                     value="99" />
    -                 </div>
    -               </fieldset>
    -             </div>
    -           </div>
    -           <div class="modal-footer">
    -             <button type="button" data-testid="" class="btn btn-primary">
    -               Continue
    -             </button>
    -           </div>
    -         </div>
    -         <div tabindex="0"></div>
    -       </div>
    -     </div>
        </body>
      </html>

      22 |
      23 |         const existingSnapshot = await fs.readFile(snapshotPath, 'utf-8');
    > 24 |         expect(currentSnapshot.trim()).toBe(existingSnapshot.trim());
         |                                        ^
      25 |       });
      26 |     });
      27 |   });

      at toBe (tests/e2e/snapshots/snapshotTest.e2e.test.js:24:40)
      at call (tests/e2e/snapshots/snapshotTest.e2e.test.js:2:1)
      at Generator.tryCatch (tests/e2e/snapshots/snapshotTest.e2e.test.js:2:1)
      at Generator._invoke [as next] (tests/e2e/snapshots/snapshotTest.e2e.test.js:2:1)
      at asyncGeneratorStep (tests/e2e/snapshots/snapshotTest.e2e.test.js:2:1)
      at asyncGeneratorStep (tests/e2e/snapshots/snapshotTest.e2e.test.js:2:1)

  ● Snapshot Comparison › should match snapshot for /data-management/meter

    expect(received).toBe(expected) // Object.is equality

    - Expected  - 33
    + Received  +  2

    @@ -41,43 +41,12 @@
                      <a aria-current="false" class="nav-link" href="/test-queue"
                        >Test Queue</a
                      >
                    </li>
                    <li>
    -                 <a
    -                   aria-current="false"
    -                   class="nav-link"
    -                   href="/candidate-review"
    -                   >Candidate Review</a
    -                 >
    -               </li>
    -               <li>
    -                 <a
    -                   aria-current="false"
    -                   class="nav-link"
    -                   href="/account/settings"
    -                   >Settings</a
    -                 >
    -               </li>
    -               <li class="signed-in-wrapper">
    -                 <div class="signed-in" id="signed-in">
    -                   <svg
    -                     aria-hidden="true"
    -                     focusable="false"
    -                     data-prefix="fas"
    -                     data-icon="circle-user"
    -                     class="svg-inline--fa fa-circle-user"
    -                     role="img"
    -                     xmlns="http://www.w3.org/2000/svg"
    -                     viewBox="0 0 512 512">
    -                     <path
    -                       fill="currentColor"
    -                       d="M399 384.2C376.9 345.8 335.4 320 288 320H224c-47.4 0-88.9 25.8-111 64.2c35.2 39.2 86.2 63.8 143 63.8s107.8-24.7 143-63.8zM0 256a256 256 0 1 1 512 0A256 256 0 1 1 0 256zm256 16a72 72 0 1 0 0-144 72 72 0 1 0 0 144z"></path></svg
    -                   >Signed in as <b>joe-the-admin</b>
    -                 </div>
    -                 <a aria-describedby="signed-in" class="nav-link" href="/"
    -                   >Sign out</a
    +                 <a class="nav-link" href="/data-management/meter"
    +                   >Sign in with GitHub</a
                      >
                    </li>
                  </div>
                </div>
              </nav>

      22 |
      23 |         const existingSnapshot = await fs.readFile(snapshotPath, 'utf-8');
    > 24 |         expect(currentSnapshot.trim()).toBe(existingSnapshot.trim());
         |                                        ^
      25 |       });
      26 |     });
      27 |   });

      at toBe (tests/e2e/snapshots/snapshotTest.e2e.test.js:24:40)
      at call (tests/e2e/snapshots/snapshotTest.e2e.test.js:2:1)
      at Generator.tryCatch (tests/e2e/snapshots/snapshotTest.e2e.test.js:2:1)
      at Generator._invoke [as next] (tests/e2e/snapshots/snapshotTest.e2e.test.js:2:1)
      at asyncGeneratorStep (tests/e2e/snapshots/snapshotTest.e2e.test.js:2:1)
      at asyncGeneratorStep (tests/e2e/snapshots/snapshotTest.e2e.test.js:2:1)

  ● Snapshot Comparison › should match snapshot for /candidate-test-plan/24/1

    expect(received).toBe(expected) // Object.is equality

    - Expected  - 736
    + Received  +   8

    @@ -4,14 +4,11 @@
          <meta charset="UTF-8" />
          <meta name="google" content="notranslate" />
          <meta name="viewport" content="width=device-width, initial-scale=1" />

          <link rel="shortcut icon" href="data:image/x-icon;," type="image/x-icon" />
    -     <title>
    -       1. Open a Modal Dialog in reading mode | Modal Dialog Example | Candidate
    -       Review | ARIA-AT
    -     </title>
    +     <title>Invalid Request | ARIA-AT</title>
        </head>
        <body>
          <div id="root">
            <div class="container-fluid">
              <nav
    @@ -44,749 +41,24 @@
                      <a aria-current="false" class="nav-link" href="/test-queue"
                        >Test Queue</a
                      >
                    </li>
                    <li>
    -                 <a aria-current="true" class="nav-link" href="/candidate-review"
    -                   >Candidate Review</a
    -                 >
    -               </li>
    -               <li>
    -                 <a
    -                   aria-current="false"
    -                   class="nav-link"
    -                   href="/account/settings"
    -                   >Settings</a
    -                 >
    -               </li>
    -               <li class="signed-in-wrapper">
    -                 <div class="signed-in" id="signed-in">
    -                   <svg
    -                     aria-hidden="true"
    -                     focusable="false"
    -                     data-prefix="fas"
    -                     data-icon="circle-user"
    -                     class="svg-inline--fa fa-circle-user"
    -                     role="img"
    -                     xmlns="http://www.w3.org/2000/svg"
    -                     viewBox="0 0 512 512">
    -                     <path
    -                       fill="currentColor"
    -                       d="M399 384.2C376.9 345.8 335.4 320 288 320H224c-47.4 0-88.9 25.8-111 64.2c35.2 39.2 86.2 63.8 143 63.8s107.8-24.7 143-63.8zM0 256a256 256 0 1 1 512 0A256 256 0 1 1 0 256zm256 16a72 72 0 1 0 0-144 72 72 0 1 0 0 144z"></path></svg
    -                   >Signed in as <b>joe-the-admin</b>
    -                 </div>
    -                 <a aria-describedby="signed-in" class="nav-link" href="/"
    -                   >Sign out</a
    +                 <a class="nav-link" href="/invalid-request"
    +                   >Sign in with GitHub</a
                      >
                    </li>
                  </div>
                </div>
              </nav>
            </div>
            <div class="container-fluid">
    -         <div class="container">
    -           <div class="row">
    -             <div class="test-navigator col-md-3">
    -               <div class="test-navigator-toggle-container">
    -                 <h2 id="test-navigator-heading">
    -                   <button
    -                     aria-label="Test Navigation"
    -                     aria-controls="test-navigator-nav"
    -                     aria-expanded="true"
    -                     class="test-navigator-toggle">
    -                     <svg
    -                       aria-hidden="true"
    -                       focusable="false"
    -                       data-prefix="fas"
    -                       data-icon="arrow-left"
    -                       class="svg-inline--fa fa-arrow-left"
    -                       role="img"
    -                       xmlns="http://www.w3.org/2000/svg"
    -                       viewBox="0 0 448 512">
    -                       <path
    -                         fill="currentColor"
    -                         d="M9.4 233.4c-12.5 12.5-12.5 32.8 0 45.3l160 160c12.5 12.5 32.8 12.5 45.3 0s12.5-32.8 0-45.3L109.2 288 416 288c17.7 0 32-14.3 32-32s-14.3-32-32-32l-306.7 0L214.6 118.6c12.5-12.5 12.5-32.8 0-45.3s-32.8-12.5-45.3 0l-160 160z"></path></svg
    -                     ><svg
    -                       aria-hidden="true"
    -                       focusable="false"
    -                       data-prefix="fas"
    -                       data-icon="align-left"
    -                       class="svg-inline--fa fa-align-left"
    -                       role="img"
    -                       xmlns="http://www.w3.org/2000/svg"
    -                       viewBox="0 0 448 512">
    -                       <path
    -                         fill="currentColor"
    -                         d="M288 64c0 17.7-14.3 32-32 32H32C14.3 96 0 81.7 0 64S14.3 32 32 32H256c17.7 0 32 14.3 32 32zm0 256c0 17.7-14.3 32-32 32H32c-17.7 0-32-14.3-32-32s14.3-32 32-32H256c17.7 0 32 14.3 32 32zM0 192c0-17.7 14.3-32 32-32H416c17.7 0 32 14.3 32 32s-14.3 32-32 32H32c-17.7 0-32-14.3-32-32zM448 448c0 17.7-14.3 32-32 32H32c-17.7 0-32-14.3-32-32s14.3-32 32-32H416c17.7 0 32 14.3 32 32z"></path>
    -                     </svg>
    -                   </button>
    -                 </h2>
    -               </div>
    -               <nav id="test-navigator-nav" aria-label="Test">
    -                 <ol
    -                   aria-labelledby="test-navigator-heading"
    -                   class="test-navigator-list">
    -                   <div class="test-name-wrapper summary">
    -                     <a
    -                       href="#summary-failures"
    -                       class="test-name"
    -                       aria-current="false"
    -                       >Summary of Failures</a
    -                     ><span
    -                       class="progress-indicator"
    -                       title="Summary of Failures"></span>
    -                   </div>
    -                   <li class="test-name-wrapper changes-requested">
    -                     <a href="#1" class="test-name" aria-current="true"
    -                       >Open a Modal Dialog in reading mode</a
    -                     ><span
    -                       class="progress-indicator"
    -                       title="Changes Requested"></span>
    -                   </li>
    -                   <li class="test-name-wrapper not-started">
    -                     <a href="#2" class="test-name" aria-current="false"
    -                       >Open a Modal Dialog in interaction mode</a
    -                     ><span
    -                       class="progress-indicator"
    -                       title="Not Started"></span>
    -                   </li>
    -                   <li class="test-name-wrapper not-started">
    -                     <a href="#3" class="test-name" aria-current="false"
    -                       >Close a modal dialog in reading mode</a
    -                     ><span
    -                       class="progress-indicator"
    -                       title="Not Started"></span>
    -                   </li>
    -                   <li class="test-name-wrapper not-started">
    -                     <a href="#4" class="test-name" aria-current="false"
    -                       >Close a modal dialog in interaction mode</a
    -                     ><span
    -                       class="progress-indicator"
    -                       title="Not Started"></span>
    -                   </li>
    -                   <li class="test-name-wrapper not-started">
    -                     <a href="#5" class="test-name" aria-current="false"
    -                       >Close a modal dialog using a button in reading mode</a
    -                     ><span
    -                       class="progress-indicator"
    -                       title="Not Started"></span>
    -                   </li>
    -                   <li class="test-name-wrapper not-started">
    -                     <a href="#6" class="test-name" aria-current="false"
    -                       >Close a modal dialog using a button in interaction
    -                       mode</a
    -                     ><span
    -                       class="progress-indicator"
    -                       title="Not Started"></span>
    -                   </li>
    -                   <li class="test-name-wrapper not-started">
    -                     <a href="#7" class="test-name" aria-current="false"
    -                       >Navigate to the last focusable element in a modal dialog
    -                       in interaction mode</a
    -                     ><span
    -                       class="progress-indicator"
    -                       title="Not Started"></span>
    -                   </li>
    -                   <li class="test-name-wrapper not-started">
    -                     <a href="#8" class="test-name" aria-current="false"
    -                       >Navigate to the first focusable element in a modal dialog
    -                       in interaction mode</a
    -                     ><span
    -                       class="progress-indicator"
    -                       title="Not Started"></span>
    -                   </li>
    -                   <li class="test-name-wrapper not-started">
    -                     <a href="#9" class="test-name" aria-current="false"
    -                       >Navigate to the beginning of a modal dialog in reading
    -                       mode</a
    -                     ><span
    -                       class="progress-indicator"
    -                       title="Not Started"></span>
    -                   </li>
    -                   <li class="test-name-wrapper not-started">
    -                     <a href="#10" class="test-name" aria-current="false"
    -                       >Navigate to the end of a modal dialog in reading mode</a
    -                     ><span
    -                       class="progress-indicator"
    -                       title="Not Started"></span>
    -                   </li>
    -                   <li class="test-name-wrapper not-started">
    -                     <a href="#11" class="test-name" aria-current="false"
    -                       >Open a nested modal dialog in reading mode</a
    -                     ><span
    -                       class="progress-indicator"
    -                       title="Not Started"></span>
    -                   </li>
    -                   <li class="test-name-wrapper not-started">
    -                     <a href="#12" class="test-name" aria-current="false"
    -                       >Open a nested modal dialog in interaction mode</a
    -                     ><span
    -                       class="progress-indicator"
    -                       title="Not Started"></span>
    -                   </li>
    -                   <li class="test-name-wrapper not-started">
    -                     <a href="#13" class="test-name" aria-current="false"
    -                       >Close a nested modal dialog in reading mode</a
    -                     ><span
    -                       class="progress-indicator"
    -                       title="Not Started"></span>
    -                   </li>
    -                   <li class="test-name-wrapper not-started">
    -                     <a href="#14" class="test-name" aria-current="false"
    -                       >Close a nested modal dialog in interaction mode</a
    -                     ><span
    -                       class="progress-indicator"
    -                       title="Not Started"></span>
    -                   </li>
    -                   <li class="test-name-wrapper not-started">
    -                     <a href="#15" class="test-name" aria-current="false"
    -                       >Close a nested modal dialog using a button in reading
    -                       mode</a
    -                     ><span
    -                       class="progress-indicator"
    -                       title="Not Started"></span>
    -                   </li>
    -                   <li class="test-name-wrapper not-started">
    -                     <a href="#16" class="test-name" aria-current="false"
    -                       >Close a nested modal dialog using a button in interaction
    -                       mode</a
    -                     ><span
    -                       class="progress-indicator"
    -                       title="Not Started"></span>
    -                   </li>
    -                   <li class="test-name-wrapper not-started">
    -                     <a href="#17" class="test-name" aria-current="false"
    -                       >Open a nested modal dialog using a link in reading
    -                       mode</a
    -                     ><span
    -                       class="progress-indicator"
    -                       title="Not Started"></span>
    -                   </li>
    -                   <li class="test-name-wrapper not-started">
    -                     <a href="#18" class="test-name" aria-current="false"
    -                       >Open a nested modal dialog using a link in interaction
    -                       mode</a
    -                     ><span
    -                       class="progress-indicator"
    -                       title="Not Started"></span>
    -                   </li>
    -                 </ol>
    -               </nav>
    -             </div>
    -             <main id="main" tabindex="-1" class="col">
    -               <div class="row">
    -                 <div class="p-0">
    -                   <div class="sr-only" aria-live="polite" aria-atomic="true">
    -                     Viewing Test Open a Modal Dialog in reading mode, Test 1 of
    -                     18
    -                   </div>
    -                   <span class="task-label">Reviewing Test 1 of 18:</span>
    -                   <h1>
    -                     1. Open a Modal Dialog in reading mode
    -                     <span class="using">using</span> JAWS 2021.2111.13
    -                   </h1>
    -                 </div>
    -                 <div class="test-info-wrapper">
    -                   <div class="test-info-entity apg-example-name">
    -                     <div>
    -                       <b>Candidate Test Plan:</b>
    -                       <a href="/test-review/24"
    -                         >Modal Dialog Example V22.05.26</a
    -                       >
    -                     </div>
    -                   </div>
    -                   <div class="test-info-entity target-date">
    -                     <div><b>Target Completion Date: </b>January 2, 2023</div>
    -                   </div>
    -                 </div>
    -                 <div class="p-0 col">
    -                   <div s="1" class="row row-cols-md-2 row-cols-1">
    -                     <div class="p-0 col-md-9">
    -                       <div class="row">
    -                         <div class="issues-container">
    -                           <h2>
    -                             <span class="feedback-from-text"
    -                               >Feedback from</span
    -                             >
    -                             <b>JAWS Representative</b>
    -                           </h2>
    -                           <ul>
    -                             <li class="feedback-list-item">
    -                               <svg
    -                                 aria-hidden="true"
    -                                 focusable="false"
    -                                 data-prefix="fas"
    -                                 data-icon="flag"
    -                                 class="svg-inline--fa fa-flag"
    -                                 role="img"
    -                                 xmlns="http://www.w3.org/2000/svg"
    -                                 viewBox="0 0 448 512"
    -                                 color="var(--candidate-changes-requested)">
    -                                 <path
    -                                   fill="currentColor"
    -                                   d="M64 32C64 14.3 49.7 0 32 0S0 14.3 0 32V64 368 480c0 17.7 14.3 32 32 32s32-14.3 32-32V352l64.3-16.1c41.1-10.3 84.6-5.5 122.5 13.4c44.2 22.1 95.5 24.8 141.7 7.4l34.7-13c12.5-4.7 20.8-16.6 20.8-30V66.1c0-23-24.2-38-44.8-27.7l-9.6 4.8c-46.3 23.2-100.8 23.2-147.1 0c-35.1-17.6-75.4-22-113.5-12.5L64 48V32z"></path></svg
    -                               ><a
    -                                 href="https://github.com/bocoup/aria-at/issues?q=label:candidate-review%20label:changes-requested%20label:jaws%20%22Modal%20Dialog%20Example%20Test%201%22%20V22.05.26"
    -                                 target="_blank"
    -                                 rel="noreferrer"
    -                                 >1 person requested changes</a
    -                               >
    -                               for this test in 1 issue<span
    -                                 class="feedback-indicator"
    -                                 title="Feedback Indicator"></span>
    -                             </li>
    -                           </ul>
    -                         </div>
    -                       </div>
    -                       <div class="candidate-results-container row">
    -                         <div class="p-0">
    -                           <h1 class="border-0" data-testid="current-test-title">
    -                             Open a Modal Dialog in reading mode
    -                           </h1>
    -                           <div class="disclosure-container stacked">
    -                             <h1 class="disclosure-heading">
    -                               <button
    -                                 class="disclosure-button stacked"
    -                                 id="disclosure-btn-candidateReviewRun-Test Instructions"
    -                                 type="button"
    -                                 aria-expanded="false"
    -                                 aria-controls="disclosure-btn-controls-candidateReviewRun-Test Instructions">
    -                                 Test Instructions<svg
    -                                   aria-hidden="true"
    -                                   focusable="false"
    -                                   data-prefix="fas"
    -                                   data-icon="chevron-down"
    -                                   class="svg-inline--fa fa-chevron-down disclosure-icon"
    -                                   role="img"
    -                                   xmlns="http://www.w3.org/2000/svg"
    -                                   viewBox="0 0 512 512">
    -                                   <path
    -                                     fill="currentColor"
    -                                     d="M233.4 406.6c12.5 12.5 32.8 12.5 45.3 0l192-192c12.5-12.5 12.5-32.8 0-45.3s-32.8-12.5-45.3 0L256 338.7 86.6 169.4c-12.5-12.5-32.8-12.5-45.3 0s-12.5 32.8 0 45.3l192 192z"></path>
    -                                 </svg>
    -                               </button>
    -                             </h1>
    -                             <div
    -                               class="disclosure-content hidden stacked"
    -                               role="region"
    -                               id="disclosure-btn-controls-candidateReviewRun-Test Instructions"
    -                               aria-labelledby="disclosure-btn-candidateReviewRun-Test Instructions">
    -                               <div
    -                                 class="candidate-review-custom-instructions-renderer">
    -                                 <ol class="numbered-list">
    -                                   <li>
    -                                     Configure JAWS with default settings. For
    -                                     help, read
    -                                     <a
    -                                       href="https://github.com/w3c/aria-at/wiki/Configuring-Screen-Readers-for-Testing"
    -                                       >Configuring Screen Readers for Testing</a
    -                                     >.
    -                                   </li>
    -                                   <li>
    -                                     Activate the "Open test page" button, which
    -                                     opens the example to test in a new window
    -                                     and runs a script that sets focus on the
    -                                     'Add Delivery Address' button
    -                                   </li>
    -                                   <li>
    -                                     With the reading cursor on the 'Add Delivery
    -                                     Address' button, open the dialog.
    -                                   </li>
    -                                   <li>
    -                                     With the reading cursor on the 'Add Delivery
    -                                     Address' button, open the dialog. Do this
    -                                     with each of the following commands or
    -                                     command sequences.
    -                                     <ul class="bullet-list">
    -                                       <li>Space</li>
    -                                       <li>Enter</li>
    -                                     </ul>
    -                                   </li>
    -                                 </ol>
    -                                 <h2 id="JAWS-test1-SPACE-cmd0">
    -                                   Space: 4 MUST, 0 SHOULD, 0 MAY Assertions
    -                                 </h2>
    -                                 <div class="table-responsive">
    -                                   <table
    -                                     aria-labelledby="JAWS-test1-SPACE-cmd0"
    -                                     class="table table-bordered">
    -                                     <thead>
    -                                       <tr>
    -                                         <th>Priority</th>
    -                                         <th>Assertion Statement</th>
    -                                       </tr>
    -                                     </thead>
    -                                     <tbody>
    -                                       <tr>
    -                                         <td>MUST</td>
    -                                         <td>Role 'dialog' is conveyed</td>
    -                                       </tr>
    -                                       <tr>
    -                                         <td>MUST</td>
    -                                         <td>
    -                                           Name 'Add Delivery Address' is
    -                                           conveyed
    -                                         </td>
    -                                       </tr>
    -                                       <tr>
    -                                         <td>MUST</td>
    -                                         <td>
    -                                           Name of input ('Street') is conveyed
    -                                         </td>
    -                                       </tr>
    -                                       <tr>
    -                                         <td>MUST</td>
    -                                         <td>
    -                                           The ability to enter or edit text is
    -                                           conveyed
    -                                         </td>
    -                                       </tr>
    -                                     </tbody>
    -                                   </table>
    -                                 </div>
    -                                 <h2 id="JAWS-test1-ENTER-cmd1">
    -                                   Enter: 4 MUST, 0 SHOULD, 0 MAY Assertions
    -                                 </h2>
    -                                 <div class="table-responsive">
    -                                   <table
    -                                     aria-labelledby="JAWS-test1-ENTER-cmd1"
    -                                     class="table table-bordered">
    -                                     <thead>
    -                                       <tr>
    -                                         <th>Priority</th>
    -                                         <th>Assertion Statement</th>
    -                                       </tr>
    -                                     </thead>
    -                                     <tbody>
    -                                       <tr>
    -                                         <td>MUST</td>
    -                                         <td>Role 'dialog' is conveyed</td>
    -                                       </tr>
    -                                       <tr>
    -                                         <td>MUST</td>
    -                                         <td>
    -                                           Name 'Add Delivery Address' is
    -                                           conveyed
    -                                         </td>
    -                                       </tr>
    -                                       <tr>
    -                                         <td>MUST</td>
    -                                         <td>
    -                                           Name of input ('Street') is conveyed
    -                                         </td>
    -                                       </tr>
    -                                       <tr>
    -                                         <td>MUST</td>
    -                                         <td>
    -                                           The ability to enter or edit text is
    -                                           conveyed
    -                                         </td>
    -                                       </tr>
    -                                     </tbody>
    -                                   </table>
    -                                 </div>
    -                                 <button type="button" class="btn btn-primary">
    -                                   Open Test Page
    -                                 </button>
    -                               </div>
    -                             </div>
    -                             <h1 class="disclosure-heading">
    -                               <button
    -                                 class="disclosure-button stacked"
    -                                 id="disclosure-btn-candidateReviewRun-Test Results for Chrome"
    -                                 type="button"
    -                                 aria-expanded="false"
    -                                 aria-controls="disclosure-btn-controls-candidateReviewRun-Test Results for Chrome">
    -                                 Test Results for Chrome<svg
    -                                   aria-hidden="true"
    -                                   focusable="false"
    -                                   data-prefix="fas"
    -                                   data-icon="chevron-down"
    -                                   class="svg-inline--fa fa-chevron-down disclosure-icon"
    -                                   role="img"
    -                                   xmlns="http://www.w3.org/2000/svg"
    -                                   viewBox="0 0 512 512">
    -                                   <path
    -                                     fill="currentColor"
    -                                     d="M233.4 406.6c12.5 12.5 32.8 12.5 45.3 0l192-192c12.5-12.5 12.5-32.8 0-45.3s-32.8-12.5-45.3 0L256 338.7 86.6 169.4c-12.5-12.5-32.8-12.5-45.3 0s-12.5 32.8 0 45.3l192 192z"></path>
    -                                 </svg>
    -                               </button>
    -                             </h1>
    -                             <div
    -                               class="disclosure-content hidden stacked"
    -                               role="region"
    -                               id="disclosure-btn-controls-candidateReviewRun-Test Results for Chrome"
    -                               aria-labelledby="disclosure-btn-candidateReviewRun-Test Results for Chrome">
    -                               <h2 class="test-results-header">
    -                                 Test Results&nbsp;(12 passed, 0 failed, 0
    -                                 unsupported)
    -                               </h2>
    -                               <h3>
    -                                 Space&nbsp;Results:&nbsp;6 passed,&nbsp;0
    -                                 failed,&nbsp;0 unsupported
    -                               </h3>
    -                               <p class="test-plan-results-response-p">
    -                                 JAWS Response:
    -                               </p>
    -                               <blockquote class="test-plan-results-blockquote">
    -                                 automatically seeded sample output
    -                               </blockquote>
    -                               <div class="table-responsive">
    -                                 <table
    -                                   aria-label="Results for test Open a Modal Dialog in reading mode"
    -                                   class="test-plan-results-table table table-bordered">
    -                                   <caption>
    -                                     Space Results
    -                                   </caption>
    -                                   <thead>
    -                                     <tr>
    -                                       <th>Priority</th>
    -                                       <th>Assertion</th>
    -                                       <th>Result</th>
    -                                     </tr>
    -                                   </thead>
    -                                   <tbody>
    -                                     <tr>
    -                                       <td>MUST</td>
    -                                       <td>Role 'dialog' is conveyed</td>
    -                                       <td>Passed</td>
    -                                     </tr>
    -                                     <tr>
    -                                       <td>MUST</td>
    -                                       <td>
    -                                         Name 'Add Delivery Address' is conveyed
    -                                       </td>
    -                                       <td>Passed</td>
    -                                     </tr>
    -                                     <tr>
    -                                       <td>MUST</td>
    -                                       <td>
    -                                         Name of input ('Street') is conveyed
    -                                       </td>
    -                                       <td>Passed</td>
    -                                     </tr>
    -                                     <tr>
    -                                       <td>MUST</td>
    -                                       <td>
    -                                         The ability to enter or edit text is
    -                                         conveyed
    -                                       </td>
    -                                       <td>Passed</td>
    -                                     </tr>
    -                                     <tr>
    -                                       <td>MUST</td>
    -                                       <td>
    -                                         Not cause severe negative side effects
    -                                       </td>
    -                                       <td>Passed</td>
    -                                     </tr>
    -                                     <tr>
    -                                       <td>SHOULD</td>
    -                                       <td>
    -                                         Not cause moderate negative side effects
    -                                       </td>
    -                                       <td>Passed</td>
    -                                     </tr>
    -                                   </tbody>
    -                                 </table>
    -                               </div>
    -                               The command 'Space' did not cause any negative
    -                               side effects.
    -                               <hr aria-hidden="true" />
    -                               <h3>
    -                                 Enter&nbsp;Results:&nbsp;6 passed,&nbsp;0
    -                                 failed,&nbsp;0 unsupported
    -                               </h3>
    -                               <p class="test-plan-results-response-p">
    -                                 JAWS Response:
    -                               </p>
    -                               <blockquote class="test-plan-results-blockquote">
    -                                 automatically seeded sample output
    -                               </blockquote>
    -                               <div class="table-responsive">
    -                                 <table
    -                                   aria-label="Results for test Open a Modal Dialog in reading mode"
    -                                   class="test-plan-results-table table table-bordered">
    -                                   <caption>
    -                                     Enter Results
    -                                   </caption>
    -                                   <thead>
    -                                     <tr>
    -                                       <th>Priority</th>
    -                                       <th>Assertion</th>
    -                                       <th>Result</th>
    -                                     </tr>
    -                                   </thead>
    -                                   <tbody>
    -                                     <tr>
    -                                       <td>MUST</td>
    -                                       <td>Role 'dialog' is conveyed</td>
    -                                       <td>Passed</td>
    -                                     </tr>
    -                                     <tr>
    -                                       <td>MUST</td>
    -                                       <td>
    -                                         Name 'Add Delivery Address' is conveyed
    -                                       </td>
    -                                       <td>Passed</td>
    -                                     </tr>
    -                                     <tr>
    -                                       <td>MUST</td>
    -                                       <td>
    -                                         Name of input ('Street') is conveyed
    -                                       </td>
    -                                       <td>Passed</td>
    -                                     </tr>
    -                                     <tr>
    -                                       <td>MUST</td>
    -                                       <td>
    -                                         The ability to enter or edit text is
    -                                         conveyed
    -                                       </td>
    -                                       <td>Passed</td>
    -                                     </tr>
    -                                     <tr>
    -                                       <td>MUST</td>
    -                                       <td>
    -                                         Not cause severe negative side effects
    -                                       </td>
    -                                       <td>Passed</td>
    -                                     </tr>
    -                                     <tr>
    -                                       <td>SHOULD</td>
    -                                       <td>
    -                                         Not cause moderate negative side effects
    -                                       </td>
    -                                       <td>Passed</td>
    -                                     </tr>
    -                                   </tbody>
    -                                 </table>
    -                               </div>
    -                               The command 'Enter' did not cause any negative
    -                               side effects.
    -                             </div>
    -                             <h1 class="disclosure-heading">
    -                               <button
    -                                 class="disclosure-button stacked"
    -                                 id="disclosure-btn-candidateReviewRun-Run History"
    -                                 type="button"
    -                                 aria-expanded="false"
    -                                 aria-controls="disclosure-btn-controls-candidateReviewRun-Run History">
    -                                 Run History<svg
    -                                   aria-hidden="true"
    -                                   focusable="false"
    -                                   data-prefix="fas"
    -                                   data-icon="chevron-down"
    -                                   class="svg-inline--fa fa-chevron-down disclosure-icon"
    -                                   role="img"
    -                                   xmlns="http://www.w3.org/2000/svg"
    -                                   viewBox="0 0 512 512">
    -                                   <path
    -                                     fill="currentColor"
    -                                     d="M233.4 406.6c12.5 12.5 32.8 12.5 45.3 0l192-192c12.5-12.5 12.5-32.8 0-45.3s-32.8-12.5-45.3 0L256 338.7 86.6 169.4c-12.5-12.5-32.8-12.5-45.3 0s-12.5 32.8 0 45.3l192 192z"></path>
    -                                 </svg>
    -                               </button>
    -                             </h1>
    -                             <div
    -                               class="disclosure-content hidden stacked"
    -                               role="region"
    -                               id="disclosure-btn-controls-candidateReviewRun-Run History"
    -                               aria-labelledby="disclosure-btn-candidateReviewRun-Run History">
    -                               <ul style="margin-bottom: 0px">
    -                                 <li class="run-history-item">
    -                                   Tested with <b>JAWS 2021.2111.13</b> and
    -                                   <b>Chrome 99.0.4844.84</b> by
    -                                   <b
    -                                     ><a
    -                                       href="https://github.com/esmeralda-baggins"
    -                                       >esmeralda-baggins</a
    -                                     ></b
    -                                   >
    -                                 </li>
    -                               </ul>
    -                             </div>
    -                           </div>
    -                         </div>
    -                       </div>
    -                       <div class="row">
    -                         <ul
    -                           aria-labelledby="test-toolbar-heading"
    -                           class="test-run-toolbar">
    -                           <li>
    -                             <button type="button" class="btn btn-secondary">
    -                               Summary
    -                             </button>
    -                           </li>
    -                           <li>
    -                             <button type="button" class="btn btn-primary">
    -                               Next Test
    -                             </button>
    -                           </li>
    -                           <li>
    -                             <button
    -                               type="button"
    -                               disabled=""
    -                               class="btn btn-primary">
    -                               Finish
    -                             </button>
    -                           </li>
    -                         </ul>
    -                       </div>
    -                     </div>
    -                     <div class="current-test-options options-feedback col-md-3">
    -                       <div role="complementary">
    -                         <h2 id="test-options-heading">Test Review Options</h2>
    -                         <ul
    -                           class="options-wrapper"
    -                           aria-labelledby="test-options-heading">
    -                           <li>
    -                             <a
    -                               role="button"
    -                               tabindex="0"
    -                               href="https://github.com/bocoup/aria-at/issues/new?title=JAWS%20Changes%20Requested:%20%22Open%20a%20Modal%20Dialog%20in%20reading%20mode%22%20(Modal%20Dialog%20Example,%20Test%201,%20V22.05.26)%20for%20Candidate%20Report&amp;labels=candidate-review,jaws,changes-requested&amp;body=%23%23%20Description%20of%20Behavior%0A%0A%3C!--%20Write%20your%20description%20here%20--%3E%0A%0A%23%23%20Test%20Setup%0A%0A-%20Test%20File%3A%20%5Btest-01-open-a-modal-dialog-reading-jaws.collected.html%5D(https%3A%2F%2Faria-at.netlify.app%2Ftests%2Fmodal-dialog%2Ftest-01-open-a-modal-dialog-reading-jaws.collected.html)%0A-%20AT%3A%20JAWS%0A%0A%3C!--%20The%20following%20data%20allows%20the%20issue%20to%20be%20imported%20into%20the%20ARIA%20AT%20App%20--%3E%0A%3C!--%20ARIA_AT_APP_ISSUE_DATA%20%3D%20%7B%22testPlanDirectory%22%3A%22modal-dialog%22%2C%22versionString%22%3A%22V22.05.26%22%2C%22atName%22%3A%22JAWS%22%2C%22browserName%22%3Anull%2C%22testRowNumber%22%3A1%2C%22testSequenceNumber%22%3A1%2C%22isCandidateReview%22%3Atrue%2C%22isCandidateReviewChangesRequested%22%3Atrue%7D%20--%3E"
    -                               target="_blank"
    -                               aria-disabled="false"
    -                               class="option-btn btn btn-secondary"
    -                               >Request Changes</a
    -                             >
    -                           </li>
    -                           <li>
    -                             <a
    -                               role="button"
    -                               tabindex="0"
    -                               href="https://github.com/bocoup/aria-at/issues/new?title=JAWS%20Feedback:%20%22Open%20a%20Modal%20Dialog%20in%20reading%20mode%22%20(Modal%20Dialog%20Example,%20Test%201,%20V22.05.26)%20for%20Candidate%20Report&amp;labels=candidate-review,jaws,feedback&amp;body=%23%23%20Description%20of%20Behavior%0A%0A%3C!--%20Write%20your%20description%20here%20--%3E%0A%0A%23%23%20Test%20Setup%0A%0A-%20Test%20File%3A%20%5Btest-01-open-a-modal-dialog-reading-jaws.collected.html%5D(https%3A%2F%2Faria-at.netlify.app%2Ftests%2Fmodal-dialog%2Ftest-01-open-a-modal-dialog-reading-jaws.collected.html)%0A-%20AT%3A%20JAWS%0A%0A%3C!--%20The%20following%20data%20allows%20the%20issue%20to%20be%20imported%20into%20the%20ARIA%20AT%20App%20--%3E%0A%3C!--%20ARIA_AT_APP_ISSUE_DATA%20%3D%20%7B%22testPlanDirectory%22%3A%22modal-dialog%22%2C%22versionString%22%3A%22V22.05.26%22%2C%22atName%22%3A%22JAWS%22%2C%22browserName%22%3Anull%2C%22testRowNumber%22%3A1%2C%22testSequenceNumber%22%3A1%2C%22isCandidateReview%22%3Atrue%2C%22isCandidateReviewChangesRequested%22%3Afalse%7D%20--%3E"
    -                               target="_blank"
    -                               aria-disabled="false"
    -                               class="option-btn btn btn-secondary"
    -                               >Leave Feedback</a
    -                             >
    -                           </li>
    -                           <li>
    -                             <a
    -                               role="button"
    -                               tabindex="0"
    -                               href="https://github.com/FreedomScientific/VFO-standards-support/issues"
    -                               target="_blank"
    -                               aria-disabled="false"
    -                               class="option-btn btn btn-secondary"
    -                               >File an AT bug</a
    -                             >
    -                           </li>
    -                           <li class="help-link">
    -                             <a href="mailto:public-aria-at@w3.org"
    -                               >Email us if you need help</a
    -                             >
    -                           </li>
    -                         </ul>
    -                       </div>
    -                     </div>
    -                   </div>
    -                 </div>
    -               </div>
    -             </main>
    -           </div>
    -         </div>
    +         <main id="main" tabindex="-1" class="container">
    +           <section class="invalid-request">
    +             <div><h1>Whoops! Unable to complete request</h1></div>
    +           </section>
    +         </main>
            </div>
            <span
              class="visually-hidden-aria-live-region"
              aria-live="polite"
              aria-atomic="true"></span>

      22 |
      23 |         const existingSnapshot = await fs.readFile(snapshotPath, 'utf-8');
    > 24 |         expect(currentSnapshot.trim()).toBe(existingSnapshot.trim());
         |                                        ^
      25 |       });
      26 |     });
      27 |   });

      at toBe (tests/e2e/snapshots/snapshotTest.e2e.test.js:24:40)
      at call (tests/e2e/snapshots/snapshotTest.e2e.test.js:2:1)
      at Generator.tryCatch (tests/e2e/snapshots/snapshotTest.e2e.test.js:2:1)
      at Generator._invoke [as next] (tests/e2e/snapshots/snapshotTest.e2e.test.js:2:1)
      at asyncGeneratorStep (tests/e2e/snapshots/snapshotTest.e2e.test.js:2:1)
      at asyncGeneratorStep (tests/e2e/snapshots/snapshotTest.e2e.test.js:2:1)

  ● Snapshot Comparison › should match snapshot for /candidate-test-plan/24/1#summary-failures

    expect(received).toBe(expected) // Object.is equality

    - Expected  - 424
    + Received  +   8

    @@ -4,13 +4,11 @@
          <meta charset="UTF-8" />
          <meta name="google" content="notranslate" />
          <meta name="viewport" content="width=device-width, initial-scale=1" />

          <link rel="shortcut icon" href="data:image/x-icon;," type="image/x-icon" />
    -     <title>
    -       Summary of Failures | Modal Dialog Example | Candidate Review | ARIA-AT
    -     </title>
    +     <title>Invalid Request | ARIA-AT</title>
        </head>
        <body>
          <div id="root">
            <div class="container-fluid">
              <nav
    @@ -43,438 +41,24 @@
                      <a aria-current="false" class="nav-link" href="/test-queue"
                        >Test Queue</a
                      >
                    </li>
                    <li>
    -                 <a aria-current="true" class="nav-link" href="/candidate-review"
    -                   >Candidate Review</a
    -                 >
    -               </li>
    -               <li>
    -                 <a
    -                   aria-current="false"
    -                   class="nav-link"
    -                   href="/account/settings"
    -                   >Settings</a
    -                 >
    -               </li>
    -               <li class="signed-in-wrapper">
    -                 <div class="signed-in" id="signed-in">
    -                   <svg
    -                     aria-hidden="true"
    -                     focusable="false"
    -                     data-prefix="fas"
    -                     data-icon="circle-user"
    -                     class="svg-inline--fa fa-circle-user"
    -                     role="img"
    -                     xmlns="http://www.w3.org/2000/svg"
    -                     viewBox="0 0 512 512">
    -                     <path
    -                       fill="currentColor"
    -                       d="M399 384.2C376.9 345.8 335.4 320 288 320H224c-47.4 0-88.9 25.8-111 64.2c35.2 39.2 86.2 63.8 143 63.8s107.8-24.7 143-63.8zM0 256a256 256 0 1 1 512 0A256 256 0 1 1 0 256zm256 16a72 72 0 1 0 0-144 72 72 0 1 0 0 144z"></path></svg
    -                   >Signed in as <b>joe-the-admin</b>
    -                 </div>
    -                 <a aria-describedby="signed-in" class="nav-link" href="/"
    -                   >Sign out</a
    +                 <a class="nav-link" href="/invalid-request"
    +                   >Sign in with GitHub</a
                      >
                    </li>
                  </div>
                </div>
              </nav>
            </div>
            <div class="container-fluid">
    -         <div class="container">
    -           <div class="row">
    -             <div class="test-navigator col-md-3">
    -               <div class="test-navigator-toggle-container">
    -                 <h2 id="test-navigator-heading">
    -                   <button
    -                     aria-label="Test Navigation"
    -                     aria-controls="test-navigator-nav"
    -                     aria-expanded="true"
    -                     class="test-navigator-toggle">
    -                     <svg
    -                       aria-hidden="true"
    -                       focusable="false"
    -                       data-prefix="fas"
    -                       data-icon="arrow-left"
    -                       class="svg-inline--fa fa-arrow-left"
    -                       role="img"
    -                       xmlns="http://www.w3.org/2000/svg"
    -                       viewBox="0 0 448 512">
    -                       <path
    -                         fill="currentColor"
    -                         d="M9.4 233.4c-12.5 12.5-12.5 32.8 0 45.3l160 160c12.5 12.5 32.8 12.5 45.3 0s12.5-32.8 0-45.3L109.2 288 416 288c17.7 0 32-14.3 32-32s-14.3-32-32-32l-306.7 0L214.6 118.6c12.5-12.5 12.5-32.8 0-45.3s-32.8-12.5-45.3 0l-160 160z"></path></svg
    -                     ><svg
    -                       aria-hidden="true"
    -                       focusable="false"
    -                       data-prefix="fas"
    -                       data-icon="align-left"
    -                       class="svg-inline--fa fa-align-left"
    -                       role="img"
    -                       xmlns="http://www.w3.org/2000/svg"
    -                       viewBox="0 0 448 512">
    -                       <path
    -                         fill="currentColor"
    -                         d="M288 64c0 17.7-14.3 32-32 32H32C14.3 96 0 81.7 0 64S14.3 32 32 32H256c17.7 0 32 14.3 32 32zm0 256c0 17.7-14.3 32-32 32H32c-17.7 0-32-14.3-32-32s14.3-32 32-32H256c17.7 0 32 14.3 32 32zM0 192c0-17.7 14.3-32 32-32H416c17.7 0 32 14.3 32 32s-14.3 32-32 32H32c-17.7 0-32-14.3-32-32zM448 448c0 17.7-14.3 32-32 32H32c-17.7 0-32-14.3-32-32s14.3-32 32-32H416c17.7 0 32 14.3 32 32z"></path>
    -                     </svg>
    -                   </button>
    -                 </h2>
    -               </div>
    -               <nav id="test-navigator-nav" aria-label="Test">
    -                 <ol
    -                   aria-labelledby="test-navigator-heading"
    -                   class="test-navigator-list">
    -                   <div class="test-name-wrapper summary">
    -                     <a
    -                       href="#summary-failures"
    -                       class="test-name"
    -                       aria-current="true"
    -                       >Summary of Failures</a
    -                     ><span
    -                       class="progress-indicator"
    -                       title="Summary of Failures"></span>
    -                   </div>
    -                   <li class="test-name-wrapper changes-requested">
    -                     <a href="#1" class="test-name" aria-current="false"
    -                       >Open a Modal Dialog in reading mode</a
    -                     ><span
    -                       class="progress-indicator"
    -                       title="Changes Requested"></span>
    -                   </li>
    -                   <li class="test-name-wrapper not-started">
    -                     <a href="#2" class="test-name" aria-current="false"
    -                       >Open a Modal Dialog in interaction mode</a
    -                     ><span
    -                       class="progress-indicator"
    -                       title="Not Started"></span>
    -                   </li>
    -                   <li class="test-name-wrapper not-started">
    -                     <a href="#3" class="test-name" aria-current="false"
    -                       >Close a modal dialog in reading mode</a
    -                     ><span
    -                       class="progress-indicator"
    -                       title="Not Started"></span>
    -                   </li>
    -                   <li class="test-name-wrapper not-started">
    -                     <a href="#4" class="test-name" aria-current="false"
    -                       >Close a modal dialog in interaction mode</a
    -                     ><span
    -                       class="progress-indicator"
    -                       title="Not Started"></span>
    -                   </li>
    -                   <li class="test-name-wrapper not-started">
    -                     <a href="#5" class="test-name" aria-current="false"
    -                       >Close a modal dialog using a button in reading mode</a
    -                     ><span
    -                       class="progress-indicator"
    -                       title="Not Started"></span>
    -                   </li>
    -                   <li class="test-name-wrapper not-started">
    -                     <a href="#6" class="test-name" aria-current="false"
    -                       >Close a modal dialog using a button in interaction
    -                       mode</a
    -                     ><span
    -                       class="progress-indicator"
    -                       title="Not Started"></span>
    -                   </li>
    -                   <li class="test-name-wrapper not-started">
    -                     <a href="#7" class="test-name" aria-current="false"
    -                       >Navigate to the last focusable element in a modal dialog
    -                       in interaction mode</a
    -                     ><span
    -                       class="progress-indicator"
    -                       title="Not Started"></span>
    -                   </li>
    -                   <li class="test-name-wrapper not-started">
    -                     <a href="#8" class="test-name" aria-current="false"
    -                       >Navigate to the first focusable element in a modal dialog
    -                       in interaction mode</a
    -                     ><span
    -                       class="progress-indicator"
    -                       title="Not Started"></span>
    -                   </li>
    -                   <li class="test-name-wrapper not-started">
    -                     <a href="#9" class="test-name" aria-current="false"
    -                       >Navigate to the beginning of a modal dialog in reading
    -                       mode</a
    -                     ><span
    -                       class="progress-indicator"
    -                       title="Not Started"></span>
    -                   </li>
    -                   <li class="test-name-wrapper not-started">
    -                     <a href="#10" class="test-name" aria-current="false"
    -                       >Navigate to the end of a modal dialog in reading mode</a
    -                     ><span
    -                       class="progress-indicator"
    -                       title="Not Started"></span>
    -                   </li>
    -                   <li class="test-name-wrapper not-started">
    -                     <a href="#11" class="test-name" aria-current="false"
    -                       >Open a nested modal dialog in reading mode</a
    -                     ><span
    -                       class="progress-indicator"
    -                       title="Not Started"></span>
    -                   </li>
    -                   <li class="test-name-wrapper not-started">
    -                     <a href="#12" class="test-name" aria-current="false"
    -                       >Open a nested modal dialog in interaction mode</a
    -                     ><span
    -                       class="progress-indicator"
    -                       title="Not Started"></span>
    -                   </li>
    -                   <li class="test-name-wrapper not-started">
    -                     <a href="#13" class="test-name" aria-current="false"
    -                       >Close a nested modal dialog in reading mode</a
    -                     ><span
    -                       class="progress-indicator"
    -                       title="Not Started"></span>
    -                   </li>
    -                   <li class="test-name-wrapper not-started">
    -                     <a href="#14" class="test-name" aria-current="false"
    -                       >Close a nested modal dialog in interaction mode</a
    -                     ><span
    -                       class="progress-indicator"
    -                       title="Not Started"></span>
    -                   </li>
    -                   <li class="test-name-wrapper not-started">
    -                     <a href="#15" class="test-name" aria-current="false"
    -                       >Close a nested modal dialog using a button in reading
    -                       mode</a
    -                     ><span
    -                       class="progress-indicator"
    -                       title="Not Started"></span>
    -                   </li>
    -                   <li class="test-name-wrapper not-started">
    -                     <a href="#16" class="test-name" aria-current="false"
    -                       >Close a nested modal dialog using a button in interaction
    -                       mode</a
    -                     ><span
    -                       class="progress-indicator"
    -                       title="Not Started"></span>
    -                   </li>
    -                   <li class="test-name-wrapper not-started">
    -                     <a href="#17" class="test-name" aria-current="false"
    -                       >Open a nested modal dialog using a link in reading
    -                       mode</a
    -                     ><span
    -                       class="progress-indicator"
    -                       title="Not Started"></span>
    -                   </li>
    -                   <li class="test-name-wrapper not-started">
    -                     <a href="#18" class="test-name" aria-current="false"
    -                       >Open a nested modal dialog using a link in interaction
    -                       mode</a
    -                     ><span
    -                       class="progress-indicator"
    -                       title="Not Started"></span>
    -                   </li>
    -                 </ol>
    -               </nav>
    -             </div>
    -             <main id="main" tabindex="-1" class="col">
    -               <div class="row">
    -                 <div class="p-0">
    -                   <span class="task-label">Candidate Test Plan Review</span>
    -                   <h1>Summary of Failures</h1>
    -                 </div>
    -                 <div class="test-info-wrapper">
    -                   <div class="test-info-entity apg-example-name">
    -                     <div>
    -                       <b>Candidate Test Plan:</b>
    -                       <a href="/test-review/24"
    -                         >Modal Dialog Example V22.05.26</a
    -                       >
    -                     </div>
    -                   </div>
    -                   <div class="test-info-entity target-date">
    -                     <div><b>Target Completion Date: </b>January 2, 2023</div>
    -                   </div>
    -                 </div>
    -                 <div class="p-0 col">
    -                   <div s="1" class="row row-cols-md-2 row-cols-1">
    -                     <div class="p-0 col-md-9">
    -                       <div class="row"></div>
    -                       <div class="candidate-results-container row">
    -                         <div class="p-0">
    -                           <h2 id="failing-assertions-heading">
    -                             Summary of Failing Assertions (2 must, 1 should)
    -                           </h2>
    -                           <div
    -                             class="failing-assertions-summary-table-container">
    -                             <p>3 of 143 total assertions fail across:</p>
    -                             <ul>
    -                               <li>3 tests</li>
    -                               <li>2 unique assertion statements</li>
    -                               <li>2 unique commands</li>
    -                             </ul>
    -                             <div class="table-responsive">
    -                               <table
    -                                 aria-labelledby="failing-assertions-heading"
    -                                 class="table table-bordered">
    -                                 <thead>
    -                                   <tr>
    -                                     <th>Test Name</th>
    -                                     <th>Command</th>
    -                                     <th>Assertion Priority</th>
    -                                     <th>Assertion</th>
    -                                     <th>JAWS Response</th>
    -                                   </tr>
    -                                 </thead>
    -                                 <tbody>
    -                                   <tr>
    -                                     <td>
    -                                       <a href="/candidate-test-plan/24/1#3"
    -                                         >Close a modal dialog in reading mode</a
    -                                       >
    -                                     </td>
    -                                     <td>Escape</td>
    -                                     <td>MUST</td>
    -                                     <td>Role 'button' is conveyed</td>
    -                                     <td>automatically seeded sample output</td>
    -                                   </tr>
    -                                   <tr>
    -                                     <td>
    -                                       <a href="/candidate-test-plan/24/1#4"
    -                                         >Close a modal dialog in interaction
    -                                         mode</a
    -                                       >
    -                                     </td>
    -                                     <td>Escape</td>
    -                                     <td>MUST</td>
    -                                     <td>Role 'button' is conveyed</td>
    -                                     <td>automatically seeded sample output</td>
    -                                   </tr>
    -                                   <tr>
    -                                     <td>
    -                                       <a href="/candidate-test-plan/24/1#5"
    -                                         >Close a modal dialog using a button in
    -                                         reading mode</a
    -                                       >
    -                                     </td>
    -                                     <td>Space</td>
    -                                     <td>SHOULD</td>
    -                                     <td>
    -                                       not cause moderate negative side effects
    -                                     </td>
    -                                     <td>Other</td>
    -                                   </tr>
    -                                 </tbody>
    -                               </table>
    -                             </div>
    -                           </div>
    -                           <h2 id="negative-side-effects-heading">
    -                             Summary of Negative Side Effects (0 severe, 1
    -                             moderate)
    -                           </h2>
    -                           <div
    -                             class="failing-assertions-summary-table-container">
    -                             <div class="table-responsive">
    -                               <table
    -                                 aria-labelledby="negative-side-effects-heading"
    -                                 class="table table-bordered">
    -                                 <thead>
    -                                   <tr>
    -                                     <th>Test Name</th>
    -                                     <th>Command</th>
    -                                     <th>Side Effect</th>
    -                                     <th>Details</th>
    -                                     <th>Impact</th>
    -                                   </tr>
    -                                 </thead>
    -                                 <tbody>
    -                                   <tr>
    -                                     <td>
    -                                       <a href="/candidate-test-plan/24/1#5"
    -                                         >Close a modal dialog using a button in
    -                                         reading mode</a
    -                                       >
    -                                     </td>
    -                                     <td>Space</td>
    -                                     <td>Other</td>
    -                                     <td>Seeded other unexpected behavior</td>
    -                                     <td>MODERATE</td>
    -                                   </tr>
    -                                 </tbody>
    -                               </table>
    -                             </div>
    -                           </div>
    -                         </div>
    -                       </div>
    -                       <div class="row">
    -                         <ul
    -                           aria-labelledby="test-toolbar-heading"
    -                           class="test-run-toolbar">
    -                           <li class="begin-review-button-container">
    -                             <button type="button" class="btn btn-secondary">
    -                               Begin Review
    -                             </button>
    -                           </li>
    -                           <li>
    -                             <button
    -                               type="button"
    -                               disabled=""
    -                               class="btn btn-primary">
    -                               Finish
    -                             </button>
    -                           </li>
    -                         </ul>
    -                       </div>
    -                     </div>
    -                     <div class="current-test-options col-md-3">
    -                       <div role="complementary">
    -                         <h2 id="test-options-heading">Test Review Options</h2>
    -                         <ul
    -                           class="options-wrapper"
    -                           aria-labelledby="test-options-heading">
    -                           <li>
    -                             <a
    -                               role="button"
    -                               tabindex="0"
    -                               href="https://github.com/bocoup/aria-at/issues/new?title=JAWS%20General%20Feedback:%20Modal%20Dialog%20Example%20V22.05.26%20for%20Candidate%20Report&amp;labels=candidate-review,jaws,changes-requested&amp;body=%23%23%20Description%20of%20Behavior%0A%0A%3C!--%20Write%20your%20description%20here%20--%3E%0A%0A%3C!--%20The%20following%20data%20allows%20the%20issue%20to%20be%20imported%20into%20the%20ARIA%20AT%20App%20--%3E%0A%3C!--%20ARIA_AT_APP_ISSUE_DATA%20%3D%20%7B%22testPlanDirectory%22%3A%22modal-dialog%22%2C%22versionString%22%3A%22V22.05.26%22%2C%22atName%22%3A%22JAWS%22%2C%22browserName%22%3Anull%2C%22testRowNumber%22%3Anull%2C%22testSequenceNumber%22%3Anull%2C%22isCandidateReview%22%3Atrue%2C%22isCandidateReviewChangesRequested%22%3Atrue%7D%20--%3E"
    -                               target="_blank"
    -                               aria-disabled="false"
    -                               class="option-btn btn btn-secondary"
    -                               >Request Changes</a
    -                             >
    -                           </li>
    -                           <li>
    -                             <a
    -                               role="button"
    -                               tabindex="0"
    -                               href="https://github.com/bocoup/aria-at/issues/new?title=JAWS%20General%20Feedback:%20Modal%20Dialog%20Example%20V22.05.26%20for%20Candidate%20Report&amp;labels=candidate-review,jaws,feedback&amp;body=%23%23%20Description%20of%20Behavior%0A%0A%3C!--%20Write%20your%20description%20here%20--%3E%0A%0A%3C!--%20The%20following%20data%20allows%20the%20issue%20to%20be%20imported%20into%20the%20ARIA%20AT%20App%20--%3E%0A%3C!--%20ARIA_AT_APP_ISSUE_DATA%20%3D%20%7B%22testPlanDirectory%22%3A%22modal-dialog%22%2C%22versionString%22%3A%22V22.05.26%22%2C%22atName%22%3A%22JAWS%22%2C%22browserName%22%3Anull%2C%22testRowNumber%22%3Anull%2C%22testSequenceNumber%22%3Anull%2C%22isCandidateReview%22%3Atrue%2C%22isCandidateReviewChangesRequested%22%3Afalse%7D%20--%3E"
    -                               target="_blank"
    -                               aria-disabled="false"
    -                               class="option-btn btn btn-secondary"
    -                               >Leave Feedback</a
    -                             >
    -                           </li>
    -                           <li>
    -                             <a
    -                               role="button"
    -                               tabindex="0"
    -                               href="https://github.com/FreedomScientific/VFO-standards-support/issues"
    -                               target="_blank"
    -                               aria-disabled="false"
    -                               class="option-btn btn btn-secondary"
    -                               >File an AT bug</a
    -                             >
    -                           </li>
    -                           <li class="help-link">
    -                             <a href="mailto:public-aria-at@w3.org"
    -                               >Email us if you need help</a
    -                             >
    -                           </li>
    -                         </ul>
    -                       </div>
    -                     </div>
    -                   </div>
    -                 </div>
    -               </div>
    -             </main>
    -           </div>
    -         </div>
    +         <main id="main" tabindex="-1" class="container">
    +           <section class="invalid-request">
    +             <div><h1>Whoops! Unable to complete request</h1></div>
    +           </section>
    +         </main>
            </div>
            <span
              class="visually-hidden-aria-live-region"
              aria-live="polite"
              aria-atomic="true"></span>

      22 |
      23 |         const existingSnapshot = await fs.readFile(snapshotPath, 'utf-8');
    > 24 |         expect(currentSnapshot.trim()).toBe(existingSnapshot.trim());
         |                                        ^
      25 |       });
      26 |     });
      27 |   });

      at toBe (tests/e2e/snapshots/snapshotTest.e2e.test.js:24:40)
      at call (tests/e2e/snapshots/snapshotTest.e2e.test.js:2:1)
      at Generator.tryCatch (tests/e2e/snapshots/snapshotTest.e2e.test.js:2:1)
      at Generator._invoke [as next] (tests/e2e/snapshots/snapshotTest.e2e.test.js:2:1)
      at asyncGeneratorStep (tests/e2e/snapshots/snapshotTest.e2e.test.js:2:1)
      at asyncGeneratorStep (tests/e2e/snapshots/snapshotTest.e2e.test.js:2:1)

  ● Snapshot Comparison › should match snapshot for /test-queue/2/conflicts

    expect(received).toBe(expected) // Object.is equality

    - Expected  - 36
    + Received  +  5

    @@ -41,43 +41,12 @@
                      <a aria-current="true" class="nav-link" href="/test-queue"
                        >Test Queue</a
                      >
                    </li>
                    <li>
    -                 <a
    -                   aria-current="false"
    -                   class="nav-link"
    -                   href="/candidate-review"
    -                   >Candidate Review</a
    -                 >
    -               </li>
    -               <li>
    -                 <a
    -                   aria-current="false"
    -                   class="nav-link"
    -                   href="/account/settings"
    -                   >Settings</a
    -                 >
    -               </li>
    -               <li class="signed-in-wrapper">
    -                 <div class="signed-in" id="signed-in">
    -                   <svg
    -                     aria-hidden="true"
    -                     focusable="false"
    -                     data-prefix="fas"
    -                     data-icon="circle-user"
    -                     class="svg-inline--fa fa-circle-user"
    -                     role="img"
    -                     xmlns="http://www.w3.org/2000/svg"
    -                     viewBox="0 0 512 512">
    -                     <path
    -                       fill="currentColor"
    -                       d="M399 384.2C376.9 345.8 335.4 320 288 320H224c-47.4 0-88.9 25.8-111 64.2c35.2 39.2 86.2 63.8 143 63.8s107.8-24.7 143-63.8zM0 256a256 256 0 1 1 512 0A256 256 0 1 1 0 256zm256 16a72 72 0 1 0 0-144 72 72 0 1 0 0 144z"></path></svg
    -                   >Signed in as <b>joe-the-admin</b>
    -                 </div>
    -                 <a aria-describedby="signed-in" class="nav-link" href="/"
    -                   >Sign out</a
    +                 <a class="nav-link" href="/test-queue/2/conflicts"
    +                   >Sign in with GitHub</a
                      >
                    </li>
                  </div>
                </div>
              </nav>
    @@ -292,11 +261,11 @@
                                xmlns="http://www.w3.org/2000/svg"
                                viewBox="0 0 512 512">
                                <path
                                  fill="currentColor"
                                  d="M128 64c0-35.3 28.7-64 64-64H352V128c0 17.7 14.3 32 32 32H512V448c0 35.3-28.7 64-64 64H192c-35.3 0-64-28.7-64-64V336H302.1l-39 39c-9.4 9.4-9.4 24.6 0 33.9s24.6 9.4 33.9 0l80-80c9.4-9.4 9.4-24.6 0-33.9l-80-80c-9.4-9.4-24.6-9.4-33.9 0s-9.4 24.6 0 33.9l39 39H128V64zm0 224v48H24c-13.3 0-24-10.7-24-24s10.7-24 24-24H128zM512 128H384V0L512 128z"></path></svg
    -                         >Open run as...
    +                         >View Results for...
                            </button>
                          </div>
                        </div>
                      </div>
                    </div>
    @@ -418,11 +387,11 @@
                                xmlns="http://www.w3.org/2000/svg"
                                viewBox="0 0 512 512">
                                <path
                                  fill="currentColor"
                                  d="M128 64c0-35.3 28.7-64 64-64H352V128c0 17.7 14.3 32 32 32H512V448c0 35.3-28.7 64-64 64H192c-35.3 0-64-28.7-64-64V336H302.1l-39 39c-9.4 9.4-9.4 24.6 0 33.9s24.6 9.4 33.9 0l80-80c9.4-9.4 9.4-24.6 0-33.9l-80-80c-9.4-9.4-24.6-9.4-33.9 0s-9.4 24.6 0 33.9l39 39H128V64zm0 224v48H24c-13.3 0-24-10.7-24-24s10.7-24 24-24H128zM512 128H384V0L512 128z"></path></svg
    -                         >Open run as...
    +                         >View Results for...
                            </button>
                          </div>
                        </div>
                      </div>
                    </div>
    @@ -552,11 +521,11 @@
                                xmlns="http://www.w3.org/2000/svg"
                                viewBox="0 0 512 512">
                                <path
                                  fill="currentColor"
                                  d="M128 64c0-35.3 28.7-64 64-64H352V128c0 17.7 14.3 32 32 32H512V448c0 35.3-28.7 64-64 64H192c-35.3 0-64-28.7-64-64V336H302.1l-39 39c-9.4 9.4-9.4 24.6 0 33.9s24.6 9.4 33.9 0l80-80c9.4-9.4 9.4-24.6 0-33.9l-80-80c-9.4-9.4-24.6-9.4-33.9 0s-9.4 24.6 0 33.9l39 39H128V64zm0 224v48H24c-13.3 0-24-10.7-24-24s10.7-24 24-24H128zM512 128H384V0L512 128z"></path></svg
    -                         >Open run as...
    +                         >View Results for...
                            </button>
                          </div>
                        </div>
                      </div>
                    </div>

      22 |
      23 |         const existingSnapshot = await fs.readFile(snapshotPath, 'utf-8');
    > 24 |         expect(currentSnapshot.trim()).toBe(existingSnapshot.trim());
         |                                        ^
      25 |       });
      26 |     });
      27 |   });

      at toBe (tests/e2e/snapshots/snapshotTest.e2e.test.js:24:40)
      at call (tests/e2e/snapshots/snapshotTest.e2e.test.js:2:1)
      at Generator.tryCatch (tests/e2e/snapshots/snapshotTest.e2e.test.js:2:1)
      at Generator._invoke [as next] (tests/e2e/snapshots/snapshotTest.e2e.test.js:2:1)
      at asyncGeneratorStep (tests/e2e/snapshots/snapshotTest.e2e.test.js:2:1)
      at asyncGeneratorStep (tests/e2e/snapshots/snapshotTest.e2e.test.js:2:1)

  ● Snapshot Comparison › should match snapshot for /report/67/targets/20

    expect(received).toBe(expected) // Object.is equality

    - Expected  - 33
    + Received  +  2

    @@ -44,43 +44,12 @@
                      <a aria-current="false" class="nav-link" href="/test-queue"
                        >Test Queue</a
                      >
                    </li>
                    <li>
    -                 <a
    -                   aria-current="false"
    -                   class="nav-link"
    -                   href="/candidate-review"
    -                   >Candidate Review</a
    -                 >
    -               </li>
    -               <li>
    -                 <a
    -                   aria-current="false"
    -                   class="nav-link"
    -                   href="/account/settings"
    -                   >Settings</a
    -                 >
    -               </li>
    -               <li class="signed-in-wrapper">
    -                 <div class="signed-in" id="signed-in">
    -                   <svg
    -                     aria-hidden="true"
    -                     focusable="false"
    -                     data-prefix="fas"
    -                     data-icon="circle-user"
    -                     class="svg-inline--fa fa-circle-user"
    -                     role="img"
    -                     xmlns="http://www.w3.org/2000/svg"
    -                     viewBox="0 0 512 512">
    -                     <path
    -                       fill="currentColor"
    -                       d="M399 384.2C376.9 345.8 335.4 320 288 320H224c-47.4 0-88.9 25.8-111 64.2c35.2 39.2 86.2 63.8 143 63.8s107.8-24.7 143-63.8zM0 256a256 256 0 1 1 512 0A256 256 0 1 1 0 256zm256 16a72 72 0 1 0 0-144 72 72 0 1 0 0 144z"></path></svg
    -                   >Signed in as <b>joe-the-admin</b>
    -                 </div>
    -                 <a aria-describedby="signed-in" class="nav-link" href="/"
    -                   >Sign out</a
    +                 <a class="nav-link" href="/report/67/targets/20"
    +                   >Sign in with GitHub</a
                      >
                    </li>
                  </div>
                </div>
              </nav>

      22 |
      23 |         const existingSnapshot = await fs.readFile(snapshotPath, 'utf-8');
    > 24 |         expect(currentSnapshot.trim()).toBe(existingSnapshot.trim());
         |                                        ^
      25 |       });
      26 |     });
      27 |   });

      at toBe (tests/e2e/snapshots/snapshotTest.e2e.test.js:24:40)
      at call (tests/e2e/snapshots/snapshotTest.e2e.test.js:2:1)
      at Generator.tryCatch (tests/e2e/snapshots/snapshotTest.e2e.test.js:2:1)
      at Generator._invoke [as next] (tests/e2e/snapshots/snapshotTest.e2e.test.js:2:1)
      at asyncGeneratorStep (tests/e2e/snapshots/snapshotTest.e2e.test.js:2:1)
      at asyncGeneratorStep (tests/e2e/snapshots/snapshotTest.e2e.test.js:2:1)

PASS tests/e2e/DataManagement.e2e.test.js (9.394 s)
PASS tests/TestPlanReportStatusDialog.test.jsx
PASS tests/AssignTesterDropdown.test.jsx
PASS tests/BasicModal.test.jsx
PASS tests/TestQueue.test.jsx
PASS tests/FilterButtons.test.jsx
PASS tests/SortableTableHeader.test.jsx
PASS tests/AddTestToQueueWithConfirmation.test.jsx
PASS tests/BotRunTestStatusList.test.jsx
PASS tests/DataManagement.test.jsx
PASS tests/FocusTrapper.test.jsx
PASS tests/TestRenderer/OutputTextArea.test.jsx
PASS utils/alphabetizeObjectBy.test.js
PASS tests/calculatePercentComplete.test.js
Error
    at Query.run (/Users/drboostfire/Documents/GitHub/aria-at-app/node_modules/sequelize/lib/dialects/postgres/query.js:50:25)
    at /Users/drboostfire/Documents/GitHub/aria-at-app/node_modules/sequelize/lib/sequelize.js:315:28
    at process.processTicksAndRejections (node:internal/process/task_queues:105:5)
    at async PostgresQueryInterface.select (/Users/drboostfire/Documents/GitHub/aria-at-app/node_modules/sequelize/lib/dialects/abstract/query-interface.js:407:12)
    at async User.findAll (/Users/drboostfire/Documents/GitHub/aria-at-app/node_modules/sequelize/lib/model.js:1140:21)
    at async Object.nestedGetOrCreate (/Users/drboostfire/Documents/GitHub/aria-at-app/server/models/services/ModelService.js:389:19)
    at async getOrCreateUser (/Users/drboostfire/Documents/GitHub/aria-at-app/server/models/services/UserService.js:452:30)
    at async setFakeUserController (/Users/drboostfire/Documents/GitHub/aria-at-app/server/controllers/FakeUserController.js:30:16) {
  name: 'SequelizeDatabaseError',
  parent: error: permission denied for table Vendor
      at Parser.parseErrorMessage (/Users/drboostfire/Documents/GitHub/aria-at-app/node_modules/pg-protocol/dist/parser.js:283:98)
      at Parser.handlePacket (/Users/drboostfire/Documents/GitHub/aria-at-app/node_modules/pg-protocol/dist/parser.js:122:29)
      at Parser.parse (/Users/drboostfire/Documents/GitHub/aria-at-app/node_modules/pg-protocol/dist/parser.js:35:38)
      at Socket.<anonymous> (/Users/drboostfire/Documents/GitHub/aria-at-app/node_modules/pg-protocol/dist/index.js:11:42)
      at Socket.emit (node:events:507:28)
      at addChunk (node:internal/streams/readable:559:12)
      at readableAddChunkPushByteMode (node:internal/streams/readable:510:3)
      at Readable.push (node:internal/streams/readable:390:5)
      at TCP.onStreamRead (node:internal/stream_base_commons:189:23) {
    length: 94,
    severity: 'ERROR',
    code: '42501',
    detail: undefined,
    hint: undefined,
    position: undefined,
    internalPosition: undefined,
    internalQuery: undefined,
    where: undefined,
    schema: undefined,
    table: undefined,
    column: undefined,
    dataType: undefined,
    constraint: undefined,
    file: 'aclchk.c',
    line: '3657',
    routine: 'aclcheck_error',
    sql: `SELECT "User"."id", "User"."username", "User"."isBot", "User"."createdAt", "User"."updatedAt", "User"."vendorId", "roles"."name" AS "roles.name", "ats"."id" AS "ats.id", "ats"."name" AS "ats.name", "ats"."key" AS "ats.key", "ats"."vendorId" AS "ats.vendorId", "testPlanRuns"."id" AS "testPlanRuns.id", "testPlanRuns"."testerUserId" AS "testPlanRuns.testerUserId", "testPlanRuns"."testPlanReportId" AS "testPlanRuns.testPlanReportId", "testPlanRuns"."testResults" AS "testPlanRuns.testResults", "testPlanRuns"."initiatedByAutomation" AS "testPlanRuns.initiatedByAutomation", "testPlanRuns"."isPrimary" AS "testPlanRuns.isPrimary" FROM "User" AS "User" LEFT OUTER JOIN ( "UserRoles" AS "roles->UserRoles" INNER JOIN "Role" AS "roles" ON "roles"."name" = "roles->UserRoles"."roleName") ON "User"."id" = "roles->UserRoles"."userId" LEFT OUTER JOIN ( "UserAts" AS "ats->UserAts" INNER JOIN "At" AS "ats" ON "ats"."id" = "ats->UserAts"."atId") ON "User"."id" = "ats->UserAts"."userId" LEFT OUTER JOIN "TestPlanRun" AS "testPlanRuns" ON "User"."id" = "testPlanRuns"."testerUserId" LEFT OUTER JOIN "Vendor" AS "company" ON "User"."vendorId" = "company"."id" WHERE "User"."username" = 'joe-the-tester';`,
    parameters: undefined
  },
  original: error: permission denied for table Vendor
      at Parser.parseErrorMessage (/Users/drboostfire/Documents/GitHub/aria-at-app/node_modules/pg-protocol/dist/parser.js:283:98)
      at Parser.handlePacket (/Users/drboostfire/Documents/GitHub/aria-at-app/node_modules/pg-protocol/dist/parser.js:122:29)
      at Parser.parse (/Users/drboostfire/Documents/GitHub/aria-at-app/node_modules/pg-protocol/dist/parser.js:35:38)
      at Socket.<anonymous> (/Users/drboostfire/Documents/GitHub/aria-at-app/node_modules/pg-protocol/dist/index.js:11:42)
      at Socket.emit (node:events:507:28)
      at addChunk (node:internal/streams/readable:559:12)
      at readableAddChunkPushByteMode (node:internal/streams/readable:510:3)
      at Readable.push (node:internal/streams/readable:390:5)
      at TCP.onStreamRead (node:internal/stream_base_commons:189:23) {
    length: 94,
    severity: 'ERROR',
    code: '42501',
    detail: undefined,
    hint: undefined,
    position: undefined,
    internalPosition: undefined,
    internalQuery: undefined,
    where: undefined,
    schema: undefined,
    table: undefined,
    column: undefined,
    dataType: undefined,
    constraint: undefined,
    file: 'aclchk.c',
    line: '3657',
    routine: 'aclcheck_error',
    sql: `SELECT "User"."id", "User"."username", "User"."isBot", "User"."createdAt", "User"."updatedAt", "User"."vendorId", "roles"."name" AS "roles.name", "ats"."id" AS "ats.id", "ats"."name" AS "ats.name", "ats"."key" AS "ats.key", "ats"."vendorId" AS "ats.vendorId", "testPlanRuns"."id" AS "testPlanRuns.id", "testPlanRuns"."testerUserId" AS "testPlanRuns.testerUserId", "testPlanRuns"."testPlanReportId" AS "testPlanRuns.testPlanReportId", "testPlanRuns"."testResults" AS "testPlanRuns.testResults", "testPlanRuns"."initiatedByAutomation" AS "testPlanRuns.initiatedByAutomation", "testPlanRuns"."isPrimary" AS "testPlanRuns.isPrimary" FROM "User" AS "User" LEFT OUTER JOIN ( "UserRoles" AS "roles->UserRoles" INNER JOIN "Role" AS "roles" ON "roles"."name" = "roles->UserRoles"."roleName") ON "User"."id" = "roles->UserRoles"."userId" LEFT OUTER JOIN ( "UserAts" AS "ats->UserAts" INNER JOIN "At" AS "ats" ON "ats"."id" = "ats->UserAts"."atId") ON "User"."id" = "ats->UserAts"."userId" LEFT OUTER JOIN "TestPlanRun" AS "testPlanRuns" ON "User"."id" = "testPlanRuns"."testerUserId" LEFT OUTER JOIN "Vendor" AS "company" ON "User"."vendorId" = "company"."id" WHERE "User"."username" = 'joe-the-tester';`,
    parameters: undefined
  },
  sql: `SELECT "User"."id", "User"."username", "User"."isBot", "User"."createdAt", "User"."updatedAt", "User"."vendorId", "roles"."name" AS "roles.name", "ats"."id" AS "ats.id", "ats"."name" AS "ats.name", "ats"."key" AS "ats.key", "ats"."vendorId" AS "ats.vendorId", "testPlanRuns"."id" AS "testPlanRuns.id", "testPlanRuns"."testerUserId" AS "testPlanRuns.testerUserId", "testPlanRuns"."testPlanReportId" AS "testPlanRuns.testPlanReportId", "testPlanRuns"."testResults" AS "testPlanRuns.testResults", "testPlanRuns"."initiatedByAutomation" AS "testPlanRuns.initiatedByAutomation", "testPlanRuns"."isPrimary" AS "testPlanRuns.isPrimary" FROM "User" AS "User" LEFT OUTER JOIN ( "UserRoles" AS "roles->UserRoles" INNER JOIN "Role" AS "roles" ON "roles"."name" = "roles->UserRoles"."roleName") ON "User"."id" = "roles->UserRoles"."userId" LEFT OUTER JOIN ( "UserAts" AS "ats->UserAts" INNER JOIN "At" AS "ats" ON "ats"."id" = "ats->UserAts"."atId") ON "User"."id" = "ats->UserAts"."userId" LEFT OUTER JOIN "TestPlanRun" AS "testPlanRuns" ON "User"."id" = "testPlanRuns"."testerUserId" LEFT OUTER JOIN "Vendor" AS "company" ON "User"."vendorId" = "company"."id" WHERE "User"."username" = 'joe-the-tester';`,
  parameters: {}
}

Error
    at Query.run (/Users/drboostfire/Documents/GitHub/aria-at-app/node_modules/sequelize/lib/dialects/postgres/query.js:50:25)
    at /Users/drboostfire/Documents/GitHub/aria-at-app/node_modules/sequelize/lib/sequelize.js:315:28
    at process.processTicksAndRejections (node:internal/process/task_queues:105:5)
    at async PostgresQueryInterface.select (/Users/drboostfire/Documents/GitHub/aria-at-app/node_modules/sequelize/lib/dialects/abstract/query-interface.js:407:12)
    at async User.findAll (/Users/drboostfire/Documents/GitHub/aria-at-app/node_modules/sequelize/lib/model.js:1140:21)
    at async Object.nestedGetOrCreate (/Users/drboostfire/Documents/GitHub/aria-at-app/server/models/services/ModelService.js:389:19)
    at async getOrCreateUser (/Users/drboostfire/Documents/GitHub/aria-at-app/server/models/services/UserService.js:452:30)
    at async setFakeUserController (/Users/drboostfire/Documents/GitHub/aria-at-app/server/controllers/FakeUserController.js:30:16)

Error
    at Query.run (/Users/drboostfire/Documents/GitHub/aria-at-app/node_modules/sequelize/lib/dialects/postgres/query.js:50:25)
    at /Users/drboostfire/Documents/GitHub/aria-at-app/node_modules/sequelize/lib/sequelize.js:315:28
    at process.processTicksAndRejections (node:internal/process/task_queues:105:5)
    at async PostgresQueryInterface.select (/Users/drboostfire/Documents/GitHub/aria-at-app/node_modules/sequelize/lib/dialects/abstract/query-interface.js:407:12)
    at async User.findAll (/Users/drboostfire/Documents/GitHub/aria-at-app/node_modules/sequelize/lib/model.js:1140:21)
    at async Object.nestedGetOrCreate (/Users/drboostfire/Documents/GitHub/aria-at-app/server/models/services/ModelService.js:389:19)
    at async getOrCreateUser (/Users/drboostfire/Documents/GitHub/aria-at-app/server/models/services/UserService.js:452:30)
    at async setFakeUserController (/Users/drboostfire/Documents/GitHub/aria-at-app/server/controllers/FakeUserController.js:30:16) {
  name: 'SequelizeDatabaseError',
  parent: error: permission denied for table Vendor
      at Parser.parseErrorMessage (/Users/drboostfire/Documents/GitHub/aria-at-app/node_modules/pg-protocol/dist/parser.js:283:98)
      at Parser.handlePacket (/Users/drboostfire/Documents/GitHub/aria-at-app/node_modules/pg-protocol/dist/parser.js:122:29)
      at Parser.parse (/Users/drboostfire/Documents/GitHub/aria-at-app/node_modules/pg-protocol/dist/parser.js:35:38)
      at Socket.<anonymous> (/Users/drboostfire/Documents/GitHub/aria-at-app/node_modules/pg-protocol/dist/index.js:11:42)
      at Socket.emit (node:events:507:28)
      at addChunk (node:internal/streams/readable:559:12)
      at readableAddChunkPushByteMode (node:internal/streams/readable:510:3)
      at Readable.push (node:internal/streams/readable:390:5)
      at TCP.onStreamRead (node:internal/stream_base_commons:189:23) {
    length: 94,
    severity: 'ERROR',
    code: '42501',
    detail: undefined,
    hint: undefined,
    position: undefined,
    internalPosition: undefined,
    internalQuery: undefined,
    where: undefined,
    schema: undefined,
    table: undefined,
    column: undefined,
    dataType: undefined,
    constraint: undefined,
    file: 'aclchk.c',
    line: '3657',
    routine: 'aclcheck_error',
    sql: `SELECT "User"."id", "User"."username", "User"."isBot", "User"."createdAt", "User"."updatedAt", "User"."vendorId", "roles"."name" AS "roles.name", "ats"."id" AS "ats.id", "ats"."name" AS "ats.name", "ats"."key" AS "ats.key", "ats"."vendorId" AS "ats.vendorId", "testPlanRuns"."id" AS "testPlanRuns.id", "testPlanRuns"."testerUserId" AS "testPlanRuns.testerUserId", "testPlanRuns"."testPlanReportId" AS "testPlanRuns.testPlanReportId", "testPlanRuns"."testResults" AS "testPlanRuns.testResults", "testPlanRuns"."initiatedByAutomation" AS "testPlanRuns.initiatedByAutomation", "testPlanRuns"."isPrimary" AS "testPlanRuns.isPrimary" FROM "User" AS "User" LEFT OUTER JOIN ( "UserRoles" AS "roles->UserRoles" INNER JOIN "Role" AS "roles" ON "roles"."name" = "roles->UserRoles"."roleName") ON "User"."id" = "roles->UserRoles"."userId" LEFT OUTER JOIN ( "UserAts" AS "ats->UserAts" INNER JOIN "At" AS "ats" ON "ats"."id" = "ats->UserAts"."atId") ON "User"."id" = "ats->UserAts"."userId" LEFT OUTER JOIN "TestPlanRun" AS "testPlanRuns" ON "User"."id" = "testPlanRuns"."testerUserId" LEFT OUTER JOIN "Vendor" AS "company" ON "User"."vendorId" = "company"."id" WHERE "User"."username" = 'joe-the-admin';`,
    parameters: undefined
  },
  original: error: permission denied for table Vendor
      at Parser.parseErrorMessage (/Users/drboostfire/Documents/GitHub/aria-at-app/node_modules/pg-protocol/dist/parser.js:283:98)
      at Parser.handlePacket (/Users/drboostfire/Documents/GitHub/aria-at-app/node_modules/pg-protocol/dist/parser.js:122:29)
      at Parser.parse (/Users/drboostfire/Documents/GitHub/aria-at-app/node_modules/pg-protocol/dist/parser.js:35:38)
      at Socket.<anonymous> (/Users/drboostfire/Documents/GitHub/aria-at-app/node_modules/pg-protocol/dist/index.js:11:42)
      at Socket.emit (node:events:507:28)
      at addChunk (node:internal/streams/readable:559:12)
      at readableAddChunkPushByteMode (node:internal/streams/readable:510:3)
      at Readable.push (node:internal/streams/readable:390:5)
      at TCP.onStreamRead (node:internal/stream_base_commons:189:23) {
    length: 94,
    severity: 'ERROR',
    code: '42501',
    detail: undefined,
    hint: undefined,
    position: undefined,
    internalPosition: undefined,
    internalQuery: undefined,
    where: undefined,
    schema: undefined,
    table: undefined,
    column: undefined,
    dataType: undefined,
    constraint: undefined,
    file: 'aclchk.c',
    line: '3657',
    routine: 'aclcheck_error',
    sql: `SELECT "User"."id", "User"."username", "User"."isBot", "User"."createdAt", "User"."updatedAt", "User"."vendorId", "roles"."name" AS "roles.name", "ats"."id" AS "ats.id", "ats"."name" AS "ats.name", "ats"."key" AS "ats.key", "ats"."vendorId" AS "ats.vendorId", "testPlanRuns"."id" AS "testPlanRuns.id", "testPlanRuns"."testerUserId" AS "testPlanRuns.testerUserId", "testPlanRuns"."testPlanReportId" AS "testPlanRuns.testPlanReportId", "testPlanRuns"."testResults" AS "testPlanRuns.testResults", "testPlanRuns"."initiatedByAutomation" AS "testPlanRuns.initiatedByAutomation", "testPlanRuns"."isPrimary" AS "testPlanRuns.isPrimary" FROM "User" AS "User" LEFT OUTER JOIN ( "UserRoles" AS "roles->UserRoles" INNER JOIN "Role" AS "roles" ON "roles"."name" = "roles->UserRoles"."roleName") ON "User"."id" = "roles->UserRoles"."userId" LEFT OUTER JOIN ( "UserAts" AS "ats->UserAts" INNER JOIN "At" AS "ats" ON "ats"."id" = "ats->UserAts"."atId") ON "User"."id" = "ats->UserAts"."userId" LEFT OUTER JOIN "TestPlanRun" AS "testPlanRuns" ON "User"."id" = "testPlanRuns"."testerUserId" LEFT OUTER JOIN "Vendor" AS "company" ON "User"."vendorId" = "company"."id" WHERE "User"."username" = 'joe-the-admin';`,
    parameters: undefined
  },
  sql: `SELECT "User"."id", "User"."username", "User"."isBot", "User"."createdAt", "User"."updatedAt", "User"."vendorId", "roles"."name" AS "roles.name", "ats"."id" AS "ats.id", "ats"."name" AS "ats.name", "ats"."key" AS "ats.key", "ats"."vendorId" AS "ats.vendorId", "testPlanRuns"."id" AS "testPlanRuns.id", "testPlanRuns"."testerUserId" AS "testPlanRuns.testerUserId", "testPlanRuns"."testPlanReportId" AS "testPlanRuns.testPlanReportId", "testPlanRuns"."testResults" AS "testPlanRuns.testResults", "testPlanRuns"."initiatedByAutomation" AS "testPlanRuns.initiatedByAutomation", "testPlanRuns"."isPrimary" AS "testPlanRuns.isPrimary" FROM "User" AS "User" LEFT OUTER JOIN ( "UserRoles" AS "roles->UserRoles" INNER JOIN "Role" AS "roles" ON "roles"."name" = "roles->UserRoles"."roleName") ON "User"."id" = "roles->UserRoles"."userId" LEFT OUTER JOIN ( "UserAts" AS "ats->UserAts" INNER JOIN "At" AS "ats" ON "ats"."id" = "ats->UserAts"."atId") ON "User"."id" = "ats->UserAts"."userId" LEFT OUTER JOIN "TestPlanRun" AS "testPlanRuns" ON "User"."id" = "testPlanRuns"."testerUserId" LEFT OUTER JOIN "Vendor" AS "company" ON "User"."vendorId" = "company"."id" WHERE "User"."username" = 'joe-the-admin';`,
  parameters: {}
}

Error
    at Query.run (/Users/drboostfire/Documents/GitHub/aria-at-app/node_modules/sequelize/lib/dialects/postgres/query.js:50:25)
    at /Users/drboostfire/Documents/GitHub/aria-at-app/node_modules/sequelize/lib/sequelize.js:315:28
    at process.processTicksAndRejections (node:internal/process/task_queues:105:5)
    at async PostgresQueryInterface.select (/Users/drboostfire/Documents/GitHub/aria-at-app/node_modules/sequelize/lib/dialects/abstract/query-interface.js:407:12)
    at async User.findAll (/Users/drboostfire/Documents/GitHub/aria-at-app/node_modules/sequelize/lib/model.js:1140:21)
    at async Object.nestedGetOrCreate (/Users/drboostfire/Documents/GitHub/aria-at-app/server/models/services/ModelService.js:389:19)
    at async getOrCreateUser (/Users/drboostfire/Documents/GitHub/aria-at-app/server/models/services/UserService.js:452:30)
    at async setFakeUserController (/Users/drboostfire/Documents/GitHub/aria-at-app/server/controllers/FakeUserController.js:30:16)

FAIL tests/e2e/CandidateReview.e2e.test.js (109.829 s)
  ● Candidate Review when not signed in or tester › does not render page if tester

    thrown: "<!DOCTYPE html>
    <html lang=\"en\">
    <head>
    <meta charset=\"utf-8\">
    <title>Error</title>
    </head>
    <body>
    <pre>Error<br> &nbsp; &nbsp;at Query.run (/Users/drboostfire/Documents/GitHub/aria-at-app/node_modules/sequelize/lib/dialects/postgres/query.js:50:25)<br> &nbsp; &nbsp;at /Users/drboostfire/Documents/GitHub/aria-at-app/node_modules/sequelize/lib/sequelize.js:315:28<br> &nbsp; &nbsp;at process.processTicksAndRejections (node:internal/process/task_queues:105:5)<br> &nbsp; &nbsp;at async PostgresQueryInterface.select (/Users/drboostfire/Documents/GitHub/aria-at-app/node_modules/sequelize/lib/dialects/abstract/query-interface.js:407:12)<br> &nbsp; &nbsp;at async User.findAll (/Users/drboostfire/Documents/GitHub/aria-at-app/node_modules/sequelize/lib/model.js:1140:21)<br> &nbsp; &nbsp;at async Object.nestedGetOrCreate (/Users/drboostfire/Documents/GitHub/aria-at-app/server/models/services/ModelService.js:389:19)<br> &nbsp; &nbsp;at async getOrCreateUser (/Users/drboostfire/Documents/GitHub/aria-at-app/server/models/services/UserService.js:452:30)<br> &nbsp; &nbsp;at async setFakeUserController (/Users/drboostfire/Documents/GitHub/aria-at-app/server/controllers/FakeUserController.js:30:16)</pre>
    </body>
    </html>
    "

      13 |   });
      14 |
    > 15 |   it('does not render page if tester', async () => {
         |   ^
      16 |     await getPage({ role: 'tester', url: '/candidate-review' }, async page => {
      17 |       const h1Text = await text(page, 'h1');
      18 |       const currentUrl = await page.url();

      at it (tests/e2e/CandidateReview.e2e.test.js:15:3)
      at Object.describe (tests/e2e/CandidateReview.e2e.test.js:4:1)

  ● Candidate Review when signed in as vendor › renders page if signed in

    thrown: "<!DOCTYPE html>
    <html lang=\"en\">
    <head>
    <meta charset=\"utf-8\">
    <title>Error</title>
    </head>
    <body>
    <pre>Error<br> &nbsp; &nbsp;at Query.run (/Users/drboostfire/Documents/GitHub/aria-at-app/node_modules/sequelize/lib/dialects/postgres/query.js:50:25)<br> &nbsp; &nbsp;at /Users/drboostfire/Documents/GitHub/aria-at-app/node_modules/sequelize/lib/sequelize.js:315:28<br> &nbsp; &nbsp;at process.processTicksAndRejections (node:internal/process/task_queues:105:5)<br> &nbsp; &nbsp;at async PostgresQueryInterface.select (/Users/drboostfire/Documents/GitHub/aria-at-app/node_modules/sequelize/lib/dialects/abstract/query-interface.js:407:12)<br> &nbsp; &nbsp;at async User.findAll (/Users/drboostfire/Documents/GitHub/aria-at-app/node_modules/sequelize/lib/model.js:1140:21)<br> &nbsp; &nbsp;at async Object.nestedGetOrCreate (/Users/drboostfire/Documents/GitHub/aria-at-app/server/models/services/ModelService.js:389:19)<br> &nbsp; &nbsp;at async getOrCreateUser (/Users/drboostfire/Documents/GitHub/aria-at-app/server/models/services/UserService.js:452:30)<br> &nbsp; &nbsp;at async setFakeUserController (/Users/drboostfire/Documents/GitHub/aria-at-app/server/controllers/FakeUserController.js:30:16)</pre>
    </body>
    </html>
    "

      25 |
      26 | describe('Candidate Review when signed in as vendor', () => {
    > 27 |   it('renders page if signed in', async () => {
         |   ^
      28 |     await getPage(
      29 |       { role: 'vendor', url: '/candidate-review' },
      30 |       async (page, { consoleErrors }) => {

      at it (tests/e2e/CandidateReview.e2e.test.js:27:3)
      at Object.describe (tests/e2e/CandidateReview.e2e.test.js:26:1)

  ● Candidate Review when signed in as vendor › navigates to candidate test plan run page

    TimeoutError: Waiting for selector `[[["h1 ",{"name":"text","value":"Candidate Review"}]]]` failed: Waiting failed: 30000ms exceeded

      at new WaitTask (../node_modules/puppeteer-core/src/common/WaitTask.ts:82:28)
      at IsolatedWorld.waitForFunction (../node_modules/puppeteer-core/src/api/Realm.ts:74:22)
      at PQueryHandler.waitFor (../node_modules/puppeteer-core/src/common/QueryHandler.ts:172:50)
      at CdpFrame.waitForSelector (../node_modules/puppeteer-core/src/api/Frame.ts:729:13)
      at CdpPage.waitForSelector (../node_modules/puppeteer-core/src/api/Page.ts:2943:12)

  ● Candidate Review when signed in as vendor › shows summary view as first page and navigates correctly

    TimeoutError: Waiting for selector `[[["h1 ",{"name":"text","value":"Candidate Review"}]]]` failed: Waiting failed: 30000ms exceeded

      at new WaitTask (../node_modules/puppeteer-core/src/common/WaitTask.ts:82:28)
      at IsolatedWorld.waitForFunction (../node_modules/puppeteer-core/src/api/Realm.ts:74:22)
      at PQueryHandler.waitFor (../node_modules/puppeteer-core/src/common/QueryHandler.ts:172:50)
      at CdpFrame.waitForSelector (../node_modules/puppeteer-core/src/api/Frame.ts:729:13)
      at CdpPage.waitForSelector (../node_modules/puppeteer-core/src/api/Page.ts:2943:12)

  ● Candidate Review when signed in as vendor › shows failing assertions summary content

    TimeoutError: Waiting for selector `[[["h1 ",{"name":"text","value":"Candidate Review"}]]]` failed: Waiting failed: 30000ms exceeded

      at new WaitTask (../node_modules/puppeteer-core/src/common/WaitTask.ts:82:28)
      at IsolatedWorld.waitForFunction (../node_modules/puppeteer-core/src/api/Realm.ts:74:22)
      at PQueryHandler.waitFor (../node_modules/puppeteer-core/src/common/QueryHandler.ts:172:50)
      at CdpFrame.waitForSelector (../node_modules/puppeteer-core/src/api/Frame.ts:729:13)
      at CdpPage.waitForSelector (../node_modules/puppeteer-core/src/api/Page.ts:2943:12)

FAIL tests/e2e/UserSettings.e2e.test.js (111.618 s)
  ● User Settings when signed in as vendor › does not render page if signed in as vendor

    thrown: "<!DOCTYPE html>
    <html lang=\"en\">
    <head>
    <meta charset=\"utf-8\">
    <title>Error</title>
    </head>
    <body>
    <pre>Error<br> &nbsp; &nbsp;at Query.run (/Users/drboostfire/Documents/GitHub/aria-at-app/node_modules/sequelize/lib/dialects/postgres/query.js:50:25)<br> &nbsp; &nbsp;at /Users/drboostfire/Documents/GitHub/aria-at-app/node_modules/sequelize/lib/sequelize.js:315:28<br> &nbsp; &nbsp;at process.processTicksAndRejections (node:internal/process/task_queues:105:5)<br> &nbsp; &nbsp;at async PostgresQueryInterface.select (/Users/drboostfire/Documents/GitHub/aria-at-app/node_modules/sequelize/lib/dialects/abstract/query-interface.js:407:12)<br> &nbsp; &nbsp;at async User.findAll (/Users/drboostfire/Documents/GitHub/aria-at-app/node_modules/sequelize/lib/model.js:1140:21)<br> &nbsp; &nbsp;at async Object.nestedGetOrCreate (/Users/drboostfire/Documents/GitHub/aria-at-app/server/models/services/ModelService.js:389:19)<br> &nbsp; &nbsp;at async getOrCreateUser (/Users/drboostfire/Documents/GitHub/aria-at-app/server/models/services/UserService.js:452:30)<br> &nbsp; &nbsp;at async setFakeUserController (/Users/drboostfire/Documents/GitHub/aria-at-app/server/controllers/FakeUserController.js:30:16)</pre>
    </body>
    </html>
    "

      15 |
      16 | describe('User Settings when signed in as vendor', () => {
    > 17 |   it('does not render page if signed in as vendor', async () => {
         |   ^
      18 |     await getPage({ role: 'vendor', url: '/account/settings' }, async page => {
      19 |       const h1Text = await text(page, 'h1');
      20 |       const currentUrl = await page.url();

      at it (tests/e2e/UserSettings.e2e.test.js:17:3)
      at Object.describe (tests/e2e/UserSettings.e2e.test.js:16:1)

  ● User Settings common traits › renders page h1

    thrown: "<!DOCTYPE html>
    <html lang=\"en\">
    <head>
    <meta charset=\"utf-8\">
    <title>Error</title>
    </head>
    <body>
    <pre>Error<br> &nbsp; &nbsp;at Query.run (/Users/drboostfire/Documents/GitHub/aria-at-app/node_modules/sequelize/lib/dialects/postgres/query.js:50:25)<br> &nbsp; &nbsp;at /Users/drboostfire/Documents/GitHub/aria-at-app/node_modules/sequelize/lib/sequelize.js:315:28<br> &nbsp; &nbsp;at process.processTicksAndRejections (node:internal/process/task_queues:105:5)<br> &nbsp; &nbsp;at async PostgresQueryInterface.select (/Users/drboostfire/Documents/GitHub/aria-at-app/node_modules/sequelize/lib/dialects/abstract/query-interface.js:407:12)<br> &nbsp; &nbsp;at async User.findAll (/Users/drboostfire/Documents/GitHub/aria-at-app/node_modules/sequelize/lib/model.js:1140:21)<br> &nbsp; &nbsp;at async Object.nestedGetOrCreate (/Users/drboostfire/Documents/GitHub/aria-at-app/server/models/services/ModelService.js:389:19)<br> &nbsp; &nbsp;at async getOrCreateUser (/Users/drboostfire/Documents/GitHub/aria-at-app/server/models/services/UserService.js:452:30)<br> &nbsp; &nbsp;at async setFakeUserController (/Users/drboostfire/Documents/GitHub/aria-at-app/server/controllers/FakeUserController.js:30:16)</pre>
    </body>
    </html>
    "

      27 |
      28 | describe('User Settings common traits', () => {
    > 29 |   it('renders page h1', async () => {
         |   ^
      30 |     await getPage({ role: 'tester', url: '/account/settings' }, async page => {
      31 |       const h1Text = await text(page, 'h1');
      32 |       expect(h1Text).toBe('Settings');

      at it (tests/e2e/UserSettings.e2e.test.js:29:3)
      at Object.describe (tests/e2e/UserSettings.e2e.test.js:28:1)

  ● User Settings common traits › renders tester's user details and assistive technology sections

    TimeoutError: Waiting for selector `[[["h2 ",{"name":"text","value":"User Details"}]]]` failed: Waiting failed: 30000ms exceeded

      at new WaitTask (../node_modules/puppeteer-core/src/common/WaitTask.ts:82:28)
      at IsolatedWorld.waitForFunction (../node_modules/puppeteer-core/src/api/Realm.ts:74:22)
      at PQueryHandler.waitFor (../node_modules/puppeteer-core/src/common/QueryHandler.ts:172:50)
      at CdpFrame.waitForSelector (../node_modules/puppeteer-core/src/api/Frame.ts:729:13)
      at CdpPage.waitForSelector (../node_modules/puppeteer-core/src/api/Page.ts:2943:12)

  ● User Settings common traits › renders admin's user details and assistive technology sections

    thrown: "<!DOCTYPE html>
    <html lang=\"en\">
    <head>
    <meta charset=\"utf-8\">
    <title>Error</title>
    </head>
    <body>
    <pre>Error<br> &nbsp; &nbsp;at Query.run (/Users/drboostfire/Documents/GitHub/aria-at-app/node_modules/sequelize/lib/dialects/postgres/query.js:50:25)<br> &nbsp; &nbsp;at /Users/drboostfire/Documents/GitHub/aria-at-app/node_modules/sequelize/lib/sequelize.js:315:28<br> &nbsp; &nbsp;at process.processTicksAndRejections (node:internal/process/task_queues:105:5)<br> &nbsp; &nbsp;at async PostgresQueryInterface.select (/Users/drboostfire/Documents/GitHub/aria-at-app/node_modules/sequelize/lib/dialects/abstract/query-interface.js:407:12)<br> &nbsp; &nbsp;at async User.findAll (/Users/drboostfire/Documents/GitHub/aria-at-app/node_modules/sequelize/lib/model.js:1140:21)<br> &nbsp; &nbsp;at async Object.nestedGetOrCreate (/Users/drboostfire/Documents/GitHub/aria-at-app/server/models/services/ModelService.js:389:19)<br> &nbsp; &nbsp;at async getOrCreateUser (/Users/drboostfire/Documents/GitHub/aria-at-app/server/models/services/UserService.js:452:30)<br> &nbsp; &nbsp;at async setFakeUserController (/Users/drboostfire/Documents/GitHub/aria-at-app/server/controllers/FakeUserController.js:30:16)</pre>
    </body>
    </html>
    "

      44 |   });
      45 |
    > 46 |   it("renders admin's user details and assistive technology sections", async () => {
         |   ^
      47 |     await getPage({ role: 'admin', url: '/account/settings' }, async page => {
      48 |       await page.waitForSelector('h2 ::-p-text(User Details)');
      49 |       await page.waitForSelector('h2 ::-p-text(Admin Actions)');

      at it (tests/e2e/UserSettings.e2e.test.js:46:3)
      at Object.describe (tests/e2e/UserSettings.e2e.test.js:28:1)

  ● User Settings when signed in as tester › renders testable assistive technologies status and update on save

    TimeoutError: Waiting for selector `p[data-testid="testable-ats-status"]` failed: Waiting failed: 30000ms exceeded

      at new WaitTask (../node_modules/puppeteer-core/src/common/WaitTask.ts:82:28)
      at IsolatedWorld.waitForFunction (../node_modules/puppeteer-core/src/api/Realm.ts:74:22)
      at CSSQueryHandler.waitFor (../node_modules/puppeteer-core/src/common/QueryHandler.ts:172:50)
      at CdpFrame.waitForSelector (../node_modules/puppeteer-core/src/api/Frame.ts:729:13)
      at CdpPage.waitForSelector (../node_modules/puppeteer-core/src/api/Page.ts:2943:12)

  ● User Settings when signed in as admin › renders admin actions section

    TimeoutError: Waiting for selector `[[["button ",{"name":"text","value":"Import Latest Test Plan Versions"}]]]` failed: Waiting failed: 30000ms exceeded

      at new WaitTask (../node_modules/puppeteer-core/src/common/WaitTask.ts:82:28)
      at IsolatedWorld.waitForFunction (../node_modules/puppeteer-core/src/api/Realm.ts:74:22)
      at PQueryHandler.waitFor (../node_modules/puppeteer-core/src/common/QueryHandler.ts:172:50)
      at CdpFrame.waitForSelector (../node_modules/puppeteer-core/src/api/Frame.ts:729:13)
      at CdpPage.waitForSelector (../node_modules/puppeteer-core/src/api/Page.ts:2943:12)

Error
    at Query.run (/Users/drboostfire/Documents/GitHub/aria-at-app/node_modules/sequelize/lib/dialects/postgres/query.js:50:25)
    at /Users/drboostfire/Documents/GitHub/aria-at-app/node_modules/sequelize/lib/sequelize.js:315:28
    at process.processTicksAndRejections (node:internal/process/task_queues:105:5)
    at async PostgresQueryInterface.select (/Users/drboostfire/Documents/GitHub/aria-at-app/node_modules/sequelize/lib/dialects/abstract/query-interface.js:407:12)
    at async User.findAll (/Users/drboostfire/Documents/GitHub/aria-at-app/node_modules/sequelize/lib/model.js:1140:21)
    at async Object.nestedGetOrCreate (/Users/drboostfire/Documents/GitHub/aria-at-app/server/models/services/ModelService.js:389:19)
    at async getOrCreateUser (/Users/drboostfire/Documents/GitHub/aria-at-app/server/models/services/UserService.js:452:30)
    at async setFakeUserController (/Users/drboostfire/Documents/GitHub/aria-at-app/server/controllers/FakeUserController.js:30:16) {
  name: 'SequelizeDatabaseError',
  parent: error: permission denied for table Vendor
      at Parser.parseErrorMessage (/Users/drboostfire/Documents/GitHub/aria-at-app/node_modules/pg-protocol/dist/parser.js:283:98)
      at Parser.handlePacket (/Users/drboostfire/Documents/GitHub/aria-at-app/node_modules/pg-protocol/dist/parser.js:122:29)
      at Parser.parse (/Users/drboostfire/Documents/GitHub/aria-at-app/node_modules/pg-protocol/dist/parser.js:35:38)
      at Socket.<anonymous> (/Users/drboostfire/Documents/GitHub/aria-at-app/node_modules/pg-protocol/dist/index.js:11:42)
      at Socket.emit (node:events:507:28)
      at addChunk (node:internal/streams/readable:559:12)
      at readableAddChunkPushByteMode (node:internal/streams/readable:510:3)
      at Readable.push (node:internal/streams/readable:390:5)
      at TCP.onStreamRead (node:internal/stream_base_commons:189:23) {
    length: 94,
    severity: 'ERROR',
    code: '42501',
    detail: undefined,
    hint: undefined,
    position: undefined,
    internalPosition: undefined,
    internalQuery: undefined,
    where: undefined,
    schema: undefined,
    table: undefined,
    column: undefined,
    dataType: undefined,
    constraint: undefined,
    file: 'aclchk.c',
    line: '3657',
    routine: 'aclcheck_error',
    sql: `SELECT "User"."id", "User"."username", "User"."isBot", "User"."createdAt", "User"."updatedAt", "User"."vendorId", "roles"."name" AS "roles.name", "ats"."id" AS "ats.id", "ats"."name" AS "ats.name", "ats"."key" AS "ats.key", "ats"."vendorId" AS "ats.vendorId", "testPlanRuns"."id" AS "testPlanRuns.id", "testPlanRuns"."testerUserId" AS "testPlanRuns.testerUserId", "testPlanRuns"."testPlanReportId" AS "testPlanRuns.testPlanReportId", "testPlanRuns"."testResults" AS "testPlanRuns.testResults", "testPlanRuns"."initiatedByAutomation" AS "testPlanRuns.initiatedByAutomation", "testPlanRuns"."isPrimary" AS "testPlanRuns.isPrimary" FROM "User" AS "User" LEFT OUTER JOIN ( "UserRoles" AS "roles->UserRoles" INNER JOIN "Role" AS "roles" ON "roles"."name" = "roles->UserRoles"."roleName") ON "User"."id" = "roles->UserRoles"."userId" LEFT OUTER JOIN ( "UserAts" AS "ats->UserAts" INNER JOIN "At" AS "ats" ON "ats"."id" = "ats->UserAts"."atId") ON "User"."id" = "ats->UserAts"."userId" LEFT OUTER JOIN "TestPlanRun" AS "testPlanRuns" ON "User"."id" = "testPlanRuns"."testerUserId" LEFT OUTER JOIN "Vendor" AS "company" ON "User"."vendorId" = "company"."id" WHERE "User"."username" = 'joe-the-tester';`,
    parameters: undefined
  },
  original: error: permission denied for table Vendor
      at Parser.parseErrorMessage (/Users/drboostfire/Documents/GitHub/aria-at-app/node_modules/pg-protocol/dist/parser.js:283:98)
      at Parser.handlePacket (/Users/drboostfire/Documents/GitHub/aria-at-app/node_modules/pg-protocol/dist/parser.js:122:29)
      at Parser.parse (/Users/drboostfire/Documents/GitHub/aria-at-app/node_modules/pg-protocol/dist/parser.js:35:38)
      at Socket.<anonymous> (/Users/drboostfire/Documents/GitHub/aria-at-app/node_modules/pg-protocol/dist/index.js:11:42)
      at Socket.emit (node:events:507:28)
      at addChunk (node:internal/streams/readable:559:12)
      at readableAddChunkPushByteMode (node:internal/streams/readable:510:3)
      at Readable.push (node:internal/streams/readable:390:5)
      at TCP.onStreamRead (node:internal/stream_base_commons:189:23) {
    length: 94,
    severity: 'ERROR',
    code: '42501',
    detail: undefined,
    hint: undefined,
    position: undefined,
    internalPosition: undefined,
    internalQuery: undefined,
    where: undefined,
    schema: undefined,
    table: undefined,
    column: undefined,
    dataType: undefined,
    constraint: undefined,
    file: 'aclchk.c',
    line: '3657',
    routine: 'aclcheck_error',
    sql: `SELECT "User"."id", "User"."username", "User"."isBot", "User"."createdAt", "User"."updatedAt", "User"."vendorId", "roles"."name" AS "roles.name", "ats"."id" AS "ats.id", "ats"."name" AS "ats.name", "ats"."key" AS "ats.key", "ats"."vendorId" AS "ats.vendorId", "testPlanRuns"."id" AS "testPlanRuns.id", "testPlanRuns"."testerUserId" AS "testPlanRuns.testerUserId", "testPlanRuns"."testPlanReportId" AS "testPlanRuns.testPlanReportId", "testPlanRuns"."testResults" AS "testPlanRuns.testResults", "testPlanRuns"."initiatedByAutomation" AS "testPlanRuns.initiatedByAutomation", "testPlanRuns"."isPrimary" AS "testPlanRuns.isPrimary" FROM "User" AS "User" LEFT OUTER JOIN ( "UserRoles" AS "roles->UserRoles" INNER JOIN "Role" AS "roles" ON "roles"."name" = "roles->UserRoles"."roleName") ON "User"."id" = "roles->UserRoles"."userId" LEFT OUTER JOIN ( "UserAts" AS "ats->UserAts" INNER JOIN "At" AS "ats" ON "ats"."id" = "ats->UserAts"."atId") ON "User"."id" = "ats->UserAts"."userId" LEFT OUTER JOIN "TestPlanRun" AS "testPlanRuns" ON "User"."id" = "testPlanRuns"."testerUserId" LEFT OUTER JOIN "Vendor" AS "company" ON "User"."vendorId" = "company"."id" WHERE "User"."username" = 'joe-the-tester';`,
    parameters: undefined
  },
  sql: `SELECT "User"."id", "User"."username", "User"."isBot", "User"."createdAt", "User"."updatedAt", "User"."vendorId", "roles"."name" AS "roles.name", "ats"."id" AS "ats.id", "ats"."name" AS "ats.name", "ats"."key" AS "ats.key", "ats"."vendorId" AS "ats.vendorId", "testPlanRuns"."id" AS "testPlanRuns.id", "testPlanRuns"."testerUserId" AS "testPlanRuns.testerUserId", "testPlanRuns"."testPlanReportId" AS "testPlanRuns.testPlanReportId", "testPlanRuns"."testResults" AS "testPlanRuns.testResults", "testPlanRuns"."initiatedByAutomation" AS "testPlanRuns.initiatedByAutomation", "testPlanRuns"."isPrimary" AS "testPlanRuns.isPrimary" FROM "User" AS "User" LEFT OUTER JOIN ( "UserRoles" AS "roles->UserRoles" INNER JOIN "Role" AS "roles" ON "roles"."name" = "roles->UserRoles"."roleName") ON "User"."id" = "roles->UserRoles"."userId" LEFT OUTER JOIN ( "UserAts" AS "ats->UserAts" INNER JOIN "At" AS "ats" ON "ats"."id" = "ats->UserAts"."atId") ON "User"."id" = "ats->UserAts"."userId" LEFT OUTER JOIN "TestPlanRun" AS "testPlanRuns" ON "User"."id" = "testPlanRuns"."testerUserId" LEFT OUTER JOIN "Vendor" AS "company" ON "User"."vendorId" = "company"."id" WHERE "User"."username" = 'joe-the-tester';`,
  parameters: {}
}

Error
    at Query.run (/Users/drboostfire/Documents/GitHub/aria-at-app/node_modules/sequelize/lib/dialects/postgres/query.js:50:25)
    at /Users/drboostfire/Documents/GitHub/aria-at-app/node_modules/sequelize/lib/sequelize.js:315:28
    at process.processTicksAndRejections (node:internal/process/task_queues:105:5)
    at async PostgresQueryInterface.select (/Users/drboostfire/Documents/GitHub/aria-at-app/node_modules/sequelize/lib/dialects/abstract/query-interface.js:407:12)
    at async User.findAll (/Users/drboostfire/Documents/GitHub/aria-at-app/node_modules/sequelize/lib/model.js:1140:21)
    at async Object.nestedGetOrCreate (/Users/drboostfire/Documents/GitHub/aria-at-app/server/models/services/ModelService.js:389:19)
    at async getOrCreateUser (/Users/drboostfire/Documents/GitHub/aria-at-app/server/models/services/UserService.js:452:30)
    at async setFakeUserController (/Users/drboostfire/Documents/GitHub/aria-at-app/server/controllers/FakeUserController.js:30:16)

FAIL tests/e2e/TestRun.e2e.test.js (259.084 s)
  ● Test Run when not signed in › renders /run/:id page but unable to make changes

    TimeoutError: Waiting for selector `[[["h1 ",{"name":"text","value":"Test 1:"}]]]` failed: Waiting failed: 30000ms exceeded

      at new WaitTask (../node_modules/puppeteer-core/src/common/WaitTask.ts:82:28)
      at IsolatedWorld.waitForFunction (../node_modules/puppeteer-core/src/api/Realm.ts:74:22)
      at PQueryHandler.waitFor (../node_modules/puppeteer-core/src/common/QueryHandler.ts:172:50)
      at CdpFrame.waitForSelector (../node_modules/puppeteer-core/src/api/Frame.ts:729:13)
      at CdpPage.waitForSelector (../node_modules/puppeteer-core/src/api/Page.ts:2943:12)

  ● Test Run when signed in as tester › self assigns tester on Test Queue page and opens test run

    thrown: "<!DOCTYPE html>
    <html lang=\"en\">
    <head>
    <meta charset=\"utf-8\">
    <title>Error</title>
    </head>
    <body>
    <pre>Error<br> &nbsp; &nbsp;at Query.run (/Users/drboostfire/Documents/GitHub/aria-at-app/node_modules/sequelize/lib/dialects/postgres/query.js:50:25)<br> &nbsp; &nbsp;at /Users/drboostfire/Documents/GitHub/aria-at-app/node_modules/sequelize/lib/sequelize.js:315:28<br> &nbsp; &nbsp;at process.processTicksAndRejections (node:internal/process/task_queues:105:5)<br> &nbsp; &nbsp;at async PostgresQueryInterface.select (/Users/drboostfire/Documents/GitHub/aria-at-app/node_modules/sequelize/lib/dialects/abstract/query-interface.js:407:12)<br> &nbsp; &nbsp;at async User.findAll (/Users/drboostfire/Documents/GitHub/aria-at-app/node_modules/sequelize/lib/model.js:1140:21)<br> &nbsp; &nbsp;at async Object.nestedGetOrCreate (/Users/drboostfire/Documents/GitHub/aria-at-app/server/models/services/ModelService.js:389:19)<br> &nbsp; &nbsp;at async getOrCreateUser (/Users/drboostfire/Documents/GitHub/aria-at-app/server/models/services/UserService.js:452:30)<br> &nbsp; &nbsp;at async setFakeUserController (/Users/drboostfire/Documents/GitHub/aria-at-app/server/controllers/FakeUserController.js:30:16)</pre>
    </body>
    </html>
    "

      232 |   };
      233 |
    > 234 |   it('self assigns tester on Test Queue page and opens test run', async () => {
          |   ^
      235 |     await getPage({ role: 'tester', url: '/test-queue' }, async page => {
      236 |       await assignSelfAndNavigateToRun(page);
      237 |

      at it (tests/e2e/TestRun.e2e.test.js:234:3)
      at Object.describe (tests/e2e/TestRun.e2e.test.js:112:1)

  ● Test Run when signed in as tester › navigates between tests

    TimeoutError: Waiting for selector `button#disclosure-btn-modal-dialog-0` failed: Waiting failed: 30000ms exceeded

      at new WaitTask (../node_modules/puppeteer-core/src/common/WaitTask.ts:82:28)
      at IsolatedWorld.waitForFunction (../node_modules/puppeteer-core/src/api/Realm.ts:74:22)
      at CSSQueryHandler.waitFor (../node_modules/puppeteer-core/src/common/QueryHandler.ts:172:50)
      at CdpFrame.waitForSelector (../node_modules/puppeteer-core/src/api/Frame.ts:729:13)
      at CdpPage.waitForSelector (../node_modules/puppeteer-core/src/api/Page.ts:2943:12)

  ● Test Run when signed in as tester › clamps the test index to the bounds of the test list

    TimeoutError: Waiting for selector `button#disclosure-btn-modal-dialog-0` failed: Waiting failed: 30000ms exceeded

      at new WaitTask (../node_modules/puppeteer-core/src/common/WaitTask.ts:82:28)
      at IsolatedWorld.waitForFunction (../node_modules/puppeteer-core/src/api/Realm.ts:74:22)
      at CSSQueryHandler.waitFor (../node_modules/puppeteer-core/src/common/QueryHandler.ts:172:50)
      at CdpFrame.waitForSelector (../node_modules/puppeteer-core/src/api/Frame.ts:729:13)
      at CdpPage.waitForSelector (../node_modules/puppeteer-core/src/api/Page.ts:2943:12)

  ● Test Run when signed in as tester › inputs results and navigates between tests to confirm saving

    TimeoutError: Waiting for selector `button#disclosure-btn-modal-dialog-0` failed: Waiting failed: 30000ms exceeded

      at new WaitTask (../node_modules/puppeteer-core/src/common/WaitTask.ts:82:28)
      at IsolatedWorld.waitForFunction (../node_modules/puppeteer-core/src/api/Realm.ts:74:22)
      at CSSQueryHandler.waitFor (../node_modules/puppeteer-core/src/common/QueryHandler.ts:172:50)
      at CdpFrame.waitForSelector (../node_modules/puppeteer-core/src/api/Frame.ts:729:13)
      at CdpPage.waitForSelector (../node_modules/puppeteer-core/src/api/Page.ts:2943:12)

  ● Test Run when signed in as tester › persists the presence of unexpected behaviors

    TimeoutError: Waiting for selector `button#disclosure-btn-alert-0` failed: Waiting failed: 30000ms exceeded

      at new WaitTask (../node_modules/puppeteer-core/src/common/WaitTask.ts:82:28)
      at IsolatedWorld.waitForFunction (../node_modules/puppeteer-core/src/api/Realm.ts:74:22)
      at CSSQueryHandler.waitFor (../node_modules/puppeteer-core/src/common/QueryHandler.ts:172:50)
      at CdpFrame.waitForSelector (../node_modules/puppeteer-core/src/api/Frame.ts:729:13)
      at CdpPage.waitForSelector (../node_modules/puppeteer-core/src/api/Page.ts:2943:12)

  ● Test Run when signed in as tester › marks assertions as untestable

    TimeoutError: Waiting for selector `button#disclosure-btn-alert-0` failed: Waiting failed: 30000ms exceeded

      at new WaitTask (../node_modules/puppeteer-core/src/common/WaitTask.ts:82:28)
      at IsolatedWorld.waitForFunction (../node_modules/puppeteer-core/src/api/Realm.ts:74:22)
      at CSSQueryHandler.waitFor (../node_modules/puppeteer-core/src/common/QueryHandler.ts:172:50)
      at CdpFrame.waitForSelector (../node_modules/puppeteer-core/src/api/Frame.ts:729:13)
      at CdpPage.waitForSelector (../node_modules/puppeteer-core/src/api/Page.ts:2943:12)

  ● Test Run when signed in as tester › inputs results and successfully submits

    TimeoutError: Waiting for selector `button#disclosure-btn-modal-dialog-0` failed: Waiting failed: 30000ms exceeded

      at new WaitTask (../node_modules/puppeteer-core/src/common/WaitTask.ts:82:28)
      at IsolatedWorld.waitForFunction (../node_modules/puppeteer-core/src/api/Realm.ts:74:22)
      at CSSQueryHandler.waitFor (../node_modules/puppeteer-core/src/common/QueryHandler.ts:172:50)
      at CdpFrame.waitForSelector (../node_modules/puppeteer-core/src/api/Frame.ts:729:13)
      at CdpPage.waitForSelector (../node_modules/puppeteer-core/src/api/Page.ts:2943:12)

  ● Test Run when signed in as tester › opens popup with content after clicking "Open Test Page" button

    TimeoutError: Waiting for selector `button#disclosure-btn-modal-dialog-0` failed: Waiting failed: 30000ms exceeded

      at new WaitTask (../node_modules/puppeteer-core/src/common/WaitTask.ts:82:28)
      at IsolatedWorld.waitForFunction (../node_modules/puppeteer-core/src/api/Realm.ts:74:22)
      at CSSQueryHandler.waitFor (../node_modules/puppeteer-core/src/common/QueryHandler.ts:172:50)
      at CdpFrame.waitForSelector (../node_modules/puppeteer-core/src/api/Frame.ts:729:13)
      at CdpPage.waitForSelector (../node_modules/puppeteer-core/src/api/Page.ts:2943:12)

FAIL tests/e2e/TestQueue.e2e.test.js (325.191 s)
  ● Test Queue admin traits when reports exist › renders page h1

    thrown: "<!DOCTYPE html>
    <html lang=\"en\">
    <head>
    <meta charset=\"utf-8\">
    <title>Error</title>
    </head>
    <body>
    <pre>Error<br> &nbsp; &nbsp;at Query.run (/Users/drboostfire/Documents/GitHub/aria-at-app/node_modules/sequelize/lib/dialects/postgres/query.js:50:25)<br> &nbsp; &nbsp;at /Users/drboostfire/Documents/GitHub/aria-at-app/node_modules/sequelize/lib/sequelize.js:315:28<br> &nbsp; &nbsp;at process.processTicksAndRejections (node:internal/process/task_queues:105:5)<br> &nbsp; &nbsp;at async PostgresQueryInterface.select (/Users/drboostfire/Documents/GitHub/aria-at-app/node_modules/sequelize/lib/dialects/abstract/query-interface.js:407:12)<br> &nbsp; &nbsp;at async User.findAll (/Users/drboostfire/Documents/GitHub/aria-at-app/node_modules/sequelize/lib/model.js:1140:21)<br> &nbsp; &nbsp;at async Object.nestedGetOrCreate (/Users/drboostfire/Documents/GitHub/aria-at-app/server/models/services/ModelService.js:389:19)<br> &nbsp; &nbsp;at async getOrCreateUser (/Users/drboostfire/Documents/GitHub/aria-at-app/server/models/services/UserService.js:452:30)<br> &nbsp; &nbsp;at async setFakeUserController (/Users/drboostfire/Documents/GitHub/aria-at-app/server/controllers/FakeUserController.js:30:16)</pre>
    </body>
    </html>
    "

      30 |   };
      31 |
    > 32 |   it('renders page h1', async () => {
         |   ^
      33 |     await getPage({ role: 'admin', url: '/test-queue' }, async page => {
      34 |       const h1Element = await text(page, 'h1');
      35 |       expect(h1Element).toBe('Test Queue');

      at it (tests/e2e/TestQueue.e2e.test.js:32:3)
      at Object.describe (tests/e2e/TestQueue.e2e.test.js:13:1)

  ● Test Queue admin traits when reports exist › renders page with instructions

    TimeoutError: Waiting for selector `[data-testid="test-queue-instructions"]` failed: Waiting failed: 30000ms exceeded

      at new WaitTask (../node_modules/puppeteer-core/src/common/WaitTask.ts:82:28)
      at IsolatedWorld.waitForFunction (../node_modules/puppeteer-core/src/api/Realm.ts:74:22)
      at CSSQueryHandler.waitFor (../node_modules/puppeteer-core/src/common/QueryHandler.ts:172:50)
      at CdpFrame.waitForSelector (../node_modules/puppeteer-core/src/api/Frame.ts:729:13)
      at CdpPage.waitForSelector (../node_modules/puppeteer-core/src/api/Page.ts:2943:12)

  ● Test Queue admin traits when reports exist › renders page with known pattern sections

    TimeoutError: Waiting for selector `[[["h2 ",{"name":"text","value":"Alert Example"}]]]` failed: Waiting failed: 30000ms exceeded

      at new WaitTask (../node_modules/puppeteer-core/src/common/WaitTask.ts:82:28)
      at IsolatedWorld.waitForFunction (../node_modules/puppeteer-core/src/api/Realm.ts:74:22)
      at PQueryHandler.waitFor (../node_modules/puppeteer-core/src/common/QueryHandler.ts:172:50)
      at CdpFrame.waitForSelector (../node_modules/puppeteer-core/src/api/Frame.ts:729:13)
      at CdpPage.waitForSelector (../node_modules/puppeteer-core/src/api/Page.ts:2943:12)

  ● Test Queue admin traits when reports exist › renders page and open pattern section's table

    TimeoutError: Waiting for selector `button#disclosure-btn-modal-dialog-0` failed: Waiting failed: 30000ms exceeded

      at new WaitTask (../node_modules/puppeteer-core/src/common/WaitTask.ts:82:28)
      at IsolatedWorld.waitForFunction (../node_modules/puppeteer-core/src/api/Realm.ts:74:22)
      at CSSQueryHandler.waitFor (../node_modules/puppeteer-core/src/common/QueryHandler.ts:172:50)
      at CdpFrame.waitForSelector (../node_modules/puppeteer-core/src/api/Frame.ts:729:13)
      at CdpPage.waitForSelector (../node_modules/puppeteer-core/src/api/Page.ts:2943:12)

  ● Test Queue admin traits when reports exist › renders page, opens pattern section's table and assigns bot and shows context related action

    TimeoutError: Waiting for selector `button#disclosure-btn-modal-dialog-0` failed: Waiting failed: 30000ms exceeded

      at new WaitTask (../node_modules/puppeteer-core/src/common/WaitTask.ts:82:28)
      at IsolatedWorld.waitForFunction (../node_modules/puppeteer-core/src/api/Realm.ts:74:22)
      at CSSQueryHandler.waitFor (../node_modules/puppeteer-core/src/common/QueryHandler.ts:172:50)
      at CdpFrame.waitForSelector (../node_modules/puppeteer-core/src/api/Frame.ts:729:13)
      at CdpPage.waitForSelector (../node_modules/puppeteer-core/src/api/Page.ts:2943:12)

  ● Test Queue admin traits when reports exist › renders page, opens pattern section's table and creates report using test plan report status dialog

    TimeoutError: Waiting for selector `button#disclosure-btn-modal-dialog-0` failed: Waiting failed: 30000ms exceeded

      at new WaitTask (../node_modules/puppeteer-core/src/common/WaitTask.ts:82:28)
      at IsolatedWorld.waitForFunction (../node_modules/puppeteer-core/src/api/Realm.ts:74:22)
      at CSSQueryHandler.waitFor (../node_modules/puppeteer-core/src/common/QueryHandler.ts:172:50)
      at CdpFrame.waitForSelector (../node_modules/puppeteer-core/src/api/Frame.ts:729:13)
      at CdpPage.waitForSelector (../node_modules/puppeteer-core/src/api/Page.ts:2943:12)

  ● Test Queue admin traits when reports exist › renders page, opens pattern section's table and creates report using test plan report status dialog after updating minimum AT version

    TimeoutError: Waiting for selector `button#disclosure-btn-modal-dialog-0` failed: Waiting failed: 30000ms exceeded

      at new WaitTask (../node_modules/puppeteer-core/src/common/WaitTask.ts:82:28)
      at IsolatedWorld.waitForFunction (../node_modules/puppeteer-core/src/api/Realm.ts:74:22)
      at CSSQueryHandler.waitFor (../node_modules/puppeteer-core/src/common/QueryHandler.ts:172:50)
      at CdpFrame.waitForSelector (../node_modules/puppeteer-core/src/api/Frame.ts:729:13)
      at CdpPage.waitForSelector (../node_modules/puppeteer-core/src/api/Page.ts:2943:12)

  ● Test Queue tester traits when reports exist › renders page h1

    thrown: "<!DOCTYPE html>
    <html lang=\"en\">
    <head>
    <meta charset=\"utf-8\">
    <title>Error</title>
    </head>
    <body>
    <pre>Error<br> &nbsp; &nbsp;at Query.run (/Users/drboostfire/Documents/GitHub/aria-at-app/node_modules/sequelize/lib/dialects/postgres/query.js:50:25)<br> &nbsp; &nbsp;at /Users/drboostfire/Documents/GitHub/aria-at-app/node_modules/sequelize/lib/sequelize.js:315:28<br> &nbsp; &nbsp;at process.processTicksAndRejections (node:internal/process/task_queues:105:5)<br> &nbsp; &nbsp;at async PostgresQueryInterface.select (/Users/drboostfire/Documents/GitHub/aria-at-app/node_modules/sequelize/lib/dialects/abstract/query-interface.js:407:12)<br> &nbsp; &nbsp;at async User.findAll (/Users/drboostfire/Documents/GitHub/aria-at-app/node_modules/sequelize/lib/model.js:1140:21)<br> &nbsp; &nbsp;at async Object.nestedGetOrCreate (/Users/drboostfire/Documents/GitHub/aria-at-app/server/models/services/ModelService.js:389:19)<br> &nbsp; &nbsp;at async getOrCreateUser (/Users/drboostfire/Documents/GitHub/aria-at-app/server/models/services/UserService.js:452:30)<br> &nbsp; &nbsp;at async setFakeUserController (/Users/drboostfire/Documents/GitHub/aria-at-app/server/controllers/FakeUserController.js:30:16)</pre>
    </body>
    </html>
    "

      388 |
      389 | describe('Test Queue tester traits when reports exist', () => {
    > 390 |   it('renders page h1', async () => {
          |   ^
      391 |     await getPage({ role: 'tester', url: '/test-queue' }, async page => {
      392 |       const h1Element = await text(page, 'h1');
      393 |       expect(h1Element).toBe('Test Queue');

      at it (tests/e2e/TestQueue.e2e.test.js:390:3)
      at Object.describe (tests/e2e/TestQueue.e2e.test.js:389:1)

  ● Test Queue tester traits when reports exist › renders page with instructions

    TimeoutError: Waiting for selector `[data-testid="test-queue-instructions"]` failed: Waiting failed: 30000ms exceeded

      at new WaitTask (../node_modules/puppeteer-core/src/common/WaitTask.ts:82:28)
      at IsolatedWorld.waitForFunction (../node_modules/puppeteer-core/src/api/Realm.ts:74:22)
      at CSSQueryHandler.waitFor (../node_modules/puppeteer-core/src/common/QueryHandler.ts:172:50)
      at CdpFrame.waitForSelector (../node_modules/puppeteer-core/src/api/Frame.ts:729:13)
      at CdpPage.waitForSelector (../node_modules/puppeteer-core/src/api/Page.ts:2943:12)

  ● Test Queue tester traits when reports exist › renders page with known pattern sections

    TimeoutError: Waiting for selector `[[["h2 ",{"name":"text","value":"Alert Example"}]]]` failed: Waiting failed: 30000ms exceeded

      at new WaitTask (../node_modules/puppeteer-core/src/common/WaitTask.ts:82:28)
      at IsolatedWorld.waitForFunction (../node_modules/puppeteer-core/src/api/Realm.ts:74:22)
      at PQueryHandler.waitFor (../node_modules/puppeteer-core/src/common/QueryHandler.ts:172:50)
      at CdpFrame.waitForSelector (../node_modules/puppeteer-core/src/api/Frame.ts:729:13)
      at CdpPage.waitForSelector (../node_modules/puppeteer-core/src/api/Page.ts:2943:12)

  ● Test Queue tester traits when reports exist › renders page and open pattern section's table

    TimeoutError: Waiting for selector `button#disclosure-btn-modal-dialog-0` failed: Waiting failed: 30000ms exceeded

      at new WaitTask (../node_modules/puppeteer-core/src/common/WaitTask.ts:82:28)
      at IsolatedWorld.waitForFunction (../node_modules/puppeteer-core/src/api/Realm.ts:74:22)
      at CSSQueryHandler.waitFor (../node_modules/puppeteer-core/src/common/QueryHandler.ts:172:50)
      at CdpFrame.waitForSelector (../node_modules/puppeteer-core/src/api/Frame.ts:729:13)
      at CdpPage.waitForSelector (../node_modules/puppeteer-core/src/api/Page.ts:2943:12)

  ● Test Queue tester traits when reports exist › renders page, opens pattern section's table and assigns yourself and shows proper state of context related action

    TimeoutError: Waiting for selector `button#disclosure-btn-modal-dialog-0` failed: Waiting failed: 30000ms exceeded

      at new WaitTask (../node_modules/puppeteer-core/src/common/WaitTask.ts:82:28)
      at IsolatedWorld.waitForFunction (../node_modules/puppeteer-core/src/api/Realm.ts:74:22)
      at CSSQueryHandler.waitFor (../node_modules/puppeteer-core/src/common/QueryHandler.ts:172:50)
      at CdpFrame.waitForSelector (../node_modules/puppeteer-core/src/api/Frame.ts:729:13)
      at CdpPage.waitForSelector (../node_modules/puppeteer-core/src/api/Page.ts:2943:12)

Summary of all failing tests
FAIL tests/e2e/ReportRerun.e2e.test.js (10.566 s)
  ● Report Rerun tab › shows different content based on user role

    thrown: "<!DOCTYPE html>
    <html lang=\"en\">
    <head>
    <meta charset=\"utf-8\">
    <title>Error</title>
    </head>
    <body>
    <pre>Error<br> &nbsp; &nbsp;at Query.run (/Users/drboostfire/Documents/GitHub/aria-at-app/node_modules/sequelize/lib/dialects/postgres/query.js:50:25)<br> &nbsp; &nbsp;at /Users/drboostfire/Documents/GitHub/aria-at-app/node_modules/sequelize/lib/sequelize.js:315:28<br> &nbsp; &nbsp;at process.processTicksAndRejections (node:internal/process/task_queues:105:5)<br> &nbsp; &nbsp;at async PostgresQueryInterface.select (/Users/drboostfire/Documents/GitHub/aria-at-app/node_modules/sequelize/lib/dialects/abstract/query-interface.js:407:12)<br> &nbsp; &nbsp;at async User.findAll (/Users/drboostfire/Documents/GitHub/aria-at-app/node_modules/sequelize/lib/model.js:1140:21)<br> &nbsp; &nbsp;at async Object.nestedGetOrCreate (/Users/drboostfire/Documents/GitHub/aria-at-app/server/models/services/ModelService.js:389:19)<br> &nbsp; &nbsp;at async getOrCreateUser (/Users/drboostfire/Documents/GitHub/aria-at-app/server/models/services/UserService.js:452:30)<br> &nbsp; &nbsp;at async setFakeUserController (/Users/drboostfire/Documents/GitHub/aria-at-app/server/controllers/FakeUserController.js:30:16)</pre>
    </body>
    </html>
    "

      12 |   };
      13 |
    > 14 |   it('shows different content based on user role', async () => {
         |   ^
      15 |     await getPage({ role: 'tester', url: '/test-queue' }, async page => {
      16 |       await switchToReportRerunTab(page);
      17 |

      at it (tests/e2e/ReportRerun.e2e.test.js:14:3)
      at Object.describe (tests/e2e/ReportRerun.e2e.test.js:3:1)

  ● Report Rerun tab › displays update events table

    thrown: "<!DOCTYPE html>
    <html lang=\"en\">
    <head>
    <meta charset=\"utf-8\">
    <title>Error</title>
    </head>
    <body>
    <pre>Error<br> &nbsp; &nbsp;at Query.run (/Users/drboostfire/Documents/GitHub/aria-at-app/node_modules/sequelize/lib/dialects/postgres/query.js:50:25)<br> &nbsp; &nbsp;at /Users/drboostfire/Documents/GitHub/aria-at-app/node_modules/sequelize/lib/sequelize.js:315:28<br> &nbsp; &nbsp;at process.processTicksAndRejections (node:internal/process/task_queues:105:5)<br> &nbsp; &nbsp;at async PostgresQueryInterface.select (/Users/drboostfire/Documents/GitHub/aria-at-app/node_modules/sequelize/lib/dialects/abstract/query-interface.js:407:12)<br> &nbsp; &nbsp;at async User.findAll (/Users/drboostfire/Documents/GitHub/aria-at-app/node_modules/sequelize/lib/model.js:1140:21)<br> &nbsp; &nbsp;at async Object.nestedGetOrCreate (/Users/drboostfire/Documents/GitHub/aria-at-app/server/models/services/ModelService.js:389:19)<br> &nbsp; &nbsp;at async getOrCreateUser (/Users/drboostfire/Documents/GitHub/aria-at-app/server/models/services/UserService.js:452:30)<br> &nbsp; &nbsp;at async setFakeUserController (/Users/drboostfire/Documents/GitHub/aria-at-app/server/controllers/FakeUserController.js:30:16)</pre>
    </body>
    </html>
    "

      44 |   });
      45 |
    > 46 |   it('displays update events table', async () => {
         |   ^
      47 |     await getPage({ role: 'admin', url: '/test-queue' }, async page => {
      48 |       await switchToReportRerunTab(page);
      49 |

      at it (tests/e2e/ReportRerun.e2e.test.js:46:3)
      at Object.describe (tests/e2e/ReportRerun.e2e.test.js:3:1)

FAIL tests/e2e/smokeTest.e2e.test.js (11.731 s)
  ● smoke test › end-to-end tests can simultaneously sign in with all roles

    thrown: "<!DOCTYPE html>
    <html lang=\"en\">
    <head>
    <meta charset=\"utf-8\">
    <title>Error</title>
    </head>
    <body>
    <pre>Error<br> &nbsp; &nbsp;at Query.run (/Users/drboostfire/Documents/GitHub/aria-at-app/node_modules/sequelize/lib/dialects/postgres/query.js:50:25)<br> &nbsp; &nbsp;at /Users/drboostfire/Documents/GitHub/aria-at-app/node_modules/sequelize/lib/sequelize.js:315:28<br> &nbsp; &nbsp;at process.processTicksAndRejections (node:internal/process/task_queues:105:5)<br> &nbsp; &nbsp;at async PostgresQueryInterface.select (/Users/drboostfire/Documents/GitHub/aria-at-app/node_modules/sequelize/lib/dialects/abstract/query-interface.js:407:12)<br> &nbsp; &nbsp;at async User.findAll (/Users/drboostfire/Documents/GitHub/aria-at-app/node_modules/sequelize/lib/model.js:1140:21)<br> &nbsp; &nbsp;at async Object.nestedGetOrCreate (/Users/drboostfire/Documents/GitHub/aria-at-app/server/models/services/ModelService.js:389:19)<br> &nbsp; &nbsp;at async getOrCreateUser (/Users/drboostfire/Documents/GitHub/aria-at-app/server/models/services/UserService.js:452:30)<br> &nbsp; &nbsp;at async setFakeUserController (/Users/drboostfire/Documents/GitHub/aria-at-app/server/controllers/FakeUserController.js:30:16)</pre>
    </body>
    </html>
    "

      3 |
      4 | describe('smoke test', () => {
    > 5 |   it('end-to-end tests can simultaneously sign in with all roles', async () => {
        |   ^
      6 |     await Promise.all([
      7 |       getPage({ role: 'admin', url: '/test-queue' }, async page => {
      8 |         // Wait for page load

      at it (tests/e2e/smokeTest.e2e.test.js:5:3)
      at Object.describe (tests/e2e/smokeTest.e2e.test.js:4:1)

FAIL tests/e2e/AtVersions.e2e.test.js
  ● AT Version UI › should add, edit, then remove an AtVersion

    thrown: "<!DOCTYPE html>
    <html lang=\"en\">
    <head>
    <meta charset=\"utf-8\">
    <title>Error</title>
    </head>
    <body>
    <pre>Error<br> &nbsp; &nbsp;at Query.run (/Users/drboostfire/Documents/GitHub/aria-at-app/node_modules/sequelize/lib/dialects/postgres/query.js:50:25)<br> &nbsp; &nbsp;at /Users/drboostfire/Documents/GitHub/aria-at-app/node_modules/sequelize/lib/sequelize.js:315:28<br> &nbsp; &nbsp;at process.processTicksAndRejections (node:internal/process/task_queues:105:5)<br> &nbsp; &nbsp;at async PostgresQueryInterface.select (/Users/drboostfire/Documents/GitHub/aria-at-app/node_modules/sequelize/lib/dialects/abstract/query-interface.js:407:12)<br> &nbsp; &nbsp;at async User.findAll (/Users/drboostfire/Documents/GitHub/aria-at-app/node_modules/sequelize/lib/model.js:1140:21)<br> &nbsp; &nbsp;at async Object.nestedGetOrCreate (/Users/drboostfire/Documents/GitHub/aria-at-app/server/models/services/ModelService.js:389:19)<br> &nbsp; &nbsp;at async getOrCreateUser (/Users/drboostfire/Documents/GitHub/aria-at-app/server/models/services/UserService.js:452:30)<br> &nbsp; &nbsp;at async setFakeUserController (/Users/drboostfire/Documents/GitHub/aria-at-app/server/controllers/FakeUserController.js:30:16)</pre>
    </body>
    </html>
    "

      2 |
      3 | describe('AT Version UI', () => {
    > 4 |   test('should add, edit, then remove an AtVersion', async () => {
        |   ^
      5 |     /* prettier-ignore */
      6 |     await getPage({ role: 'admin', url: '/test-queue' }, async page => {
      7 |       const openTrayIfClosed = async () => {

      at test (tests/e2e/AtVersions.e2e.test.js:4:3)
      at Object.describe (tests/e2e/AtVersions.e2e.test.js:3:1)

FAIL tests/e2e/snapshots/snapshotTest.e2e.test.js (33.998 s)
  ● Snapshot Comparison › should match snapshot for /

    thrown: "<!DOCTYPE html>
    <html lang=\"en\">
    <head>
    <meta charset=\"utf-8\">
    <title>Error</title>
    </head>
    <body>
    <pre>Error<br> &nbsp; &nbsp;at Query.run (/Users/drboostfire/Documents/GitHub/aria-at-app/node_modules/sequelize/lib/dialects/postgres/query.js:50:25)<br> &nbsp; &nbsp;at /Users/drboostfire/Documents/GitHub/aria-at-app/node_modules/sequelize/lib/sequelize.js:315:28<br> &nbsp; &nbsp;at process.processTicksAndRejections (node:internal/process/task_queues:105:5)<br> &nbsp; &nbsp;at async PostgresQueryInterface.select (/Users/drboostfire/Documents/GitHub/aria-at-app/node_modules/sequelize/lib/dialects/abstract/query-interface.js:407:12)<br> &nbsp; &nbsp;at async User.findAll (/Users/drboostfire/Documents/GitHub/aria-at-app/node_modules/sequelize/lib/model.js:1140:21)<br> &nbsp; &nbsp;at async Object.nestedGetOrCreate (/Users/drboostfire/Documents/GitHub/aria-at-app/server/models/services/ModelService.js:389:19)<br> &nbsp; &nbsp;at async getOrCreateUser (/Users/drboostfire/Documents/GitHub/aria-at-app/server/models/services/UserService.js:452:30)<br> &nbsp; &nbsp;at async setFakeUserController (/Users/drboostfire/Documents/GitHub/aria-at-app/server/controllers/FakeUserController.js:30:16)</pre>
    </body>
    </html>
    "

      12 | describe('Snapshot Comparison', () => {
      13 |   snapshotRoutes.forEach(route => {
    > 14 |     test(`should match snapshot for ${route}`, async () => {
         |     ^
      15 |       await getPage({ role: 'admin', url: route }, async page => {
      16 |         await page.waitForSelector('main');
      17 |

      at test (tests/e2e/snapshots/snapshotTest.e2e.test.js:14:5)
          at Array.forEach (<anonymous>)
      at forEach (tests/e2e/snapshots/snapshotTest.e2e.test.js:13:18)
      at Object.describe (tests/e2e/snapshots/snapshotTest.e2e.test.js:12:1)

  ● Snapshot Comparison › should match snapshot for /signup-instructions

    expect(received).toBe(expected) // Object.is equality

    - Expected  - 33
    + Received  +  2

    @@ -41,43 +41,12 @@
                      <a aria-current="false" class="nav-link" href="/test-queue"
                        >Test Queue</a
                      >
                    </li>
                    <li>
    -                 <a
    -                   aria-current="false"
    -                   class="nav-link"
    -                   href="/candidate-review"
    -                   >Candidate Review</a
    -                 >
    -               </li>
    -               <li>
    -                 <a
    -                   aria-current="false"
    -                   class="nav-link"
    -                   href="/account/settings"
    -                   >Settings</a
    -                 >
    -               </li>
    -               <li class="signed-in-wrapper">
    -                 <div class="signed-in" id="signed-in">
    -                   <svg
    -                     aria-hidden="true"
    -                     focusable="false"
    -                     data-prefix="fas"
    -                     data-icon="circle-user"
    -                     class="svg-inline--fa fa-circle-user"
    -                     role="img"
    -                     xmlns="http://www.w3.org/2000/svg"
    -                     viewBox="0 0 512 512">
    -                     <path
    -                       fill="currentColor"
    -                       d="M399 384.2C376.9 345.8 335.4 320 288 320H224c-47.4 0-88.9 25.8-111 64.2c35.2 39.2 86.2 63.8 143 63.8s107.8-24.7 143-63.8zM0 256a256 256 0 1 1 512 0A256 256 0 1 1 0 256zm256 16a72 72 0 1 0 0-144 72 72 0 1 0 0 144z"></path></svg
    -                   >Signed in as <b>joe-the-admin</b>
    -                 </div>
    -                 <a aria-describedby="signed-in" class="nav-link" href="/"
    -                   >Sign out</a
    +                 <a class="nav-link" href="/signup-instructions"
    +                   >Sign in with GitHub</a
                      >
                    </li>
                  </div>
                </div>
              </nav>

      22 |
      23 |         const existingSnapshot = await fs.readFile(snapshotPath, 'utf-8');
    > 24 |         expect(currentSnapshot.trim()).toBe(existingSnapshot.trim());
         |                                        ^
      25 |       });
      26 |     });
      27 |   });

      at toBe (tests/e2e/snapshots/snapshotTest.e2e.test.js:24:40)
      at call (tests/e2e/snapshots/snapshotTest.e2e.test.js:2:1)
      at Generator.tryCatch (tests/e2e/snapshots/snapshotTest.e2e.test.js:2:1)
      at Generator._invoke [as next] (tests/e2e/snapshots/snapshotTest.e2e.test.js:2:1)
      at asyncGeneratorStep (tests/e2e/snapshots/snapshotTest.e2e.test.js:2:1)
      at asyncGeneratorStep (tests/e2e/snapshots/snapshotTest.e2e.test.js:2:1)

  ● Snapshot Comparison › should match snapshot for /account/settings

    expect(received).toBe(expected) // Object.is equality

    - Expected  - 57
    + Received  + 13

    @@ -4,11 +4,11 @@
          <meta charset="UTF-8" />
          <meta name="google" content="notranslate" />
          <meta name="viewport" content="width=device-width, initial-scale=1" />

          <link rel="shortcut icon" href="data:image/x-icon;," type="image/x-icon" />
    -     <title>Settings | ARIA-AT</title>
    +     <title>Invalid Request | ARIA-AT</title>
        </head>
        <body>
          <div id="root">
            <div class="container-fluid">
              <nav
    @@ -41,66 +41,22 @@
                      <a aria-current="false" class="nav-link" href="/test-queue"
                        >Test Queue</a
                      >
                    </li>
                    <li>
    -                 <a
    -                   aria-current="false"
    -                   class="nav-link"
    -                   href="/candidate-review"
    -                   >Candidate Review</a
    -                 >
    -               </li>
    -               <li>
    -                 <a aria-current="true" class="nav-link" href="/account/settings"
    -                   >Settings</a
    -                 >
    -               </li>
    -               <li class="signed-in-wrapper">
    -                 <div class="signed-in" id="signed-in">
    -                   <svg
    -                     aria-hidden="true"
    -                     focusable="false"
    -                     data-prefix="fas"
    -                     data-icon="circle-user"
    -                     class="svg-inline--fa fa-circle-user"
    -                     role="img"
    -                     xmlns="http://www.w3.org/2000/svg"
    -                     viewBox="0 0 512 512">
    -                     <path
    -                       fill="currentColor"
    -                       d="M399 384.2C376.9 345.8 335.4 320 288 320H224c-47.4 0-88.9 25.8-111 64.2c35.2 39.2 86.2 63.8 143 63.8s107.8-24.7 143-63.8zM0 256a256 256 0 1 1 512 0A256 256 0 1 1 0 256zm256 16a72 72 0 1 0 0-144 72 72 0 1 0 0 144z"></path></svg
    -                   >Signed in as <b>joe-the-admin</b>
    -                 </div>
    -                 <a aria-describedby="signed-in" class="nav-link" href="/"
    -                   >Sign out</a
    -                 >
    -               </li>
    -             </div>
    -           </div>
    -         </nav>
    -       </div>
    -       <div class="container-fluid">
    -         <main id="main" tabindex="-1" class="container">
    -           <h1>Settings</h1>
    -           <section>
    -             <h2>User Details</h2>
    -             <p>
    -               <a
    -                 href="https://github.com/joe-the-admin"
    -                 target="_blank"
    -                 rel="noopener noreferrer"
    -                 >joe-the-admin</a
    -               >
    -             </p>
    -           </section>
    -           <section>
    -             <h2>Admin Actions</h2>
    -             <button type="button" class="btn btn-primary">
    -               Import Latest Test Plan Versions
    -             </button>
    -             <p>Date of latest test plan version: June 23, 2025 03:09 UTC</p>
    +                 <a class="nav-link" href="/invalid-request"
    +                   >Sign in with GitHub</a
    +                 >
    +               </li>
    +             </div>
    +           </div>
    +         </nav>
    +       </div>
    +       <div class="container-fluid">
    +         <main id="main" tabindex="-1" class="container">
    +           <section class="invalid-request">
    +             <div><h1>Whoops! Unable to complete request</h1></div>
                </section>
              </main>
            </div>
            <span
              class="visually-hidden-aria-live-region"

      22 |
      23 |         const existingSnapshot = await fs.readFile(snapshotPath, 'utf-8');
    > 24 |         expect(currentSnapshot.trim()).toBe(existingSnapshot.trim());
         |                                        ^
      25 |       });
      26 |     });
      27 |   });

      at toBe (tests/e2e/snapshots/snapshotTest.e2e.test.js:24:40)
      at call (tests/e2e/snapshots/snapshotTest.e2e.test.js:2:1)
      at Generator.tryCatch (tests/e2e/snapshots/snapshotTest.e2e.test.js:2:1)
      at Generator._invoke [as next] (tests/e2e/snapshots/snapshotTest.e2e.test.js:2:1)
      at asyncGeneratorStep (tests/e2e/snapshots/snapshotTest.e2e.test.js:2:1)
      at asyncGeneratorStep (tests/e2e/snapshots/snapshotTest.e2e.test.js:2:1)

  ● Snapshot Comparison › should match snapshot for /test-queue

    expect(received).toBe(expected) // Object.is equality

    - Expected  - 2269
    + Received  +    7

    @@ -41,2286 +41,24 @@
                      <a aria-current="true" class="nav-link" href="/test-queue"
                        >Test Queue</a
                      >
                    </li>
                    <li>
    -                 <a
    -                   aria-current="false"
    -                   class="nav-link"
    -                   href="/candidate-review"
    -                   >Candidate Review</a
    -                 >
    -               </li>
    -               <li>
    -                 <a
    -                   aria-current="false"
    -                   class="nav-link"
    -                   href="/account/settings"
    -                   >Settings</a
    -                 >
    -               </li>
    -               <li class="signed-in-wrapper">
    -                 <div class="signed-in" id="signed-in">
    -                   <svg
    -                     aria-hidden="true"
    -                     focusable="false"
    -                     data-prefix="fas"
    -                     data-icon="circle-user"
    -                     class="svg-inline--fa fa-circle-user"
    -                     role="img"
    -                     xmlns="http://www.w3.org/2000/svg"
    -                     viewBox="0 0 512 512">
    -                     <path
    -                       fill="currentColor"
    -                       d="M399 384.2C376.9 345.8 335.4 320 288 320H224c-47.4 0-88.9 25.8-111 64.2c35.2 39.2 86.2 63.8 143 63.8s107.8-24.7 143-63.8zM0 256a256 256 0 1 1 512 0A256 256 0 1 1 0 256zm256 16a72 72 0 1 0 0-144 72 72 0 1 0 0 144z"></path></svg
    -                   >Signed in as <b>joe-the-admin</b>
    -                 </div>
    -                 <a aria-describedby="signed-in" class="nav-link" href="/"
    -                   >Sign out</a
    -                 >
    +                 <a class="nav-link" href="/test-queue">Sign in with GitHub</a>
                    </li>
                  </div>
                </div>
              </nav>
            </div>
            <div class="container-fluid">
              <main id="main" tabindex="-1" class="container">
    -           <h1 class="test-queue-heading">Test Queue</h1>
    -           <div class="tabs-container">
    -             <div class="tab-list" role="tablist">
    -               <button
    -                 role="tab"
    -                 id="tab-0"
    -                 aria-selected="true"
    -                 aria-controls="panel-0"
    -                 class="tab-button selected-tab"
    -                 tabindex="0">
    -                 <span>Manual Test Queue</span></button
    -               ><button
    -                 role="tab"
    -                 id="tab-1"
    -                 aria-selected="false"
    -                 aria-controls="panel-1"
    -                 class="tab-button"
    -                 tabindex="-1">
    -                 <span>Automated Report Updates (5)</span>
    -               </button>
    -             </div>
    -             <div
    -               role="tabpanel"
    -               id="panel-0"
    -               aria-labelledby="tab-0"
    -               tabindex="0"
    -               class="tab-panel">
    -               <div>
    -                 <p data-testid="test-queue-instructions">
    -                   Manage the test plans, assign yourself a test plan or start
    -                   executing one that is already assigned to you.
    -                 </p>
    -                 <div class="disclosure-container stacked">
    -                   <h3 class="disclosure-heading">
    -                     <button
    -                       class="disclosure-button stacked"
    -                       id="disclosure-btn-manageTestQueue-Manage Assistive Technology Versions"
    -                       type="button"
    -                       aria-expanded="false"
    -                       aria-controls="disclosure-btn-controls-manageTestQueue-Manage Assistive Technology Versions">
    -                       Manage Assistive Technology Versions<svg
    -                         aria-hidden="true"
    -                         focusable="false"
    -                         data-prefix="fas"
    -                         data-icon="chevron-down"
    -                         class="svg-inline--fa fa-chevron-down disclosure-icon"
    -                         role="img"
    -                         xmlns="http://www.w3.org/2000/svg"
    -                         viewBox="0 0 512 512">
    -                         <path
    -                           fill="currentColor"
    -                           d="M233.4 406.6c12.5 12.5 32.8 12.5 45.3 0l192-192c12.5-12.5 12.5-32.8 0-45.3s-32.8-12.5-45.3 0L256 338.7 86.6 169.4c-12.5-12.5-32.8-12.5-45.3 0s-12.5 32.8 0 45.3l192 192z"></path>
    -                       </svg>
    -                     </button>
    -                   </h3>
    -                   <div
    -                     class="disclosure-content hidden stacked"
    -                     role="region"
    -                     id="disclosure-btn-controls-manageTestQueue-Manage Assistive Technology Versions"
    -                     aria-labelledby="disclosure-btn-manageTestQueue-Manage Assistive Technology Versions">
    -                     <div class="manage-disclosure-container">
    -                       <span
    -                         >Select an assistive technology and manage its versions
    -                         in the ARIA-AT App</span
    -                       >
    -                       <div class="disclosure-row-manage-ats">
    -                         <div class="ats-container form-group">
    -                           <label class="disclosure-form-label form-label"
    -                             >Assistive Technology</label
    -                           ><select class="form-select">
    -                             <option value="1">JAWS</option>
    -                             <option value="2">NVDA</option>
    -                             <option value="3">VoiceOver for macOS</option>
    -                           </select>
    -                         </div>
    -                         <div class="at-versions-container">
    -                           <div class="form-group">
    -                             <label class="disclosure-form-label form-label"
    -                               >Available Versions</label
    -                             ><select class="form-select">
    -                               <option value="1">2021.2111.13</option>
    -                             </select>
    -                           </div>
    -                           <div class="disclosure-buttons-row">
    -                             <button>Add a New Version</button
    -                             ><button>
    -                               <svg
    -                                 aria-hidden="true"
    -                                 focusable="false"
    -                                 data-prefix="fas"
    -                                 data-icon="pen-to-square"
    -                                 class="svg-inline--fa fa-pen-to-square"
    -                                 role="img"
    -                                 xmlns="http://www.w3.org/2000/svg"
    -                                 viewBox="0 0 512 512">
    -                                 <path
    -                                   fill="currentColor"
    -                                   d="M471.6 21.7c-21.9-21.9-57.3-21.9-79.2 0L362.3 51.7l97.9 97.9 30.1-30.1c21.9-21.9 21.9-57.3 0-79.2L471.6 21.7zm-299.2 220c-6.1 6.1-10.8 13.6-13.5 21.9l-29.6 88.8c-2.9 8.6-.6 18.1 5.8 24.6s15.9 8.7 24.6 5.8l88.8-29.6c8.2-2.7 15.7-7.4 21.9-13.5L437.7 172.3 339.7 74.3 172.4 241.7zM96 64C43 64 0 107 0 160V416c0 53 43 96 96 96H352c53 0 96-43 96-96V320c0-17.7-14.3-32-32-32s-32 14.3-32 32v96c0 17.7-14.3 32-32 32H96c-17.7 0-32-14.3-32-32V160c0-17.7 14.3-32 32-32h96c17.7 0 32-14.3 32-32s-14.3-32-32-32H96z"></path></svg
    -                               >Edit</button
    -                             ><button>
    -                               <svg
    -                                 aria-hidden="true"
    -                                 focusable="false"
    -                                 data-prefix="fas"
    -                                 data-icon="trash-can"
    -                                 class="svg-inline--fa fa-trash-can"
    -                                 role="img"
    -                                 xmlns="http://www.w3.org/2000/svg"
    -                                 viewBox="0 0 448 512">
    -                                 <path
    -                                   fill="currentColor"
    -                                   d="M135.2 17.7C140.6 6.8 151.7 0 163.8 0H284.2c12.1 0 23.2 6.8 28.6 17.7L320 32h96c17.7 0 32 14.3 32 32s-14.3 32-32 32H32C14.3 96 0 81.7 0 64S14.3 32 32 32h96l7.2-14.3zM32 128H416V448c0 35.3-28.7 64-64 64H96c-35.3 0-64-28.7-64-64V128zm96 64c-8.8 0-16 7.2-16 16V432c0 8.8 7.2 16 16 16s16-7.2 16-16V208c0-8.8-7.2-16-16-16zm96 0c-8.8 0-16 7.2-16 16V432c0 8.8 7.2 16 16 16s16-7.2 16-16V208c0-8.8-7.2-16-16-16zm96 0c-8.8 0-16 7.2-16 16V432c0 8.8 7.2 16 16 16s16-7.2 16-16V208c0-8.8-7.2-16-16-16z"></path></svg
    -                               >Remove
    -                             </button>
    -                           </div>
    -                         </div>
    -                       </div>
    -                     </div>
    -                   </div>
    -                   <h3 class="disclosure-heading">
    -                     <button
    -                       class="disclosure-button stacked"
    -                       id="disclosure-btn-manageTestQueue-Add Test Plans to the Test Queue"
    -                       type="button"
    -                       aria-expanded="false"
    -                       aria-controls="disclosure-btn-controls-manageTestQueue-Add Test Plans to the Test Queue">
    -                       Add Test Plans to the Test Queue<svg
    -                         aria-hidden="true"
    -                         focusable="false"
    -                         data-prefix="fas"
    -                         data-icon="chevron-down"
    -                         class="svg-inline--fa fa-chevron-down disclosure-icon"
    -                         role="img"
    -                         xmlns="http://www.w3.org/2000/svg"
    -                         viewBox="0 0 512 512">
    -                         <path
    -                           fill="currentColor"
    -                           d="M233.4 406.6c12.5 12.5 32.8 12.5 45.3 0l192-192c12.5-12.5 12.5-32.8 0-45.3s-32.8-12.5-45.3 0L256 338.7 86.6 169.4c-12.5-12.5-32.8-12.5-45.3 0s-12.5 32.8 0 45.3l192 192z"></path>
    -                       </svg>
    -                     </button>
    -                   </h3>
    -                   <div
    -                     class="disclosure-content hidden stacked"
    -                     role="region"
    -                     id="disclosure-btn-controls-manageTestQueue-Add Test Plans to the Test Queue"
    -                     aria-labelledby="disclosure-btn-manageTestQueue-Add Test Plans to the Test Queue">
    -                     <div class="manage-disclosure-container">
    -                       <span
    -                         >Select a test plan, assistive technology and browser to
    -                         add a new test plan report to the test queue.</span
    -                       >
    -                       <div class="disclosure-row-test-plans">
    -                         <div class="form-group">
    -                           <label class="disclosure-form-label form-label"
    -                             >Test Plan</label
    -                           ><select class="form-select">
    -                             <option value="89">
    -                               Action Menu Button Example Using
    -                               aria-activedescendant
    -                             </option>
    -                             <option value="1">Alert Example</option>
    -                             <option value="67">
    -                               Checkbox Example (Mixed-State)
    -                             </option>
    -                             <option value="85">Color Viewer Slider</option>
    -                             <option value="68">Command Button Example</option>
    -                             <option value="91">Modal Dialog Example</option>
    -                             <option value="7">
    -                               Select Only Combobox Example
    -                             </option>
    -                             <option value="31">Toggle Button</option>
    -                           </select>
    -                         </div>
    -                         <div class="form-group">
    -                           <label class="disclosure-form-label form-label"
    -                             >Test Plan Version</label
    -                           ><select aria-disabled="false" class="form-select">
    -                             <option value="89">
    -                               Feb 13, 2025 Menu button test plans: Change
    -                               priority of assertion stateCollapsed from 1 to 2
    -                               (pull #1196) (bac64bf)
    -                             </option>
    -                           </select>
    -                         </div>
    -                         <div></div>
    -                         <div class="form-group">
    -                           <label class="disclosure-form-label form-label"
    -                             >Assistive Technology</label
    -                           ><select class="form-select">
    -                             <option value="" disabled="">
    -                               Select an Assistive Technology
    -                             </option>
    -                             <option value="1">JAWS</option>
    -                             <option value="2">NVDA</option>
    -                             <option value="3">VoiceOver for macOS</option>
    -                           </select>
    -                         </div>
    -                         <div class="form-group">
    -                           <label class="disclosure-form-label form-label"
    -                             >Assistive Technology Version</label
    -                           >
    -                           <div class="form-group-at-version">
    -                             <div class="d-flex">
    -                               <label class="radio-box-label apply-checked-style"
    -                                 ><input
    -                                   type="radio"
    -                                   name="atVersion"
    -                                   class="radio-box-input"
    -                                   checked="" /><span style="position: relative"
    -                                   ><span
    -                                     style="
    -                                       position: absolute;
    -                                       font-weight: bold;
    -                                     "
    -                                     >Exact Version</span
    -                                   ><span
    -                                     aria-hidden="true"
    -                                     style="font-weight: bold; opacity: 0"
    -                                     >Exact Version</span
    -                                   ></span
    -                                 ></label
    -                               ><label class="radio-box-label"
    -                                 ><input
    -                                   type="radio"
    -                                   name="atVersion"
    -                                   class="radio-box-input" /><span
    -                                   style="position: relative"
    -                                   ><span
    -                                     style="
    -                                       position: absolute;
    -                                       font-weight: normal;
    -                                     "
    -                                     >Minimum Version</span
    -                                   ><span
    -                                     aria-hidden="true"
    -                                     style="font-weight: bold; opacity: 0"
    -                                     >Minimum Version</span
    -                                   ></span
    -                                 ></label
    -                               >
    -                             </div>
    -                             <select disabled="" class="form-select">
    -                               <option value="" disabled="">
    -                                 Select AT Version
    -                               </option>
    -                             </select>
    -                           </div>
    -                         </div>
    -                         <div class="form-group">
    -                           <label class="disclosure-form-label form-label"
    -                             >Browser</label
    -                           ><select disabled="" class="form-select">
    -                             <option value="" disabled="">
    -                               Select a Browser
    -                             </option>
    -                           </select>
    -                         </div>
    -                       </div>
    -                       <button
    -                         type="button"
    -                         disabled=""
    -                         data-testid="add-button"
    -                         class="w-auto btn btn-secondary">
    -                         Add to Test Queue
    -                       </button>
    -                       <div></div>
    -                       <div></div>
    -                     </div>
    -                   </div>
    -                 </div>
    -                 <h2 tabindex="-1" id="alert">Alert Example</h2>
    -                 <div class="disclosure-container test-plan-disclosure">
    -                   <h3 class="disclosure-heading">
    -                     <button
    -                       class="disclosure-button"
    -                       id="disclosure-btn-alert-0"
    -                       type="button"
    -                       aria-expanded="false"
    -                       aria-controls="disclosure-btn-controls-alert-0">
    -                       <span class="styled-pill"
    -                         ><span
    -                           ><svg
    -                             aria-hidden="true"
    -                             focusable="false"
    -                             data-prefix="fas"
    -                             data-icon="circle-check"
    -                             class="svg-inline--fa fa-circle-check check"
    -                             role="img"
    -                             xmlns="http://www.w3.org/2000/svg"
    -                             viewBox="0 0 512 512"
    -                             color="var(--positive-green)">
    -                             <path
    -                               fill="currentColor"
    -                               d="M256 512A256 256 0 1 0 256 0a256 256 0 1 0 0 512zM369 209L241 337c-9.4 9.4-24.6 9.4-33.9 0l-64-64c-9.4-9.4-9.4-24.6 0-33.9s24.6-9.4 33.9 0l47 47L335 175c9.4-9.4 24.6-9.4 33.9 0s9.4 24.6 0 33.9z"></path></svg
    -                           ><b>V22.04.14</b></span
    -                         ></span
    -                       >&nbsp;<span class="pill draft">Draft</span
    -                       ><svg
    -                         aria-hidden="true"
    -                         focusable="false"
    -                         data-prefix="fas"
    -                         data-icon="chevron-down"
    -                         class="svg-inline--fa fa-chevron-down disclosure-icon"
    -                         role="img"
    -                         xmlns="http://www.w3.org/2000/svg"
    -                         viewBox="0 0 512 512">
    -                         <path
    -                           fill="currentColor"
    -                           d="M233.4 406.6c12.5 12.5 32.8 12.5 45.3 0l192-192c12.5-12.5 12.5-32.8 0-45.3s-32.8-12.5-45.3 0L256 338.7 86.6 169.4c-12.5-12.5-32.8-12.5-45.3 0s-12.5 32.8 0 45.3l192 192z"></path>
    -                       </svg>
    -                     </button>
    -                   </h3>
    -                   <div
    -                     class="disclosure-content hidden"
    -                     role="region"
    -                     id="disclosure-btn-controls-alert-0"
    -                     aria-labelledby="disclosure-btn-alert-0">
    -                     <div class="metadata-container">
    -                       <a href="/test-review/1"
    -                         ><svg
    -                           aria-hidden="true"
    -                           focusable="false"
    -                           data-prefix="fas"
    -                           data-icon="arrow-up-right-from-square"
    -                           class="svg-inline--fa fa-arrow-up-right-from-square fa-xs dark-gray"
    -                           role="img"
    -                           xmlns="http://www.w3.org/2000/svg"
    -                           viewBox="0 0 512 512">
    -                           <path
    -                             fill="currentColor"
    -                             d="M320 0c-17.7 0-32 14.3-32 32s14.3 32 32 32h82.7L201.4 265.4c-12.5 12.5-12.5 32.8 0 45.3s32.8 12.5 45.3 0L448 109.3V192c0 17.7 14.3 32 32 32s32-14.3 32-32V32c0-17.7-14.3-32-32-32H320zM80 32C35.8 32 0 67.8 0 112V432c0 44.2 35.8 80 80 80H400c44.2 0 80-35.8 80-80V320c0-17.7-14.3-32-32-32s-32 14.3-32 32V432c0 8.8-7.2 16-16 16H80c-8.8 0-16-7.2-16-16V112c0-8.8 7.2-16 16-16H192c17.7 0 32-14.3 32-32s-14.3-32-32-32H80z"></path></svg
    -                         >View tests in V22.04.14</a
    -                       ><button
    -                         type="button"
    -                         class="test-plan-report-status-dialog-button btn btn-primary">
    -                         <span
    -                           ><span
    -                             class="report-status-dot reports-not-started"></span
    -                           >Required Reports <strong>Not Started</strong></span
    -                         >
    -                       </button>
    -                       <div></div>
    -                     </div>
    -                     <div class="table-responsive">
    -                       <table
    -                         aria-label="Reports for Alert Example V22.04.14 in draft phase"
    -                         class="test-queue table table-bordered">
    -                         <thead>
    -                           <tr>
    -                             <th>Assistive Technology</th>
    -                             <th>Browser</th>
    -                             <th>Testers</th>
    -                             <th>Status</th>
    -                             <th>Actions</th>
    -                           </tr>
    -                         </thead>
    -                         <tbody>
    -                           <tr>
    -                             <td>
    -                               <div class="version-container">
    -                                 VoiceOver for macOS&nbsp;<span
    -                                   >11.6 (20G165) or later</span
    -                                 >
    -                               </div>
    -                             </td>
    -                             <td>
    -                               <div class="version-container">
    -                                 Firefox&nbsp;<span>Any version</span>
    -                               </div>
    -                             </td>
    -                             <td>
    -                               <div class="assign-testers-container">
    -                                 <div id="assign-testers-7" class="dropdown">
    -                                   <button
    -                                     type="button"
    -                                     aria-expanded="false"
    -                                     class="assign-testers-dropdown-button dropdown-toggle btn btn-secondary">
    -                                     <span class="sr-only">Assign Testers</span
    -                                     ><svg
    -                                       aria-hidden="true"
    -                                       focusable="false"
    -                                       data-prefix="fas"
    -                                       data-icon="user"
    -                                       class="svg-inline--fa fa-user"
    -                                       role="img"
    -                                       xmlns="http://www.w3.org/2000/svg"
    -                                       viewBox="0 0 448 512">
    -                                       <path
    -                                         fill="currentColor"
    -                                         d="M224 256A128 128 0 1 0 224 0a128 128 0 1 0 0 256zm-45.7 48C79.8 304 0 383.8 0 482.3C0 498.7 13.3 512 29.7 512H418.3c16.4 0 29.7-13.3 29.7-29.7C448 383.8 368.2 304 269.7 304H178.3z"></path>
    -                                     </svg>
    -                                   </button>
    -                                 </div>
    -                                 <button type="button" class="btn btn-secondary">
    -                                   Assign Yourself
    -                                 </button>
    -                               </div>
    -                               <ul class="assign-testers-list"></ul>
    -                             </td>
    -                             <td>
    -                               <div class="status-container">
    -                                 <div class="progress">
    -                                   <div
    -                                     class="front"
    -                                     style="
    -                                       clip-path: inset(0px 0px 0px 0%);
    -                                     "></div>
    -                                   <div class="back"></div>
    -                                 </div>
    -                                 <span>No testers assigned</span>
    -                               </div>
    -                             </td>
    -                             <td>
    -                               <div class="actions-container">
    -                                 <button
    -                                   type="button"
    -                                   disabled=""
    -                                   class="btn btn-primary">
    -                                   Start Testing
    -                                 </button>
    -                                 <div class="dropdown">
    -                                   <button
    -                                     type="button"
    -                                     disabled=""
    -                                     aria-expanded="false"
    -                                     class="dropdown-toggle btn btn-secondary">
    -                                     <svg
    -                                       aria-hidden="true"
    -                                       focusable="false"
    -                                       data-prefix="fas"
    -                                       data-icon="file-import"
    -                                       class="svg-inline--fa fa-file-import"
    -                                       role="img"
    -                                       xmlns="http://www.w3.org/2000/svg"
    -                                       viewBox="0 0 512 512">
    -                                       <path
    -                                         fill="currentColor"
    -                                         d="M128 64c0-35.3 28.7-64 64-64H352V128c0 17.7 14.3 32 32 32H512V448c0 35.3-28.7 64-64 64H192c-35.3 0-64-28.7-64-64V336H302.1l-39 39c-9.4 9.4-9.4 24.6 0 33.9s24.6 9.4 33.9 0l80-80c9.4-9.4 9.4-24.6 0-33.9l-80-80c-9.4-9.4-24.6-9.4-33.9 0s-9.4 24.6 0 33.9l39 39H128V64zm0 224v48H24c-13.3 0-24-10.7-24-24s10.7-24 24-24H128zM512 128H384V0L512 128z"></path></svg
    -                                     >Open run as...
    -                                   </button>
    -                                 </div>
    -                                 <button
    -                                   type="button"
    -                                   disabled=""
    -                                   class="btn btn-secondary">
    -                                   <svg
    -                                     aria-hidden="true"
    -                                     focusable="false"
    -                                     data-prefix="fas"
    -                                     data-icon="square-check"
    -                                     class="svg-inline--fa fa-square-check"
    -                                     role="img"
    -                                     xmlns="http://www.w3.org/2000/svg"
    -                                     viewBox="0 0 448 512">
    -                                     <path
    -                                       fill="currentColor"
    -                                       d="M64 32C28.7 32 0 60.7 0 96V416c0 35.3 28.7 64 64 64H384c35.3 0 64-28.7 64-64V96c0-35.3-28.7-64-64-64H64zM337 209L209 337c-9.4 9.4-24.6 9.4-33.9 0l-64-64c-9.4-9.4-9.4-24.6 0-33.9s24.6-9.4 33.9 0l47 47L303 175c9.4-9.4 24.6-9.4 33.9 0s9.4 24.6 0 33.9z"></path></svg
    -                                   >Mark as Final</button
    -                                 ><button
    -                                   type="button"
    -                                   class="btn btn-secondary">
    -                                   <svg
    -                                     aria-hidden="true"
    -                                     focusable="false"
    -                                     data-prefix="fas"
    -                                     data-icon="trash-can"
    -                                     class="svg-inline--fa fa-trash-can"
    -                                     role="img"
    -                                     xmlns="http://www.w3.org/2000/svg"
    -                                     viewBox="0 0 448 512">
    -                                     <path
    -                                       fill="currentColor"
    -                                       d="M135.2 17.7C140.6 6.8 151.7 0 163.8 0H284.2c12.1 0 23.2 6.8 28.6 17.7L320 32h96c17.7 0 32 14.3 32 32s-14.3 32-32 32H32C14.3 96 0 81.7 0 64S14.3 32 32 32h96l7.2-14.3zM32 128H416V448c0 35.3-28.7 64-64 64H96c-35.3 0-64-28.7-64-64V128zm96 64c-8.8 0-16 7.2-16 16V432c0 8.8 7.2 16 16 16s16-7.2 16-16V208c0-8.8-7.2-16-16-16zm96 0c-8.8 0-16 7.2-16 16V432c0 8.8 7.2 16 16 16s16-7.2 16-16V208c0-8.8-7.2-16-16-16zm96 0c-8.8 0-16 7.2-16 16V432c0 8.8 7.2 16 16 16s16-7.2 16-16V208c0-8.8-7.2-16-16-16z"></path></svg
    -                                   >Delete Report
    -                                 </button>
    -                               </div>
    -                             </td>
    -                           </tr>
    -                         </tbody>
    -                       </table>
    -                     </div>
    -                   </div>
    -                 </div>
    -                 <h2 tabindex="-1" id="horizontal-slider">
    -                   Color Viewer Slider
    -                 </h2>
    -                 <div class="disclosure-container test-plan-disclosure">
    -                   <h3 class="disclosure-heading">
    -                     <button
    -                       class="disclosure-button"
    -                       id="disclosure-btn-horizontal-slider-0"
    -                       type="button"
    -                       aria-expanded="false"
    -                       aria-controls="disclosure-btn-controls-horizontal-slider-0">
    -                       <span class="styled-pill"
    -                         ><span
    -                           ><svg
    -                             aria-hidden="true"
    -                             focusable="false"
    -                             data-prefix="fas"
    -                             data-icon="circle-check"
    -                             class="svg-inline--fa fa-circle-check check"
    -                             role="img"
    -                             xmlns="http://www.w3.org/2000/svg"
    -                             viewBox="0 0 512 512"
    -                             color="var(--positive-green)">
    -                             <path
    -                               fill="currentColor"
    -                               d="M256 512A256 256 0 1 0 256 0a256 256 0 1 0 0 512zM369 209L241 337c-9.4 9.4-24.6 9.4-33.9 0l-64-64c-9.4-9.4-9.4-24.6 0-33.9s24.6-9.4 33.9 0l47 47L335 175c9.4-9.4 24.6-9.4 33.9 0s9.4 24.6 0 33.9z"></path></svg
    -                           ><b>V24.12.04</b></span
    -                         ></span
    -                       >&nbsp;<span class="pill draft">Draft</span
    -                       ><svg
    -                         aria-hidden="true"
    -                         focusable="false"
    -                         data-prefix="fas"
    -                         data-icon="chevron-down"
    -                         class="svg-inline--fa fa-chevron-down disclosure-icon"
    -                         role="img"
    -                         xmlns="http://www.w3.org/2000/svg"
    -                         viewBox="0 0 512 512">
    -                         <path
    -                           fill="currentColor"
    -                           d="M233.4 406.6c12.5 12.5 32.8 12.5 45.3 0l192-192c12.5-12.5 12.5-32.8 0-45.3s-32.8-12.5-45.3 0L256 338.7 86.6 169.4c-12.5-12.5-32.8-12.5-45.3 0s-12.5 32.8 0 45.3l192 192z"></path>
    -                       </svg>
    -                     </button>
    -                   </h3>
    -                   <div
    -                     class="disclosure-content hidden"
    -                     role="region"
    -                     id="disclosure-btn-controls-horizontal-slider-0"
    -                     aria-labelledby="disclosure-btn-horizontal-slider-0">
    -                     <div class="metadata-container">
    -                       <a href="/test-review/85"
    -                         ><svg
    -                           aria-hidden="true"
    -                           focusable="false"
    -                           data-prefix="fas"
    -                           data-icon="arrow-up-right-from-square"
    -                           class="svg-inline--fa fa-arrow-up-right-from-square fa-xs dark-gray"
    -                           role="img"
    -                           xmlns="http://www.w3.org/2000/svg"
    -                           viewBox="0 0 512 512">
    -                           <path
    -                             fill="currentColor"
    -                             d="M320 0c-17.7 0-32 14.3-32 32s14.3 32 32 32h82.7L201.4 265.4c-12.5 12.5-12.5 32.8 0 45.3s32.8 12.5 45.3 0L448 109.3V192c0 17.7 14.3 32 32 32s32-14.3 32-32V32c0-17.7-14.3-32-32-32H320zM80 32C35.8 32 0 67.8 0 112V432c0 44.2 35.8 80 80 80H400c44.2 0 80-35.8 80-80V320c0-17.7-14.3-32-32-32s-32 14.3-32 32V432c0 8.8-7.2 16-16 16H80c-8.8 0-16-7.2-16-16V112c0-8.8 7.2-16 16-16H192c17.7 0 32-14.3 32-32s-14.3-32-32-32H80z"></path></svg
    -                         >View tests in V24.12.04</a
    -                       ><button
    -                         type="button"
    -                         class="test-plan-report-status-dialog-button btn btn-primary">
    -                         <span
    -                           ><span
    -                             class="report-status-dot reports-missing"></span
    -                           >Some Required Reports <strong>Missing</strong></span
    -                         >
    -                       </button>
    -                       <div></div>
    -                     </div>
    -                     <div class="table-responsive">
    -                       <table
    -                         aria-label="Reports for Color Viewer Slider V24.12.04 in draft phase"
    -                         class="test-queue table table-bordered">
    -                         <thead>
    -                           <tr>
    -                             <th>Assistive Technology</th>
    -                             <th>Browser</th>
    -                             <th>Testers</th>
    -                             <th>Status</th>
    -                             <th>Actions</th>
    -                           </tr>
    -                         </thead>
    -                         <tbody>
    -                           <tr>
    -                             <td>
    -                               <div class="version-container">
    -                                 VoiceOver for macOS&nbsp;<span
    -                                   >11.6 (20G165) or later</span
    -                                 >
    -                               </div>
    -                             </td>
    -                             <td>
    -                               <div class="version-container">
    -                                 Safari&nbsp;<span>Any version</span>
    -                               </div>
    -                             </td>
    -                             <td>
    -                               <div class="assign-testers-container">
    -                                 <div id="assign-testers-27" class="dropdown">
    -                                   <button
    -                                     type="button"
    -                                     aria-expanded="false"
    -                                     class="assign-testers-dropdown-button dropdown-toggle btn btn-secondary">
    -                                     <span class="sr-only">Assign Testers</span
    -                                     ><svg
    -                                       aria-hidden="true"
    -                                       focusable="false"
    -                                       data-prefix="fas"
    -                                       data-icon="user"
    -                                       class="svg-inline--fa fa-user"
    -                                       role="img"
    -                                       xmlns="http://www.w3.org/2000/svg"
    -                                       viewBox="0 0 448 512">
    -                                       <path
    -                                         fill="currentColor"
    -                                         d="M224 256A128 128 0 1 0 224 0a128 128 0 1 0 0 256zm-45.7 48C79.8 304 0 383.8 0 482.3C0 498.7 13.3 512 29.7 512H418.3c16.4 0 29.7-13.3 29.7-29.7C448 383.8 368.2 304 269.7 304H178.3z"></path>
    -                                     </svg>
    -                                   </button>
    -                                 </div>
    -                                 <button type="button" class="btn btn-secondary">
    -                                   Assign Yourself
    -                                 </button>
    -                               </div>
    -                               <ul class="assign-testers-list">
    -                                 <li class="completion-status-list-item">
    -                                   <a
    -                                     href="https://github.com/esmeralda-baggins"
    -                                     target="_blank"
    -                                     rel="noopener noreferrer"
    -                                     >esmeralda-baggins</a
    -                                   ><em>0 of 9 tests complete</em>
    -                                 </li>
    -                               </ul>
    -                             </td>
    -                             <td>
    -                               <div class="status-container">
    -                                 <div class="progress">
    -                                   <div
    -                                     class="front"
    -                                     style="
    -                                       clip-path: inset(0px 0px 0px 0%);
    -                                     "></div>
    -                                   <div class="back"></div>
    -                                 </div>
    -                                 <span
    -                                   >0% complete by&nbsp;<a
    -                                     href="https://github.com/esmeralda-baggins"
    -                                     >esmeralda-baggins</a
    -                                   >&nbsp;</span
    -                                 >
    -                               </div>
    -                             </td>
    -                             <td>
    -                               <div class="actions-container">
    -                                 <button
    -                                   type="button"
    -                                   disabled=""
    -                                   class="btn btn-primary">
    -                                   Start Testing
    -                                 </button>
    -                                 <div class="dropdown">
    -                                   <button
    -                                     type="button"
    -                                     aria-expanded="false"
    -                                     class="dropdown-toggle btn btn-secondary">
    -                                     <svg
    -                                       aria-hidden="true"
    -                                       focusable="false"
    -                                       data-prefix="fas"
    -                                       data-icon="file-import"
    -                                       class="svg-inline--fa fa-file-import"
    -                                       role="img"
    -                                       xmlns="http://www.w3.org/2000/svg"
    -                                       viewBox="0 0 512 512">
    -                                       <path
    -                                         fill="currentColor"
    -                                         d="M128 64c0-35.3 28.7-64 64-64H352V128c0 17.7 14.3 32 32 32H512V448c0 35.3-28.7 64-64 64H192c-35.3 0-64-28.7-64-64V336H302.1l-39 39c-9.4 9.4-9.4 24.6 0 33.9s24.6 9.4 33.9 0l80-80c9.4-9.4 9.4-24.6 0-33.9l-80-80c-9.4-9.4-24.6-9.4-33.9 0s-9.4 24.6 0 33.9l39 39H128V64zm0 224v48H24c-13.3 0-24-10.7-24-24s10.7-24 24-24H128zM512 128H384V0L512 128z"></path></svg
    -                                     >Open run as...
    -                                   </button>
    -                                 </div>
    -                                 <button
    -                                   type="button"
    -                                   disabled=""
    -                                   class="btn btn-secondary">
    -                                   <svg
    -                                     aria-hidden="true"
    -                                     focusable="false"
    -                                     data-prefix="fas"
    -                                     data-icon="square-check"
    -                                     class="svg-inline--fa fa-square-check"
    -                                     role="img"
    -                                     xmlns="http://www.w3.org/2000/svg"
    -                                     viewBox="0 0 448 512">
    -                                     <path
    -                                       fill="currentColor"
    -                                       d="M64 32C28.7 32 0 60.7 0 96V416c0 35.3 28.7 64 64 64H384c35.3 0 64-28.7 64-64V96c0-35.3-28.7-64-64-64H64zM337 209L209 337c-9.4 9.4-24.6 9.4-33.9 0l-64-64c-9.4-9.4-9.4-24.6 0-33.9s24.6-9.4 33.9 0l47 47L303 175c9.4-9.4 24.6-9.4 33.9 0s9.4 24.6 0 33.9z"></path></svg
    -                                   >Mark as Final</button
    -                                 ><button
    -                                   type="button"
    -                                   class="btn btn-secondary">
    -                                   <svg
    -                                     aria-hidden="true"
    -                                     focusable="false"
    -                                     data-prefix="fas"
    -                                     data-icon="trash-can"
    -                                     class="svg-inline--fa fa-trash-can"
    -                                     role="img"
    -                                     xmlns="http://www.w3.org/2000/svg"
    -                                     viewBox="0 0 448 512">
    -                                     <path
    -                                       fill="currentColor"
    -                                       d="M135.2 17.7C140.6 6.8 151.7 0 163.8 0H284.2c12.1 0 23.2 6.8 28.6 17.7L320 32h96c17.7 0 32 14.3 32 32s-14.3 32-32 32H32C14.3 96 0 81.7 0 64S14.3 32 32 32h96l7.2-14.3zM32 128H416V448c0 35.3-28.7 64-64 64H96c-35.3 0-64-28.7-64-64V128zm96 64c-8.8 0-16 7.2-16 16V432c0 8.8 7.2 16 16 16s16-7.2 16-16V208c0-8.8-7.2-16-16-16zm96 0c-8.8 0-16 7.2-16 16V432c0 8.8 7.2 16 16 16s16-7.2 16-16V208c0-8.8-7.2-16-16-16zm96 0c-8.8 0-16 7.2-16 16V432c0 8.8 7.2 16 16 16s16-7.2 16-16V208c0-8.8-7.2-16-16-16z"></path></svg
    -                                   >Delete Report
    -                                 </button>
    -                               </div>
    -                             </td>
    -                           </tr>
    -                         </tbody>
    -                       </table>
    -                     </div>
    -                   </div>
    -                 </div>
    -                 <h2 tabindex="-1" id="modal-dialog">Modal Dialog Example</h2>
    -                 <div class="disclosure-container stacked test-plan-disclosure">
    -                   <h3 class="disclosure-heading">
    -                     <button
    -                       class="disclosure-button stacked"
    -                       id="disclosure-btn-modal-dialog-0"
    -                       type="button"
    -                       aria-expanded="false"
    -                       aria-controls="disclosure-btn-controls-modal-dialog-0">
    -                       <span class="styled-pill"
    -                         ><span
    -                           ><svg
    -                             aria-hidden="true"
    -                             focusable="false"
    -                             data-prefix="fas"
    -                             data-icon="circle-check"
    -                             class="svg-inline--fa fa-circle-check check"
    -                             role="img"
    -                             xmlns="http://www.w3.org/2000/svg"
    -                             viewBox="0 0 512 512"
    -                             color="var(--positive-green)">
    -                             <path
    -                               fill="currentColor"
    -                               d="M256 512A256 256 0 1 0 256 0a256 256 0 1 0 0 512zM369 209L241 337c-9.4 9.4-24.6 9.4-33.9 0l-64-64c-9.4-9.4-9.4-24.6 0-33.9s24.6-9.4 33.9 0l47 47L335 175c9.4-9.4 24.6-9.4 33.9 0s9.4 24.6 0 33.9z"></path></svg
    -                           ><b>V24.06.07</b></span
    -                         ></span
    -                       >&nbsp;<span class="pill draft">Draft</span
    -                       ><svg
    -                         aria-hidden="true"
    -                         focusable="false"
    -                         data-prefix="fas"
    -                         data-icon="chevron-down"
    -                         class="svg-inline--fa fa-chevron-down disclosure-icon"
    -                         role="img"
    -                         xmlns="http://www.w3.org/2000/svg"
    -                         viewBox="0 0 512 512">
    -                         <path
    -                           fill="currentColor"
    -                           d="M233.4 406.6c12.5 12.5 32.8 12.5 45.3 0l192-192c12.5-12.5 12.5-32.8 0-45.3s-32.8-12.5-45.3 0L256 338.7 86.6 169.4c-12.5-12.5-32.8-12.5-45.3 0s-12.5 32.8 0 45.3l192 192z"></path>
    -                       </svg>
    -                     </button>
    -                   </h3>
    -                   <div
    -                     class="disclosure-content hidden stacked"
    -                     role="region"
    -                     id="disclosure-btn-controls-modal-dialog-0"
    -                     aria-labelledby="disclosure-btn-modal-dialog-0">
    -                     <div class="metadata-container">
    -                       <a href="/test-review/91"
    -                         ><svg
    -                           aria-hidden="true"
    -                           focusable="false"
    -                           data-prefix="fas"
    -                           data-icon="arrow-up-right-from-square"
    -                           class="svg-inline--fa fa-arrow-up-right-from-square fa-xs dark-gray"
    -                           role="img"
    -                           xmlns="http://www.w3.org/2000/svg"
    -                           viewBox="0 0 512 512">
    -                           <path
    -                             fill="currentColor"
    -                             d="M320 0c-17.7 0-32 14.3-32 32s14.3 32 32 32h82.7L201.4 265.4c-12.5 12.5-12.5 32.8 0 45.3s32.8 12.5 45.3 0L448 109.3V192c0 17.7 14.3 32 32 32s32-14.3 32-32V32c0-17.7-14.3-32-32-32H320zM80 32C35.8 32 0 67.8 0 112V432c0 44.2 35.8 80 80 80H400c44.2 0 80-35.8 80-80V320c0-17.7-14.3-32-32-32s-32 14.3-32 32V432c0 8.8-7.2 16-16 16H80c-8.8 0-16-7.2-16-16V112c0-8.8 7.2-16 16-16H192c17.7 0 32-14.3 32-32s-14.3-32-32-32H80z"></path></svg
    -                         >View tests in V24.06.07</a
    -                       ><button
    -                         type="button"
    -                         class="test-plan-report-status-dialog-button btn btn-primary">
    -                         <span
    -                           ><span
    -                             class="report-status-dot reports-missing"></span
    -                           >Some Required Reports <strong>Missing</strong></span
    -                         >
    -                       </button>
    -                       <div></div>
    -                     </div>
    -                     <div class="table-responsive">
    -                       <table
    -                         aria-label="Reports for Modal Dialog Example V24.06.07 in draft phase"
    -                         class="test-queue table table-bordered">
    -                         <thead>
    -                           <tr>
    -                             <th>Assistive Technology</th>
    -                             <th>Browser</th>
    -                             <th>Testers</th>
    -                             <th>Status</th>
    -                             <th>Actions</th>
    -                           </tr>
    -                         </thead>
    -                         <tbody>
    -                           <tr>
    -                             <td>
    -                               <div class="version-container">
    -                                 NVDA&nbsp;<span>2020.4 or later</span>
    -                               </div>
    -                             </td>
    -                             <td>
    -                               <div class="version-container">
    -                                 Chrome&nbsp;<span>Any version</span>
    -                               </div>
    -                             </td>
    -                             <td>
    -                               <div class="assign-testers-container">
    -                                 <div id="assign-testers-19" class="dropdown">
    -                                   <button
    -                                     type="button"
    -                                     aria-expanded="false"
    -                                     class="assign-testers-dropdown-button dropdown-toggle btn btn-secondary">
    -                                     <span class="sr-only">Assign Testers</span
    -                                     ><svg
    -                                       aria-hidden="true"
    -                                       focusable="false"
    -                                       data-prefix="fas"
    -                                       data-icon="user"
    -                                       class="svg-inline--fa fa-user"
    -                                       role="img"
    -                                       xmlns="http://www.w3.org/2000/svg"
    -                                       viewBox="0 0 448 512">
    -                                       <path
    -                                         fill="currentColor"
    -                                         d="M224 256A128 128 0 1 0 224 0a128 128 0 1 0 0 256zm-45.7 48C79.8 304 0 383.8 0 482.3C0 498.7 13.3 512 29.7 512H418.3c16.4 0 29.7-13.3 29.7-29.7C448 383.8 368.2 304 269.7 304H178.3z"></path>
    -                                     </svg>
    -                                   </button>
    -                                 </div>
    -                                 <button type="button" class="btn btn-secondary">
    -                                   Assign Yourself
    -                                 </button>
    -                               </div>
    -                               <ul class="assign-testers-list">
    -                                 <li class="completion-status-list-item">
    -                                   <a
    -                                     href="https://github.com/esmeralda-baggins"
    -                                     target="_blank"
    -                                     rel="noopener noreferrer"
    -                                     >esmeralda-baggins</a
    -                                   ><em>12 of 12 tests complete</em>
    -                                 </li>
    -                               </ul>
    -                             </td>
    -                             <td>
    -                               <div class="status-container">
    -                                 <div class="progress">
    -                                   <div
    -                                     class="front"
    -                                     style="
    -                                       clip-path: inset(0px 0px 0px 100%);
    -                                     "></div>
    -                                   <div class="back"></div>
    -                                 </div>
    -                                 <span
    -                                   >100% complete by&nbsp;<a
    -                                     href="https://github.com/esmeralda-baggins"
    -                                     >esmeralda-baggins</a
    -                                   >&nbsp;</span
    -                                 >
    -                               </div>
    -                             </td>
    -                             <td>
    -                               <div class="actions-container">
    -                                 <button
    -                                   type="button"
    -                                   disabled=""
    -                                   class="btn btn-primary">
    -                                   Start Testing
    -                                 </button>
    -                                 <div class="dropdown">
    -                                   <button
    -                                     type="button"
    -                                     aria-expanded="false"
    -                                     class="dropdown-toggle btn btn-secondary">
    -                                     <svg
    -                                       aria-hidden="true"
    -                                       focusable="false"
    -                                       data-prefix="fas"
    -                                       data-icon="file-import"
    -                                       class="svg-inline--fa fa-file-import"
    -                                       role="img"
    -                                       xmlns="http://www.w3.org/2000/svg"
    -                                       viewBox="0 0 512 512">
    -                                       <path
    -                                         fill="currentColor"
    -                                         d="M128 64c0-35.3 28.7-64 64-64H352V128c0 17.7 14.3 32 32 32H512V448c0 35.3-28.7 64-64 64H192c-35.3 0-64-28.7-64-64V336H302.1l-39 39c-9.4 9.4-9.4 24.6 0 33.9s24.6 9.4 33.9 0l80-80c9.4-9.4 9.4-24.6 0-33.9l-80-80c-9.4-9.4-24.6-9.4-33.9 0s-9.4 24.6 0 33.9l39 39H128V64zm0 224v48H24c-13.3 0-24-10.7-24-24s10.7-24 24-24H128zM512 128H384V0L512 128z"></path></svg
    -                                     >Open run as...
    -                                   </button>
    -                                 </div>
    -                                 <button type="button" class="btn btn-secondary">
    -                                   <svg
    -                                     aria-hidden="true"
    -                                     focusable="false"
    -                                     data-prefix="fas"
    -                                     data-icon="square-check"
    -                                     class="svg-inline--fa fa-square-check"
    -                                     role="img"
    -                                     xmlns="http://www.w3.org/2000/svg"
    -                                     viewBox="0 0 448 512">
    -                                     <path
    -                                       fill="currentColor"
    -                                       d="M64 32C28.7 32 0 60.7 0 96V416c0 35.3 28.7 64 64 64H384c35.3 0 64-28.7 64-64V96c0-35.3-28.7-64-64-64H64zM337 209L209 337c-9.4 9.4-24.6 9.4-33.9 0l-64-64c-9.4-9.4-9.4-24.6 0-33.9s24.6-9.4 33.9 0l47 47L303 175c9.4-9.4 24.6-9.4 33.9 0s9.4 24.6 0 33.9z"></path></svg
    -                                   >Mark as Final</button
    -                                 ><button
    -                                   type="button"
    -                                   class="btn btn-secondary">
    -                                   <svg
    -                                     aria-hidden="true"
    -                                     focusable="false"
    -                                     data-prefix="fas"
    -                                     data-icon="trash-can"
    -                                     class="svg-inline--fa fa-trash-can"
    -                                     role="img"
    -                                     xmlns="http://www.w3.org/2000/svg"
    -                                     viewBox="0 0 448 512">
    -                                     <path
    -                                       fill="currentColor"
    -                                       d="M135.2 17.7C140.6 6.8 151.7 0 163.8 0H284.2c12.1 0 23.2 6.8 28.6 17.7L320 32h96c17.7 0 32 14.3 32 32s-14.3 32-32 32H32C14.3 96 0 81.7 0 64S14.3 32 32 32h96l7.2-14.3zM32 128H416V448c0 35.3-28.7 64-64 64H96c-35.3 0-64-28.7-64-64V128zm96 64c-8.8 0-16 7.2-16 16V432c0 8.8 7.2 16 16 16s16-7.2 16-16V208c0-8.8-7.2-16-16-16zm96 0c-8.8 0-16 7.2-16 16V432c0 8.8 7.2 16 16 16s16-7.2 16-16V208c0-8.8-7.2-16-16-16zm96 0c-8.8 0-16 7.2-16 16V432c0 8.8 7.2 16 16 16s16-7.2 16-16V208c0-8.8-7.2-16-16-16z"></path></svg
    -                                   >Delete Report
    -                                 </button>
    -                               </div>
    -                             </td>
    -                           </tr>
    -                         </tbody>
    -                       </table>
    -                     </div>
    -                   </div>
    -                   <h3 class="disclosure-heading">
    -                     <button
    -                       class="disclosure-button stacked"
    -                       id="disclosure-btn-modal-dialog-1"
    -                       type="button"
    -                       aria-expanded="false"
    -                       aria-controls="disclosure-btn-controls-modal-dialog-1">
    -                       <span class="styled-pill"
    -                         ><span
    -                           ><svg
    -                             aria-hidden="true"
    -                             focusable="false"
    -                             data-prefix="fas"
    -                             data-icon="circle-check"
    -                             class="svg-inline--fa fa-circle-check check"
    -                             role="img"
    -                             xmlns="http://www.w3.org/2000/svg"
    -                             viewBox="0 0 512 512"
    -                             color="var(--positive-green)">
    -                             <path
    -                               fill="currentColor"
    -                               d="M256 512A256 256 0 1 0 256 0a256 256 0 1 0 0 512zM369 209L241 337c-9.4 9.4-24.6 9.4-33.9 0l-64-64c-9.4-9.4-9.4-24.6 0-33.9s24.6-9.4 33.9 0l47 47L335 175c9.4-9.4 24.6-9.4 33.9 0s9.4 24.6 0 33.9z"></path></svg
    -                           ><b>V22.05.26</b></span
    -                         ></span
    -                       >&nbsp;<span class="pill candidate">Candidate</span
    -                       ><svg
    -                         aria-hidden="true"
    -                         focusable="false"
    -                         data-prefix="fas"
    -                         data-icon="chevron-down"
    -                         class="svg-inline--fa fa-chevron-down disclosure-icon"
    -                         role="img"
    -                         xmlns="http://www.w3.org/2000/svg"
    -                         viewBox="0 0 512 512">
    -                         <path
    -                           fill="currentColor"
    -                           d="M233.4 406.6c12.5 12.5 32.8 12.5 45.3 0l192-192c12.5-12.5 12.5-32.8 0-45.3s-32.8-12.5-45.3 0L256 338.7 86.6 169.4c-12.5-12.5-32.8-12.5-45.3 0s-12.5 32.8 0 45.3l192 192z"></path>
    -                       </svg>
    -                     </button>
    -                   </h3>
    -                   <div
    -                     class="disclosure-content hidden stacked"
    -                     role="region"
    -                     id="disclosure-btn-controls-modal-dialog-1"
    -                     aria-labelledby="disclosure-btn-modal-dialog-1">
    -                     <div class="metadata-container">
    -                       <a href="/test-review/24"
    -                         ><svg
    -                           aria-hidden="true"
    -                           focusable="false"
    -                           data-prefix="fas"
    -                           data-icon="arrow-up-right-from-square"
    -                           class="svg-inline--fa fa-arrow-up-right-from-square fa-xs dark-gray"
    -                           role="img"
    -                           xmlns="http://www.w3.org/2000/svg"
    -                           viewBox="0 0 512 512">
    -                           <path
    -                             fill="currentColor"
    -                             d="M320 0c-17.7 0-32 14.3-32 32s14.3 32 32 32h82.7L201.4 265.4c-12.5 12.5-12.5 32.8 0 45.3s32.8 12.5 45.3 0L448 109.3V192c0 17.7 14.3 32 32 32s32-14.3 32-32V32c0-17.7-14.3-32-32-32H320zM80 32C35.8 32 0 67.8 0 112V432c0 44.2 35.8 80 80 80H400c44.2 0 80-35.8 80-80V320c0-17.7-14.3-32-32-32s-32 14.3-32 32V432c0 8.8-7.2 16-16 16H80c-8.8 0-16-7.2-16-16V112c0-8.8 7.2-16 16-16H192c17.7 0 32-14.3 32-32s-14.3-32-32-32H80z"></path></svg
    -                         >View tests in V22.05.26</a
    -                       ><button
    -                         type="button"
    -                         class="test-plan-report-status-dialog-button btn btn-primary">
    -                         <span
    -                           ><span
    -                             class="report-status-dot reports-complete"></span
    -                           >Required Reports <strong>Complete</strong></span
    -                         >
    -                       </button>
    -                       <div></div>
    -                     </div>
    -                     <div class="table-responsive">
    -                       <table
    -                         aria-label="Reports for Modal Dialog Example V22.05.26 in candidate phase"
    -                         class="test-queue table table-bordered">
    -                         <thead>
    -                           <tr>
    -                             <th>Assistive Technology</th>
    -                             <th>Browser</th>
    -                             <th>Testers</th>
    -                             <th>Status</th>
    -                             <th>Actions</th>
    -                           </tr>
    -                         </thead>
    -                         <tbody>
    -                           <tr>
    -                             <td>
    -                               <div class="version-container">
    -                                 JAWS&nbsp;<span>2021.2111.13 or later</span>
    -                               </div>
    -                             </td>
    -                             <td>
    -                               <div class="version-container">
    -                                 Firefox&nbsp;<span>Any version</span>
    -                               </div>
    -                             </td>
    -                             <td>
    -                               <div class="assign-testers-container">
    -                                 <div id="assign-testers-8" class="dropdown">
    -                                   <button
    -                                     type="button"
    -                                     aria-expanded="false"
    -                                     class="assign-testers-dropdown-button dropdown-toggle btn btn-secondary">
    -                                     <span class="sr-only">Assign Testers</span
    -                                     ><svg
    -                                       aria-hidden="true"
    -                                       focusable="false"
    -                                       data-prefix="fas"
    -                                       data-icon="user"
    -                                       class="svg-inline--fa fa-user"
    -                                       role="img"
    -                                       xmlns="http://www.w3.org/2000/svg"
    -                                       viewBox="0 0 448 512">
    -                                       <path
    -                                         fill="currentColor"
    -                                         d="M224 256A128 128 0 1 0 224 0a128 128 0 1 0 0 256zm-45.7 48C79.8 304 0 383.8 0 482.3C0 498.7 13.3 512 29.7 512H418.3c16.4 0 29.7-13.3 29.7-29.7C448 383.8 368.2 304 269.7 304H178.3z"></path>
    -                                     </svg>
    -                                   </button>
    -                                 </div>
    -                                 <button type="button" class="btn btn-secondary">
    -                                   Assign Yourself
    -                                 </button>
    -                               </div>
    -                               <ul class="assign-testers-list">
    -                                 <li class="completion-status-list-item">
    -                                   <a
    -                                     href="https://github.com/esmeralda-baggins"
    -                                     target="_blank"
    -                                     rel="noopener noreferrer"
    -                                     >esmeralda-baggins</a
    -                                   ><em>18 of 18 tests complete</em>
    -                                 </li>
    -                               </ul>
    -                             </td>
    -                             <td>
    -                               <div class="status-container">
    -                                 <div class="progress">
    -                                   <div
    -                                     class="front"
    -                                     style="
    -                                       clip-path: inset(0px 0px 0px 100%);
    -                                     "></div>
    -                                   <div class="back"></div>
    -                                 </div>
    -                                 <span
    -                                   >100% complete by&nbsp;<a
    -                                     href="https://github.com/esmeralda-baggins"
    -                                     >esmeralda-baggins</a
    -                                   >&nbsp;</span
    -                                 >
    -                               </div>
    -                             </td>
    -                             <td>
    -                               <div class="actions-container">
    -                                 <button
    -                                   type="button"
    -                                   disabled=""
    -                                   class="btn btn-primary">
    -                                   Start Testing
    -                                 </button>
    -                                 <div class="dropdown">
    -                                   <button
    -                                     type="button"
    -                                     aria-expanded="false"
    -                                     class="dropdown-toggle btn btn-secondary">
    -                                     <svg
    -                                       aria-hidden="true"
    -                                       focusable="false"
    -                                       data-prefix="fas"
    -                                       data-icon="file-import"
    -                                       class="svg-inline--fa fa-file-import"
    -                                       role="img"
    -                                       xmlns="http://www.w3.org/2000/svg"
    -                                       viewBox="0 0 512 512">
    -                                       <path
    -                                         fill="currentColor"
    -                                         d="M128 64c0-35.3 28.7-64 64-64H352V128c0 17.7 14.3 32 32 32H512V448c0 35.3-28.7 64-64 64H192c-35.3 0-64-28.7-64-64V336H302.1l-39 39c-9.4 9.4-9.4 24.6 0 33.9s24.6 9.4 33.9 0l80-80c9.4-9.4 9.4-24.6 0-33.9l-80-80c-9.4-9.4-24.6-9.4-33.9 0s-9.4 24.6 0 33.9l39 39H128V64zm0 224v48H24c-13.3 0-24-10.7-24-24s10.7-24 24-24H128zM512 128H384V0L512 128z"></path></svg
    -                                     >Open run as...
    -                                   </button>
    -                                 </div>
    -                                 <button type="button" class="btn btn-secondary">
    -                                   <svg
    -                                     aria-hidden="true"
    -                                     focusable="false"
    -                                     data-prefix="fas"
    -                                     data-icon="square-check"
    -                                     class="svg-inline--fa fa-square-check"
    -                                     role="img"
    -                                     xmlns="http://www.w3.org/2000/svg"
    -                                     viewBox="0 0 448 512">
    -                                     <path
    -                                       fill="currentColor"
    -                                       d="M64 32C28.7 32 0 60.7 0 96V416c0 35.3 28.7 64 64 64H384c35.3 0 64-28.7 64-64V96c0-35.3-28.7-64-64-64H64zM337 209L209 337c-9.4 9.4-24.6 9.4-33.9 0l-64-64c-9.4-9.4-9.4-24.6 0-33.9s24.6-9.4 33.9 0l47 47L303 175c9.4-9.4 24.6-9.4 33.9 0s9.4 24.6 0 33.9z"></path></svg
    -                                   >Mark as Final</button
    -                                 ><button
    -                                   type="button"
    -                                   class="btn btn-secondary">
    -                                   <svg
    -                                     aria-hidden="true"
    -                                     focusable="false"
    -                                     data-prefix="fas"
    -                                     data-icon="trash-can"
    -                                     class="svg-inline--fa fa-trash-can"
    -                                     role="img"
    -                                     xmlns="http://www.w3.org/2000/svg"
    -                                     viewBox="0 0 448 512">
    -                                     <path
    -                                       fill="currentColor"
    -                                       d="M135.2 17.7C140.6 6.8 151.7 0 163.8 0H284.2c12.1 0 23.2 6.8 28.6 17.7L320 32h96c17.7 0 32 14.3 32 32s-14.3 32-32 32H32C14.3 96 0 81.7 0 64S14.3 32 32 32h96l7.2-14.3zM32 128H416V448c0 35.3-28.7 64-64 64H96c-35.3 0-64-28.7-64-64V128zm96 64c-8.8 0-16 7.2-16 16V432c0 8.8 7.2 16 16 16s16-7.2 16-16V208c0-8.8-7.2-16-16-16zm96 0c-8.8 0-16 7.2-16 16V432c0 8.8 7.2 16 16 16s16-7.2 16-16V208c0-8.8-7.2-16-16-16zm96 0c-8.8 0-16 7.2-16 16V432c0 8.8 7.2 16 16 16s16-7.2 16-16V208c0-8.8-7.2-16-16-16z"></path></svg
    -                                   >Delete Report
    -                                 </button>
    -                               </div>
    -                             </td>
    -                           </tr>
    -                           <tr>
    -                             <td>
    -                               <div class="version-container">
    -                                 NVDA&nbsp;<span>2020.4 or later</span>
    -                               </div>
    -                             </td>
    -                             <td>
    -                               <div class="version-container">
    -                                 Firefox&nbsp;<span>Any version</span>
    -                               </div>
    -                             </td>
    -                             <td>
    -                               <div class="assign-testers-container">
    -                                 <div id="assign-testers-9" class="dropdown">
    -                                   <button
    -                                     type="button"
    -                                     aria-expanded="false"
    -                                     class="assign-testers-dropdown-button dropdown-toggle btn btn-secondary">
    -                                     <span class="sr-only">Assign Testers</span
    -                                     ><svg
    -                                       aria-hidden="true"
    -                                       focusable="false"
    -                                       data-prefix="fas"
    -                                       data-icon="user"
    -                                       class="svg-inline--fa fa-user"
    -                                       role="img"
    -                                       xmlns="http://www.w3.org/2000/svg"
    -                                       viewBox="0 0 448 512">
    -                                       <path
    -                                         fill="currentColor"
    -                                         d="M224 256A128 128 0 1 0 224 0a128 128 0 1 0 0 256zm-45.7 48C79.8 304 0 383.8 0 482.3C0 498.7 13.3 512 29.7 512H418.3c16.4 0 29.7-13.3 29.7-29.7C448 383.8 368.2 304 269.7 304H178.3z"></path>
    -                                     </svg>
    -                                   </button>
    -                                 </div>
    -                                 <button type="button" class="btn btn-secondary">
    -                                   Assign Yourself
    -                                 </button>
    -                               </div>
    -                               <ul class="assign-testers-list">
    -                                 <li class="completion-status-list-item">
    -                                   <a
    -                                     href="https://github.com/esmeralda-baggins"
    -                                     target="_blank"
    -                                     rel="noopener noreferrer"
    -                                     >esmeralda-baggins</a
    -                                   ><em>18 of 18 tests complete</em>
    -                                 </li>
    -                               </ul>
    -                             </td>
    -                             <td>
    -                               <div class="status-container">
    -                                 <div class="progress">
    -                                   <div
    -                                     class="front"
    -                                     style="
    -                                       clip-path: inset(0px 0px 0px 100%);
    -                                     "></div>
    -                                   <div class="back"></div>
    -                                 </div>
    -                                 <span
    -                                   >100% complete by&nbsp;<a
    -                                     href="https://github.com/esmeralda-baggins"
    -                                     >esmeralda-baggins</a
    -                                   >&nbsp;</span
    -                                 >
    -                               </div>
    -                             </td>
    -                             <td>
    -                               <div class="actions-container">
    -                                 <button
    -                                   type="button"
    -                                   disabled=""
    -                                   class="btn btn-primary">
    -                                   Start Testing
    -                                 </button>
    -                                 <div class="dropdown">
    -                                   <button
    -                                     type="button"
    -                                     aria-expanded="false"
    -                                     class="dropdown-toggle btn btn-secondary">
    -                                     <svg
    -                                       aria-hidden="true"
    -                                       focusable="false"
    -                                       data-prefix="fas"
    -                                       data-icon="file-import"
    -                                       class="svg-inline--fa fa-file-import"
    -                                       role="img"
    -                                       xmlns="http://www.w3.org/2000/svg"
    -                                       viewBox="0 0 512 512">
    -                                       <path
    -                                         fill="currentColor"
    -                                         d="M128 64c0-35.3 28.7-64 64-64H352V128c0 17.7 14.3 32 32 32H512V448c0 35.3-28.7 64-64 64H192c-35.3 0-64-28.7-64-64V336H302.1l-39 39c-9.4 9.4-9.4 24.6 0 33.9s24.6 9.4 33.9 0l80-80c9.4-9.4 9.4-24.6 0-33.9l-80-80c-9.4-9.4-24.6-9.4-33.9 0s-9.4 24.6 0 33.9l39 39H128V64zm0 224v48H24c-13.3 0-24-10.7-24-24s10.7-24 24-24H128zM512 128H384V0L512 128z"></path></svg
    -                                     >Open run as...
    -                                   </button>
    -                                 </div>
    -                                 <button type="button" class="btn btn-secondary">
    -                                   <svg
    -                                     aria-hidden="true"
    -                                     focusable="false"
    -                                     data-prefix="fas"
    -                                     data-icon="square-check"
    -                                     class="svg-inline--fa fa-square-check"
    -                                     role="img"
    -                                     xmlns="http://www.w3.org/2000/svg"
    -                                     viewBox="0 0 448 512">
    -                                     <path
    -                                       fill="currentColor"
    -                                       d="M64 32C28.7 32 0 60.7 0 96V416c0 35.3 28.7 64 64 64H384c35.3 0 64-28.7 64-64V96c0-35.3-28.7-64-64-64H64zM337 209L209 337c-9.4 9.4-24.6 9.4-33.9 0l-64-64c-9.4-9.4-9.4-24.6 0-33.9s24.6-9.4 33.9 0l47 47L303 175c9.4-9.4 24.6-9.4 33.9 0s9.4 24.6 0 33.9z"></path></svg
    -                                   >Mark as Final</button
    -                                 ><button
    -                                   type="button"
    -                                   class="btn btn-secondary">
    -                                   <svg
    -                                     aria-hidden="true"
    -                                     focusable="false"
    -                                     data-prefix="fas"
    -                                     data-icon="trash-can"
    -                                     class="svg-inline--fa fa-trash-can"
    -                                     role="img"
    -                                     xmlns="http://www.w3.org/2000/svg"
    -                                     viewBox="0 0 448 512">
    -                                     <path
    -                                       fill="currentColor"
    -                                       d="M135.2 17.7C140.6 6.8 151.7 0 163.8 0H284.2c12.1 0 23.2 6.8 28.6 17.7L320 32h96c17.7 0 32 14.3 32 32s-14.3 32-32 32H32C14.3 96 0 81.7 0 64S14.3 32 32 32h96l7.2-14.3zM32 128H416V448c0 35.3-28.7 64-64 64H96c-35.3 0-64-28.7-64-64V128zm96 64c-8.8 0-16 7.2-16 16V432c0 8.8 7.2 16 16 16s16-7.2 16-16V208c0-8.8-7.2-16-16-16zm96 0c-8.8 0-16 7.2-16 16V432c0 8.8 7.2 16 16 16s16-7.2 16-16V208c0-8.8-7.2-16-16-16zm96 0c-8.8 0-16 7.2-16 16V432c0 8.8 7.2 16 16 16s16-7.2 16-16V208c0-8.8-7.2-16-16-16z"></path></svg
    -                                   >Delete Report
    -                                 </button>
    -                               </div>
    -                             </td>
    -                           </tr>
    -                           <tr>
    -                             <td>
    -                               <div class="version-container">
    -                                 VoiceOver for macOS&nbsp;<span
    -                                   >11.6 (20G165) or later</span
    -                                 >
    -                               </div>
    -                             </td>
    -                             <td>
    -                               <div class="version-container">
    -                                 Chrome&nbsp;<span>Any version</span>
    -                               </div>
    -                             </td>
    -                             <td>
    -                               <div class="assign-testers-container">
    -                                 <div id="assign-testers-11" class="dropdown">
    -                                   <button
    -                                     type="button"
    -                                     aria-expanded="false"
    -                                     class="assign-testers-dropdown-button dropdown-toggle btn btn-secondary">
    -                                     <span class="sr-only">Assign Testers</span
    -                                     ><svg
    -                                       aria-hidden="true"
    -                                       focusable="false"
    -                                       data-prefix="fas"
    -                                       data-icon="user"
    -                                       class="svg-inline--fa fa-user"
    -                                       role="img"
    -                                       xmlns="http://www.w3.org/2000/svg"
    -                                       viewBox="0 0 448 512">
    -                                       <path
    -                                         fill="currentColor"
    -                                         d="M224 256A128 128 0 1 0 224 0a128 128 0 1 0 0 256zm-45.7 48C79.8 304 0 383.8 0 482.3C0 498.7 13.3 512 29.7 512H418.3c16.4 0 29.7-13.3 29.7-29.7C448 383.8 368.2 304 269.7 304H178.3z"></path>
    -                                     </svg>
    -                                   </button>
    -                                 </div>
    -                                 <button type="button" class="btn btn-secondary">
    -                                   Assign Yourself
    -                                 </button>
    -                               </div>
    -                               <ul class="assign-testers-list">
    -                                 <li class="completion-status-list-item">
    -                                   <a
    -                                     href="https://github.com/esmeralda-baggins"
    -                                     target="_blank"
    -                                     rel="noopener noreferrer"
    -                                     >esmeralda-baggins</a
    -                                   ><em>11 of 11 tests complete</em>
    -                                 </li>
    -                               </ul>
    -                             </td>
    -                             <td>
    -                               <div class="status-container">
    -                                 <div class="progress">
    -                                   <div
    -                                     class="front"
    -                                     style="
    -                                       clip-path: inset(0px 0px 0px 100%);
    -                                     "></div>
    -                                   <div class="back"></div>
    -                                 </div>
    -                                 <span
    -                                   >100% complete by&nbsp;<a
    -                                     href="https://github.com/esmeralda-baggins"
    -                                     >esmeralda-baggins</a
    -                                   >&nbsp;</span
    -                                 >
    -                               </div>
    -                             </td>
    -                             <td>
    -                               <div class="actions-container">
    -                                 <button
    -                                   type="button"
    -                                   disabled=""
    -                                   class="btn btn-primary">
    -                                   Start Testing
    -                                 </button>
    -                                 <div class="dropdown">
    -                                   <button
    -                                     type="button"
    -                                     aria-expanded="false"
    -                                     class="dropdown-toggle btn btn-secondary">
    -                                     <svg
    -                                       aria-hidden="true"
    -                                       focusable="false"
    -                                       data-prefix="fas"
    -                                       data-icon="file-import"
    -                                       class="svg-inline--fa fa-file-import"
    -                                       role="img"
    -                                       xmlns="http://www.w3.org/2000/svg"
    -                                       viewBox="0 0 512 512">
    -                                       <path
    -                                         fill="currentColor"
    -                                         d="M128 64c0-35.3 28.7-64 64-64H352V128c0 17.7 14.3 32 32 32H512V448c0 35.3-28.7 64-64 64H192c-35.3 0-64-28.7-64-64V336H302.1l-39 39c-9.4 9.4-9.4 24.6 0 33.9s24.6 9.4 33.9 0l80-80c9.4-9.4 9.4-24.6 0-33.9l-80-80c-9.4-9.4-24.6-9.4-33.9 0s-9.4 24.6 0 33.9l39 39H128V64zm0 224v48H24c-13.3 0-24-10.7-24-24s10.7-24 24-24H128zM512 128H384V0L512 128z"></path></svg
    -                                     >Open run as...
    -                                   </button>
    -                                 </div>
    -                                 <button type="button" class="btn btn-secondary">
    -                                   <svg
    -                                     aria-hidden="true"
    -                                     focusable="false"
    -                                     data-prefix="fas"
    -                                     data-icon="square-check"
    -                                     class="svg-inline--fa fa-square-check"
    -                                     role="img"
    -                                     xmlns="http://www.w3.org/2000/svg"
    -                                     viewBox="0 0 448 512">
    -                                     <path
    -                                       fill="currentColor"
    -                                       d="M64 32C28.7 32 0 60.7 0 96V416c0 35.3 28.7 64 64 64H384c35.3 0 64-28.7 64-64V96c0-35.3-28.7-64-64-64H64zM337 209L209 337c-9.4 9.4-24.6 9.4-33.9 0l-64-64c-9.4-9.4-9.4-24.6 0-33.9s24.6-9.4 33.9 0l47 47L303 175c9.4-9.4 24.6-9.4 33.9 0s9.4 24.6 0 33.9z"></path></svg
    -                                   >Mark as Final</button
    -                                 ><button
    -                                   type="button"
    -                                   class="btn btn-secondary">
    -                                   <svg
    -                                     aria-hidden="true"
    -                                     focusable="false"
    -                                     data-prefix="fas"
    -                                     data-icon="trash-can"
    -                                     class="svg-inline--fa fa-trash-can"
    -                                     role="img"
    -                                     xmlns="http://www.w3.org/2000/svg"
    -                                     viewBox="0 0 448 512">
    -                                     <path
    -                                       fill="currentColor"
    -                                       d="M135.2 17.7C140.6 6.8 151.7 0 163.8 0H284.2c12.1 0 23.2 6.8 28.6 17.7L320 32h96c17.7 0 32 14.3 32 32s-14.3 32-32 32H32C14.3 96 0 81.7 0 64S14.3 32 32 32h96l7.2-14.3zM32 128H416V448c0 35.3-28.7 64-64 64H96c-35.3 0-64-28.7-64-64V128zm96 64c-8.8 0-16 7.2-16 16V432c0 8.8 7.2 16 16 16s16-7.2 16-16V208c0-8.8-7.2-16-16-16zm96 0c-8.8 0-16 7.2-16 16V432c0 8.8 7.2 16 16 16s16-7.2 16-16V208c0-8.8-7.2-16-16-16zm96 0c-8.8 0-16 7.2-16 16V432c0 8.8 7.2 16 16 16s16-7.2 16-16V208c0-8.8-7.2-16-16-16z"></path></svg
    -                                   >Delete Report
    -                                 </button>
    -                               </div>
    -                             </td>
    -                           </tr>
    -                           <tr>
    -                             <td>
    -                               <div class="version-container">
    -                                 VoiceOver for macOS&nbsp;<span
    -                                   >11.6 (20G165) or later</span
    -                                 >
    -                               </div>
    -                             </td>
    -                             <td>
    -                               <div class="version-container">
    -                                 Firefox&nbsp;<span>Any version</span>
    -                               </div>
    -                             </td>
    -                             <td>
    -                               <div class="assign-testers-container">
    -                                 <div id="assign-testers-10" class="dropdown">
    -                                   <button
    -                                     type="button"
    -                                     aria-expanded="false"
    -                                     class="assign-testers-dropdown-button dropdown-toggle btn btn-secondary">
    -                                     <span class="sr-only">Assign Testers</span
    -                                     ><svg
    -                                       aria-hidden="true"
    -                                       focusable="false"
    -                                       data-prefix="fas"
    -                                       data-icon="user"
    -                                       class="svg-inline--fa fa-user"
    -                                       role="img"
    -                                       xmlns="http://www.w3.org/2000/svg"
    -                                       viewBox="0 0 448 512">
    -                                       <path
    -                                         fill="currentColor"
    -                                         d="M224 256A128 128 0 1 0 224 0a128 128 0 1 0 0 256zm-45.7 48C79.8 304 0 383.8 0 482.3C0 498.7 13.3 512 29.7 512H418.3c16.4 0 29.7-13.3 29.7-29.7C448 383.8 368.2 304 269.7 304H178.3z"></path>
    -                                     </svg>
    -                                   </button>
    -                                 </div>
    -                                 <button type="button" class="btn btn-secondary">
    -                                   Assign Yourself
    -                                 </button>
    -                               </div>
    -                               <ul class="assign-testers-list">
    -                                 <li class="completion-status-list-item">
    -                                   <a
    -                                     href="https://github.com/esmeralda-baggins"
    -                                     target="_blank"
    -                                     rel="noopener noreferrer"
    -                                     >esmeralda-baggins</a
    -                                   ><em>11 of 11 tests complete</em>
    -                                 </li>
    -                               </ul>
    -                             </td>
    -                             <td>
    -                               <div class="status-container">
    -                                 <div class="progress">
    -                                   <div
    -                                     class="front"
    -                                     style="
    -                                       clip-path: inset(0px 0px 0px 100%);
    -                                     "></div>
    -                                   <div class="back"></div>
    -                                 </div>
    -                                 <span
    -                                   >100% complete by&nbsp;<a
    -                                     href="https://github.com/esmeralda-baggins"
    -                                     >esmeralda-baggins</a
    -                                   >&nbsp;</span
    -                                 >
    -                               </div>
    -                             </td>
    -                             <td>
    -                               <div class="actions-container">
    -                                 <button
    -                                   type="button"
    -                                   disabled=""
    -                                   class="btn btn-primary">
    -                                   Start Testing
    -                                 </button>
    -                                 <div class="dropdown">
    -                                   <button
    -                                     type="button"
    -                                     aria-expanded="false"
    -                                     class="dropdown-toggle btn btn-secondary">
    -                                     <svg
    -                                       aria-hidden="true"
    -                                       focusable="false"
    -                                       data-prefix="fas"
    -                                       data-icon="file-import"
    -                                       class="svg-inline--fa fa-file-import"
    -                                       role="img"
    -                                       xmlns="http://www.w3.org/2000/svg"
    -                                       viewBox="0 0 512 512">
    -                                       <path
    -                                         fill="currentColor"
    -                                         d="M128 64c0-35.3 28.7-64 64-64H352V128c0 17.7 14.3 32 32 32H512V448c0 35.3-28.7 64-64 64H192c-35.3 0-64-28.7-64-64V336H302.1l-39 39c-9.4 9.4-9.4 24.6 0 33.9s24.6 9.4 33.9 0l80-80c9.4-9.4 9.4-24.6 0-33.9l-80-80c-9.4-9.4-24.6-9.4-33.9 0s-9.4 24.6 0 33.9l39 39H128V64zm0 224v48H24c-13.3 0-24-10.7-24-24s10.7-24 24-24H128zM512 128H384V0L512 128z"></path></svg
    -                                     >Open run as...
    -                                   </button>
    -                                 </div>
    -                                 <button type="button" class="btn btn-secondary">
    -                                   <svg
    -                                     aria-hidden="true"
    -                                     focusable="false"
    -                                     data-prefix="fas"
    -                                     data-icon="square-check"
    -                                     class="svg-inline--fa fa-square-check"
    -                                     role="img"
    -                                     xmlns="http://www.w3.org/2000/svg"
    -                                     viewBox="0 0 448 512">
    -                                     <path
    -                                       fill="currentColor"
    -                                       d="M64 32C28.7 32 0 60.7 0 96V416c0 35.3 28.7 64 64 64H384c35.3 0 64-28.7 64-64V96c0-35.3-28.7-64-64-64H64zM337 209L209 337c-9.4 9.4-24.6 9.4-33.9 0l-64-64c-9.4-9.4-9.4-24.6 0-33.9s24.6-9.4 33.9 0l47 47L303 175c9.4-9.4 24.6-9.4 33.9 0s9.4 24.6 0 33.9z"></path></svg
    -                                   >Mark as Final</button
    -                                 ><button
    -                                   type="button"
    -                                   class="btn btn-secondary">
    -                                   <svg
    -                                     aria-hidden="true"
    -                                     focusable="false"
    -                                     data-prefix="fas"
    -                                     data-icon="trash-can"
    -                                     class="svg-inline--fa fa-trash-can"
    -                                     role="img"
    -                                     xmlns="http://www.w3.org/2000/svg"
    -                                     viewBox="0 0 448 512">
    -                                     <path
    -                                       fill="currentColor"
    -                                       d="M135.2 17.7C140.6 6.8 151.7 0 163.8 0H284.2c12.1 0 23.2 6.8 28.6 17.7L320 32h96c17.7 0 32 14.3 32 32s-14.3 32-32 32H32C14.3 96 0 81.7 0 64S14.3 32 32 32h96l7.2-14.3zM32 128H416V448c0 35.3-28.7 64-64 64H96c-35.3 0-64-28.7-64-64V128zm96 64c-8.8 0-16 7.2-16 16V432c0 8.8 7.2 16 16 16s16-7.2 16-16V208c0-8.8-7.2-16-16-16zm96 0c-8.8 0-16 7.2-16 16V432c0 8.8 7.2 16 16 16s16-7.2 16-16V208c0-8.8-7.2-16-16-16zm96 0c-8.8 0-16 7.2-16 16V432c0 8.8 7.2 16 16 16s16-7.2 16-16V208c0-8.8-7.2-16-16-16z"></path></svg
    -                                   >Delete Report
    -                                 </button>
    -                               </div>
    -                             </td>
    -                           </tr>
    -                         </tbody>
    -                       </table>
    -                     </div>
    -                   </div>
    -                 </div>
    -                 <h2 tabindex="-1" id="combobox-select-only">
    -                   Select Only Combobox Example
    -                 </h2>
    -                 <div class="disclosure-container test-plan-disclosure">
    -                   <h3 class="disclosure-heading">
    -                     <button
    -                       class="disclosure-button"
    -                       id="disclosure-btn-combobox-select-only-0"
    -                       type="button"
    -                       aria-expanded="false"
    -                       aria-controls="disclosure-btn-controls-combobox-select-only-0">
    -                       <span class="styled-pill"
    -                         ><span
    -                           ><svg
    -                             aria-hidden="true"
    -                             focusable="false"
    -                             data-prefix="fas"
    -                             data-icon="circle-check"
    -                             class="svg-inline--fa fa-circle-check check"
    -                             role="img"
    -                             xmlns="http://www.w3.org/2000/svg"
    -                             viewBox="0 0 512 512"
    -                             color="var(--positive-green)">
    -                             <path
    -                               fill="currentColor"
    -                               d="M256 512A256 256 0 1 0 256 0a256 256 0 1 0 0 512zM369 209L241 337c-9.4 9.4-24.6 9.4-33.9 0l-64-64c-9.4-9.4-9.4-24.6 0-33.9s24.6-9.4 33.9 0l47 47L335 175c9.4-9.4 24.6-9.4 33.9 0s9.4 24.6 0 33.9z"></path></svg
    -                           ><b>V22.03.17</b></span
    -                         ></span
    -                       >&nbsp;<span class="pill draft">Draft</span
    -                       ><svg
    -                         aria-hidden="true"
    -                         focusable="false"
    -                         data-prefix="fas"
    -                         data-icon="chevron-down"
    -                         class="svg-inline--fa fa-chevron-down disclosure-icon"
    -                         role="img"
    -                         xmlns="http://www.w3.org/2000/svg"
    -                         viewBox="0 0 512 512">
    -                         <path
    -                           fill="currentColor"
    -                           d="M233.4 406.6c12.5 12.5 32.8 12.5 45.3 0l192-192c12.5-12.5 12.5-32.8 0-45.3s-32.8-12.5-45.3 0L256 338.7 86.6 169.4c-12.5-12.5-32.8-12.5-45.3 0s-12.5 32.8 0 45.3l192 192z"></path>
    -                       </svg>
    -                     </button>
    -                   </h3>
    -                   <div
    -                     class="disclosure-content hidden"
    -                     role="region"
    -                     id="disclosure-btn-controls-combobox-select-only-0"
    -                     aria-labelledby="disclosure-btn-combobox-select-only-0">
    -                     <div class="metadata-container">
    -                       <a href="/test-review/7"
    -                         ><svg
    -                           aria-hidden="true"
    -                           focusable="false"
    -                           data-prefix="fas"
    -                           data-icon="arrow-up-right-from-square"
    -                           class="svg-inline--fa fa-arrow-up-right-from-square fa-xs dark-gray"
    -                           role="img"
    -                           xmlns="http://www.w3.org/2000/svg"
    -                           viewBox="0 0 512 512">
    -                           <path
    -                             fill="currentColor"
    -                             d="M320 0c-17.7 0-32 14.3-32 32s14.3 32 32 32h82.7L201.4 265.4c-12.5 12.5-12.5 32.8 0 45.3s32.8 12.5 45.3 0L448 109.3V192c0 17.7 14.3 32 32 32s32-14.3 32-32V32c0-17.7-14.3-32-32-32H320zM80 32C35.8 32 0 67.8 0 112V432c0 44.2 35.8 80 80 80H400c44.2 0 80-35.8 80-80V320c0-17.7-14.3-32-32-32s-32 14.3-32 32V432c0 8.8-7.2 16-16 16H80c-8.8 0-16-7.2-16-16V112c0-8.8 7.2-16 16-16H192c17.7 0 32-14.3 32-32s-14.3-32-32-32H80z"></path></svg
    -                         >View tests in V22.03.17</a
    -                       ><button
    -                         type="button"
    -                         class="test-plan-report-status-dialog-button btn btn-primary">
    -                         <span
    -                           ><span
    -                             class="report-status-dot reports-not-started"></span
    -                           >Required Reports <strong>Not Started</strong></span
    -                         >
    -                       </button>
    -                       <div></div>
    -                     </div>
    -                     <div class="table-responsive">
    -                       <table
    -                         aria-label="Reports for Select Only Combobox Example V22.03.17 in draft phase"
    -                         class="test-queue table table-bordered">
    -                         <thead>
    -                           <tr>
    -                             <th>Assistive Technology</th>
    -                             <th>Browser</th>
    -                             <th>Testers</th>
    -                             <th>Status</th>
    -                             <th>Actions</th>
    -                           </tr>
    -                         </thead>
    -                         <tbody>
    -                           <tr>
    -                             <td>
    -                               <div class="version-container">
    -                                 NVDA&nbsp;<span>2020.4 or later</span>
    -                               </div>
    -                             </td>
    -                             <td>
    -                               <div class="version-container">
    -                                 Firefox&nbsp;<span>Any version</span>
    -                               </div>
    -                             </td>
    -                             <td>
    -                               <div class="assign-testers-container">
    -                                 <div id="assign-testers-2" class="dropdown">
    -                                   <button
    -                                     type="button"
    -                                     aria-expanded="false"
    -                                     class="assign-testers-dropdown-button dropdown-toggle btn btn-secondary">
    -                                     <span class="sr-only">Assign Testers</span
    -                                     ><svg
    -                                       aria-hidden="true"
    -                                       focusable="false"
    -                                       data-prefix="fas"
    -                                       data-icon="user"
    -                                       class="svg-inline--fa fa-user"
    -                                       role="img"
    -                                       xmlns="http://www.w3.org/2000/svg"
    -                                       viewBox="0 0 448 512">
    -                                       <path
    -                                         fill="currentColor"
    -                                         d="M224 256A128 128 0 1 0 224 0a128 128 0 1 0 0 256zm-45.7 48C79.8 304 0 383.8 0 482.3C0 498.7 13.3 512 29.7 512H418.3c16.4 0 29.7-13.3 29.7-29.7C448 383.8 368.2 304 269.7 304H178.3z"></path>
    -                                     </svg>
    -                                   </button>
    -                                 </div>
    -                                 <button type="button" class="btn btn-secondary">
    -                                   Assign Yourself
    -                                 </button>
    -                               </div>
    -                               <ul class="assign-testers-list">
    -                                 <li class="completion-status-list-item">
    -                                   <a
    -                                     href="https://github.com/esmeralda-baggins"
    -                                     target="_blank"
    -                                     rel="noopener noreferrer"
    -                                     >esmeralda-baggins</a
    -                                   ><em>18 of 21 tests complete</em>
    -                                 </li>
    -                                 <br />
    -                                 <li class="completion-status-list-item">
    -                                   <a
    -                                     href="https://github.com/tom-proudfeet"
    -                                     target="_blank"
    -                                     rel="noopener noreferrer"
    -                                     >tom-proudfeet</a
    -                                   ><em>18 of 21 tests complete</em>
    -                                 </li>
    -                               </ul>
    -                             </td>
    -                             <td>
    -                               <div class="status-container">
    -                                 <div class="progress">
    -                                   <div
    -                                     class="front"
    -                                     style="
    -                                       clip-path: inset(0px 0px 0px 85%);
    -                                     "></div>
    -                                   <div class="back"></div>
    -                                 </div>
    -                                 <span
    -                                   >85% complete by&nbsp;2 testers&nbsp;<a
    -                                     href="/test-queue/2/conflicts"
    -                                     style="color: rgb(206, 27, 76)"
    -                                     >with 3 conflicts</a
    -                                   ></span
    -                                 >
    -                               </div>
    -                             </td>
    -                             <td>
    -                               <div class="actions-container">
    -                                 <button
    -                                   type="button"
    -                                   disabled=""
    -                                   class="btn btn-primary">
    -                                   Start Testing
    -                                 </button>
    -                                 <div class="dropdown">
    -                                   <button
    -                                     type="button"
    -                                     aria-expanded="false"
    -                                     class="dropdown-toggle btn btn-secondary">
    -                                     <svg
    -                                       aria-hidden="true"
    -                                       focusable="false"
    -                                       data-prefix="fas"
    -                                       data-icon="file-import"
    -                                       class="svg-inline--fa fa-file-import"
    -                                       role="img"
    -                                       xmlns="http://www.w3.org/2000/svg"
    -                                       viewBox="0 0 512 512">
    -                                       <path
    -                                         fill="currentColor"
    -                                         d="M128 64c0-35.3 28.7-64 64-64H352V128c0 17.7 14.3 32 32 32H512V448c0 35.3-28.7 64-64 64H192c-35.3 0-64-28.7-64-64V336H302.1l-39 39c-9.4 9.4-9.4 24.6 0 33.9s24.6 9.4 33.9 0l80-80c9.4-9.4 9.4-24.6 0-33.9l-80-80c-9.4-9.4-24.6-9.4-33.9 0s-9.4 24.6 0 33.9l39 39H128V64zm0 224v48H24c-13.3 0-24-10.7-24-24s10.7-24 24-24H128zM512 128H384V0L512 128z"></path></svg
    -                                     >Open run as...
    -                                   </button>
    -                                 </div>
    -                                 <button
    -                                   type="button"
    -                                   disabled=""
    -                                   class="btn btn-secondary">
    -                                   <svg
    -                                     aria-hidden="true"
    -                                     focusable="false"
    -                                     data-prefix="fas"
    -                                     data-icon="square-check"
    -                                     class="svg-inline--fa fa-square-check"
    -                                     role="img"
    -                                     xmlns="http://www.w3.org/2000/svg"
    -                                     viewBox="0 0 448 512">
    -                                     <path
    -                                       fill="currentColor"
    -                                       d="M64 32C28.7 32 0 60.7 0 96V416c0 35.3 28.7 64 64 64H384c35.3 0 64-28.7 64-64V96c0-35.3-28.7-64-64-64H64zM337 209L209 337c-9.4 9.4-24.6 9.4-33.9 0l-64-64c-9.4-9.4-9.4-24.6 0-33.9s24.6-9.4 33.9 0l47 47L303 175c9.4-9.4 24.6-9.4 33.9 0s9.4 24.6 0 33.9z"></path></svg
    -                                   >Mark as Final</button
    -                                 ><button
    -                                   type="button"
    -                                   class="btn btn-secondary">
    -                                   <svg
    -                                     aria-hidden="true"
    -                                     focusable="false"
    -                                     data-prefix="fas"
    -                                     data-icon="trash-can"
    -                                     class="svg-inline--fa fa-trash-can"
    -                                     role="img"
    -                                     xmlns="http://www.w3.org/2000/svg"
    -                                     viewBox="0 0 448 512">
    -                                     <path
    -                                       fill="currentColor"
    -                                       d="M135.2 17.7C140.6 6.8 151.7 0 163.8 0H284.2c12.1 0 23.2 6.8 28.6 17.7L320 32h96c17.7 0 32 14.3 32 32s-14.3 32-32 32H32C14.3 96 0 81.7 0 64S14.3 32 32 32h96l7.2-14.3zM32 128H416V448c0 35.3-28.7 64-64 64H96c-35.3 0-64-28.7-64-64V128zm96 64c-8.8 0-16 7.2-16 16V432c0 8.8 7.2 16 16 16s16-7.2 16-16V208c0-8.8-7.2-16-16-16zm96 0c-8.8 0-16 7.2-16 16V432c0 8.8 7.2 16 16 16s16-7.2 16-16V208c0-8.8-7.2-16-16-16zm96 0c-8.8 0-16 7.2-16 16V432c0 8.8 7.2 16 16 16s16-7.2 16-16V208c0-8.8-7.2-16-16-16z"></path></svg
    -                                   >Delete Report
    -                                 </button>
    -                               </div>
    -                             </td>
    -                           </tr>
    -                         </tbody>
    -                       </table>
    -                     </div>
    -                   </div>
    -                 </div>
    -                 <h2 tabindex="-1" id="toggle-button">Toggle Button</h2>
    -                 <div class="disclosure-container test-plan-disclosure">
    -                   <h3 class="disclosure-heading">
    -                     <button
    -                       class="disclosure-button"
    -                       id="disclosure-btn-toggle-button-0"
    -                       type="button"
    -                       aria-expanded="false"
    -                       aria-controls="disclosure-btn-controls-toggle-button-0">
    -                       <span class="styled-pill"
    -                         ><span
    -                           ><svg
    -                             aria-hidden="true"
    -                             focusable="false"
    -                             data-prefix="fas"
    -                             data-icon="circle-check"
    -                             class="svg-inline--fa fa-circle-check check"
    -                             role="img"
    -                             xmlns="http://www.w3.org/2000/svg"
    -                             viewBox="0 0 512 512"
    -                             color="var(--positive-green)">
    -                             <path
    -                               fill="currentColor"
    -                               d="M256 512A256 256 0 1 0 256 0a256 256 0 1 0 0 512zM369 209L241 337c-9.4 9.4-24.6 9.4-33.9 0l-64-64c-9.4-9.4-9.4-24.6 0-33.9s24.6-9.4 33.9 0l47 47L335 175c9.4-9.4 24.6-9.4 33.9 0s9.4 24.6 0 33.9z"></path></svg
    -                           ><b>V22.05.18</b></span
    -                         ></span
    -                       >&nbsp;<span class="pill draft">Draft</span
    -                       ><svg
    -                         aria-hidden="true"
    -                         focusable="false"
    -                         data-prefix="fas"
    -                         data-icon="chevron-down"
    -                         class="svg-inline--fa fa-chevron-down disclosure-icon"
    -                         role="img"
    -                         xmlns="http://www.w3.org/2000/svg"
    -                         viewBox="0 0 512 512">
    -                         <path
    -                           fill="currentColor"
    -                           d="M233.4 406.6c12.5 12.5 32.8 12.5 45.3 0l192-192c12.5-12.5 12.5-32.8 0-45.3s-32.8-12.5-45.3 0L256 338.7 86.6 169.4c-12.5-12.5-32.8-12.5-45.3 0s-12.5 32.8 0 45.3l192 192z"></path>
    -                       </svg>
    -                     </button>
    -                   </h3>
    -                   <div
    -                     class="disclosure-content hidden"
    -                     role="region"
    -                     id="disclosure-btn-controls-toggle-button-0"
    -                     aria-labelledby="disclosure-btn-toggle-button-0">
    -                     <div class="metadata-container">
    -                       <a href="/test-review/31"
    -                         ><svg
    -                           aria-hidden="true"
    -                           focusable="false"
    -                           data-prefix="fas"
    -                           data-icon="arrow-up-right-from-square"
    -                           class="svg-inline--fa fa-arrow-up-right-from-square fa-xs dark-gray"
    -                           role="img"
    -                           xmlns="http://www.w3.org/2000/svg"
    -                           viewBox="0 0 512 512">
    -                           <path
    -                             fill="currentColor"
    -                             d="M320 0c-17.7 0-32 14.3-32 32s14.3 32 32 32h82.7L201.4 265.4c-12.5 12.5-12.5 32.8 0 45.3s32.8 12.5 45.3 0L448 109.3V192c0 17.7 14.3 32 32 32s32-14.3 32-32V32c0-17.7-14.3-32-32-32H320zM80 32C35.8 32 0 67.8 0 112V432c0 44.2 35.8 80 80 80H400c44.2 0 80-35.8 80-80V320c0-17.7-14.3-32-32-32s-32 14.3-32 32V432c0 8.8-7.2 16-16 16H80c-8.8 0-16-7.2-16-16V112c0-8.8 7.2-16 16-16H192c17.7 0 32-14.3 32-32s-14.3-32-32-32H80z"></path></svg
    -                         >View tests in V22.05.18</a
    -                       ><button
    -                         type="button"
    -                         class="test-plan-report-status-dialog-button btn btn-primary">
    -                         <span
    -                           ><span
    -                             class="report-status-dot reports-in-progress"></span
    -                           >Required Reports <strong>In Progress</strong></span
    -                         >
    -                       </button>
    -                       <div></div>
    -                     </div>
    -                     <div class="table-responsive">
    -                       <table
    -                         aria-label="Reports for Toggle Button V22.05.18 in draft phase"
    -                         class="test-queue table table-bordered">
    -                         <thead>
    -                           <tr>
    -                             <th>Assistive Technology</th>
    -                             <th>Browser</th>
    -                             <th>Testers</th>
    -                             <th>Status</th>
    -                             <th>Actions</th>
    -                           </tr>
    -                         </thead>
    -                         <tbody>
    -                           <tr>
    -                             <td>
    -                               <div class="version-container">
    -                                 JAWS&nbsp;<span>2021.2111.13 or later</span>
    -                               </div>
    -                             </td>
    -                             <td>
    -                               <div class="version-container">
    -                                 Chrome&nbsp;<span>Any version</span>
    -                               </div>
    -                             </td>
    -                             <td>
    -                               <div class="assign-testers-container">
    -                                 <div id="assign-testers-1" class="dropdown">
    -                                   <button
    -                                     type="button"
    -                                     aria-expanded="false"
    -                                     class="assign-testers-dropdown-button dropdown-toggle btn btn-secondary">
    -                                     <span class="sr-only">Assign Testers</span
    -                                     ><svg
    -                                       aria-hidden="true"
    -                                       focusable="false"
    -                                       data-prefix="fas"
    -                                       data-icon="user"
    -                                       class="svg-inline--fa fa-user"
    -                                       role="img"
    -                                       xmlns="http://www.w3.org/2000/svg"
    -                                       viewBox="0 0 448 512">
    -                                       <path
    -                                         fill="currentColor"
    -                                         d="M224 256A128 128 0 1 0 224 0a128 128 0 1 0 0 256zm-45.7 48C79.8 304 0 383.8 0 482.3C0 498.7 13.3 512 29.7 512H418.3c16.4 0 29.7-13.3 29.7-29.7C448 383.8 368.2 304 269.7 304H178.3z"></path>
    -                                     </svg>
    -                                   </button>
    -                                 </div>
    -                                 <button type="button" class="btn btn-secondary">
    -                                   Assign Yourself
    -                                 </button>
    -                               </div>
    -                               <ul class="assign-testers-list">
    -                                 <li class="completion-status-list-item">
    -                                   <a
    -                                     href="https://github.com/esmeralda-baggins"
    -                                     target="_blank"
    -                                     rel="noopener noreferrer"
    -                                     >esmeralda-baggins</a
    -                                   ><em>12 of 16 tests complete</em>
    -                                 </li>
    -                                 <br />
    -                                 <li class="completion-status-list-item">
    -                                   <a
    -                                     href="https://github.com/tom-proudfeet"
    -                                     target="_blank"
    -                                     rel="noopener noreferrer"
    -                                     >tom-proudfeet</a
    -                                   ><em>13 of 16 tests complete</em>
    -                                 </li>
    -                               </ul>
    -                             </td>
    -                             <td>
    -                               <div class="status-container">
    -                                 <div class="progress">
    -                                   <div
    -                                     class="front"
    -                                     style="
    -                                       clip-path: inset(0px 0px 0px 78%);
    -                                     "></div>
    -                                   <div class="back"></div>
    -                                 </div>
    -                                 <span
    -                                   >78% complete by&nbsp;2 testers&nbsp;<a
    -                                     href="/test-queue/1/conflicts"
    -                                     style="color: rgb(206, 27, 76)"
    -                                     >with 14 conflicts</a
    -                                   ></span
    -                                 >
    -                               </div>
    -                             </td>
    -                             <td>
    -                               <div class="actions-container">
    -                                 <button
    -                                   type="button"
    -                                   disabled=""
    -                                   class="btn btn-primary">
    -                                   Start Testing
    -                                 </button>
    -                                 <div class="dropdown">
    -                                   <button
    -                                     type="button"
    -                                     aria-expanded="false"
    -                                     class="dropdown-toggle btn btn-secondary">
    -                                     <svg
    -                                       aria-hidden="true"
    -                                       focusable="false"
    -                                       data-prefix="fas"
    -                                       data-icon="file-import"
    -                                       class="svg-inline--fa fa-file-import"
    -                                       role="img"
    -                                       xmlns="http://www.w3.org/2000/svg"
    -                                       viewBox="0 0 512 512">
    -                                       <path
    -                                         fill="currentColor"
    -                                         d="M128 64c0-35.3 28.7-64 64-64H352V128c0 17.7 14.3 32 32 32H512V448c0 35.3-28.7 64-64 64H192c-35.3 0-64-28.7-64-64V336H302.1l-39 39c-9.4 9.4-9.4 24.6 0 33.9s24.6 9.4 33.9 0l80-80c9.4-9.4 9.4-24.6 0-33.9l-80-80c-9.4-9.4-24.6-9.4-33.9 0s-9.4 24.6 0 33.9l39 39H128V64zm0 224v48H24c-13.3 0-24-10.7-24-24s10.7-24 24-24H128zM512 128H384V0L512 128z"></path></svg
    -                                     >Open run as...
    -                                   </button>
    -                                 </div>
    -                                 <button
    -                                   type="button"
    -                                   disabled=""
    -                                   class="btn btn-secondary">
    -                                   <svg
    -                                     aria-hidden="true"
    -                                     focusable="false"
    -                                     data-prefix="fas"
    -                                     data-icon="square-check"
    -                                     class="svg-inline--fa fa-square-check"
    -                                     role="img"
    -                                     xmlns="http://www.w3.org/2000/svg"
    -                                     viewBox="0 0 448 512">
    -                                     <path
    -                                       fill="currentColor"
    -                                       d="M64 32C28.7 32 0 60.7 0 96V416c0 35.3 28.7 64 64 64H384c35.3 0 64-28.7 64-64V96c0-35.3-28.7-64-64-64H64zM337 209L209 337c-9.4 9.4-24.6 9.4-33.9 0l-64-64c-9.4-9.4-9.4-24.6 0-33.9s24.6-9.4 33.9 0l47 47L303 175c9.4-9.4 24.6-9.4 33.9 0s9.4 24.6 0 33.9z"></path></svg
    -                                   >Mark as Final</button
    -                                 ><button
    -                                   type="button"
    -                                   class="btn btn-secondary">
    -                                   <svg
    -                                     aria-hidden="true"
    -                                     focusable="false"
    -                                     data-prefix="fas"
    -                                     data-icon="trash-can"
    -                                     class="svg-inline--fa fa-trash-can"
    -                                     role="img"
    -                                     xmlns="http://www.w3.org/2000/svg"
    -                                     viewBox="0 0 448 512">
    -                                     <path
    -                                       fill="currentColor"
    -                                       d="M135.2 17.7C140.6 6.8 151.7 0 163.8 0H284.2c12.1 0 23.2 6.8 28.6 17.7L320 32h96c17.7 0 32 14.3 32 32s-14.3 32-32 32H32C14.3 96 0 81.7 0 64S14.3 32 32 32h96l7.2-14.3zM32 128H416V448c0 35.3-28.7 64-64 64H96c-35.3 0-64-28.7-64-64V128zm96 64c-8.8 0-16 7.2-16 16V432c0 8.8 7.2 16 16 16s16-7.2 16-16V208c0-8.8-7.2-16-16-16zm96 0c-8.8 0-16 7.2-16 16V432c0 8.8 7.2 16 16 16s16-7.2 16-16V208c0-8.8-7.2-16-16-16zm96 0c-8.8 0-16 7.2-16 16V432c0 8.8 7.2 16 16 16s16-7.2 16-16V208c0-8.8-7.2-16-16-16z"></path></svg
    -                                   >Delete Report
    -                                 </button>
    -                               </div>
    -                             </td>
    -                           </tr>
    -                         </tbody>
    -                       </table>
    -                     </div>
    -                   </div>
    -                 </div>
    -               </div>
    -             </div>
    -             <div
    -               role="tabpanel"
    -               id="panel-1"
    -               aria-labelledby="tab-1"
    -               hidden=""
    -               tabindex="0"
    -               class="tab-panel">
    -               <div>
    -                 <h2 id="rerun-heading" class="rerun-header">
    -                   Reports with Available Updates
    -                 </h2>
    -                 <div class="rerun-opportunity">
    -                   <div class="disclosure-container">
    -                     <h3 class="disclosure-heading">
    -                       <button
    -                         class="disclosure-button"
    -                         id="disclosure-btn-rerun-disclosure-4-0"
    -                         type="button"
    -                         aria-expanded="false"
    -                         aria-controls="disclosure-btn-controls-rerun-disclosure-4-0">
    -                         <span class="bot-name">
    -                           NVDA Bot 2023.3.3<span class="report-count">
    -                             (1 report to update)</span
    -                           ></span
    -                         ><svg
    -                           aria-hidden="true"
    -                           focusable="false"
    -                           data-prefix="fas"
    -                           data-icon="chevron-down"
    -                           class="svg-inline--fa fa-chevron-down disclosure-icon"
    -                           role="img"
    -                           xmlns="http://www.w3.org/2000/svg"
    -                           viewBox="0 0 512 512">
    -                           <path
    -                             fill="currentColor"
    -                             d="M233.4 406.6c12.5 12.5 32.8 12.5 45.3 0l192-192c12.5-12.5 12.5-32.8 0-45.3s-32.8-12.5-45.3 0L256 338.7 86.6 169.4c-12.5-12.5-32.8-12.5-45.3 0s-12.5 32.8 0 45.3l192 192z"></path>
    -                         </svg>
    -                       </button>
    -                     </h3>
    -                     <div
    -                       class="disclosure-content hidden"
    -                       role="region"
    -                       id="disclosure-btn-controls-rerun-disclosure-4-0"
    -                       aria-labelledby="disclosure-btn-rerun-disclosure-4-0">
    -                       <div class="report-description">
    -                         <p>
    -                           NVDA Bot 2023.3.3 has been recently added to the
    -                           system.
    -                         </p>
    -                         <p>
    -                           The following 1 report generated with 1 earlier
    -                           version of NVDA Bot can be automatically updated with
    -                           the "Start Generating Reports" button below.
    -                         </p>
    -                       </div>
    -                       <div class="action-header">
    -                         <button
    -                           class="rerun-button"
    -                           aria-label="Start generating reports for 1 reports with NVDA Bot 2023.3.3">
    -                           Start Generating Reports
    -                         </button>
    -                       </div>
    -                       <div class="report-table-container">
    -                         <table class="report-table">
    -                           <caption class="sr-only">
    -                             Reports generated from prior NVDA Bot versions
    -                           </caption>
    -                           <thead>
    -                             <tr>
    -                               <th scope="col">AT Version</th>
    -                               <th scope="col">Test Plan</th>
    -                               <th scope="col">Report Date</th>
    -                             </tr>
    -                           </thead>
    -                           <tbody>
    -                             <tr>
    -                               <td>2020.4</td>
    -                               <td>Modal Dialog Example</td>
    -                               <td>6 Jul 2022</td>
    -                             </tr>
    -                           </tbody>
    -                         </table>
    -                       </div>
    -                     </div>
    -                   </div>
    -                 </div>
    -                 <div class="rerun-opportunity">
    -                   <div class="disclosure-container">
    -                     <h3 class="disclosure-heading">
    -                       <button
    -                         class="disclosure-button"
    -                         id="disclosure-btn-rerun-disclosure-6-0"
    -                         type="button"
    -                         aria-expanded="false"
    -                         aria-controls="disclosure-btn-controls-rerun-disclosure-6-0">
    -                         <span class="bot-name">
    -                           VoiceOver for macOS Bot 14.0<span
    -                             class="report-count">
    -                             (4 reports to update)</span
    -                           ></span
    -                         ><svg
    -                           aria-hidden="true"
    -                           focusable="false"
    -                           data-prefix="fas"
    -                           data-icon="chevron-down"
    -                           class="svg-inline--fa fa-chevron-down disclosure-icon"
    -                           role="img"
    -                           xmlns="http://www.w3.org/2000/svg"
    -                           viewBox="0 0 512 512">
    -                           <path
    -                             fill="currentColor"
    -                             d="M233.4 406.6c12.5 12.5 32.8 12.5 45.3 0l192-192c12.5-12.5 12.5-32.8 0-45.3s-32.8-12.5-45.3 0L256 338.7 86.6 169.4c-12.5-12.5-32.8-12.5-45.3 0s-12.5 32.8 0 45.3l192 192z"></path>
    -                         </svg>
    -                       </button>
    -                     </h3>
    -                     <div
    -                       class="disclosure-content hidden"
    -                       role="region"
    -                       id="disclosure-btn-controls-rerun-disclosure-6-0"
    -                       aria-labelledby="disclosure-btn-rerun-disclosure-6-0">
    -                       <div class="report-description">
    -                         <p>
    -                           VoiceOver for macOS Bot 14.0 has been recently added
    -                           to the system.
    -                         </p>
    -                         <p>
    -                           The following 4 reports generated with 2 earlier
    -                           versions of VoiceOver for macOS Bot can be
    -                           automatically updated with the "Start Generating
    -                           Reports" button below.
    -                         </p>
    -                       </div>
    -                       <div class="action-header">
    -                         <button
    -                           class="rerun-button"
    -                           aria-label="Start generating reports for 4 reports with VoiceOver for macOS Bot 14.0">
    -                           Start Generating Reports
    -                         </button>
    -                       </div>
    -                       <div class="report-table-container">
    -                         <table class="report-table">
    -                           <caption class="sr-only">
    -                             Reports generated from prior VoiceOver for macOS Bot
    -                             versions
    -                           </caption>
    -                           <thead>
    -                             <tr>
    -                               <th scope="col">AT Version</th>
    -                               <th scope="col">Test Plan</th>
    -                               <th scope="col">Report Date</th>
    -                             </tr>
    -                           </thead>
    -                           <tbody>
    -                             <tr>
    -                               <td>13.0</td>
    -                               <td>
    -                                 Action Menu Button Example Using
    -                                 aria-activedescendant
    -                               </td>
    -                               <td>3 Oct 2024</td>
    -                             </tr>
    -                             <tr>
    -                               <td>11.6 (20G165)</td>
    -                               <td>
    -                                 Action Menu Button Example Using
    -                                 aria-activedescendant
    -                               </td>
    -                               <td>21 Sep 2024</td>
    -                             </tr>
    -                             <tr>
    -                               <td>11.6 (20G165)</td>
    -                               <td>Modal Dialog Example</td>
    -                               <td>6 Jul 2022</td>
    -                             </tr>
    -                             <tr>
    -                               <td>11.6 (20G165)</td>
    -                               <td>Checkbox Example (Mixed-State)</td>
    -                               <td>6 Jul 2022</td>
    -                             </tr>
    -                           </tbody>
    -                         </table>
    -                       </div>
    -                     </div>
    -                   </div>
    -                 </div>
    -                 <div class="events-section" tabindex="-1">
    -                   <div class="events-header">
    -                     <div class="events-header-container">
    -                       <h2 id="events-heading">Update Events</h2>
    -                       <button class="refresh-button" aria-label="Refresh">
    -                         <i class="fas fa-sync-alt" aria-hidden="true"></i>
    -                       </button>
    -                     </div>
    -                   </div>
    -                   <div class="events-content" aria-live="polite" role="log">
    -                     <div class="table-responsive">
    -                       <table
    -                         aria-label="Test plan rerun events history"
    -                         class="table">
    -                         <thead>
    -                           <tr>
    -                             <th scope="col">Time</th>
    -                             <th scope="col">Message</th>
    -                           </tr>
    -                         </thead>
    -                         <tbody>
    -                           <tr>
    -                             <td class="timestamp-cell">20 Sep 2024 13:57</td>
    -                             <td class="message-cell">
    -                               Test plan report for Modal Dialog Example run with
    -                               NVDA 2024.4.1 and Chrome had identical outputs to
    -                               the historical report, verdicts were copied, and
    -                               the report was finalized
    -                             </td>
    -                           </tr>
    -                         </tbody>
    -                       </table>
    -                     </div>
    -                   </div>
    -                 </div>
    -               </div>
    -             </div>
    +           <h1>Test Queue</h1>
    +           <div
    +             class="alert alert-danger"
    +             role="alert"
    +             data-testid="page-status">
    +             permission denied for table Vendor
                </div>
              </main>
            </div>
            <span
              class="visually-hidden-aria-live-region"

      22 |
      23 |         const existingSnapshot = await fs.readFile(snapshotPath, 'utf-8');
    > 24 |         expect(currentSnapshot.trim()).toBe(existingSnapshot.trim());
         |                                        ^
      25 |       });
      26 |     });
      27 |   });

      at toBe (tests/e2e/snapshots/snapshotTest.e2e.test.js:24:40)
      at call (tests/e2e/snapshots/snapshotTest.e2e.test.js:2:1)
      at Generator.tryCatch (tests/e2e/snapshots/snapshotTest.e2e.test.js:2:1)
      at Generator._invoke [as next] (tests/e2e/snapshots/snapshotTest.e2e.test.js:2:1)
      at asyncGeneratorStep (tests/e2e/snapshots/snapshotTest.e2e.test.js:2:1)
      at asyncGeneratorStep (tests/e2e/snapshots/snapshotTest.e2e.test.js:2:1)

  ● Snapshot Comparison › should match snapshot for /reports

    expect(received).toBe(expected) // Object.is equality

    - Expected  - 34
    + Received  +  1

    @@ -41,44 +41,11 @@
                      <a aria-current="false" class="nav-link" href="/test-queue"
                        >Test Queue</a
                      >
                    </li>
                    <li>
    -                 <a
    -                   aria-current="false"
    -                   class="nav-link"
    -                   href="/candidate-review"
    -                   >Candidate Review</a
    -                 >
    -               </li>
    -               <li>
    -                 <a
    -                   aria-current="false"
    -                   class="nav-link"
    -                   href="/account/settings"
    -                   >Settings</a
    -                 >
    -               </li>
    -               <li class="signed-in-wrapper">
    -                 <div class="signed-in" id="signed-in">
    -                   <svg
    -                     aria-hidden="true"
    -                     focusable="false"
    -                     data-prefix="fas"
    -                     data-icon="circle-user"
    -                     class="svg-inline--fa fa-circle-user"
    -                     role="img"
    -                     xmlns="http://www.w3.org/2000/svg"
    -                     viewBox="0 0 512 512">
    -                     <path
    -                       fill="currentColor"
    -                       d="M399 384.2C376.9 345.8 335.4 320 288 320H224c-47.4 0-88.9 25.8-111 64.2c35.2 39.2 86.2 63.8 143 63.8s107.8-24.7 143-63.8zM0 256a256 256 0 1 1 512 0A256 256 0 1 1 0 256zm256 16a72 72 0 1 0 0-144 72 72 0 1 0 0 144z"></path></svg
    -                   >Signed in as <b>joe-the-admin</b>
    -                 </div>
    -                 <a aria-describedby="signed-in" class="nav-link" href="/"
    -                   >Sign out</a
    -                 >
    +                 <a class="nav-link" href="/reports">Sign in with GitHub</a>
                    </li>
                  </div>
                </div>
              </nav>
            </div>

      22 |
      23 |         const existingSnapshot = await fs.readFile(snapshotPath, 'utf-8');
    > 24 |         expect(currentSnapshot.trim()).toBe(existingSnapshot.trim());
         |                                        ^
      25 |       });
      26 |     });
      27 |   });

      at toBe (tests/e2e/snapshots/snapshotTest.e2e.test.js:24:40)
      at call (tests/e2e/snapshots/snapshotTest.e2e.test.js:2:1)
      at Generator.tryCatch (tests/e2e/snapshots/snapshotTest.e2e.test.js:2:1)
      at Generator._invoke [as next] (tests/e2e/snapshots/snapshotTest.e2e.test.js:2:1)
      at asyncGeneratorStep (tests/e2e/snapshots/snapshotTest.e2e.test.js:2:1)
      at asyncGeneratorStep (tests/e2e/snapshots/snapshotTest.e2e.test.js:2:1)

  ● Snapshot Comparison › should match snapshot for /candidate-review

    expect(received).toBe(expected) // Object.is equality

    - Expected  - 319
    + Received  +  14

    @@ -4,11 +4,11 @@
          <meta charset="UTF-8" />
          <meta name="google" content="notranslate" />
          <meta name="viewport" content="width=device-width, initial-scale=1" />

          <link rel="shortcut icon" href="data:image/x-icon;," type="image/x-icon" />
    -     <title>Candidate Review | ARIA-AT</title>
    +     <title>Invalid Request | ARIA-AT</title>
        </head>
        <body>
          <div id="root">
            <div class="container-fluid">
              <nav
    @@ -41,328 +41,23 @@
                      <a aria-current="false" class="nav-link" href="/test-queue"
                        >Test Queue</a
                      >
                    </li>
                    <li>
    -                 <a aria-current="true" class="nav-link" href="/candidate-review"
    -                   >Candidate Review</a
    -                 >
    -               </li>
    -               <li>
    -                 <a
    -                   aria-current="false"
    -                   class="nav-link"
    -                   href="/account/settings"
    -                   >Settings</a
    -                 >
    -               </li>
    -               <li class="signed-in-wrapper">
    -                 <div class="signed-in" id="signed-in">
    -                   <svg
    -                     aria-hidden="true"
    -                     focusable="false"
    -                     data-prefix="fas"
    -                     data-icon="circle-user"
    -                     class="svg-inline--fa fa-circle-user"
    -                     role="img"
    -                     xmlns="http://www.w3.org/2000/svg"
    -                     viewBox="0 0 512 512">
    -                     <path
    -                       fill="currentColor"
    -                       d="M399 384.2C376.9 345.8 335.4 320 288 320H224c-47.4 0-88.9 25.8-111 64.2c35.2 39.2 86.2 63.8 143 63.8s107.8-24.7 143-63.8zM0 256a256 256 0 1 1 512 0A256 256 0 1 1 0 256zm256 16a72 72 0 1 0 0-144 72 72 0 1 0 0 144z"></path></svg
    -                   >Signed in as <b>joe-the-admin</b>
    -                 </div>
    -                 <a aria-describedby="signed-in" class="nav-link" href="/"
    -                   >Sign out</a
    -                 >
    -               </li>
    -             </div>
    -           </div>
    -         </nav>
    -       </div>
    -       <div class="container-fluid">
    -         <main id="main" tabindex="-1" class="fh-container container">
    -           <h1>Candidate Review</h1>
    -           <h2>Introduction</h2>
    -           <p>
    -             This page summarizes the test results for each AT and Browser which
    -             executed the Test Plan.
    -           </p>
    -           <div
    -             class="disclosure-container candidate-review-custom-disclosure-component">
    -             <h3 class="disclosure-heading">
    -               <button
    -                 class="disclosure-button"
    -                 id="disclosure-btn-candidateReviewRuns-JAWS"
    -                 type="button"
    -                 aria-expanded="true"
    -                 aria-controls="disclosure-btn-controls-candidateReviewRuns-JAWS">
    -                 JAWS<svg
    -                   aria-hidden="true"
    -                   focusable="false"
    -                   data-prefix="fas"
    -                   data-icon="chevron-up"
    -                   class="svg-inline--fa fa-chevron-up disclosure-icon"
    -                   role="img"
    -                   xmlns="http://www.w3.org/2000/svg"
    -                   viewBox="0 0 512 512">
    -                   <path
    -                     fill="currentColor"
    -                     d="M233.4 105.4c12.5-12.5 32.8-12.5 45.3 0l192 192c12.5 12.5 12.5 32.8 0 45.3s-32.8 12.5-45.3 0L256 173.3 86.6 342.6c-12.5 12.5-32.8 12.5-45.3 0s-12.5-32.8 0-45.3l192-192z"></path>
    -                 </svg>
    -               </button>
    -             </h3>
    -             <div
    -               class="disclosure-content visible"
    -               role="region"
    -               id="disclosure-btn-controls-candidateReviewRuns-JAWS"
    -               aria-labelledby="disclosure-btn-candidateReviewRuns-JAWS">
    -               <div class="table-responsive">
    -                 <table aria-label="JAWS" class="table table-bordered">
    -                   <thead>
    -                     <tr>
    -                       <th>Candidate Test Plans</th>
    -                       <th class="centered-text">Last Updated</th>
    -                       <th class="centered-text">Target Completion Date</th>
    -                       <th class="centered-text">Review Status</th>
    -                       <th class="centered-text">Results Summary</th>
    -                     </tr>
    -                   </thead>
    -                   <tbody>
    -                     <tr>
    -                       <th>
    -                         <a href="/candidate-test-plan/24/1"
    -                           >Modal Dialog Example V22.05.26 (18 Tests)</a
    -                         >
    -                       </th>
    -                       <td class="centered-text vertical"><i>Jul 6, 2022</i></td>
    -                       <td class="centered-text vertical"><i>Jan 2, 2023</i></td>
    -                       <td class="centered-text vertical">
    -                         <span class="status-text changes-requested"
    -                           ><svg
    -                             aria-hidden="true"
    -                             focusable="false"
    -                             data-prefix="fas"
    -                             data-icon="flag"
    -                             class="svg-inline--fa fa-flag"
    -                             role="img"
    -                             xmlns="http://www.w3.org/2000/svg"
    -                             viewBox="0 0 448 512">
    -                             <path
    -                               fill="currentColor"
    -                               d="M64 32C64 14.3 49.7 0 32 0S0 14.3 0 32V64 368 480c0 17.7 14.3 32 32 32s32-14.3 32-32V352l64.3-16.1c41.1-10.3 84.6-5.5 122.5 13.4c44.2 22.1 95.5 24.8 141.7 7.4l34.7-13c12.5-4.7 20.8-16.6 20.8-30V66.1c0-23-24.2-38-44.8-27.7l-9.6 4.8c-46.3 23.2-100.8 23.2-147.1 0c-35.1-17.6-75.4-22-113.5-12.5L64 48V32z"></path></svg
    -                           >Changes requested for 1 test</span
    -                         >
    -                       </td>
    -                       <td class="centered-text vertical">
    -                         <a aria-label="97%" href="/candidate-test-plan/24/1"
    -                           ><div class="progress">
    -                             <div
    -                               class="front"
    -                               style="clip-path: inset(0px 0px 0px 97%)">
    -                               97%
    -                             </div>
    -                             <div class="back">97%</div>
    -                           </div></a
    -                         ><span class="cell-row"
    -                           ><i
    -                             ><b>3 assertions</b> failed across
    -                             <b>3 tests</b> run with <b>1 browser</b></i
    -                           ></span
    -                         >
    -                       </td>
    -                     </tr>
    -                   </tbody>
    -                 </table>
    -               </div>
    -             </div>
    -           </div>
    -           <div
    -             class="disclosure-container candidate-review-custom-disclosure-component">
    -             <h3 class="disclosure-heading">
    -               <button
    -                 class="disclosure-button"
    -                 id="disclosure-btn-candidateReviewRuns-NVDA"
    -                 type="button"
    -                 aria-expanded="true"
    -                 aria-controls="disclosure-btn-controls-candidateReviewRuns-NVDA">
    -                 NVDA<svg
    -                   aria-hidden="true"
    -                   focusable="false"
    -                   data-prefix="fas"
    -                   data-icon="chevron-up"
    -                   class="svg-inline--fa fa-chevron-up disclosure-icon"
    -                   role="img"
    -                   xmlns="http://www.w3.org/2000/svg"
    -                   viewBox="0 0 512 512">
    -                   <path
    -                     fill="currentColor"
    -                     d="M233.4 105.4c12.5-12.5 32.8-12.5 45.3 0l192 192c12.5 12.5 12.5 32.8 0 45.3s-32.8 12.5-45.3 0L256 173.3 86.6 342.6c-12.5 12.5-32.8 12.5-45.3 0s-12.5-32.8 0-45.3l192-192z"></path>
    -                 </svg>
    -               </button>
    -             </h3>
    -             <div
    -               class="disclosure-content visible"
    -               role="region"
    -               id="disclosure-btn-controls-candidateReviewRuns-NVDA"
    -               aria-labelledby="disclosure-btn-candidateReviewRuns-NVDA">
    -               <div class="table-responsive">
    -                 <table aria-label="NVDA" class="table table-bordered">
    -                   <thead>
    -                     <tr>
    -                       <th>Candidate Test Plans</th>
    -                       <th class="centered-text">Last Updated</th>
    -                       <th class="centered-text">Target Completion Date</th>
    -                       <th class="centered-text">Review Status</th>
    -                       <th class="centered-text">Results Summary</th>
    -                     </tr>
    -                   </thead>
    -                   <tbody>
    -                     <tr>
    -                       <th>
    -                         <a href="/candidate-test-plan/24/2"
    -                           >Modal Dialog Example V22.05.26 (18 Tests)</a
    -                         >
    -                       </th>
    -                       <td class="centered-text vertical"><i>Jul 6, 2022</i></td>
    -                       <td class="centered-text vertical"><i>Jan 2, 2023</i></td>
    -                       <td class="centered-text vertical"></td>
    -                       <td class="centered-text vertical">
    -                         <a aria-label="97%" href="/candidate-test-plan/24/2"
    -                           ><div class="progress">
    -                             <div
    -                               class="front"
    -                               style="clip-path: inset(0px 0px 0px 97%)">
    -                               97%
    -                             </div>
    -                             <div class="back">97%</div>
    -                           </div></a
    -                         ><span class="cell-row"
    -                           ><i
    -                             ><b>3 assertions</b> failed across
    -                             <b>3 tests</b> run with <b>1 browser</b></i
    -                           ></span
    -                         >
    -                       </td>
    -                     </tr>
    -                   </tbody>
    -                 </table>
    -               </div>
    -             </div>
    -           </div>
    -           <div
    -             class="disclosure-container candidate-review-custom-disclosure-component">
    -             <h3 class="disclosure-heading">
    -               <button
    -                 class="disclosure-button"
    -                 id="disclosure-btn-candidateReviewRuns-VoiceOver for macOS"
    -                 type="button"
    -                 aria-expanded="true"
    -                 aria-controls="disclosure-btn-controls-candidateReviewRuns-VoiceOver for macOS">
    -                 VoiceOver for macOS<svg
    -                   aria-hidden="true"
    -                   focusable="false"
    -                   data-prefix="fas"
    -                   data-icon="chevron-up"
    -                   class="svg-inline--fa fa-chevron-up disclosure-icon"
    -                   role="img"
    -                   xmlns="http://www.w3.org/2000/svg"
    -                   viewBox="0 0 512 512">
    -                   <path
    -                     fill="currentColor"
    -                     d="M233.4 105.4c12.5-12.5 32.8-12.5 45.3 0l192 192c12.5 12.5 12.5 32.8 0 45.3s-32.8 12.5-45.3 0L256 173.3 86.6 342.6c-12.5 12.5-32.8 12.5-45.3 0s-12.5-32.8 0-45.3l192-192z"></path>
    -                 </svg>
    -               </button>
    -             </h3>
    -             <div
    -               class="disclosure-content visible"
    -               role="region"
    -               id="disclosure-btn-controls-candidateReviewRuns-VoiceOver for macOS"
    -               aria-labelledby="disclosure-btn-candidateReviewRuns-VoiceOver for macOS">
    -               <div class="table-responsive">
    -                 <table
    -                   aria-label="VoiceOver for macOS"
    -                   class="table table-bordered">
    -                   <thead>
    -                     <tr>
    -                       <th>Candidate Test Plans</th>
    -                       <th class="centered-text">Last Updated</th>
    -                       <th class="centered-text">Target Completion Date</th>
    -                       <th class="centered-text">Review Status</th>
    -                       <th class="centered-text">Results Summary</th>
    -                     </tr>
    -                   </thead>
    -                   <tbody>
    -                     <tr>
    -                       <th>
    -                         <a href="/candidate-test-plan/24/3"
    -                           >Modal Dialog Example V22.05.26 (11 Tests)</a
    -                         >
    -                       </th>
    -                       <td class="centered-text vertical"><i>Jul 6, 2022</i></td>
    -                       <td class="centered-text vertical"><i>Jan 2, 2023</i></td>
    -                       <td class="centered-text vertical"></td>
    -                       <td class="centered-text vertical">
    -                         <a aria-label="97%" href="/candidate-test-plan/24/3"
    -                           ><div class="progress">
    -                             <div
    -                               class="front"
    -                               style="clip-path: inset(0px 0px 0px 97%)">
    -                               97%
    -                             </div>
    -                             <div class="back">97%</div>
    -                           </div></a
    -                         ><span class="cell-row"
    -                           ><i
    -                             ><b>3 assertions</b> failed across
    -                             <b>3 tests</b> run with <b>1 browser</b></i
    -                           ></span
    -                         >
    -                       </td>
    -                     </tr>
    -                   </tbody>
    -                 </table>
    -               </div>
    -             </div>
    -           </div>
    -           <h3>Review Status Summary</h3>
    -           <div class="table-responsive">
    -             <table class="table table-bordered">
    -               <thead>
    -                 <tr>
    -                   <th>Test Plan</th>
    -                   <th class="centered-text">JAWS</th>
    -                   <th class="centered-text">NVDA</th>
    -                   <th class="centered-text">VoiceOver for macOS</th>
    -                 </tr>
    -               </thead>
    -               <tbody>
    -                 <tr>
    -                   <td>Modal Dialog Example V22.05.26</td>
    -                   <td class="centered-text vertical">
    -                     <span class="status-text changes-requested"
    -                       ><svg
    -                         aria-hidden="true"
    -                         focusable="false"
    -                         data-prefix="fas"
    -                         data-icon="flag"
    -                         class="svg-inline--fa fa-flag"
    -                         role="img"
    -                         xmlns="http://www.w3.org/2000/svg"
    -                         viewBox="0 0 448 512">
    -                         <path
    -                           fill="currentColor"
    -                           d="M64 32C64 14.3 49.7 0 32 0S0 14.3 0 32V64 368 480c0 17.7 14.3 32 32 32s32-14.3 32-32V352l64.3-16.1c41.1-10.3 84.6-5.5 122.5 13.4c44.2 22.1 95.5 24.8 141.7 7.4l34.7-13c12.5-4.7 20.8-16.6 20.8-30V66.1c0-23-24.2-38-44.8-27.7l-9.6 4.8c-46.3 23.2-100.8 23.2-147.1 0c-35.1-17.6-75.4-22-113.5-12.5L64 48V32z"></path></svg
    -                       >Changes requested for 1 test</span
    -                     >
    -                   </td>
    -                   <td class="centered-text vertical"></td>
    -                   <td class="centered-text vertical"></td>
    -                 </tr>
    -               </tbody>
    -             </table>
    -           </div>
    +                 <a class="nav-link" href="/invalid-request"
    +                   >Sign in with GitHub</a
    +                 >
    +               </li>
    +             </div>
    +           </div>
    +         </nav>
    +       </div>
    +       <div class="container-fluid">
    +         <main id="main" tabindex="-1" class="container">
    +           <section class="invalid-request">
    +             <div><h1>Whoops! Unable to complete request</h1></div>
    +           </section>
              </main>
            </div>
            <span
              class="visually-hidden-aria-live-region"
              aria-live="polite"

      22 |
      23 |         const existingSnapshot = await fs.readFile(snapshotPath, 'utf-8');
    > 24 |         expect(currentSnapshot.trim()).toBe(existingSnapshot.trim());
         |                                        ^
      25 |       });
      26 |     });
      27 |   });

      at toBe (tests/e2e/snapshots/snapshotTest.e2e.test.js:24:40)
      at call (tests/e2e/snapshots/snapshotTest.e2e.test.js:2:1)
      at Generator.tryCatch (tests/e2e/snapshots/snapshotTest.e2e.test.js:2:1)
      at Generator._invoke [as next] (tests/e2e/snapshots/snapshotTest.e2e.test.js:2:1)
      at asyncGeneratorStep (tests/e2e/snapshots/snapshotTest.e2e.test.js:2:1)
      at asyncGeneratorStep (tests/e2e/snapshots/snapshotTest.e2e.test.js:2:1)

  ● Snapshot Comparison › should match snapshot for /data-management

    expect(received).toBe(expected) // Object.is equality

    - Expected  - 524
    + Received  +  80

    @@ -41,43 +41,12 @@
                      <a aria-current="false" class="nav-link" href="/test-queue"
                        >Test Queue</a
                      >
                    </li>
                    <li>
    -                 <a
    -                   aria-current="false"
    -                   class="nav-link"
    -                   href="/candidate-review"
    -                   >Candidate Review</a
    -                 >
    -               </li>
    -               <li>
    -                 <a
    -                   aria-current="false"
    -                   class="nav-link"
    -                   href="/account/settings"
    -                   >Settings</a
    -                 >
    -               </li>
    -               <li class="signed-in-wrapper">
    -                 <div class="signed-in" id="signed-in">
    -                   <svg
    -                     aria-hidden="true"
    -                     focusable="false"
    -                     data-prefix="fas"
    -                     data-icon="circle-user"
    -                     class="svg-inline--fa fa-circle-user"
    -                     role="img"
    -                     xmlns="http://www.w3.org/2000/svg"
    -                     viewBox="0 0 512 512">
    -                     <path
    -                       fill="currentColor"
    -                       d="M399 384.2C376.9 345.8 335.4 320 288 320H224c-47.4 0-88.9 25.8-111 64.2c35.2 39.2 86.2 63.8 143 63.8s107.8-24.7 143-63.8zM0 256a256 256 0 1 1 512 0A256 256 0 1 1 0 256zm256 16a72 72 0 1 0 0-144 72 72 0 1 0 0 144z"></path></svg
    -                   >Signed in as <b>joe-the-admin</b>
    -                 </div>
    -                 <a aria-describedby="signed-in" class="nav-link" href="/"
    -                   >Sign out</a
    +                 <a class="nav-link" href="/data-management"
    +                   >Sign in with GitHub</a
                      >
                    </li>
                  </div>
                </div>
              </nav>
    @@ -89,287 +58,12 @@
                <p data-testid="data-management-instructions">
                  This page provides a view of the latest test plan version
                  information, and where they currently are in the
                  <a href="https://github.com/w3c/aria-at/wiki/Working-Mode"
                    >ARIA-AT Community Group’s review process</a
    -             >.<br />Use this page to manage Test Plans in the Test Queue and
    -             their phases.
    +             >.
                </p>
    -           <div class="disclosure-container stacked">
    -             <h3 class="disclosure-heading">
    -               <button
    -                 class="disclosure-button stacked"
    -                 id="disclosure-btn-manageTestQueue-Manage Assistive Technology Versions"
    -                 type="button"
    -                 aria-expanded="false"
    -                 aria-controls="disclosure-btn-controls-manageTestQueue-Manage Assistive Technology Versions">
    -                 Manage Assistive Technology Versions<svg
    -                   aria-hidden="true"
    -                   focusable="false"
    -                   data-prefix="fas"
    -                   data-icon="chevron-down"
    -                   class="svg-inline--fa fa-chevron-down disclosure-icon"
    -                   role="img"
    -                   xmlns="http://www.w3.org/2000/svg"
    -                   viewBox="0 0 512 512">
    -                   <path
    -                     fill="currentColor"
    -                     d="M233.4 406.6c12.5 12.5 32.8 12.5 45.3 0l192-192c12.5-12.5 12.5-32.8 0-45.3s-32.8-12.5-45.3 0L256 338.7 86.6 169.4c-12.5-12.5-32.8-12.5-45.3 0s-12.5 32.8 0 45.3l192 192z"></path>
    -                 </svg>
    -               </button>
    -             </h3>
    -             <div
    -               class="disclosure-content hidden stacked"
    -               role="region"
    -               id="disclosure-btn-controls-manageTestQueue-Manage Assistive Technology Versions"
    -               aria-labelledby="disclosure-btn-manageTestQueue-Manage Assistive Technology Versions">
    -               <div class="manage-disclosure-container">
    -                 <span
    -                   >Select an assistive technology and manage its versions in the
    -                   ARIA-AT App</span
    -                 >
    -                 <div class="disclosure-row-manage-ats">
    -                   <div class="ats-container form-group">
    -                     <label class="disclosure-form-label form-label"
    -                       >Assistive Technology</label
    -                     ><select class="form-select">
    -                       <option value="1">JAWS</option>
    -                       <option value="2">NVDA</option>
    -                       <option value="3">VoiceOver for macOS</option>
    -                     </select>
    -                   </div>
    -                   <div class="at-versions-container">
    -                     <div class="form-group">
    -                       <label class="disclosure-form-label form-label"
    -                         >Available Versions</label
    -                       ><select class="form-select">
    -                         <option value="1">2021.2111.13</option>
    -                       </select>
    -                     </div>
    -                     <div class="disclosure-buttons-row">
    -                       <button>Add a New Version</button
    -                       ><button>
    -                         <svg
    -                           aria-hidden="true"
    -                           focusable="false"
    -                           data-prefix="fas"
    -                           data-icon="pen-to-square"
    -                           class="svg-inline--fa fa-pen-to-square"
    -                           role="img"
    -                           xmlns="http://www.w3.org/2000/svg"
    -                           viewBox="0 0 512 512">
    -                           <path
    -                             fill="currentColor"
    -                             d="M471.6 21.7c-21.9-21.9-57.3-21.9-79.2 0L362.3 51.7l97.9 97.9 30.1-30.1c21.9-21.9 21.9-57.3 0-79.2L471.6 21.7zm-299.2 220c-6.1 6.1-10.8 13.6-13.5 21.9l-29.6 88.8c-2.9 8.6-.6 18.1 5.8 24.6s15.9 8.7 24.6 5.8l88.8-29.6c8.2-2.7 15.7-7.4 21.9-13.5L437.7 172.3 339.7 74.3 172.4 241.7zM96 64C43 64 0 107 0 160V416c0 53 43 96 96 96H352c53 0 96-43 96-96V320c0-17.7-14.3-32-32-32s-32 14.3-32 32v96c0 17.7-14.3 32-32 32H96c-17.7 0-32-14.3-32-32V160c0-17.7 14.3-32 32-32h96c17.7 0 32-14.3 32-32s-14.3-32-32-32H96z"></path></svg
    -                         >Edit</button
    -                       ><button>
    -                         <svg
    -                           aria-hidden="true"
    -                           focusable="false"
    -                           data-prefix="fas"
    -                           data-icon="trash-can"
    -                           class="svg-inline--fa fa-trash-can"
    -                           role="img"
    -                           xmlns="http://www.w3.org/2000/svg"
    -                           viewBox="0 0 448 512">
    -                           <path
    -                             fill="currentColor"
    -                             d="M135.2 17.7C140.6 6.8 151.7 0 163.8 0H284.2c12.1 0 23.2 6.8 28.6 17.7L320 32h96c17.7 0 32 14.3 32 32s-14.3 32-32 32H32C14.3 96 0 81.7 0 64S14.3 32 32 32h96l7.2-14.3zM32 128H416V448c0 35.3-28.7 64-64 64H96c-35.3 0-64-28.7-64-64V128zm96 64c-8.8 0-16 7.2-16 16V432c0 8.8 7.2 16 16 16s16-7.2 16-16V208c0-8.8-7.2-16-16-16zm96 0c-8.8 0-16 7.2-16 16V432c0 8.8 7.2 16 16 16s16-7.2 16-16V208c0-8.8-7.2-16-16-16zm96 0c-8.8 0-16 7.2-16 16V432c0 8.8 7.2 16 16 16s16-7.2 16-16V208c0-8.8-7.2-16-16-16z"></path></svg
    -                         >Remove
    -                       </button>
    -                     </div>
    -                   </div>
    -                 </div>
    -               </div>
    -             </div>
    -             <h3 class="disclosure-heading">
    -               <button
    -                 class="disclosure-button stacked"
    -                 id="disclosure-btn-manageTestQueue-Add Test Plans to the Test Queue"
    -                 type="button"
    -                 aria-expanded="false"
    -                 aria-controls="disclosure-btn-controls-manageTestQueue-Add Test Plans to the Test Queue">
    -                 Add Test Plans to the Test Queue<svg
    -                   aria-hidden="true"
    -                   focusable="false"
    -                   data-prefix="fas"
    -                   data-icon="chevron-down"
    -                   class="svg-inline--fa fa-chevron-down disclosure-icon"
    -                   role="img"
    -                   xmlns="http://www.w3.org/2000/svg"
    -                   viewBox="0 0 512 512">
    -                   <path
    -                     fill="currentColor"
    -                     d="M233.4 406.6c12.5 12.5 32.8 12.5 45.3 0l192-192c12.5-12.5 12.5-32.8 0-45.3s-32.8-12.5-45.3 0L256 338.7 86.6 169.4c-12.5-12.5-32.8-12.5-45.3 0s-12.5 32.8 0 45.3l192 192z"></path>
    -                 </svg>
    -               </button>
    -             </h3>
    -             <div
    -               class="disclosure-content hidden stacked"
    -               role="region"
    -               id="disclosure-btn-controls-manageTestQueue-Add Test Plans to the Test Queue"
    -               aria-labelledby="disclosure-btn-manageTestQueue-Add Test Plans to the Test Queue">
    -               <div class="manage-disclosure-container">
    -                 <span
    -                   >Select a test plan, assistive technology and browser to add a
    -                   new test plan report to the test queue.</span
    -                 >
    -                 <div class="disclosure-row-test-plans">
    -                   <div class="form-group">
    -                     <label class="disclosure-form-label form-label"
    -                       >Test Plan</label
    -                     ><select class="form-select">
    -                       <option value="81">Accordion</option>
    -                       <option value="89">
    -                         Action Menu Button Example Using aria-activedescendant
    -                       </option>
    -                       <option value="88">
    -                         Action Menu Button Example Using element.focus()
    -                       </option>
    -                       <option value="82">Alert Example</option>
    -                       <option value="34">Banner Landmark</option>
    -                       <option value="66">Breadcrumb Example</option>
    -                       <option value="67">Checkbox Example (Mixed-State)</option>
    -                       <option value="36">Checkbox Example (Two State)</option>
    -                       <option value="85">Color Viewer Slider</option>
    -                       <option value="38">
    -                         Combobox with Both List and Inline Autocomplete Example
    -                       </option>
    -                       <option value="83">Command Button Example</option>
    -                       <option value="41">Complementary Landmark</option>
    -                       <option value="42">Contentinfo Landmark</option>
    -                       <option value="55">
    -                         Data Grid Example 1: Minimal Data Grid
    -                       </option>
    -                       <option value="43">
    -                         Date Picker Spin Button Example
    -                       </option>
    -                       <option value="84">
    -                         Disclosure Navigation Menu Example
    -                       </option>
    -                       <option value="44">
    -                         Disclosure of Answers to Frequently Asked Questions
    -                         Example
    -                       </option>
    -                       <option value="53">Editor Menubar Example</option>
    -                       <option value="46">Form Landmark</option>
    -                       <option value="75">Horizontal Multi-Thumb Slider</option>
    -                       <option value="78">
    -                         Link Example 1 (span element with text content)
    -                       </option>
    -                       <option value="87">
    -                         Link Example 2 (img element with alt attribute)
    -                       </option>
    -                       <option value="86">
    -                         Link Example 3 (CSS :before content property on a span
    -                         element)
    -                       </option>
    -                       <option value="49">Main Landmark</option>
    -                       <option value="95">Media Seek Slider</option>
    -                       <option value="54">Meter</option>
    -                       <option value="91">Modal Dialog Example</option>
    -                       <option value="90">Navigation Menu Button</option>
    -                       <option value="93">
    -                         Radio Group Example Using Roving tabindex
    -                       </option>
    -                       <option value="92">
    -                         Radio Group Example Using aria-activedescendant
    -                       </option>
    -                       <option value="94">Rating Radio Group</option>
    -                       <option value="59">Rating Slider</option>
    -                       <option value="7">Select Only Combobox Example</option>
    -                       <option value="61">Switch Example</option>
    -                       <option value="62">Tabs with Manual Activation</option>
    -                       <option value="96">Toggle Button</option>
    -                       <option value="97">Vertical Temperature Slider</option>
    -                     </select>
    -                   </div>
    -                   <div class="form-group">
    -                     <label class="disclosure-form-label form-label"
    -                       >Test Plan Version</label
    -                     ><select
    -                       disabled=""
    -                       aria-disabled="true"
    -                       class="form-select">
    -                       <option>Versions in R&amp;D or Deprecated</option>
    -                     </select>
    -                   </div>
    -                   <div></div>
    -                   <div class="form-group">
    -                     <label class="disclosure-form-label form-label"
    -                       >Assistive Technology</label
    -                     ><select class="form-select">
    -                       <option value="" disabled="">
    -                         Select an Assistive Technology
    -                       </option>
    -                       <option value="1">JAWS</option>
    -                       <option value="2">NVDA</option>
    -                       <option value="3">VoiceOver for macOS</option>
    -                     </select>
    -                   </div>
    -                   <div class="form-group">
    -                     <label class="disclosure-form-label form-label"
    -                       >Assistive Technology Version</label
    -                     >
    -                     <div class="form-group-at-version">
    -                       <div class="d-flex">
    -                         <label class="radio-box-label apply-checked-style"
    -                           ><input
    -                             type="radio"
    -                             name="atVersion"
    -                             class="radio-box-input"
    -                             checked="" /><span style="position: relative"
    -                             ><span style="position: absolute; font-weight: bold"
    -                               >Exact Version</span
    -                             ><span
    -                               aria-hidden="true"
    -                               style="font-weight: bold; opacity: 0"
    -                               >Exact Version</span
    -                             ></span
    -                           ></label
    -                         ><label class="radio-box-label"
    -                           ><input
    -                             type="radio"
    -                             name="atVersion"
    -                             class="radio-box-input" /><span
    -                             style="position: relative"
    -                             ><span
    -                               style="position: absolute; font-weight: normal"
    -                               >Minimum Version</span
    -                             ><span
    -                               aria-hidden="true"
    -                               style="font-weight: bold; opacity: 0"
    -                               >Minimum Version</span
    -                             ></span
    -                           ></label
    -                         >
    -                       </div>
    -                       <select disabled="" class="form-select">
    -                         <option value="" disabled="">Select AT Version</option>
    -                       </select>
    -                     </div>
    -                   </div>
    -                   <div class="form-group">
    -                     <label class="disclosure-form-label form-label"
    -                       >Browser</label
    -                     ><select disabled="" class="form-select">
    -                       <option value="" disabled="">Select a Browser</option>
    -                     </select>
    -                   </div>
    -                 </div>
    -                 <button
    -                   type="button"
    -                   disabled=""
    -                   data-testid="add-button"
    -                   class="w-auto btn btn-secondary">
    -                   Add to Test Queue
    -                 </button>
    -                 <div></div>
    -                 <div></div>
    -               </div>
    -             </div>
    -           </div>
                <h2>Test Plans Status Summary</h2>
                <ul
                  class="d-flex align-items-center my-3"
                  aria-label="Filter tests plans by status"
                  role="group">
    @@ -740,11 +434,11 @@
                            >
                          </div>
                        </td>
                        <td><span class="none centered absolute">N/A</span></td>
                        <td>
    -                     <div class="phase-cell" role="list" aria-setsize="3">
    +                     <div class="phase-cell" role="list" aria-setsize="2">
                            <span class="styled-pill full-width auto-width"
                              ><a href="/test-review/91"
                                ><span
                                  ><svg
                                    aria-hidden="true"
    @@ -776,11 +470,11 @@
                              <div></div
                            ></span>
                          </div>
                        </td>
                        <td>
    -                     <div class="phase-cell" role="list" aria-setsize="5">
    +                     <div class="phase-cell" role="list" aria-setsize="4">
                            <span class="styled-pill full-width auto-width"
                              ><a href="/test-review/24"
                                ><span
                                  ><svg
                                    aria-hidden="true"
    @@ -796,14 +490,10 @@
                                      fill="currentColor"
                                      d="M256 512A256 256 0 1 0 256 0a256 256 0 1 0 0 512zM369 209L241 337c-9.4 9.4-24.6 9.4-33.9 0l-64-64c-9.4-9.4-9.4-24.6 0-33.9s24.6-9.4 33.9 0l47 47L335 175c9.4-9.4 24.6-9.4 33.9 0s9.4 24.6 0 33.9z"></path></svg
                                  ><b>V22.05.26</b></span
                                ></a
                              ></span
    -                       ><button
    -                         type="button"
    -                         class="advance-button btn btn-secondary">
    -                         Advance to Recommended</button
                            ><span role="listitem"
                              ><button
                                type="button"
                                class="test-plan-report-status-dialog-button btn btn-primary">
                                <span
    @@ -818,12 +508,14 @@
                                ><span class="report-status-dot issues"></span
                                ><a href="/data-management/modal-dialog#github-issues"
                                  >2 Open Issues</a
                                >
                                from 2 ATs</span
    -                         ><span class="target-days-container"></span
    -                       ></span>
    +                         ><span class="target-days-container"
    +                           >Target&nbsp;<b>924 Days</b>&nbsp;Past</span
    +                         ></span
    +                       >
                          </div>
                        </td>
                        <td><span class="none centered absolute">None Yet</span></td>
                      </tr>
                      <tr aria-rowindex="3">
    @@ -847,11 +539,11 @@
                              Progress</span
                            >
                          </div>
                        </td>
                        <td>
    -                     <div class="phase-cell" role="list" aria-setsize="2">
    +                     <div class="phase-cell" role="list" aria-setsize="1">
                            <span class="styled-pill full-width auto-width"
                              ><a href="/test-review/82"
                                ><span
                                  ><svg
                                    aria-hidden="true"
    @@ -867,19 +559,15 @@
                                      fill="currentColor"
                                      d="M256 512A256 256 0 1 0 256 0a256 256 0 1 0 0 512zM369 209L241 337c-9.4 9.4-24.6 9.4-33.9 0l-64-64c-9.4-9.4-9.4-24.6 0-33.9s24.6-9.4 33.9 0l47 47L335 175c9.4-9.4 24.6-9.4 33.9 0s9.4 24.6 0 33.9z"></path></svg
                                  ><b>V24.04.26</b></span
                                ></a
                              ></span
    -                       ><button
    -                         type="button"
    -                         class="advance-button btn btn-secondary">
    -                         Advance to Draft
    -                       </button>
    +                       >
                          </div>
                        </td>
                        <td>
    -                     <div class="phase-cell" role="list" aria-setsize="3">
    +                     <div class="phase-cell" role="list" aria-setsize="2">
                            <span class="styled-pill full-width auto-width"
                              ><a href="/test-review/1"
                                ><span
                                  ><svg
                                    aria-hidden="true"
    @@ -936,11 +624,11 @@
                            </p>
                          </div>
                        </td>
                        <td><span class="none centered absolute">N/A</span></td>
                        <td>
    -                     <div class="phase-cell" role="list" aria-setsize="3">
    +                     <div class="phase-cell" role="list" aria-setsize="2">
                            <span class="styled-pill full-width auto-width"
                              ><a href="/test-review/85"
                                ><span
                                  ><svg
                                    aria-hidden="true"
    @@ -1001,11 +689,11 @@
                              Progress</span
                            >
                          </div>
                        </td>
                        <td>
    -                     <div class="phase-cell" role="list" aria-setsize="2">
    +                     <div class="phase-cell" role="list" aria-setsize="1">
                            <span class="styled-pill full-width auto-width"
                              ><a href="/test-review/83"
                                ><span
                                  ><svg
                                    aria-hidden="true"
    @@ -1021,19 +709,15 @@
                                      fill="currentColor"
                                      d="M256 512A256 256 0 1 0 256 0a256 256 0 1 0 0 512zM369 209L241 337c-9.4 9.4-24.6 9.4-33.9 0l-64-64c-9.4-9.4-9.4-24.6 0-33.9s24.6-9.4 33.9 0l47 47L335 175c9.4-9.4 24.6-9.4 33.9 0s9.4 24.6 0 33.9z"></path></svg
                                  ><b>V24.03.12</b></span
                                ></a
                              ></span
    -                       ><button
    -                         type="button"
    -                         class="advance-button btn btn-secondary">
    -                         Advance to Draft
    -                       </button>
    +                       >
                          </div>
                        </td>
                        <td>
    -                     <div class="phase-cell" role="list" aria-setsize="3">
    +                     <div class="phase-cell" role="list" aria-setsize="2">
                            <span class="styled-pill full-width auto-width"
                              ><a href="/test-review/68"
                                ><span
                                  ><svg
                                    aria-hidden="true"
    @@ -1049,14 +733,10 @@
                                      fill="currentColor"
                                      d="M256 512A256 256 0 1 0 256 0a256 256 0 1 0 0 512zM369 209L241 337c-9.4 9.4-24.6 9.4-33.9 0l-64-64c-9.4-9.4-9.4-24.6 0-33.9s24.6-9.4 33.9 0l47 47L335 175c9.4-9.4 24.6-9.4 33.9 0s9.4 24.6 0 33.9z"></path></svg
                                  ><b>V23.12.06</b></span
                                ></a
                              ></span
    -                       ><button
    -                         type="button"
    -                         class="advance-button btn btn-secondary">
    -                         Advance to Candidate</button
                            ><span role="listitem"
                              ><button
                                type="button"
                                class="test-plan-report-status-dialog-button btn btn-primary">
                                <span
    @@ -1097,11 +777,11 @@
                              Progress</span
                            >
                          </div>
                        </td>
                        <td>
    -                     <div class="phase-cell" role="list" aria-setsize="2">
    +                     <div class="phase-cell" role="list" aria-setsize="1">
                            <span class="styled-pill full-width auto-width"
                              ><a href="/test-review/39"
                                ><span
                                  ><svg
                                    aria-hidden="true"
    @@ -1117,19 +797,15 @@
                                      fill="currentColor"
                                      d="M256 512A256 256 0 1 0 256 0a256 256 0 1 0 0 512zM369 209L241 337c-9.4 9.4-24.6 9.4-33.9 0l-64-64c-9.4-9.4-9.4-24.6 0-33.9s24.6-9.4 33.9 0l47 47L335 175c9.4-9.4 24.6-9.4 33.9 0s9.4 24.6 0 33.9z"></path></svg
                                  ><b>V22.03.17-1</b></span
                                ></a
                              ></span
    -                       ><button
    -                         type="button"
    -                         class="advance-button btn btn-secondary">
    -                         Advance to Draft
    -                       </button>
    +                       >
                          </div>
                        </td>
                        <td>
    -                     <div class="phase-cell" role="list" aria-setsize="3">
    +                     <div class="phase-cell" role="list" aria-setsize="2">
                            <span class="styled-pill full-width auto-width"
                              ><a href="/test-review/7"
                                ><span
                                  ><svg
                                    aria-hidden="true"
    @@ -1189,11 +865,11 @@
                              Progress</span
                            >
                          </div>
                        </td>
                        <td>
    -                     <div class="phase-cell" role="list" aria-setsize="2">
    +                     <div class="phase-cell" role="list" aria-setsize="1">
                            <span class="styled-pill full-width auto-width"
                              ><a href="/test-review/96"
                                ><span
                                  ><svg
                                    aria-hidden="true"
    @@ -1209,19 +885,15 @@
                                      fill="currentColor"
                                      d="M256 512A256 256 0 1 0 256 0a256 256 0 1 0 0 512zM369 209L241 337c-9.4 9.4-24.6 9.4-33.9 0l-64-64c-9.4-9.4-9.4-24.6 0-33.9s24.6-9.4 33.9 0l47 47L335 175c9.4-9.4 24.6-9.4 33.9 0s9.4 24.6 0 33.9z"></path></svg
                                  ><b>V24.10.22</b></span
                                ></a
                              ></span
    -                       ><button
    -                         type="button"
    -                         class="advance-button btn btn-secondary">
    -                         Advance to Draft
    -                       </button>
    +                       >
                          </div>
                        </td>
                        <td>
    -                     <div class="phase-cell" role="list" aria-setsize="3">
    +                     <div class="phase-cell" role="list" aria-setsize="2">
                            <span class="styled-pill full-width auto-width"
                              ><a href="/test-review/31"
                                ><span
                                  ><svg
                                    aria-hidden="true"
    @@ -1273,11 +945,11 @@
                            <span class="pill full-width rd">R&amp;D</span>
                            <p class="review-text">Complete <b>Jun 23, 2025</b></p>
                          </div>
                        </td>
                        <td>
    -                     <div class="phase-cell" role="list" aria-setsize="2">
    +                     <div class="phase-cell" role="list" aria-setsize="1">
                            <span class="styled-pill full-width auto-width"
                              ><a href="/test-review/81"
                                ><span
                                  ><svg
                                    aria-hidden="true"
    @@ -1293,15 +965,11 @@
                                      fill="currentColor"
                                      d="M256 512A256 256 0 1 0 256 0a256 256 0 1 0 0 512zM369 209L241 337c-9.4 9.4-24.6 9.4-33.9 0l-64-64c-9.4-9.4-9.4-24.6 0-33.9s24.6-9.4 33.9 0l47 47L335 175c9.4-9.4 24.6-9.4 33.9 0s9.4 24.6 0 33.9z"></path></svg
                                  ><b>V25.06.23</b></span
                                ></a
                              ></span
    -                       ><button
    -                         type="button"
    -                         class="advance-button btn btn-secondary">
    -                         Advance to Draft
    -                       </button>
    +                       >
                          </div>
                        </td>
                        <td>
                          <span class="none centered absolute">Not Started</span>
                        </td>
    @@ -1329,11 +997,11 @@
                            <span class="pill full-width rd">R&amp;D</span>
                            <p class="review-text">Complete <b>Feb 13, 2025</b></p>
                          </div>
                        </td>
                        <td>
    -                     <div class="phase-cell" role="list" aria-setsize="2">
    +                     <div class="phase-cell" role="list" aria-setsize="1">
                            <span class="styled-pill full-width auto-width"
                              ><a href="/test-review/88"
                                ><span
                                  ><svg
                                    aria-hidden="true"
    @@ -1349,15 +1017,11 @@
                                      fill="currentColor"
                                      d="M256 512A256 256 0 1 0 256 0a256 256 0 1 0 0 512zM369 209L241 337c-9.4 9.4-24.6 9.4-33.9 0l-64-64c-9.4-9.4-9.4-24.6 0-33.9s24.6-9.4 33.9 0l47 47L335 175c9.4-9.4 24.6-9.4 33.9 0s9.4 24.6 0 33.9z"></path></svg
                                  ><b>V25.02.13</b></span
                                ></a
                              ></span
    -                       ><button
    -                         type="button"
    -                         class="advance-button btn btn-secondary">
    -                         Advance to Draft
    -                       </button>
    +                       >
                          </div>
                        </td>
                        <td>
                          <span class="none centered absolute">Not Started</span>
                        </td>
    @@ -1381,11 +1045,11 @@
                            <span class="pill full-width rd">R&amp;D</span>
                            <p class="review-text">Complete <b>Mar 17, 2022</b></p>
                          </div>
                        </td>
                        <td>
    -                     <div class="phase-cell" role="list" aria-setsize="2">
    +                     <div class="phase-cell" role="list" aria-setsize="1">
                            <span class="styled-pill full-width auto-width"
                              ><a href="/test-review/34"
                                ><span
                                  ><svg
                                    aria-hidden="true"
    @@ -1401,15 +1065,11 @@
                                      fill="currentColor"
                                      d="M256 512A256 256 0 1 0 256 0a256 256 0 1 0 0 512zM369 209L241 337c-9.4 9.4-24.6 9.4-33.9 0l-64-64c-9.4-9.4-9.4-24.6 0-33.9s24.6-9.4 33.9 0l47 47L335 175c9.4-9.4 24.6-9.4 33.9 0s9.4 24.6 0 33.9z"></path></svg
                                  ><b>V22.03.17-1</b></span
                                ></a
                              ></span
    -                       ><button
    -                         type="button"
    -                         class="advance-button btn btn-secondary">
    -                         Advance to Draft
    -                       </button>
    +                       >
                          </div>
                        </td>
                        <td>
                          <span class="none centered absolute">Not Started</span>
                        </td>
    @@ -1435,11 +1095,11 @@
                            <span class="pill full-width rd">R&amp;D</span>
                            <p class="review-text">Complete <b>Aug 23, 2023</b></p>
                          </div>
                        </td>
                        <td>
    -                     <div class="phase-cell" role="list" aria-setsize="2">
    +                     <div class="phase-cell" role="list" aria-setsize="1">
                            <span class="styled-pill full-width auto-width"
                              ><a href="/test-review/66"
                                ><span
                                  ><svg
                                    aria-hidden="true"
    @@ -1455,15 +1115,11 @@
                                      fill="currentColor"
                                      d="M256 512A256 256 0 1 0 256 0a256 256 0 1 0 0 512zM369 209L241 337c-9.4 9.4-24.6 9.4-33.9 0l-64-64c-9.4-9.4-9.4-24.6 0-33.9s24.6-9.4 33.9 0l47 47L335 175c9.4-9.4 24.6-9.4 33.9 0s9.4 24.6 0 33.9z"></path></svg
                                  ><b>V23.08.23</b></span
                                ></a
                              ></span
    -                       ><button
    -                         type="button"
    -                         class="advance-button btn btn-secondary">
    -                         Advance to Draft
    -                       </button>
    +                       >
                          </div>
                        </td>
                        <td>
                          <span class="none centered absolute">Not Started</span>
                        </td>
    @@ -1489,11 +1145,11 @@
                            <span class="pill full-width rd">R&amp;D</span>
                            <p class="review-text">Complete <b>Mar 17, 2022</b></p>
                          </div>
                        </td>
                        <td>
    -                     <div class="phase-cell" role="list" aria-setsize="2">
    +                     <div class="phase-cell" role="list" aria-setsize="1">
                            <span class="styled-pill full-width auto-width"
                              ><a href="/test-review/36"
                                ><span
                                  ><svg
                                    aria-hidden="true"
    @@ -1509,15 +1165,11 @@
                                      fill="currentColor"
                                      d="M256 512A256 256 0 1 0 256 0a256 256 0 1 0 0 512zM369 209L241 337c-9.4 9.4-24.6 9.4-33.9 0l-64-64c-9.4-9.4-9.4-24.6 0-33.9s24.6-9.4 33.9 0l47 47L335 175c9.4-9.4 24.6-9.4 33.9 0s9.4 24.6 0 33.9z"></path></svg
                                  ><b>V22.03.17-1</b></span
                                ></a
                              ></span
    -                       ><button
    -                         type="button"
    -                         class="advance-button btn btn-secondary">
    -                         Advance to Draft
    -                       </button>
    +                       >
                          </div>
                        </td>
                        <td>
                          <span class="none centered absolute">Not Started</span>
                        </td>
    @@ -1547,11 +1199,11 @@
                            <span class="pill full-width rd">R&amp;D</span>
                            <p class="review-text">Complete <b>Mar 29, 2022</b></p>
                          </div>
                        </td>
                        <td>
    -                     <div class="phase-cell" role="list" aria-setsize="2">
    +                     <div class="phase-cell" role="list" aria-setsize="1">
                            <span class="styled-pill full-width auto-width"
                              ><a href="/test-review/38"
                                ><span
                                  ><svg
                                    aria-hidden="true"
    @@ -1567,15 +1219,11 @@
                                      fill="currentColor"
                                      d="M256 512A256 256 0 1 0 256 0a256 256 0 1 0 0 512zM369 209L241 337c-9.4 9.4-24.6 9.4-33.9 0l-64-64c-9.4-9.4-9.4-24.6 0-33.9s24.6-9.4 33.9 0l47 47L335 175c9.4-9.4 24.6-9.4 33.9 0s9.4 24.6 0 33.9z"></path></svg
                                  ><b>V22.03.29-1</b></span
                                ></a
                              ></span
    -                       ><button
    -                         type="button"
    -                         class="advance-button btn btn-secondary">
    -                         Advance to Draft
    -                       </button>
    +                       >
                          </div>
                        </td>
                        <td>
                          <span class="none centered absolute">Not Started</span>
                        </td>
    @@ -1601,11 +1249,11 @@
                            <span class="pill full-width rd">R&amp;D</span>
                            <p class="review-text">Complete <b>Mar 17, 2022</b></p>
                          </div>
                        </td>
                        <td>
    -                     <div class="phase-cell" role="list" aria-setsize="2">
    +                     <div class="phase-cell" role="list" aria-setsize="1">
                            <span class="styled-pill full-width auto-width"
                              ><a href="/test-review/41"
                                ><span
                                  ><svg
                                    aria-hidden="true"
    @@ -1621,15 +1269,11 @@
                                      fill="currentColor"
                                      d="M256 512A256 256 0 1 0 256 0a256 256 0 1 0 0 512zM369 209L241 337c-9.4 9.4-24.6 9.4-33.9 0l-64-64c-9.4-9.4-9.4-24.6 0-33.9s24.6-9.4 33.9 0l47 47L335 175c9.4-9.4 24.6-9.4 33.9 0s9.4 24.6 0 33.9z"></path></svg
                                  ><b>V22.03.17-1</b></span
                                ></a
                              ></span
    -                       ><button
    -                         type="button"
    -                         class="advance-button btn btn-secondary">
    -                         Advance to Draft
    -                       </button>
    +                       >
                          </div>
                        </td>
                        <td>
                          <span class="none centered absolute">Not Started</span>
                        </td>
    @@ -1655,11 +1299,11 @@
                            <span class="pill full-width rd">R&amp;D</span>
                            <p class="review-text">Complete <b>Mar 17, 2022</b></p>
                          </div>
                        </td>
                        <td>
    -                     <div class="phase-cell" role="list" aria-setsize="2">
    +                     <div class="phase-cell" role="list" aria-setsize="1">
                            <span class="styled-pill full-width auto-width"
                              ><a href="/test-review/42"
                                ><span
                                  ><svg
                                    aria-hidden="true"
    @@ -1675,15 +1319,11 @@
                                      fill="currentColor"
                                      d="M256 512A256 256 0 1 0 256 0a256 256 0 1 0 0 512zM369 209L241 337c-9.4 9.4-24.6 9.4-33.9 0l-64-64c-9.4-9.4-9.4-24.6 0-33.9s24.6-9.4 33.9 0l47 47L335 175c9.4-9.4 24.6-9.4 33.9 0s9.4 24.6 0 33.9z"></path></svg
                                  ><b>V22.03.17-1</b></span
                                ></a
                              ></span
    -                       ><button
    -                         type="button"
    -                         class="advance-button btn btn-secondary">
    -                         Advance to Draft
    -                       </button>
    +                       >
                          </div>
                        </td>
                        <td>
                          <span class="none centered absolute">Not Started</span>
                        </td>
    @@ -1709,11 +1349,11 @@
                            <span class="pill full-width rd">R&amp;D</span>
                            <p class="review-text">Complete <b>Mar 17, 2022</b></p>
                          </div>
                        </td>
                        <td>
    -                     <div class="phase-cell" role="list" aria-setsize="2">
    +                     <div class="phase-cell" role="list" aria-setsize="1">
                            <span class="styled-pill full-width auto-width"
                              ><a href="/test-review/55"
                                ><span
                                  ><svg
                                    aria-hidden="true"
    @@ -1729,15 +1369,11 @@
                                      fill="currentColor"
                                      d="M256 512A256 256 0 1 0 256 0a256 256 0 1 0 0 512zM369 209L241 337c-9.4 9.4-24.6 9.4-33.9 0l-64-64c-9.4-9.4-9.4-24.6 0-33.9s24.6-9.4 33.9 0l47 47L335 175c9.4-9.4 24.6-9.4 33.9 0s9.4 24.6 0 33.9z"></path></svg
                                  ><b>V22.03.17-1</b></span
                                ></a
                              ></span
    -                       ><button
    -                         type="button"
    -                         class="advance-button btn btn-secondary">
    -                         Advance to Draft
    -                       </button>
    +                       >
                          </div>
                        </td>
                        <td>
                          <span class="none centered absolute">Not Started</span>
                        </td>
    @@ -1763,11 +1399,11 @@
                            <span class="pill full-width rd">R&amp;D</span>
                            <p class="review-text">Complete <b>Mar 17, 2022</b></p>
                          </div>
                        </td>
                        <td>
    -                     <div class="phase-cell" role="list" aria-setsize="2">
    +                     <div class="phase-cell" role="list" aria-setsize="1">
                            <span class="styled-pill full-width auto-width"
                              ><a href="/test-review/43"
                                ><span
                                  ><svg
                                    aria-hidden="true"
    @@ -1783,15 +1419,11 @@
                                      fill="currentColor"
                                      d="M256 512A256 256 0 1 0 256 0a256 256 0 1 0 0 512zM369 209L241 337c-9.4 9.4-24.6 9.4-33.9 0l-64-64c-9.4-9.4-9.4-24.6 0-33.9s24.6-9.4 33.9 0l47 47L335 175c9.4-9.4 24.6-9.4 33.9 0s9.4 24.6 0 33.9z"></path></svg
                                  ><b>V22.03.17-1</b></span
                                ></a
                              ></span
    -                       ><button
    -                         type="button"
    -                         class="advance-button btn btn-secondary">
    -                         Advance to Draft
    -                       </button>
    +                       >
                          </div>
                        </td>
                        <td>
                          <span class="none centered absolute">Not Started</span>
                        </td>
    @@ -1817,11 +1449,11 @@
                            <span class="pill full-width rd">R&amp;D</span>
                            <p class="review-text">Complete <b>Mar 6, 2025</b></p>
                          </div>
                        </td>
                        <td>
    -                     <div class="phase-cell" role="list" aria-setsize="2">
    +                     <div class="phase-cell" role="list" aria-setsize="1">
                            <span class="styled-pill full-width auto-width"
                              ><a href="/test-review/84"
                                ><span
                                  ><svg
                                    aria-hidden="true"
    @@ -1837,15 +1469,11 @@
                                      fill="currentColor"
                                      d="M256 512A256 256 0 1 0 256 0a256 256 0 1 0 0 512zM369 209L241 337c-9.4 9.4-24.6 9.4-33.9 0l-64-64c-9.4-9.4-9.4-24.6 0-33.9s24.6-9.4 33.9 0l47 47L335 175c9.4-9.4 24.6-9.4 33.9 0s9.4 24.6 0 33.9z"></path></svg
                                  ><b>V25.03.06</b></span
                                ></a
                              ></span
    -                       ><button
    -                         type="button"
    -                         class="advance-button btn btn-secondary">
    -                         Advance to Draft
    -                       </button>
    +                       >
                          </div>
                        </td>
                        <td>
                          <span class="none centered absolute">Not Started</span>
                        </td>
    @@ -1874,11 +1502,11 @@
                            <span class="pill full-width rd">R&amp;D</span>
                            <p class="review-text">Complete <b>Mar 17, 2022</b></p>
                          </div>
                        </td>
                        <td>
    -                     <div class="phase-cell" role="list" aria-setsize="2">
    +                     <div class="phase-cell" role="list" aria-setsize="1">
                            <span class="styled-pill full-width auto-width"
                              ><a href="/test-review/44"
                                ><span
                                  ><svg
                                    aria-hidden="true"
    @@ -1894,15 +1522,11 @@
                                      fill="currentColor"
                                      d="M256 512A256 256 0 1 0 256 0a256 256 0 1 0 0 512zM369 209L241 337c-9.4 9.4-24.6 9.4-33.9 0l-64-64c-9.4-9.4-9.4-24.6 0-33.9s24.6-9.4 33.9 0l47 47L335 175c9.4-9.4 24.6-9.4 33.9 0s9.4 24.6 0 33.9z"></path></svg
                                  ><b>V22.03.17-1</b></span
                                ></a
                              ></span
    -                       ><button
    -                         type="button"
    -                         class="advance-button btn btn-secondary">
    -                         Advance to Draft
    -                       </button>
    +                       >
                          </div>
                        </td>
                        <td>
                          <span class="none centered absolute">Not Started</span>
                        </td>
    @@ -1928,11 +1552,11 @@
                            <span class="pill full-width rd">R&amp;D</span>
                            <p class="review-text">Complete <b>Mar 17, 2022</b></p>
                          </div>
                        </td>
                        <td>
    -                     <div class="phase-cell" role="list" aria-setsize="2">
    +                     <div class="phase-cell" role="list" aria-setsize="1">
                            <span class="styled-pill full-width auto-width"
                              ><a href="/test-review/53"
                                ><span
                                  ><svg
                                    aria-hidden="true"
    @@ -1948,15 +1572,11 @@
                                      fill="currentColor"
                                      d="M256 512A256 256 0 1 0 256 0a256 256 0 1 0 0 512zM369 209L241 337c-9.4 9.4-24.6 9.4-33.9 0l-64-64c-9.4-9.4-9.4-24.6 0-33.9s24.6-9.4 33.9 0l47 47L335 175c9.4-9.4 24.6-9.4 33.9 0s9.4 24.6 0 33.9z"></path></svg
                                  ><b>V22.03.17-1</b></span
                                ></a
                              ></span
    -                       ><button
    -                         type="button"
    -                         class="advance-button btn btn-secondary">
    -                         Advance to Draft
    -                       </button>
    +                       >
                          </div>
                        </td>
                        <td>
                          <span class="none centered absolute">Not Started</span>
                        </td>
    @@ -1980,11 +1600,11 @@
                            <span class="pill full-width rd">R&amp;D</span>
                            <p class="review-text">Complete <b>Mar 17, 2022</b></p>
                          </div>
                        </td>
                        <td>
    -                     <div class="phase-cell" role="list" aria-setsize="2">
    +                     <div class="phase-cell" role="list" aria-setsize="1">
                            <span class="styled-pill full-width auto-width"
                              ><a href="/test-review/46"
                                ><span
                                  ><svg
                                    aria-hidden="true"
    @@ -2000,15 +1620,11 @@
                                      fill="currentColor"
                                      d="M256 512A256 256 0 1 0 256 0a256 256 0 1 0 0 512zM369 209L241 337c-9.4 9.4-24.6 9.4-33.9 0l-64-64c-9.4-9.4-9.4-24.6 0-33.9s24.6-9.4 33.9 0l47 47L335 175c9.4-9.4 24.6-9.4 33.9 0s9.4 24.6 0 33.9z"></path></svg
                                  ><b>V22.03.17-1</b></span
                                ></a
                              ></span
    -                       ><button
    -                         type="button"
    -                         class="advance-button btn btn-secondary">
    -                         Advance to Draft
    -                       </button>
    +                       >
                          </div>
                        </td>
                        <td>
                          <span class="none centered absolute">Not Started</span>
                        </td>
    @@ -2034,11 +1650,11 @@
                            <span class="pill full-width rd">R&amp;D</span>
                            <p class="review-text">Complete <b>Aug 23, 2023</b></p>
                          </div>
                        </td>
                        <td>
    -                     <div class="phase-cell" role="list" aria-setsize="2">
    +                     <div class="phase-cell" role="list" aria-setsize="1">
                            <span class="styled-pill full-width auto-width"
                              ><a href="/test-review/75"
                                ><span
                                  ><svg
                                    aria-hidden="true"
    @@ -2054,15 +1670,11 @@
                                      fill="currentColor"
                                      d="M256 512A256 256 0 1 0 256 0a256 256 0 1 0 0 512zM369 209L241 337c-9.4 9.4-24.6 9.4-33.9 0l-64-64c-9.4-9.4-9.4-24.6 0-33.9s24.6-9.4 33.9 0l47 47L335 175c9.4-9.4 24.6-9.4 33.9 0s9.4 24.6 0 33.9z"></path></svg
                                  ><b>V23.08.23</b></span
                                ></a
                              ></span
    -                       ><button
    -                         type="button"
    -                         class="advance-button btn btn-secondary">
    -                         Advance to Draft
    -                       </button>
    +                       >
                          </div>
                        </td>
                        <td>
                          <span class="none centered absolute">Not Started</span>
                        </td>
    @@ -2088,11 +1700,11 @@
                            <span class="pill full-width rd">R&amp;D</span>
                            <p class="review-text">Complete <b>Dec 13, 2023</b></p>
                          </div>
                        </td>
                        <td>
    -                     <div class="phase-cell" role="list" aria-setsize="2">
    +                     <div class="phase-cell" role="list" aria-setsize="1">
                            <span class="styled-pill full-width auto-width"
                              ><a href="/test-review/78"
                                ><span
                                  ><svg
                                    aria-hidden="true"
    @@ -2108,15 +1720,11 @@
                                      fill="currentColor"
                                      d="M256 512A256 256 0 1 0 256 0a256 256 0 1 0 0 512zM369 209L241 337c-9.4 9.4-24.6 9.4-33.9 0l-64-64c-9.4-9.4-9.4-24.6 0-33.9s24.6-9.4 33.9 0l47 47L335 175c9.4-9.4 24.6-9.4 33.9 0s9.4 24.6 0 33.9z"></path></svg
                                  ><b>V23.12.13</b></span
                                ></a
                              ></span
    -                       ><button
    -                         type="button"
    -                         class="advance-button btn btn-secondary">
    -                         Advance to Draft
    -                       </button>
    +                       >
                          </div>
                        </td>
                        <td>
                          <span class="none centered absolute">Not Started</span>
                        </td>
    @@ -2142,11 +1750,11 @@
                            <span class="pill full-width rd">R&amp;D</span>
                            <p class="review-text">Complete <b>Jan 23, 2025</b></p>
                          </div>
                        </td>
                        <td>
    -                     <div class="phase-cell" role="list" aria-setsize="2">
    +                     <div class="phase-cell" role="list" aria-setsize="1">
                            <span class="styled-pill full-width auto-width"
                              ><a href="/test-review/87"
                                ><span
                                  ><svg
                                    aria-hidden="true"
    @@ -2162,15 +1770,11 @@
                                      fill="currentColor"
                                      d="M256 512A256 256 0 1 0 256 0a256 256 0 1 0 0 512zM369 209L241 337c-9.4 9.4-24.6 9.4-33.9 0l-64-64c-9.4-9.4-9.4-24.6 0-33.9s24.6-9.4 33.9 0l47 47L335 175c9.4-9.4 24.6-9.4 33.9 0s9.4 24.6 0 33.9z"></path></svg
                                  ><b>V25.01.23</b></span
                                ></a
                              ></span
    -                       ><button
    -                         type="button"
    -                         class="advance-button btn btn-secondary">
    -                         Advance to Draft
    -                       </button>
    +                       >
                          </div>
                        </td>
                        <td>
                          <span class="none centered absolute">Not Started</span>
                        </td>
    @@ -2199,11 +1803,11 @@
                            <span class="pill full-width rd">R&amp;D</span>
                            <p class="review-text">Complete <b>Jan 23, 2025</b></p>
                          </div>
                        </td>
                        <td>
    -                     <div class="phase-cell" role="list" aria-setsize="2">
    +                     <div class="phase-cell" role="list" aria-setsize="1">
                            <span class="styled-pill full-width auto-width"
                              ><a href="/test-review/86"
                                ><span
                                  ><svg
                                    aria-hidden="true"
    @@ -2219,15 +1823,11 @@
                                      fill="currentColor"
                                      d="M256 512A256 256 0 1 0 256 0a256 256 0 1 0 0 512zM369 209L241 337c-9.4 9.4-24.6 9.4-33.9 0l-64-64c-9.4-9.4-9.4-24.6 0-33.9s24.6-9.4 33.9 0l47 47L335 175c9.4-9.4 24.6-9.4 33.9 0s9.4 24.6 0 33.9z"></path></svg
                                  ><b>V25.01.23</b></span
                                ></a
                              ></span
    -                       ><button
    -                         type="button"
    -                         class="advance-button btn btn-secondary">
    -                         Advance to Draft
    -                       </button>
    +                       >
                          </div>
                        </td>
                        <td>
                          <span class="none centered absolute">Not Started</span>
                        </td>
    @@ -2251,11 +1851,11 @@
                            <span class="pill full-width rd">R&amp;D</span>
                            <p class="review-text">Complete <b>Aug 5, 2022</b></p>
                          </div>
                        </td>
                        <td>
    -                     <div class="phase-cell" role="list" aria-setsize="2">
    +                     <div class="phase-cell" role="list" aria-setsize="1">
                            <span class="styled-pill full-width auto-width"
                              ><a href="/test-review/49"
                                ><span
                                  ><svg
                                    aria-hidden="true"
    @@ -2271,15 +1871,11 @@
                                      fill="currentColor"
                                      d="M256 512A256 256 0 1 0 256 0a256 256 0 1 0 0 512zM369 209L241 337c-9.4 9.4-24.6 9.4-33.9 0l-64-64c-9.4-9.4-9.4-24.6 0-33.9s24.6-9.4 33.9 0l47 47L335 175c9.4-9.4 24.6-9.4 33.9 0s9.4 24.6 0 33.9z"></path></svg
                                  ><b>V22.08.05</b></span
                                ></a
                              ></span
    -                       ><button
    -                         type="button"
    -                         class="advance-button btn btn-secondary">
    -                         Advance to Draft
    -                       </button>
    +                       >
                          </div>
                        </td>
                        <td>
                          <span class="none centered absolute">Not Started</span>
                        </td>
    @@ -2305,11 +1901,11 @@
                            <span class="pill full-width rd">R&amp;D</span>
                            <p class="review-text">Complete <b>Mar 14, 2025</b></p>
                          </div>
                        </td>
                        <td>
    -                     <div class="phase-cell" role="list" aria-setsize="2">
    +                     <div class="phase-cell" role="list" aria-setsize="1">
                            <span class="styled-pill full-width auto-width"
                              ><a href="/test-review/95"
                                ><span
                                  ><svg
                                    aria-hidden="true"
    @@ -2325,15 +1921,11 @@
                                      fill="currentColor"
                                      d="M256 512A256 256 0 1 0 256 0a256 256 0 1 0 0 512zM369 209L241 337c-9.4 9.4-24.6 9.4-33.9 0l-64-64c-9.4-9.4-9.4-24.6 0-33.9s24.6-9.4 33.9 0l47 47L335 175c9.4-9.4 24.6-9.4 33.9 0s9.4 24.6 0 33.9z"></path></svg
                                  ><b>V25.03.14</b></span
                                ></a
                              ></span
    -                       ><button
    -                         type="button"
    -                         class="advance-button btn btn-secondary">
    -                         Advance to Draft
    -                       </button>
    +                       >
                          </div>
                        </td>
                        <td>
                          <span class="none centered absolute">Not Started</span>
                        </td>
    @@ -2357,11 +1949,11 @@
                            <span class="pill full-width rd">R&amp;D</span>
                            <p class="review-text">Complete <b>Aug 5, 2022</b></p>
                          </div>
                        </td>
                        <td>
    -                     <div class="phase-cell" role="list" aria-setsize="2">
    +                     <div class="phase-cell" role="list" aria-setsize="1">
                            <span class="styled-pill full-width auto-width"
                              ><a href="/test-review/54"
                                ><span
                                  ><svg
                                    aria-hidden="true"
    @@ -2377,15 +1969,11 @@
                                      fill="currentColor"
                                      d="M256 512A256 256 0 1 0 256 0a256 256 0 1 0 0 512zM369 209L241 337c-9.4 9.4-24.6 9.4-33.9 0l-64-64c-9.4-9.4-9.4-24.6 0-33.9s24.6-9.4 33.9 0l47 47L335 175c9.4-9.4 24.6-9.4 33.9 0s9.4 24.6 0 33.9z"></path></svg
                                  ><b>V22.08.05</b></span
                                ></a
                              ></span
    -                       ><button
    -                         type="button"
    -                         class="advance-button btn btn-secondary">
    -                         Advance to Draft
    -                       </button>
    +                       >
                          </div>
                        </td>
                        <td>
                          <span class="none centered absolute">Not Started</span>
                        </td>
    @@ -2411,11 +1999,11 @@
                            <span class="pill full-width rd">R&amp;D</span>
                            <p class="review-text">Complete <b>Feb 13, 2025</b></p>
                          </div>
                        </td>
                        <td>
    -                     <div class="phase-cell" role="list" aria-setsize="2">
    +                     <div class="phase-cell" role="list" aria-setsize="1">
                            <span class="styled-pill full-width auto-width"
                              ><a href="/test-review/90"
                                ><span
                                  ><svg
                                    aria-hidden="true"
    @@ -2431,15 +2019,11 @@
                                      fill="currentColor"
                                      d="M256 512A256 256 0 1 0 256 0a256 256 0 1 0 0 512zM369 209L241 337c-9.4 9.4-24.6 9.4-33.9 0l-64-64c-9.4-9.4-9.4-24.6 0-33.9s24.6-9.4 33.9 0l47 47L335 175c9.4-9.4 24.6-9.4 33.9 0s9.4 24.6 0 33.9z"></path></svg
                                  ><b>V25.02.13</b></span
                                ></a
                              ></span
    -                       ><button
    -                         type="button"
    -                         class="advance-button btn btn-secondary">
    -                         Advance to Draft
    -                       </button>
    +                       >
                          </div>
                        </td>
                        <td>
                          <span class="none centered absolute">Not Started</span>
                        </td>
    @@ -2465,11 +2049,11 @@
                            <span class="pill full-width rd">R&amp;D</span>
                            <p class="review-text">Complete <b>Feb 12, 2025</b></p>
                          </div>
                        </td>
                        <td>
    -                     <div class="phase-cell" role="list" aria-setsize="2">
    +                     <div class="phase-cell" role="list" aria-setsize="1">
                            <span class="styled-pill full-width auto-width"
                              ><a href="/test-review/93"
                                ><span
                                  ><svg
                                    aria-hidden="true"
    @@ -2485,15 +2069,11 @@
                                      fill="currentColor"
                                      d="M256 512A256 256 0 1 0 256 0a256 256 0 1 0 0 512zM369 209L241 337c-9.4 9.4-24.6 9.4-33.9 0l-64-64c-9.4-9.4-9.4-24.6 0-33.9s24.6-9.4 33.9 0l47 47L335 175c9.4-9.4 24.6-9.4 33.9 0s9.4 24.6 0 33.9z"></path></svg
                                  ><b>V25.02.12</b></span
                                ></a
                              ></span
    -                       ><button
    -                         type="button"
    -                         class="advance-button btn btn-secondary">
    -                         Advance to Draft
    -                       </button>
    +                       >
                          </div>
                        </td>
                        <td>
                          <span class="none centered absolute">Not Started</span>
                        </td>
    @@ -2519,11 +2099,11 @@
                            <span class="pill full-width rd">R&amp;D</span>
                            <p class="review-text">Complete <b>Feb 12, 2025</b></p>
                          </div>
                        </td>
                        <td>
    -                     <div class="phase-cell" role="list" aria-setsize="2">
    +                     <div class="phase-cell" role="list" aria-setsize="1">
                            <span class="styled-pill full-width auto-width"
                              ><a href="/test-review/92"
                                ><span
                                  ><svg
                                    aria-hidden="true"
    @@ -2539,15 +2119,11 @@
                                      fill="currentColor"
                                      d="M256 512A256 256 0 1 0 256 0a256 256 0 1 0 0 512zM369 209L241 337c-9.4 9.4-24.6 9.4-33.9 0l-64-64c-9.4-9.4-9.4-24.6 0-33.9s24.6-9.4 33.9 0l47 47L335 175c9.4-9.4 24.6-9.4 33.9 0s9.4 24.6 0 33.9z"></path></svg
                                  ><b>V25.02.12</b></span
                                ></a
                              ></span
    -                       ><button
    -                         type="button"
    -                         class="advance-button btn btn-secondary">
    -                         Advance to Draft
    -                       </button>
    +                       >
                          </div>
                        </td>
                        <td>
                          <span class="none centered absolute">Not Started</span>
                        </td>
    @@ -2573,11 +2149,11 @@
                            <span class="pill full-width rd">R&amp;D</span>
                            <p class="review-text">Complete <b>Apr 22, 2025</b></p>
                          </div>
                        </td>
                        <td>
    -                     <div class="phase-cell" role="list" aria-setsize="2">
    +                     <div class="phase-cell" role="list" aria-setsize="1">
                            <span class="styled-pill full-width auto-width"
                              ><a href="/test-review/94"
                                ><span
                                  ><svg
                                    aria-hidden="true"
    @@ -2593,15 +2169,11 @@
                                      fill="currentColor"
                                      d="M256 512A256 256 0 1 0 256 0a256 256 0 1 0 0 512zM369 209L241 337c-9.4 9.4-24.6 9.4-33.9 0l-64-64c-9.4-9.4-9.4-24.6 0-33.9s24.6-9.4 33.9 0l47 47L335 175c9.4-9.4 24.6-9.4 33.9 0s9.4 24.6 0 33.9z"></path></svg
                                  ><b>V25.04.22</b></span
                                ></a
                              ></span
    -                       ><button
    -                         type="button"
    -                         class="advance-button btn btn-secondary">
    -                         Advance to Draft
    -                       </button>
    +                       >
                          </div>
                        </td>
                        <td>
                          <span class="none centered absolute">Not Started</span>
                        </td>
    @@ -2627,11 +2199,11 @@
                            <span class="pill full-width rd">R&amp;D</span>
                            <p class="review-text">Complete <b>Mar 17, 2022</b></p>
                          </div>
                        </td>
                        <td>
    -                     <div class="phase-cell" role="list" aria-setsize="2">
    +                     <div class="phase-cell" role="list" aria-setsize="1">
                            <span class="styled-pill full-width auto-width"
                              ><a href="/test-review/59"
                                ><span
                                  ><svg
                                    aria-hidden="true"
    @@ -2647,15 +2219,11 @@
                                      fill="currentColor"
                                      d="M256 512A256 256 0 1 0 256 0a256 256 0 1 0 0 512zM369 209L241 337c-9.4 9.4-24.6 9.4-33.9 0l-64-64c-9.4-9.4-9.4-24.6 0-33.9s24.6-9.4 33.9 0l47 47L335 175c9.4-9.4 24.6-9.4 33.9 0s9.4 24.6 0 33.9z"></path></svg
                                  ><b>V22.03.17-1</b></span
                                ></a
                              ></span
    -                       ><button
    -                         type="button"
    -                         class="advance-button btn btn-secondary">
    -                         Advance to Draft
    -                       </button>
    +                       >
                          </div>
                        </td>
                        <td>
                          <span class="none centered absolute">Not Started</span>
                        </td>
    @@ -2679,11 +2247,11 @@
                            <span class="pill full-width rd">R&amp;D</span>
                            <p class="review-text">Complete <b>Aug 5, 2022</b></p>
                          </div>
                        </td>
                        <td>
    -                     <div class="phase-cell" role="list" aria-setsize="2">
    +                     <div class="phase-cell" role="list" aria-setsize="1">
                            <span class="styled-pill full-width auto-width"
                              ><a href="/test-review/61"
                                ><span
                                  ><svg
                                    aria-hidden="true"
    @@ -2699,15 +2267,11 @@
                                      fill="currentColor"
                                      d="M256 512A256 256 0 1 0 256 0a256 256 0 1 0 0 512zM369 209L241 337c-9.4 9.4-24.6 9.4-33.9 0l-64-64c-9.4-9.4-9.4-24.6 0-33.9s24.6-9.4 33.9 0l47 47L335 175c9.4-9.4 24.6-9.4 33.9 0s9.4 24.6 0 33.9z"></path></svg
                                  ><b>V22.08.05</b></span
                                ></a
                              ></span
    -                       ><button
    -                         type="button"
    -                         class="advance-button btn btn-secondary">
    -                         Advance to Draft
    -                       </button>
    +                       >
                          </div>
                        </td>
                        <td>
                          <span class="none centered absolute">Not Started</span>
                        </td>
    @@ -2733,11 +2297,11 @@
                            <span class="pill full-width rd">R&amp;D</span>
                            <p class="review-text">Complete <b>Mar 17, 2022</b></p>
                          </div>
                        </td>
                        <td>
    -                     <div class="phase-cell" role="list" aria-setsize="2">
    +                     <div class="phase-cell" role="list" aria-setsize="1">
                            <span class="styled-pill full-width auto-width"
                              ><a href="/test-review/62"
                                ><span
                                  ><svg
                                    aria-hidden="true"
    @@ -2753,15 +2317,11 @@
                                      fill="currentColor"
                                      d="M256 512A256 256 0 1 0 256 0a256 256 0 1 0 0 512zM369 209L241 337c-9.4 9.4-24.6 9.4-33.9 0l-64-64c-9.4-9.4-9.4-24.6 0-33.9s24.6-9.4 33.9 0l47 47L335 175c9.4-9.4 24.6-9.4 33.9 0s9.4 24.6 0 33.9z"></path></svg
                                  ><b>V22.03.17-1</b></span
                                ></a
                              ></span
    -                       ><button
    -                         type="button"
    -                         class="advance-button btn btn-secondary">
    -                         Advance to Draft
    -                       </button>
    +                       >
                          </div>
                        </td>
                        <td>
                          <span class="none centered absolute">Not Started</span>
                        </td>
    @@ -2787,11 +2347,11 @@
                            <span class="pill full-width rd">R&amp;D</span>
                            <p class="review-text">Complete <b>Apr 9, 2025</b></p>
                          </div>
                        </td>
                        <td>
    -                     <div class="phase-cell" role="list" aria-setsize="2">
    +                     <div class="phase-cell" role="list" aria-setsize="1">
                            <span class="styled-pill full-width auto-width"
                              ><a href="/test-review/97"
                                ><span
                                  ><svg
                                    aria-hidden="true"
    @@ -2807,15 +2367,11 @@
                                      fill="currentColor"
                                      d="M256 512A256 256 0 1 0 256 0a256 256 0 1 0 0 512zM369 209L241 337c-9.4 9.4-24.6 9.4-33.9 0l-64-64c-9.4-9.4-9.4-24.6 0-33.9s24.6-9.4 33.9 0l47 47L335 175c9.4-9.4 24.6-9.4 33.9 0s9.4 24.6 0 33.9z"></path></svg
                                  ><b>V25.04.09</b></span
                                ></a
                              ></span
    -                       ><button
    -                         type="button"
    -                         class="advance-button btn btn-secondary">
    -                         Advance to Draft
    -                       </button>
    +                       >
                          </div>
                        </td>
                        <td>
                          <span class="none centered absolute">Not Started</span>
                        </td>

      22 |
      23 |         const existingSnapshot = await fs.readFile(snapshotPath, 'utf-8');
    > 24 |         expect(currentSnapshot.trim()).toBe(existingSnapshot.trim());
         |                                        ^
      25 |       });
      26 |     });
      27 |   });

      at toBe (tests/e2e/snapshots/snapshotTest.e2e.test.js:24:40)
      at call (tests/e2e/snapshots/snapshotTest.e2e.test.js:2:1)
      at Generator.tryCatch (tests/e2e/snapshots/snapshotTest.e2e.test.js:2:1)
      at Generator._invoke [as next] (tests/e2e/snapshots/snapshotTest.e2e.test.js:2:1)
      at asyncGeneratorStep (tests/e2e/snapshots/snapshotTest.e2e.test.js:2:1)
      at asyncGeneratorStep (tests/e2e/snapshots/snapshotTest.e2e.test.js:2:1)

  ● Snapshot Comparison › should match snapshot for /404

    expect(received).toBe(expected) // Object.is equality

    - Expected  - 36
    + Received  +  1

    @@ -40,46 +40,11 @@
                    <li>
                      <a aria-current="false" class="nav-link" href="/test-queue"
                        >Test Queue</a
                      >
                    </li>
    -               <li>
    -                 <a
    -                   aria-current="false"
    -                   class="nav-link"
    -                   href="/candidate-review"
    -                   >Candidate Review</a
    -                 >
    -               </li>
    -               <li>
    -                 <a
    -                   aria-current="false"
    -                   class="nav-link"
    -                   href="/account/settings"
    -                   >Settings</a
    -                 >
    -               </li>
    -               <li class="signed-in-wrapper">
    -                 <div class="signed-in" id="signed-in">
    -                   <svg
    -                     aria-hidden="true"
    -                     focusable="false"
    -                     data-prefix="fas"
    -                     data-icon="circle-user"
    -                     class="svg-inline--fa fa-circle-user"
    -                     role="img"
    -                     xmlns="http://www.w3.org/2000/svg"
    -                     viewBox="0 0 512 512">
    -                     <path
    -                       fill="currentColor"
    -                       d="M399 384.2C376.9 345.8 335.4 320 288 320H224c-47.4 0-88.9 25.8-111 64.2c35.2 39.2 86.2 63.8 143 63.8s107.8-24.7 143-63.8zM0 256a256 256 0 1 1 512 0A256 256 0 1 1 0 256zm256 16a72 72 0 1 0 0-144 72 72 0 1 0 0 144z"></path></svg
    -                   >Signed in as <b>joe-the-admin</b>
    -                 </div>
    -                 <a aria-describedby="signed-in" class="nav-link" href="/"
    -                   >Sign out</a
    -                 >
    -               </li>
    +               <li><a class="nav-link" href="/404">Sign in with GitHub</a></li>
                  </div>
                </div>
              </nav>
            </div>
            <div class="container-fluid">

      22 |
      23 |         const existingSnapshot = await fs.readFile(snapshotPath, 'utf-8');
    > 24 |         expect(currentSnapshot.trim()).toBe(existingSnapshot.trim());
         |                                        ^
      25 |       });
      26 |     });
      27 |   });

      at toBe (tests/e2e/snapshots/snapshotTest.e2e.test.js:24:40)
      at call (tests/e2e/snapshots/snapshotTest.e2e.test.js:2:1)
      at Generator.tryCatch (tests/e2e/snapshots/snapshotTest.e2e.test.js:2:1)
      at Generator._invoke [as next] (tests/e2e/snapshots/snapshotTest.e2e.test.js:2:1)
      at asyncGeneratorStep (tests/e2e/snapshots/snapshotTest.e2e.test.js:2:1)
      at asyncGeneratorStep (tests/e2e/snapshots/snapshotTest.e2e.test.js:2:1)

  ● Snapshot Comparison › should match snapshot for /test-plan-report/1

    expect(received).toBe(expected) // Object.is equality

    - Expected  - 33
    + Received  +  2

    @@ -44,43 +44,12 @@
                      <a aria-current="true" class="nav-link" href="/test-queue"
                        >Test Queue</a
                      >
                    </li>
                    <li>
    -                 <a
    -                   aria-current="false"
    -                   class="nav-link"
    -                   href="/candidate-review"
    -                   >Candidate Review</a
    -                 >
    -               </li>
    -               <li>
    -                 <a
    -                   aria-current="false"
    -                   class="nav-link"
    -                   href="/account/settings"
    -                   >Settings</a
    -                 >
    -               </li>
    -               <li class="signed-in-wrapper">
    -                 <div class="signed-in" id="signed-in">
    -                   <svg
    -                     aria-hidden="true"
    -                     focusable="false"
    -                     data-prefix="fas"
    -                     data-icon="circle-user"
    -                     class="svg-inline--fa fa-circle-user"
    -                     role="img"
    -                     xmlns="http://www.w3.org/2000/svg"
    -                     viewBox="0 0 512 512">
    -                     <path
    -                       fill="currentColor"
    -                       d="M399 384.2C376.9 345.8 335.4 320 288 320H224c-47.4 0-88.9 25.8-111 64.2c35.2 39.2 86.2 63.8 143 63.8s107.8-24.7 143-63.8zM0 256a256 256 0 1 1 512 0A256 256 0 1 1 0 256zm256 16a72 72 0 1 0 0-144 72 72 0 1 0 0 144z"></path></svg
    -                   >Signed in as <b>joe-the-admin</b>
    -                 </div>
    -                 <a aria-describedby="signed-in" class="nav-link" href="/"
    -                   >Sign out</a
    +                 <a class="nav-link" href="/test-plan-report/1"
    +                   >Sign in with GitHub</a
                      >
                    </li>
                  </div>
                </div>
              </nav>

      22 |
      23 |         const existingSnapshot = await fs.readFile(snapshotPath, 'utf-8');
    > 24 |         expect(currentSnapshot.trim()).toBe(existingSnapshot.trim());
         |                                        ^
      25 |       });
      26 |     });
      27 |   });

      at toBe (tests/e2e/snapshots/snapshotTest.e2e.test.js:24:40)
      at call (tests/e2e/snapshots/snapshotTest.e2e.test.js:2:1)
      at Generator.tryCatch (tests/e2e/snapshots/snapshotTest.e2e.test.js:2:1)
      at Generator._invoke [as next] (tests/e2e/snapshots/snapshotTest.e2e.test.js:2:1)
      at asyncGeneratorStep (tests/e2e/snapshots/snapshotTest.e2e.test.js:2:1)
      at asyncGeneratorStep (tests/e2e/snapshots/snapshotTest.e2e.test.js:2:1)

  ● Snapshot Comparison › should match snapshot for /test-review/8

    expect(received).toBe(expected) // Object.is equality

    - Expected  - 33
    + Received  +  2

    @@ -41,43 +41,12 @@
                      <a aria-current="false" class="nav-link" href="/test-queue"
                        >Test Queue</a
                      >
                    </li>
                    <li>
    -                 <a
    -                   aria-current="false"
    -                   class="nav-link"
    -                   href="/candidate-review"
    -                   >Candidate Review</a
    -                 >
    -               </li>
    -               <li>
    -                 <a
    -                   aria-current="false"
    -                   class="nav-link"
    -                   href="/account/settings"
    -                   >Settings</a
    -                 >
    -               </li>
    -               <li class="signed-in-wrapper">
    -                 <div class="signed-in" id="signed-in">
    -                   <svg
    -                     aria-hidden="true"
    -                     focusable="false"
    -                     data-prefix="fas"
    -                     data-icon="circle-user"
    -                     class="svg-inline--fa fa-circle-user"
    -                     role="img"
    -                     xmlns="http://www.w3.org/2000/svg"
    -                     viewBox="0 0 512 512">
    -                     <path
    -                       fill="currentColor"
    -                       d="M399 384.2C376.9 345.8 335.4 320 288 320H224c-47.4 0-88.9 25.8-111 64.2c35.2 39.2 86.2 63.8 143 63.8s107.8-24.7 143-63.8zM0 256a256 256 0 1 1 512 0A256 256 0 1 1 0 256zm256 16a72 72 0 1 0 0-144 72 72 0 1 0 0 144z"></path></svg
    -                   >Signed in as <b>joe-the-admin</b>
    -                 </div>
    -                 <a aria-describedby="signed-in" class="nav-link" href="/"
    -                   >Sign out</a
    +                 <a class="nav-link" href="/test-review/8"
    +                   >Sign in with GitHub</a
                      >
                    </li>
                  </div>
                </div>
              </nav>

      22 |
      23 |         const existingSnapshot = await fs.readFile(snapshotPath, 'utf-8');
    > 24 |         expect(currentSnapshot.trim()).toBe(existingSnapshot.trim());
         |                                        ^
      25 |       });
      26 |     });
      27 |   });

      at toBe (tests/e2e/snapshots/snapshotTest.e2e.test.js:24:40)
      at call (tests/e2e/snapshots/snapshotTest.e2e.test.js:2:1)
      at Generator.tryCatch (tests/e2e/snapshots/snapshotTest.e2e.test.js:2:1)
      at Generator._invoke [as next] (tests/e2e/snapshots/snapshotTest.e2e.test.js:2:1)
      at asyncGeneratorStep (tests/e2e/snapshots/snapshotTest.e2e.test.js:2:1)
      at asyncGeneratorStep (tests/e2e/snapshots/snapshotTest.e2e.test.js:2:1)

  ● Snapshot Comparison › should match snapshot for /run/2

    expect(received).toBe(expected) // Object.is equality

    - Expected  - 877
    + Received  +  11

    @@ -4,16 +4,13 @@
          <meta charset="UTF-8" />
          <meta name="google" content="notranslate" />
          <meta name="viewport" content="width=device-width, initial-scale=1" />

          <link rel="shortcut icon" href="data:image/x-icon;," type="image/x-icon" />
    -     <title>
    -       Navigate forwards to a collapsed select-only combobox in reading mode for
    -       NVDA 2020.4 and Firefox 99 | ARIA-AT
    -     </title>
    +     <title>Error - Test Results | ARIA-AT</title>
        </head>
    -   <body data-rr-ui-modal-open="" class="modal-open" style="overflow: hidden">
    +   <body>
          <div id="root">
            <div class="container-fluid">
              <nav
                aria-label="Menu"
                class="navbar navbar-expand-xl navbar-light bg-light">
    @@ -43,892 +40,29 @@
                    <li>
                      <a aria-current="true" class="nav-link" href="/test-queue"
                        >Test Queue</a
                      >
                    </li>
    -               <li>
    -                 <a
    -                   aria-current="false"
    -                   class="nav-link"
    -                   href="/candidate-review"
    -                   >Candidate Review</a
    -                 >
    -               </li>
    -               <li>
    -                 <a
    -                   aria-current="false"
    -                   class="nav-link"
    -                   href="/account/settings"
    -                   >Settings</a
    -                 >
    -               </li>
    -               <li class="signed-in-wrapper">
    -                 <div class="signed-in" id="signed-in">
    -                   <svg
    -                     aria-hidden="true"
    -                     focusable="false"
    -                     data-prefix="fas"
    -                     data-icon="circle-user"
    -                     class="svg-inline--fa fa-circle-user"
    -                     role="img"
    -                     xmlns="http://www.w3.org/2000/svg"
    -                     viewBox="0 0 512 512">
    -                     <path
    -                       fill="currentColor"
    -                       d="M399 384.2C376.9 345.8 335.4 320 288 320H224c-47.4 0-88.9 25.8-111 64.2c35.2 39.2 86.2 63.8 143 63.8s107.8-24.7 143-63.8zM0 256a256 256 0 1 1 512 0A256 256 0 1 1 0 256zm256 16a72 72 0 1 0 0-144 72 72 0 1 0 0 144z"></path></svg
    -                   >Signed in as <b>joe-the-admin</b>
    -                 </div>
    -                 <a aria-describedby="signed-in" class="nav-link" href="/"
    -                   >Sign out</a
    -                 >
    -               </li>
    +               <li><a class="nav-link" href="/run/2">Sign in with GitHub</a></li>
                  </div>
                </div>
              </nav>
            </div>
            <div class="container-fluid">
    -         <div class="container">
    -           <div class="row">
    -             <div class="test-navigator col-md-3">
    -               <div class="test-navigator-toggle-container">
    -                 <h2 id="test-navigator-heading">
    -                   <button
    -                     aria-label="Test Navigation"
    -                     aria-controls="test-navigator-nav"
    -                     aria-expanded="true"
    -                     class="test-navigator-toggle">
    -                     <svg
    -                       aria-hidden="true"
    -                       focusable="false"
    -                       data-prefix="fas"
    -                       data-icon="arrow-left"
    -                       class="svg-inline--fa fa-arrow-left"
    -                       role="img"
    -                       xmlns="http://www.w3.org/2000/svg"
    -                       viewBox="0 0 448 512">
    -                       <path
    -                         fill="currentColor"
    -                         d="M9.4 233.4c-12.5 12.5-12.5 32.8 0 45.3l160 160c12.5 12.5 32.8 12.5 45.3 0s12.5-32.8 0-45.3L109.2 288 416 288c17.7 0 32-14.3 32-32s-14.3-32-32-32l-306.7 0L214.6 118.6c12.5-12.5 12.5-32.8 0-45.3s-32.8-12.5-45.3 0l-160 160z"></path></svg
    -                     ><svg
    -                       aria-hidden="true"
    -                       focusable="false"
    -                       data-prefix="fas"
    -                       data-icon="align-left"
    -                       class="svg-inline--fa fa-align-left"
    -                       role="img"
    -                       xmlns="http://www.w3.org/2000/svg"
    -                       viewBox="0 0 448 512">
    -                       <path
    -                         fill="currentColor"
    -                         d="M288 64c0 17.7-14.3 32-32 32H32C14.3 96 0 81.7 0 64S14.3 32 32 32H256c17.7 0 32 14.3 32 32zm0 256c0 17.7-14.3 32-32 32H32c-17.7 0-32-14.3-32-32s14.3-32 32-32H256c17.7 0 32 14.3 32 32zM0 192c0-17.7 14.3-32 32-32H416c17.7 0 32 14.3 32 32s-14.3 32-32 32H32c-17.7 0-32-14.3-32-32zM448 448c0 17.7-14.3 32-32 32H32c-17.7 0-32-14.3-32-32s14.3-32 32-32H416c17.7 0 32 14.3 32 32z"></path>
    -                     </svg>
    -                   </button>
    -                 </h2>
    -               </div>
    -               <nav id="test-navigator-nav" aria-label="Test">
    -                 <ol
    -                   aria-labelledby="test-navigator-heading"
    -                   class="test-navigator-list">
    -                   <li class="test-name-wrapper complete">
    -                     <a href="#1" class="test-name" aria-current="true"
    -                       >Navigate forwards to a collapsed select-only combobox in
    -                       reading mode</a
    -                     ><span
    -                       class="progress-indicator"
    -                       title="Complete Test"></span>
    -                   </li>
    -                   <li class="test-name-wrapper not-started">
    -                     <a href="#2" class="test-name" aria-current="false"
    -                       >Navigate backwards to a collapsed select-only combobox in
    -                       reading mode</a
    -                     ><span
    -                       class="progress-indicator"
    -                       title="Not Started"></span>
    -                   </li>
    -                   <li class="test-name-wrapper not-started">
    -                     <a href="#3" class="test-name" aria-current="false"
    -                       >Navigate forwards to a collapsed select-only combobox in
    -                       interaction mode</a
    -                     ><span
    -                       class="progress-indicator"
    -                       title="Not Started"></span>
    -                   </li>
    -                   <li class="test-name-wrapper conflicts">
    -                     <a href="#4" class="test-name" aria-current="false"
    -                       >Navigate backwards to a collapsed select-only combobox in
    -                       interaction mode</a
    -                     ><span
    -                       class="progress-indicator"
    -                       title="Has Conflicts"></span>
    -                   </li>
    -                   <li class="test-name-wrapper complete">
    -                     <a href="#5" class="test-name" aria-current="false"
    -                       >Read information about a collapsed select-only combobox
    -                       in reading mode</a
    -                     ><span
    -                       class="progress-indicator"
    -                       title="Complete Test"></span>
    -                   </li>
    -                   <li class="test-name-wrapper conflicts">
    -                     <a href="#6" class="test-name" aria-current="false"
    -                       >Read information about a collapsed select-only combobox
    -                       in interaction mode</a
    -                     ><span
    -                       class="progress-indicator"
    -                       title="Has Conflicts"></span>
    -                   </li>
    -                   <li class="test-name-wrapper conflicts">
    -                     <a href="#7" class="test-name" aria-current="false"
    -                       >Open a collapsed select-only combobox in reading mode</a
    -                     ><span
    -                       class="progress-indicator"
    -                       title="Has Conflicts"></span>
    -                   </li>
    -                   <li class="test-name-wrapper in-progress">
    -                     <a href="#8" class="test-name" aria-current="false"
    -                       >Open a collapsed select-only combobox in interaction
    -                       mode</a
    -                     ><span
    -                       class="progress-indicator"
    -                       title="In Progress"></span>
    -                   </li>
    -                   <li class="test-name-wrapper complete">
    -                     <a href="#9" class="test-name" aria-current="false"
    -                       >Open a collapsed select-only combobox to the first option
    -                       in interaction mode</a
    -                     ><span
    -                       class="progress-indicator"
    -                       title="Complete Test"></span>
    -                   </li>
    -                   <li class="test-name-wrapper complete">
    -                     <a href="#10" class="test-name" aria-current="false"
    -                       >Open a collapsed select-only combobox to a specific
    -                       option in interaction mode</a
    -                     ><span
    -                       class="progress-indicator"
    -                       title="Complete Test"></span>
    -                   </li>
    -                   <li class="test-name-wrapper complete">
    -                     <a href="#11" class="test-name" aria-current="false"
    -                       >Open a collapsed select-only combobox to the last option
    -                       in interaction mode</a
    -                     ><span
    -                       class="progress-indicator"
    -                       title="Complete Test"></span>
    -                   </li>
    -                   <li class="test-name-wrapper complete">
    -                     <a href="#12" class="test-name" aria-current="false"
    -                       >Read information about a listbox popup in interaction
    -                       mode</a
    -                     ><span
    -                       class="progress-indicator"
    -                       title="Complete Test"></span>
    -                   </li>
    -                   <li class="test-name-wrapper complete">
    -                     <a href="#13" class="test-name" aria-current="false"
    -                       >Navigate forwards to an option in a listbox popup in
    -                       interaction mode</a
    -                     ><span
    -                       class="progress-indicator"
    -                       title="Complete Test"></span>
    -                   </li>
    -                   <li class="test-name-wrapper complete">
    -                     <a href="#14" class="test-name" aria-current="false"
    -                       >Navigate backwards to an option in a listbox popup in
    -                       interaction mode</a
    -                     ><span
    -                       class="progress-indicator"
    -                       title="Complete Test"></span>
    -                   </li>
    -                   <li class="test-name-wrapper complete">
    -                     <a href="#15" class="test-name" aria-current="false"
    -                       >Navigate to a specific option in a listbox popup in
    -                       interaction mode</a
    -                     ><span
    -                       class="progress-indicator"
    -                       title="Complete Test"></span>
    -                   </li>
    -                   <li class="test-name-wrapper complete">
    -                     <a href="#16" class="test-name" aria-current="false"
    -                       >Navigate to the first option in a listbox popup in
    -                       interaction mode</a
    -                     ><span
    -                       class="progress-indicator"
    -                       title="Complete Test"></span>
    -                   </li>
    -                   <li class="test-name-wrapper complete">
    -                     <a href="#17" class="test-name" aria-current="false"
    -                       >Navigate to the last option in a listbox popup in
    -                       interaction mode</a
    -                     ><span
    -                       class="progress-indicator"
    -                       title="Complete Test"></span>
    -                   </li>
    -                   <li class="test-name-wrapper complete">
    -                     <a href="#18" class="test-name" aria-current="false"
    -                       >Navigate forwards by ten options in a listbox popup in
    -                       interaction mode</a
    -                     ><span
    -                       class="progress-indicator"
    -                       title="Complete Test"></span>
    -                   </li>
    -                   <li class="test-name-wrapper complete">
    -                     <a href="#19" class="test-name" aria-current="false"
    -                       >Navigate backwards by ten options in a listbox popup in
    -                       interaction mode</a
    -                     ><span
    -                       class="progress-indicator"
    -                       title="Complete Test"></span>
    -                   </li>
    -                   <li class="test-name-wrapper complete">
    -                     <a href="#20" class="test-name" aria-current="false"
    -                       >Select an option in a listbox popup in interaction
    -                       mode</a
    -                     ><span
    -                       class="progress-indicator"
    -                       title="Complete Test"></span>
    -                   </li>
    -                   <li class="test-name-wrapper complete">
    -                     <a href="#21" class="test-name" aria-current="false"
    -                       >Close a listbox popup in interaction mode</a
    -                     ><span
    -                       class="progress-indicator"
    -                       title="Complete Test"></span>
    -                   </li>
    -                 </ol>
    -               </nav>
    -             </div>
    -             <main id="main" tabindex="-1" class="col">
    -               <div class="row">
    -                 <div class="col">
    -                   <h1 data-testid="testing-task" tabindex="-1">
    -                     <span class="task-label">Test 1:</span>Navigate forwards to
    -                     a collapsed select-only combobox in reading mode
    -                   </h1>
    -                   <span
    -                     ><div class="test-info-wrapper">
    -                       <div
    -                         class="test-info-entity apg-example-name"
    -                         data-testid="apg-example-name">
    -                         <div data-testid="info-label">
    -                           <b>Test Plan:</b>&nbsp;<a href="/test-review/7"
    -                             >Select Only Combobox Example V22.03.17</a
    -                           >
    -                         </div>
    -                       </div>
    -                       <div
    -                         class="test-info-entity at-browser-container"
    -                         data-testid="at-browser-container">
    -                         <div class="at-browser-row">
    -                           <div data-testid="info-label">
    -                             <b>AT:</b> NVDA 2020.4
    -                           </div>
    -                           <div data-testid="info-label">
    -                             <b>Browser:</b> Firefox 99
    -                           </div>
    -                         </div>
    -                         <button
    -                           type="button"
    -                           id="edit-fa-button"
    -                           aria-label="Edit version details for AT and Browser"
    -                           class="btn btn-primary">
    -                           <svg
    -                             aria-hidden="true"
    -                             focusable="false"
    -                             data-prefix="fas"
    -                             data-icon="pen-to-square"
    -                             class="svg-inline--fa fa-pen-to-square"
    -                             role="img"
    -                             xmlns="http://www.w3.org/2000/svg"
    -                             viewBox="0 0 512 512">
    -                             <path
    -                               fill="currentColor"
    -                               d="M471.6 21.7c-21.9-21.9-57.3-21.9-79.2 0L362.3 51.7l97.9 97.9 30.1-30.1c21.9-21.9 21.9-57.3 0-79.2L471.6 21.7zm-299.2 220c-6.1 6.1-10.8 13.6-13.5 21.9l-29.6 88.8c-2.9 8.6-.6 18.1 5.8 24.6s15.9 8.7 24.6 5.8l88.8-29.6c8.2-2.7 15.7-7.4 21.9-13.5L437.7 172.3 339.7 74.3 172.4 241.7zM96 64C43 64 0 107 0 160V416c0 53 43 96 96 96H352c53 0 96-43 96-96V320c0-17.7-14.3-32-32-32s-32 14.3-32 32v96c0 17.7-14.3 32-32 32H96c-17.7 0-32-14.3-32-32V160c0-17.7 14.3-32 32-32h96c17.7 0 32-14.3 32-32s-14.3-32-32-32H96z"></path>
    -                           </svg>
    -                         </button>
    -                       </div>
    -                       <div class="test-info-entity tests-completed">
    -                         <div data-testid="info-label">
    -                           <svg
    -                             aria-hidden="true"
    -                             focusable="false"
    -                             data-prefix="fas"
    -                             data-icon="check"
    -                             class="svg-inline--fa fa-check"
    -                             role="img"
    -                             xmlns="http://www.w3.org/2000/svg"
    -                             viewBox="0 0 448 512">
    -                             <path
    -                               fill="currentColor"
    -                               d="M438.6 105.4c12.5 12.5 12.5 32.8 0 45.3l-256 256c-12.5 12.5-32.8 12.5-45.3 0l-128-128c-12.5-12.5-12.5-32.8 0-45.3s32.8-12.5 45.3 0L160 338.7 393.4 105.4c12.5-12.5 32.8-12.5 45.3 0z"></path></svg
    -                           ><b>18 of 21</b> tests completed
    -                         </div>
    -                       </div>
    -                     </div>
    -                     <div class="test-info-entity reviewing-as">
    -                       Reviewing tests of <b>esmeralda-baggins</b>.
    -                       <em
    -                         >All changes will be saved as performed by
    -                         esmeralda-baggins.</em
    -                       >
    -                     </div></span
    -                   >
    -                   <div class="row">
    -                     <div class="p-0 col-md-9">
    -                       <div class="row">
    -                         <div class="test-renderer-container">
    -                           <h1>
    -                             Navigate forwards to a collapsed select-only
    -                             combobox in reading mode
    -                           </h1>
    -                           <h2 id="overallstatus">
    -                             Test Results&nbsp;(24 passed, 0 failed, 0
    -                             unsupported)
    -                           </h2>
    -                           <h3>
    -                             F&nbsp;Results:&nbsp;6 passed,&nbsp;0 failed,&nbsp;0
    -                             unsupported
    -                           </h3>
    -                           <p class="test-plan-results-response-p">
    -                             NVDA Response:
    -                           </p>
    -                           <blockquote class="test-plan-results-blockquote">
    -                             automatically seeded sample output
    -                           </blockquote>
    -                           <div class="table-responsive">
    -                             <table
    -                               aria-label="Results for test Navigate forwards to a collapsed select-only combobox in reading mode"
    -                               class="test-plan-results-table table table-bordered">
    -                               <caption>
    -                                 F Results
    -                               </caption>
    -                               <thead>
    -                                 <tr>
    -                                   <th>Priority</th>
    -                                   <th>Assertion</th>
    -                                   <th>Result</th>
    -                                 </tr>
    -                               </thead>
    -                               <tbody>
    -                                 <tr>
    -                                   <td>MUST</td>
    -                                   <td>Role 'combobox' is conveyed</td>
    -                                   <td>Passed</td>
    -                                 </tr>
    -                                 <tr>
    -                                   <td>MUST</td>
    -                                   <td>Name 'Favorite Fruit' is conveyed</td>
    -                                   <td>Passed</td>
    -                                 </tr>
    -                                 <tr>
    -                                   <td>MUST</td>
    -                                   <td>
    -                                     Text of the selected option ('Choose a
    -                                     Fruit') is conveyed
    -                                   </td>
    -                                   <td>Passed</td>
    -                                 </tr>
    -                                 <tr>
    -                                   <td>MUST</td>
    -                                   <td>
    -                                     State of the combobox (collapsed) is
    -                                     conveyed
    -                                   </td>
    -                                   <td>Passed</td>
    -                                 </tr>
    -                                 <tr>
    -                                   <td>MUST</td>
    -                                   <td>
    -                                     Not cause severe negative side effects
    -                                   </td>
    -                                   <td>Passed</td>
    -                                 </tr>
    -                                 <tr>
    -                                   <td>SHOULD</td>
    -                                   <td>
    -                                     Not cause moderate negative side effects
    -                                   </td>
    -                                   <td>Passed</td>
    -                                 </tr>
    -                               </tbody>
    -                             </table>
    -                           </div>
    -                           The command 'F' did not cause any negative side
    -                           effects.
    -                           <hr aria-hidden="true" />
    -                           <h3>
    -                             C&nbsp;Results:&nbsp;6 passed,&nbsp;0 failed,&nbsp;0
    -                             unsupported
    -                           </h3>
    -                           <p class="test-plan-results-response-p">
    -                             NVDA Response:
    -                           </p>
    -                           <blockquote class="test-plan-results-blockquote">
    -                             automatically seeded sample output
    -                           </blockquote>
    -                           <div class="table-responsive">
    -                             <table
    -                               aria-label="Results for test Navigate forwards to a collapsed select-only combobox in reading mode"
    -                               class="test-plan-results-table table table-bordered">
    -                               <caption>
    -                                 C Results
    -                               </caption>
    -                               <thead>
    -                                 <tr>
    -                                   <th>Priority</th>
    -                                   <th>Assertion</th>
    -                                   <th>Result</th>
    -                                 </tr>
    -                               </thead>
    -                               <tbody>
    -                                 <tr>
    -                                   <td>MUST</td>
    -                                   <td>Role 'combobox' is conveyed</td>
    -                                   <td>Passed</td>
    -                                 </tr>
    -                                 <tr>
    -                                   <td>MUST</td>
    -                                   <td>Name 'Favorite Fruit' is conveyed</td>
    -                                   <td>Passed</td>
    -                                 </tr>
    -                                 <tr>
    -                                   <td>MUST</td>
    -                                   <td>
    -                                     Text of the selected option ('Choose a
    -                                     Fruit') is conveyed
    -                                   </td>
    -                                   <td>Passed</td>
    -                                 </tr>
    -                                 <tr>
    -                                   <td>MUST</td>
    -                                   <td>
    -                                     State of the combobox (collapsed) is
    -                                     conveyed
    -                                   </td>
    -                                   <td>Passed</td>
    -                                 </tr>
    -                                 <tr>
    -                                   <td>MUST</td>
    -                                   <td>
    -                                     Not cause severe negative side effects
    -                                   </td>
    -                                   <td>Passed</td>
    -                                 </tr>
    -                                 <tr>
    -                                   <td>SHOULD</td>
    -                                   <td>
    -                                     Not cause moderate negative side effects
    -                                   </td>
    -                                   <td>Passed</td>
    -                                 </tr>
    -                               </tbody>
    -                             </table>
    -                           </div>
    -                           The command 'C' did not cause any negative side
    -                           effects.
    -                           <hr aria-hidden="true" />
    -                           <h3>
    -                             Tab&nbsp;Results:&nbsp;6 passed,&nbsp;0
    -                             failed,&nbsp;0 unsupported
    -                           </h3>
    -                           <p class="test-plan-results-response-p">
    -                             NVDA Response:
    -                           </p>
    -                           <blockquote class="test-plan-results-blockquote">
    -                             automatically seeded sample output
    -                           </blockquote>
    -                           <div class="table-responsive">
    -                             <table
    -                               aria-label="Results for test Navigate forwards to a collapsed select-only combobox in reading mode"
    -                               class="test-plan-results-table table table-bordered">
    -                               <caption>
    -                                 Tab Results
    -                               </caption>
    -                               <thead>
    -                                 <tr>
    -                                   <th>Priority</th>
    -                                   <th>Assertion</th>
    -                                   <th>Result</th>
    -                                 </tr>
    -                               </thead>
    -                               <tbody>
    -                                 <tr>
    -                                   <td>MUST</td>
    -                                   <td>Role 'combobox' is conveyed</td>
    -                                   <td>Passed</td>
    -                                 </tr>
    -                                 <tr>
    -                                   <td>MUST</td>
    -                                   <td>Name 'Favorite Fruit' is conveyed</td>
    -                                   <td>Passed</td>
    -                                 </tr>
    -                                 <tr>
    -                                   <td>MUST</td>
    -                                   <td>
    -                                     Text of the selected option ('Choose a
    -                                     Fruit') is conveyed
    -                                   </td>
    -                                   <td>Passed</td>
    -                                 </tr>
    -                                 <tr>
    -                                   <td>MUST</td>
    -                                   <td>
    -                                     State of the combobox (collapsed) is
    -                                     conveyed
    -                                   </td>
    -                                   <td>Passed</td>
    -                                 </tr>
    -                                 <tr>
    -                                   <td>MUST</td>
    -                                   <td>
    -                                     Not cause severe negative side effects
    -                                   </td>
    -                                   <td>Passed</td>
    -                                 </tr>
    -                                 <tr>
    -                                   <td>SHOULD</td>
    -                                   <td>
    -                                     Not cause moderate negative side effects
    -                                   </td>
    -                                   <td>Passed</td>
    -                                 </tr>
    -                               </tbody>
    -                             </table>
    -                           </div>
    -                           The command 'Tab' did not cause any negative side
    -                           effects.
    -                           <hr aria-hidden="true" />
    -                           <h3>
    -                             Down Arrow&nbsp;Results:&nbsp;6 passed,&nbsp;0
    -                             failed,&nbsp;0 unsupported
    -                           </h3>
    -                           <p class="test-plan-results-response-p">
    -                             NVDA Response:
    -                           </p>
    -                           <blockquote class="test-plan-results-blockquote">
    -                             automatically seeded sample output
    -                           </blockquote>
    -                           <div class="table-responsive">
    -                             <table
    -                               aria-label="Results for test Navigate forwards to a collapsed select-only combobox in reading mode"
    -                               class="test-plan-results-table table table-bordered">
    -                               <caption>
    -                                 Down Arrow Results
    -                               </caption>
    -                               <thead>
    -                                 <tr>
    -                                   <th>Priority</th>
    -                                   <th>Assertion</th>
    -                                   <th>Result</th>
    -                                 </tr>
    -                               </thead>
    -                               <tbody>
    -                                 <tr>
    -                                   <td>MUST</td>
    -                                   <td>Role 'combobox' is conveyed</td>
    -                                   <td>Passed</td>
    -                                 </tr>
    -                                 <tr>
    -                                   <td>MUST</td>
    -                                   <td>Name 'Favorite Fruit' is conveyed</td>
    -                                   <td>Passed</td>
    -                                 </tr>
    -                                 <tr>
    -                                   <td>MUST</td>
    -                                   <td>
    -                                     Text of the selected option ('Choose a
    -                                     Fruit') is conveyed
    -                                   </td>
    -                                   <td>Passed</td>
    -                                 </tr>
    -                                 <tr>
    -                                   <td>MUST</td>
    -                                   <td>
    -                                     State of the combobox (collapsed) is
    -                                     conveyed
    -                                   </td>
    -                                   <td>Passed</td>
    -                                 </tr>
    -                                 <tr>
    -                                   <td>MUST</td>
    -                                   <td>
    -                                     Not cause severe negative side effects
    -                                   </td>
    -                                   <td>Passed</td>
    -                                 </tr>
    -                                 <tr>
    -                                   <td>SHOULD</td>
    -                                   <td>
    -                                     Not cause moderate negative side effects
    -                                   </td>
    -                                   <td>Passed</td>
    -                                 </tr>
    -                               </tbody>
    -                             </table>
    -                           </div>
    -                           The command 'Down Arrow' did not cause any negative
    -                           side effects.
    -                         </div>
    -                       </div>
    -                       <div class="row">
    -                         <h2 id="test-toolbar-heading" class="sr-only">
    -                           Test Controls
    -                         </h2>
    -                         <ul
    -                           aria-labelledby="test-toolbar-heading"
    -                           class="test-run-toolbar">
    -                           <li>
    -                             <button
    -                               type="button"
    -                               disabled=""
    -                               class="btn btn-secondary">
    -                               Previous Test
    -                             </button>
    -                           </li>
    -                           <li>
    -                             <button type="button" class="btn btn-secondary">
    -                               <svg
    -                                 aria-hidden="true"
    -                                 focusable="false"
    -                                 data-prefix="fas"
    -                                 data-icon="pen"
    -                                 class="svg-inline--fa fa-pen"
    -                                 role="img"
    -                                 xmlns="http://www.w3.org/2000/svg"
    -                                 viewBox="0 0 512 512">
    -                                 <path
    -                                   fill="currentColor"
    -                                   d="M362.7 19.3L314.3 67.7 444.3 197.7l48.4-48.4c25-25 25-65.5 0-90.5L453.3 19.3c-25-25-65.5-25-90.5 0zm-71 71L58.6 323.5c-10.4 10.4-18 23.3-22.2 37.4L1 481.2C-1.5 489.7 .8 498.8 7 505s15.3 8.5 23.7 6.1l120.3-35.4c14.1-4.2 27-11.8 37.4-22.2L421.7 220.3 291.7 90.3z"></path></svg
    -                               >Edit Results
    -                             </button>
    -                           </li>
    -                           <li>
    -                             <button type="button" class="btn btn-secondary">
    -                               Next Test
    -                             </button>
    -                           </li>
    -                           <li>
    -                             <button type="button" class="btn btn-primary">
    -                               Continue
    -                             </button>
    -                           </li>
    -                         </ul>
    -                       </div>
    -                     </div>
    -                     <div class="current-test-options col-md-3">
    -                       <div role="complementary">
    -                         <h2 id="test-options-heading">Test Options</h2>
    -                         <ul
    -                           class="options-wrapper"
    -                           aria-labelledby="test-options-heading">
    -                           <li>
    -                             <a
    -                               role="button"
    -                               tabindex="0"
    -                               href="https://github.com/bocoup/aria-at/issues/new?title=Feedback:%20%22Navigate%20forwards%20to%20a%20collapsed%20select-only%20combobox%20in%20reading%20mode%22%20(Select%20Only%20Combobox%20Example,%20Test%201,%20V22.03.17)&amp;labels=nvda,feedback&amp;body=%23%23%20Description%20of%20Behavior%0A%0A%3C!--%20Write%20your%20description%20here%20--%3E%0A%0A%23%23%20Test%20Setup%0A%0A-%20Test%20File%3A%20%5Btest-01-navigate-forwards-to-collapsed-select-only-combobox-reading-nvda.collected.html%5D(https%3A%2F%2Faria-at.netlify.app%2Ftests%2Fcombobox-select-only%2Ftest-01-navigate-forwards-to-collapsed-select-only-combobox-reading-nvda.collected.html)%0A-%20AT%3A%20NVDA%20(Version%202020.4)%0A-%20Browser%3A%20Firefox%20(Version%2099)%0A%0A%3C!--%20The%20following%20data%20allows%20the%20issue%20to%20be%20imported%20into%20the%20ARIA%20AT%20App%20--%3E%0A%3C!--%20ARIA_AT_APP_ISSUE_DATA%20%3D%20%7B%22testPlanDirectory%22%3A%22combobox-select-only%22%2C%22versionString%22%3A%22V22.03.17%22%2C%22atName%22%3A%22NVDA%22%2C%22browserName%22%3A%22Firefox%22%2C%22testRowNumber%22%3A1%2C%22testSequenceNumber%22%3A1%2C%22isCandidateReview%22%3Afalse%2C%22isCandidateReviewChangesRequested%22%3Afalse%7D%20--%3E"
    -                               target="_blank"
    -                               aria-disabled="false"
    -                               class="option-btn btn btn-secondary"
    -                               ><svg
    -                                 aria-hidden="true"
    -                                 focusable="false"
    -                                 data-prefix="fas"
    -                                 data-icon="circle-exclamation"
    -                                 class="svg-inline--fa fa-circle-exclamation"
    -                                 role="img"
    -                                 xmlns="http://www.w3.org/2000/svg"
    -                                 viewBox="0 0 512 512"
    -                                 color="var(--bg-dark-gray)">
    -                                 <path
    -                                   fill="currentColor"
    -                                   d="M256 512A256 256 0 1 0 256 0a256 256 0 1 0 0 512zm0-384c13.3 0 24 10.7 24 24V264c0 13.3-10.7 24-24 24s-24-10.7-24-24V152c0-13.3 10.7-24 24-24zM224 352a32 32 0 1 1 64 0 32 32 0 1 1 -64 0z"></path></svg
    -                               >Raise an Issue</a
    -                             >
    -                           </li>
    -                           <li>
    -                             <button
    -                               type="button"
    -                               aria-disabled="false"
    -                               class="option-btn btn btn-secondary">
    -                               <svg
    -                                 aria-hidden="true"
    -                                 focusable="false"
    -                                 data-prefix="fas"
    -                                 data-icon="arrow-rotate-right"
    -                                 class="svg-inline--fa fa-arrow-rotate-right"
    -                                 role="img"
    -                                 xmlns="http://www.w3.org/2000/svg"
    -                                 viewBox="0 0 512 512"
    -                                 color="var(--bg-dark-gray)">
    -                                 <path
    -                                   fill="currentColor"
    -                                   d="M386.3 160H336c-17.7 0-32 14.3-32 32s14.3 32 32 32H464c17.7 0 32-14.3 32-32V64c0-17.7-14.3-32-32-32s-32 14.3-32 32v51.2L414.4 97.6c-87.5-87.5-229.3-87.5-316.8 0s-87.5 229.3 0 316.8s229.3 87.5 316.8 0c12.5-12.5 12.5-32.8 0-45.3s-32.8-12.5-45.3 0c-62.5 62.5-163.8 62.5-226.3 0s-62.5-163.8 0-226.3s163.8-62.5 226.3 0L386.3 160z"></path></svg
    -                               >Start Over
    -                             </button>
    -                           </li>
    -                           <li>
    -                             <button
    -                               type="button"
    -                               aria-disabled="false"
    -                               class="option-btn btn btn-secondary">
    -                               Save and Close
    -                             </button>
    -                           </li>
    -                           <li class="help-link">
    -                             <a href="mailto:public-aria-at@w3.org"
    -                               >Email us if you need help</a
    -                             >
    -                           </li>
    -                         </ul>
    -                       </div>
    -                     </div>
    -                   </div>
    -                   <div style="display: none"></div>
    -                 </div>
    -               </div>
    -             </main>
    +         <main id="main" tabindex="-1" class="container">
    +           <h1>Testing Task</h1>
    +           <div
    +             class="alert alert-danger"
    +             role="alert"
    +             data-testid="page-status">
    +             permission denied for table Vendor
                </div>
    -           <div></div>
    -           <div></div>
    -         </div>
    +         </main>
            </div>
            <span
              class="visually-hidden-aria-live-region"
              aria-live="polite"
              aria-atomic="true"></span>
          </div>
          <script src="/bundle.js"></script>
    -
    -     <div class="fade modal-backdrop show"></div>
    -     <div
    -       role="dialog"
    -       aria-modal="true"
    -       class="fade modal show"
    -       tabindex="-1"
    -       aria-labelledby="title-modal-2"
    -       style="display: block; padding-left: 0px">
    -       <div id="focus-trapped-modal-2" class="modal-dialog modal-60w">
    -         <div tabindex="0"></div>
    -         <div class="modal-content">
    -           <div class="border-bottom-0 modal-header">
    -             <h1
    -               class="modal-title modal-title"
    -               id="title-modal-2"
    -               tabindex="-1">
    -               Assistive Technology and Browser Details
    -             </h1>
    -             <button type="button" class="btn-close" aria-label="Close"></button>
    -           </div>
    -           <div class="modal-body">
    -             <div class="modal-inner-section-container">
    -               <div
    -                 role="alert"
    -                 class="fade at-browser-details-modal-alert alert alert-warning show">
    -                 <svg
    -                   aria-hidden="true"
    -                   focusable="false"
    -                   data-prefix="fas"
    -                   data-icon="triangle-exclamation"
    -                   class="svg-inline--fa fa-triangle-exclamation"
    -                   role="img"
    -                   xmlns="http://www.w3.org/2000/svg"
    -                   viewBox="0 0 512 512">
    -                   <path
    -                     fill="currentColor"
    -                     d="M256 32c14.2 0 27.3 7.5 34.5 19.8l216 368c7.3 12.4 7.3 27.7 .2 40.1S486.3 480 472 480H40c-14.3 0-27.6-7.7-34.7-20.1s-7-27.8 .2-40.1l216-368C228.7 39.5 241.8 32 256 32zm0 128c-13.3 0-24 10.7-24 24V296c0 13.3 10.7 24 24 24s24-10.7 24-24V184c0-13.3-10.7-24-24-24zm32 224a32 32 0 1 0 -64 0 32 32 0 1 0 64 0z"></path></svg
    -                 ><span
    -                   >You are about to review
    -                   <b>Select Only Combobox Example</b> as
    -                   <b>esmeralda-baggins</b>. Your Assistive Technology and
    -                   Browser might be different. Please proceed with caution.</span
    -                 >
    -               </div>
    -               Your Assistive Technology and Browser Details are the following.
    -               Please make sure this information is still accurate.<br /><br />
    -               <fieldset class="fieldset-row">
    -                 <legend>
    -                   <h2 class="modal-subtitle">Assistive Technology Details</h2>
    -                 </legend>
    -                 <div class="form-group">
    -                   <label class="form-label">Assistive Technology Name</label
    -                   ><input
    -                     disabled=""
    -                     type="text"
    -                     class="form-control"
    -                     value="NVDA" />
    -                 </div>
    -                 <div class="form-group">
    -                   <label class="form-label"
    -                     >Assistive Technology Version<span
    -                       class="required-indicator"
    -                       aria-hidden="true"></span></label
    -                   ><select
    -                     required=""
    -                     data-testid="at-browser-modal-select"
    -                     class="form-select">
    -                     <option value="Select a Version" disabled="">
    -                       Select a Version
    -                     </option>
    -                     <option value="2023.3.3">2023.3.3</option>
    -                     <option value="2020.4">2020.4</option>
    -                   </select>
    -                 </div>
    -               </fieldset>
    -               <fieldset class="fieldset-row">
    -                 <legend><h2 class="modal-subtitle">Browser Details</h2></legend>
    -                 <div
    -                   role="alert"
    -                   class="fade at-browser-details-modal-alert alert alert-warning show">
    -                   <svg
    -                     aria-hidden="true"
    -                     focusable="false"
    -                     data-prefix="fas"
    -                     data-icon="triangle-exclamation"
    -                     class="svg-inline--fa fa-triangle-exclamation"
    -                     role="img"
    -                     xmlns="http://www.w3.org/2000/svg"
    -                     viewBox="0 0 512 512">
    -                     <path
    -                       fill="currentColor"
    -                       d="M256 32c14.2 0 27.3 7.5 34.5 19.8l216 368c7.3 12.4 7.3 27.7 .2 40.1S486.3 480 472 480H40c-14.3 0-27.6-7.7-34.7-20.1s-7-27.8 .2-40.1l216-368C228.7 39.5 241.8 32 256 32zm0 128c-13.3 0-24 10.7-24 24V296c0 13.3 10.7 24 24 24s24-10.7 24-24V184c0-13.3-10.7-24-24-24zm32 224a32 32 0 1 0 -64 0 32 32 0 1 0 64 0z"></path></svg
    -                   ><span
    -                     >We have automatically detected you are using
    -                     <b>Chrome Headless 127</b>. This version is different than
    -                     what <b>esmeralda-baggins</b> was using last time, which was
    -                     <b>Firefox 99</b>.<br /><br />We have not updated this
    -                     information below. Please proceed with caution.</span
    -                   >
    -                 </div>
    -                 <div class="form-group">
    -                   <label class="form-label">Browser Name</label
    -                   ><input
    -                     disabled=""
    -                     type="text"
    -                     class="form-control"
    -                     value="Firefox" />
    -                 </div>
    -                 <div class="form-group">
    -                   <label class="form-label"
    -                     >Browser Version<span
    -                       class="required-indicator"
    -                       aria-hidden="true"></span></label
    -                   ><input
    -                     required=""
    -                     data-testid="at-browser-modal-input"
    -                     type="text"
    -                     class="form-control"
    -                     value="99" />
    -                 </div>
    -               </fieldset>
    -             </div>
    -           </div>
    -           <div class="modal-footer">
    -             <button type="button" data-testid="" class="btn btn-primary">
    -               Continue
    -             </button>
    -           </div>
    -         </div>
    -         <div tabindex="0"></div>
    -       </div>
    -     </div>
        </body>
      </html>

      22 |
      23 |         const existingSnapshot = await fs.readFile(snapshotPath, 'utf-8');
    > 24 |         expect(currentSnapshot.trim()).toBe(existingSnapshot.trim());
         |                                        ^
      25 |       });
      26 |     });
      27 |   });

      at toBe (tests/e2e/snapshots/snapshotTest.e2e.test.js:24:40)
      at call (tests/e2e/snapshots/snapshotTest.e2e.test.js:2:1)
      at Generator.tryCatch (tests/e2e/snapshots/snapshotTest.e2e.test.js:2:1)
      at Generator._invoke [as next] (tests/e2e/snapshots/snapshotTest.e2e.test.js:2:1)
      at asyncGeneratorStep (tests/e2e/snapshots/snapshotTest.e2e.test.js:2:1)
      at asyncGeneratorStep (tests/e2e/snapshots/snapshotTest.e2e.test.js:2:1)

  ● Snapshot Comparison › should match snapshot for /data-management/meter

    expect(received).toBe(expected) // Object.is equality

    - Expected  - 33
    + Received  +  2

    @@ -41,43 +41,12 @@
                      <a aria-current="false" class="nav-link" href="/test-queue"
                        >Test Queue</a
                      >
                    </li>
                    <li>
    -                 <a
    -                   aria-current="false"
    -                   class="nav-link"
    -                   href="/candidate-review"
    -                   >Candidate Review</a
    -                 >
    -               </li>
    -               <li>
    -                 <a
    -                   aria-current="false"
    -                   class="nav-link"
    -                   href="/account/settings"
    -                   >Settings</a
    -                 >
    -               </li>
    -               <li class="signed-in-wrapper">
    -                 <div class="signed-in" id="signed-in">
    -                   <svg
    -                     aria-hidden="true"
    -                     focusable="false"
    -                     data-prefix="fas"
    -                     data-icon="circle-user"
    -                     class="svg-inline--fa fa-circle-user"
    -                     role="img"
    -                     xmlns="http://www.w3.org/2000/svg"
    -                     viewBox="0 0 512 512">
    -                     <path
    -                       fill="currentColor"
    -                       d="M399 384.2C376.9 345.8 335.4 320 288 320H224c-47.4 0-88.9 25.8-111 64.2c35.2 39.2 86.2 63.8 143 63.8s107.8-24.7 143-63.8zM0 256a256 256 0 1 1 512 0A256 256 0 1 1 0 256zm256 16a72 72 0 1 0 0-144 72 72 0 1 0 0 144z"></path></svg
    -                   >Signed in as <b>joe-the-admin</b>
    -                 </div>
    -                 <a aria-describedby="signed-in" class="nav-link" href="/"
    -                   >Sign out</a
    +                 <a class="nav-link" href="/data-management/meter"
    +                   >Sign in with GitHub</a
                      >
                    </li>
                  </div>
                </div>
              </nav>

      22 |
      23 |         const existingSnapshot = await fs.readFile(snapshotPath, 'utf-8');
    > 24 |         expect(currentSnapshot.trim()).toBe(existingSnapshot.trim());
         |                                        ^
      25 |       });
      26 |     });
      27 |   });

      at toBe (tests/e2e/snapshots/snapshotTest.e2e.test.js:24:40)
      at call (tests/e2e/snapshots/snapshotTest.e2e.test.js:2:1)
      at Generator.tryCatch (tests/e2e/snapshots/snapshotTest.e2e.test.js:2:1)
      at Generator._invoke [as next] (tests/e2e/snapshots/snapshotTest.e2e.test.js:2:1)
      at asyncGeneratorStep (tests/e2e/snapshots/snapshotTest.e2e.test.js:2:1)
      at asyncGeneratorStep (tests/e2e/snapshots/snapshotTest.e2e.test.js:2:1)

  ● Snapshot Comparison › should match snapshot for /candidate-test-plan/24/1

    expect(received).toBe(expected) // Object.is equality

    - Expected  - 736
    + Received  +   8

    @@ -4,14 +4,11 @@
          <meta charset="UTF-8" />
          <meta name="google" content="notranslate" />
          <meta name="viewport" content="width=device-width, initial-scale=1" />

          <link rel="shortcut icon" href="data:image/x-icon;," type="image/x-icon" />
    -     <title>
    -       1. Open a Modal Dialog in reading mode | Modal Dialog Example | Candidate
    -       Review | ARIA-AT
    -     </title>
    +     <title>Invalid Request | ARIA-AT</title>
        </head>
        <body>
          <div id="root">
            <div class="container-fluid">
              <nav
    @@ -44,749 +41,24 @@
                      <a aria-current="false" class="nav-link" href="/test-queue"
                        >Test Queue</a
                      >
                    </li>
                    <li>
    -                 <a aria-current="true" class="nav-link" href="/candidate-review"
    -                   >Candidate Review</a
    -                 >
    -               </li>
    -               <li>
    -                 <a
    -                   aria-current="false"
    -                   class="nav-link"
    -                   href="/account/settings"
    -                   >Settings</a
    -                 >
    -               </li>
    -               <li class="signed-in-wrapper">
    -                 <div class="signed-in" id="signed-in">
    -                   <svg
    -                     aria-hidden="true"
    -                     focusable="false"
    -                     data-prefix="fas"
    -                     data-icon="circle-user"
    -                     class="svg-inline--fa fa-circle-user"
    -                     role="img"
    -                     xmlns="http://www.w3.org/2000/svg"
    -                     viewBox="0 0 512 512">
    -                     <path
    -                       fill="currentColor"
    -                       d="M399 384.2C376.9 345.8 335.4 320 288 320H224c-47.4 0-88.9 25.8-111 64.2c35.2 39.2 86.2 63.8 143 63.8s107.8-24.7 143-63.8zM0 256a256 256 0 1 1 512 0A256 256 0 1 1 0 256zm256 16a72 72 0 1 0 0-144 72 72 0 1 0 0 144z"></path></svg
    -                   >Signed in as <b>joe-the-admin</b>
    -                 </div>
    -                 <a aria-describedby="signed-in" class="nav-link" href="/"
    -                   >Sign out</a
    +                 <a class="nav-link" href="/invalid-request"
    +                   >Sign in with GitHub</a
                      >
                    </li>
                  </div>
                </div>
              </nav>
            </div>
            <div class="container-fluid">
    -         <div class="container">
    -           <div class="row">
    -             <div class="test-navigator col-md-3">
    -               <div class="test-navigator-toggle-container">
    -                 <h2 id="test-navigator-heading">
    -                   <button
    -                     aria-label="Test Navigation"
    -                     aria-controls="test-navigator-nav"
    -                     aria-expanded="true"
    -                     class="test-navigator-toggle">
    -                     <svg
    -                       aria-hidden="true"
    -                       focusable="false"
    -                       data-prefix="fas"
    -                       data-icon="arrow-left"
    -                       class="svg-inline--fa fa-arrow-left"
    -                       role="img"
    -                       xmlns="http://www.w3.org/2000/svg"
    -                       viewBox="0 0 448 512">
    -                       <path
    -                         fill="currentColor"
    -                         d="M9.4 233.4c-12.5 12.5-12.5 32.8 0 45.3l160 160c12.5 12.5 32.8 12.5 45.3 0s12.5-32.8 0-45.3L109.2 288 416 288c17.7 0 32-14.3 32-32s-14.3-32-32-32l-306.7 0L214.6 118.6c12.5-12.5 12.5-32.8 0-45.3s-32.8-12.5-45.3 0l-160 160z"></path></svg
    -                     ><svg
    -                       aria-hidden="true"
    -                       focusable="false"
    -                       data-prefix="fas"
    -                       data-icon="align-left"
    -                       class="svg-inline--fa fa-align-left"
    -                       role="img"
    -                       xmlns="http://www.w3.org/2000/svg"
    -                       viewBox="0 0 448 512">
    -                       <path
    -                         fill="currentColor"
    -                         d="M288 64c0 17.7-14.3 32-32 32H32C14.3 96 0 81.7 0 64S14.3 32 32 32H256c17.7 0 32 14.3 32 32zm0 256c0 17.7-14.3 32-32 32H32c-17.7 0-32-14.3-32-32s14.3-32 32-32H256c17.7 0 32 14.3 32 32zM0 192c0-17.7 14.3-32 32-32H416c17.7 0 32 14.3 32 32s-14.3 32-32 32H32c-17.7 0-32-14.3-32-32zM448 448c0 17.7-14.3 32-32 32H32c-17.7 0-32-14.3-32-32s14.3-32 32-32H416c17.7 0 32 14.3 32 32z"></path>
    -                     </svg>
    -                   </button>
    -                 </h2>
    -               </div>
    -               <nav id="test-navigator-nav" aria-label="Test">
    -                 <ol
    -                   aria-labelledby="test-navigator-heading"
    -                   class="test-navigator-list">
    -                   <div class="test-name-wrapper summary">
    -                     <a
    -                       href="#summary-failures"
    -                       class="test-name"
    -                       aria-current="false"
    -                       >Summary of Failures</a
    -                     ><span
    -                       class="progress-indicator"
    -                       title="Summary of Failures"></span>
    -                   </div>
    -                   <li class="test-name-wrapper changes-requested">
    -                     <a href="#1" class="test-name" aria-current="true"
    -                       >Open a Modal Dialog in reading mode</a
    -                     ><span
    -                       class="progress-indicator"
    -                       title="Changes Requested"></span>
    -                   </li>
    -                   <li class="test-name-wrapper not-started">
    -                     <a href="#2" class="test-name" aria-current="false"
    -                       >Open a Modal Dialog in interaction mode</a
    -                     ><span
    -                       class="progress-indicator"
    -                       title="Not Started"></span>
    -                   </li>
    -                   <li class="test-name-wrapper not-started">
    -                     <a href="#3" class="test-name" aria-current="false"
    -                       >Close a modal dialog in reading mode</a
    -                     ><span
    -                       class="progress-indicator"
    -                       title="Not Started"></span>
    -                   </li>
    -                   <li class="test-name-wrapper not-started">
    -                     <a href="#4" class="test-name" aria-current="false"
    -                       >Close a modal dialog in interaction mode</a
    -                     ><span
    -                       class="progress-indicator"
    -                       title="Not Started"></span>
    -                   </li>
    -                   <li class="test-name-wrapper not-started">
    -                     <a href="#5" class="test-name" aria-current="false"
    -                       >Close a modal dialog using a button in reading mode</a
    -                     ><span
    -                       class="progress-indicator"
    -                       title="Not Started"></span>
    -                   </li>
    -                   <li class="test-name-wrapper not-started">
    -                     <a href="#6" class="test-name" aria-current="false"
    -                       >Close a modal dialog using a button in interaction
    -                       mode</a
    -                     ><span
    -                       class="progress-indicator"
    -                       title="Not Started"></span>
    -                   </li>
    -                   <li class="test-name-wrapper not-started">
    -                     <a href="#7" class="test-name" aria-current="false"
    -                       >Navigate to the last focusable element in a modal dialog
    -                       in interaction mode</a
    -                     ><span
    -                       class="progress-indicator"
    -                       title="Not Started"></span>
    -                   </li>
    -                   <li class="test-name-wrapper not-started">
    -                     <a href="#8" class="test-name" aria-current="false"
    -                       >Navigate to the first focusable element in a modal dialog
    -                       in interaction mode</a
    -                     ><span
    -                       class="progress-indicator"
    -                       title="Not Started"></span>
    -                   </li>
    -                   <li class="test-name-wrapper not-started">
    -                     <a href="#9" class="test-name" aria-current="false"
    -                       >Navigate to the beginning of a modal dialog in reading
    -                       mode</a
    -                     ><span
    -                       class="progress-indicator"
    -                       title="Not Started"></span>
    -                   </li>
    -                   <li class="test-name-wrapper not-started">
    -                     <a href="#10" class="test-name" aria-current="false"
    -                       >Navigate to the end of a modal dialog in reading mode</a
    -                     ><span
    -                       class="progress-indicator"
    -                       title="Not Started"></span>
    -                   </li>
    -                   <li class="test-name-wrapper not-started">
    -                     <a href="#11" class="test-name" aria-current="false"
    -                       >Open a nested modal dialog in reading mode</a
    -                     ><span
    -                       class="progress-indicator"
    -                       title="Not Started"></span>
    -                   </li>
    -                   <li class="test-name-wrapper not-started">
    -                     <a href="#12" class="test-name" aria-current="false"
    -                       >Open a nested modal dialog in interaction mode</a
    -                     ><span
    -                       class="progress-indicator"
    -                       title="Not Started"></span>
    -                   </li>
    -                   <li class="test-name-wrapper not-started">
    -                     <a href="#13" class="test-name" aria-current="false"
    -                       >Close a nested modal dialog in reading mode</a
    -                     ><span
    -                       class="progress-indicator"
    -                       title="Not Started"></span>
    -                   </li>
    -                   <li class="test-name-wrapper not-started">
    -                     <a href="#14" class="test-name" aria-current="false"
    -                       >Close a nested modal dialog in interaction mode</a
    -                     ><span
    -                       class="progress-indicator"
    -                       title="Not Started"></span>
    -                   </li>
    -                   <li class="test-name-wrapper not-started">
    -                     <a href="#15" class="test-name" aria-current="false"
    -                       >Close a nested modal dialog using a button in reading
    -                       mode</a
    -                     ><span
    -                       class="progress-indicator"
    -                       title="Not Started"></span>
    -                   </li>
    -                   <li class="test-name-wrapper not-started">
    -                     <a href="#16" class="test-name" aria-current="false"
    -                       >Close a nested modal dialog using a button in interaction
    -                       mode</a
    -                     ><span
    -                       class="progress-indicator"
    -                       title="Not Started"></span>
    -                   </li>
    -                   <li class="test-name-wrapper not-started">
    -                     <a href="#17" class="test-name" aria-current="false"
    -                       >Open a nested modal dialog using a link in reading
    -                       mode</a
    -                     ><span
    -                       class="progress-indicator"
    -                       title="Not Started"></span>
    -                   </li>
    -                   <li class="test-name-wrapper not-started">
    -                     <a href="#18" class="test-name" aria-current="false"
    -                       >Open a nested modal dialog using a link in interaction
    -                       mode</a
    -                     ><span
    -                       class="progress-indicator"
    -                       title="Not Started"></span>
    -                   </li>
    -                 </ol>
    -               </nav>
    -             </div>
    -             <main id="main" tabindex="-1" class="col">
    -               <div class="row">
    -                 <div class="p-0">
    -                   <div class="sr-only" aria-live="polite" aria-atomic="true">
    -                     Viewing Test Open a Modal Dialog in reading mode, Test 1 of
    -                     18
    -                   </div>
    -                   <span class="task-label">Reviewing Test 1 of 18:</span>
    -                   <h1>
    -                     1. Open a Modal Dialog in reading mode
    -                     <span class="using">using</span> JAWS 2021.2111.13
    -                   </h1>
    -                 </div>
    -                 <div class="test-info-wrapper">
    -                   <div class="test-info-entity apg-example-name">
    -                     <div>
    -                       <b>Candidate Test Plan:</b>
    -                       <a href="/test-review/24"
    -                         >Modal Dialog Example V22.05.26</a
    -                       >
    -                     </div>
    -                   </div>
    -                   <div class="test-info-entity target-date">
    -                     <div><b>Target Completion Date: </b>January 2, 2023</div>
    -                   </div>
    -                 </div>
    -                 <div class="p-0 col">
    -                   <div s="1" class="row row-cols-md-2 row-cols-1">
    -                     <div class="p-0 col-md-9">
    -                       <div class="row">
    -                         <div class="issues-container">
    -                           <h2>
    -                             <span class="feedback-from-text"
    -                               >Feedback from</span
    -                             >
    -                             <b>JAWS Representative</b>
    -                           </h2>
    -                           <ul>
    -                             <li class="feedback-list-item">
    -                               <svg
    -                                 aria-hidden="true"
    -                                 focusable="false"
    -                                 data-prefix="fas"
    -                                 data-icon="flag"
    -                                 class="svg-inline--fa fa-flag"
    -                                 role="img"
    -                                 xmlns="http://www.w3.org/2000/svg"
    -                                 viewBox="0 0 448 512"
    -                                 color="var(--candidate-changes-requested)">
    -                                 <path
    -                                   fill="currentColor"
    -                                   d="M64 32C64 14.3 49.7 0 32 0S0 14.3 0 32V64 368 480c0 17.7 14.3 32 32 32s32-14.3 32-32V352l64.3-16.1c41.1-10.3 84.6-5.5 122.5 13.4c44.2 22.1 95.5 24.8 141.7 7.4l34.7-13c12.5-4.7 20.8-16.6 20.8-30V66.1c0-23-24.2-38-44.8-27.7l-9.6 4.8c-46.3 23.2-100.8 23.2-147.1 0c-35.1-17.6-75.4-22-113.5-12.5L64 48V32z"></path></svg
    -                               ><a
    -                                 href="https://github.com/bocoup/aria-at/issues?q=label:candidate-review%20label:changes-requested%20label:jaws%20%22Modal%20Dialog%20Example%20Test%201%22%20V22.05.26"
    -                                 target="_blank"
    -                                 rel="noreferrer"
    -                                 >1 person requested changes</a
    -                               >
    -                               for this test in 1 issue<span
    -                                 class="feedback-indicator"
    -                                 title="Feedback Indicator"></span>
    -                             </li>
    -                           </ul>
    -                         </div>
    -                       </div>
    -                       <div class="candidate-results-container row">
    -                         <div class="p-0">
    -                           <h1 class="border-0" data-testid="current-test-title">
    -                             Open a Modal Dialog in reading mode
    -                           </h1>
    -                           <div class="disclosure-container stacked">
    -                             <h1 class="disclosure-heading">
    -                               <button
    -                                 class="disclosure-button stacked"
    -                                 id="disclosure-btn-candidateReviewRun-Test Instructions"
    -                                 type="button"
    -                                 aria-expanded="false"
    -                                 aria-controls="disclosure-btn-controls-candidateReviewRun-Test Instructions">
    -                                 Test Instructions<svg
    -                                   aria-hidden="true"
    -                                   focusable="false"
    -                                   data-prefix="fas"
    -                                   data-icon="chevron-down"
    -                                   class="svg-inline--fa fa-chevron-down disclosure-icon"
    -                                   role="img"
    -                                   xmlns="http://www.w3.org/2000/svg"
    -                                   viewBox="0 0 512 512">
    -                                   <path
    -                                     fill="currentColor"
    -                                     d="M233.4 406.6c12.5 12.5 32.8 12.5 45.3 0l192-192c12.5-12.5 12.5-32.8 0-45.3s-32.8-12.5-45.3 0L256 338.7 86.6 169.4c-12.5-12.5-32.8-12.5-45.3 0s-12.5 32.8 0 45.3l192 192z"></path>
    -                                 </svg>
    -                               </button>
    -                             </h1>
    -                             <div
    -                               class="disclosure-content hidden stacked"
    -                               role="region"
    -                               id="disclosure-btn-controls-candidateReviewRun-Test Instructions"
    -                               aria-labelledby="disclosure-btn-candidateReviewRun-Test Instructions">
    -                               <div
    -                                 class="candidate-review-custom-instructions-renderer">
    -                                 <ol class="numbered-list">
    -                                   <li>
    -                                     Configure JAWS with default settings. For
    -                                     help, read
    -                                     <a
    -                                       href="https://github.com/w3c/aria-at/wiki/Configuring-Screen-Readers-for-Testing"
    -                                       >Configuring Screen Readers for Testing</a
    -                                     >.
    -                                   </li>
    -                                   <li>
    -                                     Activate the "Open test page" button, which
    -                                     opens the example to test in a new window
    -                                     and runs a script that sets focus on the
    -                                     'Add Delivery Address' button
    -                                   </li>
    -                                   <li>
    -                                     With the reading cursor on the 'Add Delivery
    -                                     Address' button, open the dialog.
    -                                   </li>
    -                                   <li>
    -                                     With the reading cursor on the 'Add Delivery
    -                                     Address' button, open the dialog. Do this
    -                                     with each of the following commands or
    -                                     command sequences.
    -                                     <ul class="bullet-list">
    -                                       <li>Space</li>
    -                                       <li>Enter</li>
    -                                     </ul>
    -                                   </li>
    -                                 </ol>
    -                                 <h2 id="JAWS-test1-SPACE-cmd0">
    -                                   Space: 4 MUST, 0 SHOULD, 0 MAY Assertions
    -                                 </h2>
    -                                 <div class="table-responsive">
    -                                   <table
    -                                     aria-labelledby="JAWS-test1-SPACE-cmd0"
    -                                     class="table table-bordered">
    -                                     <thead>
    -                                       <tr>
    -                                         <th>Priority</th>
    -                                         <th>Assertion Statement</th>
    -                                       </tr>
    -                                     </thead>
    -                                     <tbody>
    -                                       <tr>
    -                                         <td>MUST</td>
    -                                         <td>Role 'dialog' is conveyed</td>
    -                                       </tr>
    -                                       <tr>
    -                                         <td>MUST</td>
    -                                         <td>
    -                                           Name 'Add Delivery Address' is
    -                                           conveyed
    -                                         </td>
    -                                       </tr>
    -                                       <tr>
    -                                         <td>MUST</td>
    -                                         <td>
    -                                           Name of input ('Street') is conveyed
    -                                         </td>
    -                                       </tr>
    -                                       <tr>
    -                                         <td>MUST</td>
    -                                         <td>
    -                                           The ability to enter or edit text is
    -                                           conveyed
    -                                         </td>
    -                                       </tr>
    -                                     </tbody>
    -                                   </table>
    -                                 </div>
    -                                 <h2 id="JAWS-test1-ENTER-cmd1">
    -                                   Enter: 4 MUST, 0 SHOULD, 0 MAY Assertions
    -                                 </h2>
    -                                 <div class="table-responsive">
    -                                   <table
    -                                     aria-labelledby="JAWS-test1-ENTER-cmd1"
    -                                     class="table table-bordered">
    -                                     <thead>
    -                                       <tr>
    -                                         <th>Priority</th>
    -                                         <th>Assertion Statement</th>
    -                                       </tr>
    -                                     </thead>
    -                                     <tbody>
    -                                       <tr>
    -                                         <td>MUST</td>
    -                                         <td>Role 'dialog' is conveyed</td>
    -                                       </tr>
    -                                       <tr>
    -                                         <td>MUST</td>
    -                                         <td>
    -                                           Name 'Add Delivery Address' is
    -                                           conveyed
    -                                         </td>
    -                                       </tr>
    -                                       <tr>
    -                                         <td>MUST</td>
    -                                         <td>
    -                                           Name of input ('Street') is conveyed
    -                                         </td>
    -                                       </tr>
    -                                       <tr>
    -                                         <td>MUST</td>
    -                                         <td>
    -                                           The ability to enter or edit text is
    -                                           conveyed
    -                                         </td>
    -                                       </tr>
    -                                     </tbody>
    -                                   </table>
    -                                 </div>
    -                                 <button type="button" class="btn btn-primary">
    -                                   Open Test Page
    -                                 </button>
    -                               </div>
    -                             </div>
    -                             <h1 class="disclosure-heading">
    -                               <button
    -                                 class="disclosure-button stacked"
    -                                 id="disclosure-btn-candidateReviewRun-Test Results for Chrome"
    -                                 type="button"
    -                                 aria-expanded="false"
    -                                 aria-controls="disclosure-btn-controls-candidateReviewRun-Test Results for Chrome">
    -                                 Test Results for Chrome<svg
    -                                   aria-hidden="true"
    -                                   focusable="false"
    -                                   data-prefix="fas"
    -                                   data-icon="chevron-down"
    -                                   class="svg-inline--fa fa-chevron-down disclosure-icon"
    -                                   role="img"
    -                                   xmlns="http://www.w3.org/2000/svg"
    -                                   viewBox="0 0 512 512">
    -                                   <path
    -                                     fill="currentColor"
    -                                     d="M233.4 406.6c12.5 12.5 32.8 12.5 45.3 0l192-192c12.5-12.5 12.5-32.8 0-45.3s-32.8-12.5-45.3 0L256 338.7 86.6 169.4c-12.5-12.5-32.8-12.5-45.3 0s-12.5 32.8 0 45.3l192 192z"></path>
    -                                 </svg>
    -                               </button>
    -                             </h1>
    -                             <div
    -                               class="disclosure-content hidden stacked"
    -                               role="region"
    -                               id="disclosure-btn-controls-candidateReviewRun-Test Results for Chrome"
    -                               aria-labelledby="disclosure-btn-candidateReviewRun-Test Results for Chrome">
    -                               <h2 class="test-results-header">
    -                                 Test Results&nbsp;(12 passed, 0 failed, 0
    -                                 unsupported)
    -                               </h2>
    -                               <h3>
    -                                 Space&nbsp;Results:&nbsp;6 passed,&nbsp;0
    -                                 failed,&nbsp;0 unsupported
    -                               </h3>
    -                               <p class="test-plan-results-response-p">
    -                                 JAWS Response:
    -                               </p>
    -                               <blockquote class="test-plan-results-blockquote">
    -                                 automatically seeded sample output
    -                               </blockquote>
    -                               <div class="table-responsive">
    -                                 <table
    -                                   aria-label="Results for test Open a Modal Dialog in reading mode"
    -                                   class="test-plan-results-table table table-bordered">
    -                                   <caption>
    -                                     Space Results
    -                                   </caption>
    -                                   <thead>
    -                                     <tr>
    -                                       <th>Priority</th>
    -                                       <th>Assertion</th>
    -                                       <th>Result</th>
    -                                     </tr>
    -                                   </thead>
    -                                   <tbody>
    -                                     <tr>
    -                                       <td>MUST</td>
    -                                       <td>Role 'dialog' is conveyed</td>
    -                                       <td>Passed</td>
    -                                     </tr>
    -                                     <tr>
    -                                       <td>MUST</td>
    -                                       <td>
    -                                         Name 'Add Delivery Address' is conveyed
    -                                       </td>
    -                                       <td>Passed</td>
    -                                     </tr>
    -                                     <tr>
    -                                       <td>MUST</td>
    -                                       <td>
    -                                         Name of input ('Street') is conveyed
    -                                       </td>
    -                                       <td>Passed</td>
    -                                     </tr>
    -                                     <tr>
    -                                       <td>MUST</td>
    -                                       <td>
    -                                         The ability to enter or edit text is
    -                                         conveyed
    -                                       </td>
    -                                       <td>Passed</td>
    -                                     </tr>
    -                                     <tr>
    -                                       <td>MUST</td>
    -                                       <td>
    -                                         Not cause severe negative side effects
    -                                       </td>
    -                                       <td>Passed</td>
    -                                     </tr>
    -                                     <tr>
    -                                       <td>SHOULD</td>
    -                                       <td>
    -                                         Not cause moderate negative side effects
    -                                       </td>
    -                                       <td>Passed</td>
    -                                     </tr>
    -                                   </tbody>
    -                                 </table>
    -                               </div>
    -                               The command 'Space' did not cause any negative
    -                               side effects.
    -                               <hr aria-hidden="true" />
    -                               <h3>
    -                                 Enter&nbsp;Results:&nbsp;6 passed,&nbsp;0
    -                                 failed,&nbsp;0 unsupported
    -                               </h3>
    -                               <p class="test-plan-results-response-p">
    -                                 JAWS Response:
    -                               </p>
    -                               <blockquote class="test-plan-results-blockquote">
    -                                 automatically seeded sample output
    -                               </blockquote>
    -                               <div class="table-responsive">
    -                                 <table
    -                                   aria-label="Results for test Open a Modal Dialog in reading mode"
    -                                   class="test-plan-results-table table table-bordered">
    -                                   <caption>
    -                                     Enter Results
    -                                   </caption>
    -                                   <thead>
    -                                     <tr>
    -                                       <th>Priority</th>
    -                                       <th>Assertion</th>
    -                                       <th>Result</th>
    -                                     </tr>
    -                                   </thead>
    -                                   <tbody>
    -                                     <tr>
    -                                       <td>MUST</td>
    -                                       <td>Role 'dialog' is conveyed</td>
    -                                       <td>Passed</td>
    -                                     </tr>
    -                                     <tr>
    -                                       <td>MUST</td>
    -                                       <td>
    -                                         Name 'Add Delivery Address' is conveyed
    -                                       </td>
    -                                       <td>Passed</td>
    -                                     </tr>
    -                                     <tr>
    -                                       <td>MUST</td>
    -                                       <td>
    -                                         Name of input ('Street') is conveyed
    -                                       </td>
    -                                       <td>Passed</td>
    -                                     </tr>
    -                                     <tr>
    -                                       <td>MUST</td>
    -                                       <td>
    -                                         The ability to enter or edit text is
    -                                         conveyed
    -                                       </td>
    -                                       <td>Passed</td>
    -                                     </tr>
    -                                     <tr>
    -                                       <td>MUST</td>
    -                                       <td>
    -                                         Not cause severe negative side effects
    -                                       </td>
    -                                       <td>Passed</td>
    -                                     </tr>
    -                                     <tr>
    -                                       <td>SHOULD</td>
    -                                       <td>
    -                                         Not cause moderate negative side effects
    -                                       </td>
    -                                       <td>Passed</td>
    -                                     </tr>
    -                                   </tbody>
    -                                 </table>
    -                               </div>
    -                               The command 'Enter' did not cause any negative
    -                               side effects.
    -                             </div>
    -                             <h1 class="disclosure-heading">
    -                               <button
    -                                 class="disclosure-button stacked"
    -                                 id="disclosure-btn-candidateReviewRun-Run History"
    -                                 type="button"
    -                                 aria-expanded="false"
    -                                 aria-controls="disclosure-btn-controls-candidateReviewRun-Run History">
    -                                 Run History<svg
    -                                   aria-hidden="true"
    -                                   focusable="false"
    -                                   data-prefix="fas"
    -                                   data-icon="chevron-down"
    -                                   class="svg-inline--fa fa-chevron-down disclosure-icon"
    -                                   role="img"
    -                                   xmlns="http://www.w3.org/2000/svg"
    -                                   viewBox="0 0 512 512">
    -                                   <path
    -                                     fill="currentColor"
    -                                     d="M233.4 406.6c12.5 12.5 32.8 12.5 45.3 0l192-192c12.5-12.5 12.5-32.8 0-45.3s-32.8-12.5-45.3 0L256 338.7 86.6 169.4c-12.5-12.5-32.8-12.5-45.3 0s-12.5 32.8 0 45.3l192 192z"></path>
    -                                 </svg>
    -                               </button>
    -                             </h1>
    -                             <div
    -                               class="disclosure-content hidden stacked"
    -                               role="region"
    -                               id="disclosure-btn-controls-candidateReviewRun-Run History"
    -                               aria-labelledby="disclosure-btn-candidateReviewRun-Run History">
    -                               <ul style="margin-bottom: 0px">
    -                                 <li class="run-history-item">
    -                                   Tested with <b>JAWS 2021.2111.13</b> and
    -                                   <b>Chrome 99.0.4844.84</b> by
    -                                   <b
    -                                     ><a
    -                                       href="https://github.com/esmeralda-baggins"
    -                                       >esmeralda-baggins</a
    -                                     ></b
    -                                   >
    -                                 </li>
    -                               </ul>
    -                             </div>
    -                           </div>
    -                         </div>
    -                       </div>
    -                       <div class="row">
    -                         <ul
    -                           aria-labelledby="test-toolbar-heading"
    -                           class="test-run-toolbar">
    -                           <li>
    -                             <button type="button" class="btn btn-secondary">
    -                               Summary
    -                             </button>
    -                           </li>
    -                           <li>
    -                             <button type="button" class="btn btn-primary">
    -                               Next Test
    -                             </button>
    -                           </li>
    -                           <li>
    -                             <button
    -                               type="button"
    -                               disabled=""
    -                               class="btn btn-primary">
    -                               Finish
    -                             </button>
    -                           </li>
    -                         </ul>
    -                       </div>
    -                     </div>
    -                     <div class="current-test-options options-feedback col-md-3">
    -                       <div role="complementary">
    -                         <h2 id="test-options-heading">Test Review Options</h2>
    -                         <ul
    -                           class="options-wrapper"
    -                           aria-labelledby="test-options-heading">
    -                           <li>
    -                             <a
    -                               role="button"
    -                               tabindex="0"
    -                               href="https://github.com/bocoup/aria-at/issues/new?title=JAWS%20Changes%20Requested:%20%22Open%20a%20Modal%20Dialog%20in%20reading%20mode%22%20(Modal%20Dialog%20Example,%20Test%201,%20V22.05.26)%20for%20Candidate%20Report&amp;labels=candidate-review,jaws,changes-requested&amp;body=%23%23%20Description%20of%20Behavior%0A%0A%3C!--%20Write%20your%20description%20here%20--%3E%0A%0A%23%23%20Test%20Setup%0A%0A-%20Test%20File%3A%20%5Btest-01-open-a-modal-dialog-reading-jaws.collected.html%5D(https%3A%2F%2Faria-at.netlify.app%2Ftests%2Fmodal-dialog%2Ftest-01-open-a-modal-dialog-reading-jaws.collected.html)%0A-%20AT%3A%20JAWS%0A%0A%3C!--%20The%20following%20data%20allows%20the%20issue%20to%20be%20imported%20into%20the%20ARIA%20AT%20App%20--%3E%0A%3C!--%20ARIA_AT_APP_ISSUE_DATA%20%3D%20%7B%22testPlanDirectory%22%3A%22modal-dialog%22%2C%22versionString%22%3A%22V22.05.26%22%2C%22atName%22%3A%22JAWS%22%2C%22browserName%22%3Anull%2C%22testRowNumber%22%3A1%2C%22testSequenceNumber%22%3A1%2C%22isCandidateReview%22%3Atrue%2C%22isCandidateReviewChangesRequested%22%3Atrue%7D%20--%3E"
    -                               target="_blank"
    -                               aria-disabled="false"
    -                               class="option-btn btn btn-secondary"
    -                               >Request Changes</a
    -                             >
    -                           </li>
    -                           <li>
    -                             <a
    -                               role="button"
    -                               tabindex="0"
    -                               href="https://github.com/bocoup/aria-at/issues/new?title=JAWS%20Feedback:%20%22Open%20a%20Modal%20Dialog%20in%20reading%20mode%22%20(Modal%20Dialog%20Example,%20Test%201,%20V22.05.26)%20for%20Candidate%20Report&amp;labels=candidate-review,jaws,feedback&amp;body=%23%23%20Description%20of%20Behavior%0A%0A%3C!--%20Write%20your%20description%20here%20--%3E%0A%0A%23%23%20Test%20Setup%0A%0A-%20Test%20File%3A%20%5Btest-01-open-a-modal-dialog-reading-jaws.collected.html%5D(https%3A%2F%2Faria-at.netlify.app%2Ftests%2Fmodal-dialog%2Ftest-01-open-a-modal-dialog-reading-jaws.collected.html)%0A-%20AT%3A%20JAWS%0A%0A%3C!--%20The%20following%20data%20allows%20the%20issue%20to%20be%20imported%20into%20the%20ARIA%20AT%20App%20--%3E%0A%3C!--%20ARIA_AT_APP_ISSUE_DATA%20%3D%20%7B%22testPlanDirectory%22%3A%22modal-dialog%22%2C%22versionString%22%3A%22V22.05.26%22%2C%22atName%22%3A%22JAWS%22%2C%22browserName%22%3Anull%2C%22testRowNumber%22%3A1%2C%22testSequenceNumber%22%3A1%2C%22isCandidateReview%22%3Atrue%2C%22isCandidateReviewChangesRequested%22%3Afalse%7D%20--%3E"
    -                               target="_blank"
    -                               aria-disabled="false"
    -                               class="option-btn btn btn-secondary"
    -                               >Leave Feedback</a
    -                             >
    -                           </li>
    -                           <li>
    -                             <a
    -                               role="button"
    -                               tabindex="0"
    -                               href="https://github.com/FreedomScientific/VFO-standards-support/issues"
    -                               target="_blank"
    -                               aria-disabled="false"
    -                               class="option-btn btn btn-secondary"
    -                               >File an AT bug</a
    -                             >
    -                           </li>
    -                           <li class="help-link">
    -                             <a href="mailto:public-aria-at@w3.org"
    -                               >Email us if you need help</a
    -                             >
    -                           </li>
    -                         </ul>
    -                       </div>
    -                     </div>
    -                   </div>
    -                 </div>
    -               </div>
    -             </main>
    -           </div>
    -         </div>
    +         <main id="main" tabindex="-1" class="container">
    +           <section class="invalid-request">
    +             <div><h1>Whoops! Unable to complete request</h1></div>
    +           </section>
    +         </main>
            </div>
            <span
              class="visually-hidden-aria-live-region"
              aria-live="polite"
              aria-atomic="true"></span>

      22 |
      23 |         const existingSnapshot = await fs.readFile(snapshotPath, 'utf-8');
    > 24 |         expect(currentSnapshot.trim()).toBe(existingSnapshot.trim());
         |                                        ^
      25 |       });
      26 |     });
      27 |   });

      at toBe (tests/e2e/snapshots/snapshotTest.e2e.test.js:24:40)
      at call (tests/e2e/snapshots/snapshotTest.e2e.test.js:2:1)
      at Generator.tryCatch (tests/e2e/snapshots/snapshotTest.e2e.test.js:2:1)
      at Generator._invoke [as next] (tests/e2e/snapshots/snapshotTest.e2e.test.js:2:1)
      at asyncGeneratorStep (tests/e2e/snapshots/snapshotTest.e2e.test.js:2:1)
      at asyncGeneratorStep (tests/e2e/snapshots/snapshotTest.e2e.test.js:2:1)

  ● Snapshot Comparison › should match snapshot for /candidate-test-plan/24/1#summary-failures

    expect(received).toBe(expected) // Object.is equality

    - Expected  - 424
    + Received  +   8

    @@ -4,13 +4,11 @@
          <meta charset="UTF-8" />
          <meta name="google" content="notranslate" />
          <meta name="viewport" content="width=device-width, initial-scale=1" />

          <link rel="shortcut icon" href="data:image/x-icon;," type="image/x-icon" />
    -     <title>
    -       Summary of Failures | Modal Dialog Example | Candidate Review | ARIA-AT
    -     </title>
    +     <title>Invalid Request | ARIA-AT</title>
        </head>
        <body>
          <div id="root">
            <div class="container-fluid">
              <nav
    @@ -43,438 +41,24 @@
                      <a aria-current="false" class="nav-link" href="/test-queue"
                        >Test Queue</a
                      >
                    </li>
                    <li>
    -                 <a aria-current="true" class="nav-link" href="/candidate-review"
    -                   >Candidate Review</a
    -                 >
    -               </li>
    -               <li>
    -                 <a
    -                   aria-current="false"
    -                   class="nav-link"
    -                   href="/account/settings"
    -                   >Settings</a
    -                 >
    -               </li>
    -               <li class="signed-in-wrapper">
    -                 <div class="signed-in" id="signed-in">
    -                   <svg
    -                     aria-hidden="true"
    -                     focusable="false"
    -                     data-prefix="fas"
    -                     data-icon="circle-user"
    -                     class="svg-inline--fa fa-circle-user"
    -                     role="img"
    -                     xmlns="http://www.w3.org/2000/svg"
    -                     viewBox="0 0 512 512">
    -                     <path
    -                       fill="currentColor"
    -                       d="M399 384.2C376.9 345.8 335.4 320 288 320H224c-47.4 0-88.9 25.8-111 64.2c35.2 39.2 86.2 63.8 143 63.8s107.8-24.7 143-63.8zM0 256a256 256 0 1 1 512 0A256 256 0 1 1 0 256zm256 16a72 72 0 1 0 0-144 72 72 0 1 0 0 144z"></path></svg
    -                   >Signed in as <b>joe-the-admin</b>
    -                 </div>
    -                 <a aria-describedby="signed-in" class="nav-link" href="/"
    -                   >Sign out</a
    +                 <a class="nav-link" href="/invalid-request"
    +                   >Sign in with GitHub</a
                      >
                    </li>
                  </div>
                </div>
              </nav>
            </div>
            <div class="container-fluid">
    -         <div class="container">
    -           <div class="row">
    -             <div class="test-navigator col-md-3">
    -               <div class="test-navigator-toggle-container">
    -                 <h2 id="test-navigator-heading">
    -                   <button
    -                     aria-label="Test Navigation"
    -                     aria-controls="test-navigator-nav"
    -                     aria-expanded="true"
    -                     class="test-navigator-toggle">
    -                     <svg
    -                       aria-hidden="true"
    -                       focusable="false"
    -                       data-prefix="fas"
    -                       data-icon="arrow-left"
    -                       class="svg-inline--fa fa-arrow-left"
    -                       role="img"
    -                       xmlns="http://www.w3.org/2000/svg"
    -                       viewBox="0 0 448 512">
    -                       <path
    -                         fill="currentColor"
    -                         d="M9.4 233.4c-12.5 12.5-12.5 32.8 0 45.3l160 160c12.5 12.5 32.8 12.5 45.3 0s12.5-32.8 0-45.3L109.2 288 416 288c17.7 0 32-14.3 32-32s-14.3-32-32-32l-306.7 0L214.6 118.6c12.5-12.5 12.5-32.8 0-45.3s-32.8-12.5-45.3 0l-160 160z"></path></svg
    -                     ><svg
    -                       aria-hidden="true"
    -                       focusable="false"
    -                       data-prefix="fas"
    -                       data-icon="align-left"
    -                       class="svg-inline--fa fa-align-left"
    -                       role="img"
    -                       xmlns="http://www.w3.org/2000/svg"
    -                       viewBox="0 0 448 512">
    -                       <path
    -                         fill="currentColor"
    -                         d="M288 64c0 17.7-14.3 32-32 32H32C14.3 96 0 81.7 0 64S14.3 32 32 32H256c17.7 0 32 14.3 32 32zm0 256c0 17.7-14.3 32-32 32H32c-17.7 0-32-14.3-32-32s14.3-32 32-32H256c17.7 0 32 14.3 32 32zM0 192c0-17.7 14.3-32 32-32H416c17.7 0 32 14.3 32 32s-14.3 32-32 32H32c-17.7 0-32-14.3-32-32zM448 448c0 17.7-14.3 32-32 32H32c-17.7 0-32-14.3-32-32s14.3-32 32-32H416c17.7 0 32 14.3 32 32z"></path>
    -                     </svg>
    -                   </button>
    -                 </h2>
    -               </div>
    -               <nav id="test-navigator-nav" aria-label="Test">
    -                 <ol
    -                   aria-labelledby="test-navigator-heading"
    -                   class="test-navigator-list">
    -                   <div class="test-name-wrapper summary">
    -                     <a
    -                       href="#summary-failures"
    -                       class="test-name"
    -                       aria-current="true"
    -                       >Summary of Failures</a
    -                     ><span
    -                       class="progress-indicator"
    -                       title="Summary of Failures"></span>
    -                   </div>
    -                   <li class="test-name-wrapper changes-requested">
    -                     <a href="#1" class="test-name" aria-current="false"
    -                       >Open a Modal Dialog in reading mode</a
    -                     ><span
    -                       class="progress-indicator"
    -                       title="Changes Requested"></span>
    -                   </li>
    -                   <li class="test-name-wrapper not-started">
    -                     <a href="#2" class="test-name" aria-current="false"
    -                       >Open a Modal Dialog in interaction mode</a
    -                     ><span
    -                       class="progress-indicator"
    -                       title="Not Started"></span>
    -                   </li>
    -                   <li class="test-name-wrapper not-started">
    -                     <a href="#3" class="test-name" aria-current="false"
    -                       >Close a modal dialog in reading mode</a
    -                     ><span
    -                       class="progress-indicator"
    -                       title="Not Started"></span>
    -                   </li>
    -                   <li class="test-name-wrapper not-started">
    -                     <a href="#4" class="test-name" aria-current="false"
    -                       >Close a modal dialog in interaction mode</a
    -                     ><span
    -                       class="progress-indicator"
    -                       title="Not Started"></span>
    -                   </li>
    -                   <li class="test-name-wrapper not-started">
    -                     <a href="#5" class="test-name" aria-current="false"
    -                       >Close a modal dialog using a button in reading mode</a
    -                     ><span
    -                       class="progress-indicator"
    -                       title="Not Started"></span>
    -                   </li>
    -                   <li class="test-name-wrapper not-started">
    -                     <a href="#6" class="test-name" aria-current="false"
    -                       >Close a modal dialog using a button in interaction
    -                       mode</a
    -                     ><span
    -                       class="progress-indicator"
    -                       title="Not Started"></span>
    -                   </li>
    -                   <li class="test-name-wrapper not-started">
    -                     <a href="#7" class="test-name" aria-current="false"
    -                       >Navigate to the last focusable element in a modal dialog
    -                       in interaction mode</a
    -                     ><span
    -                       class="progress-indicator"
    -                       title="Not Started"></span>
    -                   </li>
    -                   <li class="test-name-wrapper not-started">
    -                     <a href="#8" class="test-name" aria-current="false"
    -                       >Navigate to the first focusable element in a modal dialog
    -                       in interaction mode</a
    -                     ><span
    -                       class="progress-indicator"
    -                       title="Not Started"></span>
    -                   </li>
    -                   <li class="test-name-wrapper not-started">
    -                     <a href="#9" class="test-name" aria-current="false"
    -                       >Navigate to the beginning of a modal dialog in reading
    -                       mode</a
    -                     ><span
    -                       class="progress-indicator"
    -                       title="Not Started"></span>
    -                   </li>
    -                   <li class="test-name-wrapper not-started">
    -                     <a href="#10" class="test-name" aria-current="false"
    -                       >Navigate to the end of a modal dialog in reading mode</a
    -                     ><span
    -                       class="progress-indicator"
    -                       title="Not Started"></span>
    -                   </li>
    -                   <li class="test-name-wrapper not-started">
    -                     <a href="#11" class="test-name" aria-current="false"
    -                       >Open a nested modal dialog in reading mode</a
    -                     ><span
    -                       class="progress-indicator"
    -                       title="Not Started"></span>
    -                   </li>
    -                   <li class="test-name-wrapper not-started">
    -                     <a href="#12" class="test-name" aria-current="false"
    -                       >Open a nested modal dialog in interaction mode</a
    -                     ><span
    -                       class="progress-indicator"
    -                       title="Not Started"></span>
    -                   </li>
    -                   <li class="test-name-wrapper not-started">
    -                     <a href="#13" class="test-name" aria-current="false"
    -                       >Close a nested modal dialog in reading mode</a
    -                     ><span
    -                       class="progress-indicator"
    -                       title="Not Started"></span>
    -                   </li>
    -                   <li class="test-name-wrapper not-started">
    -                     <a href="#14" class="test-name" aria-current="false"
    -                       >Close a nested modal dialog in interaction mode</a
    -                     ><span
    -                       class="progress-indicator"
    -                       title="Not Started"></span>
    -                   </li>
    -                   <li class="test-name-wrapper not-started">
    -                     <a href="#15" class="test-name" aria-current="false"
    -                       >Close a nested modal dialog using a button in reading
    -                       mode</a
    -                     ><span
    -                       class="progress-indicator"
    -                       title="Not Started"></span>
    -                   </li>
    -                   <li class="test-name-wrapper not-started">
    -                     <a href="#16" class="test-name" aria-current="false"
    -                       >Close a nested modal dialog using a button in interaction
    -                       mode</a
    -                     ><span
    -                       class="progress-indicator"
    -                       title="Not Started"></span>
    -                   </li>
    -                   <li class="test-name-wrapper not-started">
    -                     <a href="#17" class="test-name" aria-current="false"
    -                       >Open a nested modal dialog using a link in reading
    -                       mode</a
    -                     ><span
    -                       class="progress-indicator"
    -                       title="Not Started"></span>
    -                   </li>
    -                   <li class="test-name-wrapper not-started">
    -                     <a href="#18" class="test-name" aria-current="false"
    -                       >Open a nested modal dialog using a link in interaction
    -                       mode</a
    -                     ><span
    -                       class="progress-indicator"
    -                       title="Not Started"></span>
    -                   </li>
    -                 </ol>
    -               </nav>
    -             </div>
    -             <main id="main" tabindex="-1" class="col">
    -               <div class="row">
    -                 <div class="p-0">
    -                   <span class="task-label">Candidate Test Plan Review</span>
    -                   <h1>Summary of Failures</h1>
    -                 </div>
    -                 <div class="test-info-wrapper">
    -                   <div class="test-info-entity apg-example-name">
    -                     <div>
    -                       <b>Candidate Test Plan:</b>
    -                       <a href="/test-review/24"
    -                         >Modal Dialog Example V22.05.26</a
    -                       >
    -                     </div>
    -                   </div>
    -                   <div class="test-info-entity target-date">
    -                     <div><b>Target Completion Date: </b>January 2, 2023</div>
    -                   </div>
    -                 </div>
    -                 <div class="p-0 col">
    -                   <div s="1" class="row row-cols-md-2 row-cols-1">
    -                     <div class="p-0 col-md-9">
    -                       <div class="row"></div>
    -                       <div class="candidate-results-container row">
    -                         <div class="p-0">
    -                           <h2 id="failing-assertions-heading">
    -                             Summary of Failing Assertions (2 must, 1 should)
    -                           </h2>
    -                           <div
    -                             class="failing-assertions-summary-table-container">
    -                             <p>3 of 143 total assertions fail across:</p>
    -                             <ul>
    -                               <li>3 tests</li>
    -                               <li>2 unique assertion statements</li>
    -                               <li>2 unique commands</li>
    -                             </ul>
    -                             <div class="table-responsive">
    -                               <table
    -                                 aria-labelledby="failing-assertions-heading"
    -                                 class="table table-bordered">
    -                                 <thead>
    -                                   <tr>
    -                                     <th>Test Name</th>
    -                                     <th>Command</th>
    -                                     <th>Assertion Priority</th>
    -                                     <th>Assertion</th>
    -                                     <th>JAWS Response</th>
    -                                   </tr>
    -                                 </thead>
    -                                 <tbody>
    -                                   <tr>
    -                                     <td>
    -                                       <a href="/candidate-test-plan/24/1#3"
    -                                         >Close a modal dialog in reading mode</a
    -                                       >
    -                                     </td>
    -                                     <td>Escape</td>
    -                                     <td>MUST</td>
    -                                     <td>Role 'button' is conveyed</td>
    -                                     <td>automatically seeded sample output</td>
    -                                   </tr>
    -                                   <tr>
    -                                     <td>
    -                                       <a href="/candidate-test-plan/24/1#4"
    -                                         >Close a modal dialog in interaction
    -                                         mode</a
    -                                       >
    -                                     </td>
    -                                     <td>Escape</td>
    -                                     <td>MUST</td>
    -                                     <td>Role 'button' is conveyed</td>
    -                                     <td>automatically seeded sample output</td>
    -                                   </tr>
    -                                   <tr>
    -                                     <td>
    -                                       <a href="/candidate-test-plan/24/1#5"
    -                                         >Close a modal dialog using a button in
    -                                         reading mode</a
    -                                       >
    -                                     </td>
    -                                     <td>Space</td>
    -                                     <td>SHOULD</td>
    -                                     <td>
    -                                       not cause moderate negative side effects
    -                                     </td>
    -                                     <td>Other</td>
    -                                   </tr>
    -                                 </tbody>
    -                               </table>
    -                             </div>
    -                           </div>
    -                           <h2 id="negative-side-effects-heading">
    -                             Summary of Negative Side Effects (0 severe, 1
    -                             moderate)
    -                           </h2>
    -                           <div
    -                             class="failing-assertions-summary-table-container">
    -                             <div class="table-responsive">
    -                               <table
    -                                 aria-labelledby="negative-side-effects-heading"
    -                                 class="table table-bordered">
    -                                 <thead>
    -                                   <tr>
    -                                     <th>Test Name</th>
    -                                     <th>Command</th>
    -                                     <th>Side Effect</th>
    -                                     <th>Details</th>
    -                                     <th>Impact</th>
    -                                   </tr>
    -                                 </thead>
    -                                 <tbody>
    -                                   <tr>
    -                                     <td>
    -                                       <a href="/candidate-test-plan/24/1#5"
    -                                         >Close a modal dialog using a button in
    -                                         reading mode</a
    -                                       >
    -                                     </td>
    -                                     <td>Space</td>
    -                                     <td>Other</td>
    -                                     <td>Seeded other unexpected behavior</td>
    -                                     <td>MODERATE</td>
    -                                   </tr>
    -                                 </tbody>
    -                               </table>
    -                             </div>
    -                           </div>
    -                         </div>
    -                       </div>
    -                       <div class="row">
    -                         <ul
    -                           aria-labelledby="test-toolbar-heading"
    -                           class="test-run-toolbar">
    -                           <li class="begin-review-button-container">
    -                             <button type="button" class="btn btn-secondary">
    -                               Begin Review
    -                             </button>
    -                           </li>
    -                           <li>
    -                             <button
    -                               type="button"
    -                               disabled=""
    -                               class="btn btn-primary">
    -                               Finish
    -                             </button>
    -                           </li>
    -                         </ul>
    -                       </div>
    -                     </div>
    -                     <div class="current-test-options col-md-3">
    -                       <div role="complementary">
    -                         <h2 id="test-options-heading">Test Review Options</h2>
    -                         <ul
    -                           class="options-wrapper"
    -                           aria-labelledby="test-options-heading">
    -                           <li>
    -                             <a
    -                               role="button"
    -                               tabindex="0"
    -                               href="https://github.com/bocoup/aria-at/issues/new?title=JAWS%20General%20Feedback:%20Modal%20Dialog%20Example%20V22.05.26%20for%20Candidate%20Report&amp;labels=candidate-review,jaws,changes-requested&amp;body=%23%23%20Description%20of%20Behavior%0A%0A%3C!--%20Write%20your%20description%20here%20--%3E%0A%0A%3C!--%20The%20following%20data%20allows%20the%20issue%20to%20be%20imported%20into%20the%20ARIA%20AT%20App%20--%3E%0A%3C!--%20ARIA_AT_APP_ISSUE_DATA%20%3D%20%7B%22testPlanDirectory%22%3A%22modal-dialog%22%2C%22versionString%22%3A%22V22.05.26%22%2C%22atName%22%3A%22JAWS%22%2C%22browserName%22%3Anull%2C%22testRowNumber%22%3Anull%2C%22testSequenceNumber%22%3Anull%2C%22isCandidateReview%22%3Atrue%2C%22isCandidateReviewChangesRequested%22%3Atrue%7D%20--%3E"
    -                               target="_blank"
    -                               aria-disabled="false"
    -                               class="option-btn btn btn-secondary"
    -                               >Request Changes</a
    -                             >
    -                           </li>
    -                           <li>
    -                             <a
    -                               role="button"
    -                               tabindex="0"
    -                               href="https://github.com/bocoup/aria-at/issues/new?title=JAWS%20General%20Feedback:%20Modal%20Dialog%20Example%20V22.05.26%20for%20Candidate%20Report&amp;labels=candidate-review,jaws,feedback&amp;body=%23%23%20Description%20of%20Behavior%0A%0A%3C!--%20Write%20your%20description%20here%20--%3E%0A%0A%3C!--%20The%20following%20data%20allows%20the%20issue%20to%20be%20imported%20into%20the%20ARIA%20AT%20App%20--%3E%0A%3C!--%20ARIA_AT_APP_ISSUE_DATA%20%3D%20%7B%22testPlanDirectory%22%3A%22modal-dialog%22%2C%22versionString%22%3A%22V22.05.26%22%2C%22atName%22%3A%22JAWS%22%2C%22browserName%22%3Anull%2C%22testRowNumber%22%3Anull%2C%22testSequenceNumber%22%3Anull%2C%22isCandidateReview%22%3Atrue%2C%22isCandidateReviewChangesRequested%22%3Afalse%7D%20--%3E"
    -                               target="_blank"
    -                               aria-disabled="false"
    -                               class="option-btn btn btn-secondary"
    -                               >Leave Feedback</a
    -                             >
    -                           </li>
    -                           <li>
    -                             <a
    -                               role="button"
    -                               tabindex="0"
    -                               href="https://github.com/FreedomScientific/VFO-standards-support/issues"
    -                               target="_blank"
    -                               aria-disabled="false"
    -                               class="option-btn btn btn-secondary"
    -                               >File an AT bug</a
    -                             >
    -                           </li>
    -                           <li class="help-link">
    -                             <a href="mailto:public-aria-at@w3.org"
    -                               >Email us if you need help</a
    -                             >
    -                           </li>
    -                         </ul>
    -                       </div>
    -                     </div>
    -                   </div>
    -                 </div>
    -               </div>
    -             </main>
    -           </div>
    -         </div>
    +         <main id="main" tabindex="-1" class="container">
    +           <section class="invalid-request">
    +             <div><h1>Whoops! Unable to complete request</h1></div>
    +           </section>
    +         </main>
            </div>
            <span
              class="visually-hidden-aria-live-region"
              aria-live="polite"
              aria-atomic="true"></span>

      22 |
      23 |         const existingSnapshot = await fs.readFile(snapshotPath, 'utf-8');
    > 24 |         expect(currentSnapshot.trim()).toBe(existingSnapshot.trim());
         |                                        ^
      25 |       });
      26 |     });
      27 |   });

      at toBe (tests/e2e/snapshots/snapshotTest.e2e.test.js:24:40)
      at call (tests/e2e/snapshots/snapshotTest.e2e.test.js:2:1)
      at Generator.tryCatch (tests/e2e/snapshots/snapshotTest.e2e.test.js:2:1)
      at Generator._invoke [as next] (tests/e2e/snapshots/snapshotTest.e2e.test.js:2:1)
      at asyncGeneratorStep (tests/e2e/snapshots/snapshotTest.e2e.test.js:2:1)
      at asyncGeneratorStep (tests/e2e/snapshots/snapshotTest.e2e.test.js:2:1)

  ● Snapshot Comparison › should match snapshot for /test-queue/2/conflicts

    expect(received).toBe(expected) // Object.is equality

    - Expected  - 36
    + Received  +  5

    @@ -41,43 +41,12 @@
                      <a aria-current="true" class="nav-link" href="/test-queue"
                        >Test Queue</a
                      >
                    </li>
                    <li>
    -                 <a
    -                   aria-current="false"
    -                   class="nav-link"
    -                   href="/candidate-review"
    -                   >Candidate Review</a
    -                 >
    -               </li>
    -               <li>
    -                 <a
    -                   aria-current="false"
    -                   class="nav-link"
    -                   href="/account/settings"
    -                   >Settings</a
    -                 >
    -               </li>
    -               <li class="signed-in-wrapper">
    -                 <div class="signed-in" id="signed-in">
    -                   <svg
    -                     aria-hidden="true"
    -                     focusable="false"
    -                     data-prefix="fas"
    -                     data-icon="circle-user"
    -                     class="svg-inline--fa fa-circle-user"
    -                     role="img"
    -                     xmlns="http://www.w3.org/2000/svg"
    -                     viewBox="0 0 512 512">
    -                     <path
    -                       fill="currentColor"
    -                       d="M399 384.2C376.9 345.8 335.4 320 288 320H224c-47.4 0-88.9 25.8-111 64.2c35.2 39.2 86.2 63.8 143 63.8s107.8-24.7 143-63.8zM0 256a256 256 0 1 1 512 0A256 256 0 1 1 0 256zm256 16a72 72 0 1 0 0-144 72 72 0 1 0 0 144z"></path></svg
    -                   >Signed in as <b>joe-the-admin</b>
    -                 </div>
    -                 <a aria-describedby="signed-in" class="nav-link" href="/"
    -                   >Sign out</a
    +                 <a class="nav-link" href="/test-queue/2/conflicts"
    +                   >Sign in with GitHub</a
                      >
                    </li>
                  </div>
                </div>
              </nav>
    @@ -292,11 +261,11 @@
                                xmlns="http://www.w3.org/2000/svg"
                                viewBox="0 0 512 512">
                                <path
                                  fill="currentColor"
                                  d="M128 64c0-35.3 28.7-64 64-64H352V128c0 17.7 14.3 32 32 32H512V448c0 35.3-28.7 64-64 64H192c-35.3 0-64-28.7-64-64V336H302.1l-39 39c-9.4 9.4-9.4 24.6 0 33.9s24.6 9.4 33.9 0l80-80c9.4-9.4 9.4-24.6 0-33.9l-80-80c-9.4-9.4-24.6-9.4-33.9 0s-9.4 24.6 0 33.9l39 39H128V64zm0 224v48H24c-13.3 0-24-10.7-24-24s10.7-24 24-24H128zM512 128H384V0L512 128z"></path></svg
    -                         >Open run as...
    +                         >View Results for...
                            </button>
                          </div>
                        </div>
                      </div>
                    </div>
    @@ -418,11 +387,11 @@
                                xmlns="http://www.w3.org/2000/svg"
                                viewBox="0 0 512 512">
                                <path
                                  fill="currentColor"
                                  d="M128 64c0-35.3 28.7-64 64-64H352V128c0 17.7 14.3 32 32 32H512V448c0 35.3-28.7 64-64 64H192c-35.3 0-64-28.7-64-64V336H302.1l-39 39c-9.4 9.4-9.4 24.6 0 33.9s24.6 9.4 33.9 0l80-80c9.4-9.4 9.4-24.6 0-33.9l-80-80c-9.4-9.4-24.6-9.4-33.9 0s-9.4 24.6 0 33.9l39 39H128V64zm0 224v48H24c-13.3 0-24-10.7-24-24s10.7-24 24-24H128zM512 128H384V0L512 128z"></path></svg
    -                         >Open run as...
    +                         >View Results for...
                            </button>
                          </div>
                        </div>
                      </div>
                    </div>
    @@ -552,11 +521,11 @@
                                xmlns="http://www.w3.org/2000/svg"
                                viewBox="0 0 512 512">
                                <path
                                  fill="currentColor"
                                  d="M128 64c0-35.3 28.7-64 64-64H352V128c0 17.7 14.3 32 32 32H512V448c0 35.3-28.7 64-64 64H192c-35.3 0-64-28.7-64-64V336H302.1l-39 39c-9.4 9.4-9.4 24.6 0 33.9s24.6 9.4 33.9 0l80-80c9.4-9.4 9.4-24.6 0-33.9l-80-80c-9.4-9.4-24.6-9.4-33.9 0s-9.4 24.6 0 33.9l39 39H128V64zm0 224v48H24c-13.3 0-24-10.7-24-24s10.7-24 24-24H128zM512 128H384V0L512 128z"></path></svg
    -                         >Open run as...
    +                         >View Results for...
                            </button>
                          </div>
                        </div>
                      </div>
                    </div>

      22 |
      23 |         const existingSnapshot = await fs.readFile(snapshotPath, 'utf-8');
    > 24 |         expect(currentSnapshot.trim()).toBe(existingSnapshot.trim());
         |                                        ^
      25 |       });
      26 |     });
      27 |   });

      at toBe (tests/e2e/snapshots/snapshotTest.e2e.test.js:24:40)
      at call (tests/e2e/snapshots/snapshotTest.e2e.test.js:2:1)
      at Generator.tryCatch (tests/e2e/snapshots/snapshotTest.e2e.test.js:2:1)
      at Generator._invoke [as next] (tests/e2e/snapshots/snapshotTest.e2e.test.js:2:1)
      at asyncGeneratorStep (tests/e2e/snapshots/snapshotTest.e2e.test.js:2:1)
      at asyncGeneratorStep (tests/e2e/snapshots/snapshotTest.e2e.test.js:2:1)

  ● Snapshot Comparison › should match snapshot for /report/67/targets/20

    expect(received).toBe(expected) // Object.is equality

    - Expected  - 33
    + Received  +  2

    @@ -44,43 +44,12 @@
                      <a aria-current="false" class="nav-link" href="/test-queue"
                        >Test Queue</a
                      >
                    </li>
                    <li>
    -                 <a
    -                   aria-current="false"
    -                   class="nav-link"
    -                   href="/candidate-review"
    -                   >Candidate Review</a
    -                 >
    -               </li>
    -               <li>
    -                 <a
    -                   aria-current="false"
    -                   class="nav-link"
    -                   href="/account/settings"
    -                   >Settings</a
    -                 >
    -               </li>
    -               <li class="signed-in-wrapper">
    -                 <div class="signed-in" id="signed-in">
    -                   <svg
    -                     aria-hidden="true"
    -                     focusable="false"
    -                     data-prefix="fas"
    -                     data-icon="circle-user"
    -                     class="svg-inline--fa fa-circle-user"
    -                     role="img"
    -                     xmlns="http://www.w3.org/2000/svg"
    -                     viewBox="0 0 512 512">
    -                     <path
    -                       fill="currentColor"
    -                       d="M399 384.2C376.9 345.8 335.4 320 288 320H224c-47.4 0-88.9 25.8-111 64.2c35.2 39.2 86.2 63.8 143 63.8s107.8-24.7 143-63.8zM0 256a256 256 0 1 1 512 0A256 256 0 1 1 0 256zm256 16a72 72 0 1 0 0-144 72 72 0 1 0 0 144z"></path></svg
    -                   >Signed in as <b>joe-the-admin</b>
    -                 </div>
    -                 <a aria-describedby="signed-in" class="nav-link" href="/"
    -                   >Sign out</a
    +                 <a class="nav-link" href="/report/67/targets/20"
    +                   >Sign in with GitHub</a
                      >
                    </li>
                  </div>
                </div>
              </nav>

      22 |
      23 |         const existingSnapshot = await fs.readFile(snapshotPath, 'utf-8');
    > 24 |         expect(currentSnapshot.trim()).toBe(existingSnapshot.trim());
         |                                        ^
      25 |       });
      26 |     });
      27 |   });

      at toBe (tests/e2e/snapshots/snapshotTest.e2e.test.js:24:40)
      at call (tests/e2e/snapshots/snapshotTest.e2e.test.js:2:1)
      at Generator.tryCatch (tests/e2e/snapshots/snapshotTest.e2e.test.js:2:1)
      at Generator._invoke [as next] (tests/e2e/snapshots/snapshotTest.e2e.test.js:2:1)
      at asyncGeneratorStep (tests/e2e/snapshots/snapshotTest.e2e.test.js:2:1)
      at asyncGeneratorStep (tests/e2e/snapshots/snapshotTest.e2e.test.js:2:1)

FAIL tests/e2e/CandidateReview.e2e.test.js (109.829 s)
  ● Candidate Review when not signed in or tester › does not render page if tester

    thrown: "<!DOCTYPE html>
    <html lang=\"en\">
    <head>
    <meta charset=\"utf-8\">
    <title>Error</title>
    </head>
    <body>
    <pre>Error<br> &nbsp; &nbsp;at Query.run (/Users/drboostfire/Documents/GitHub/aria-at-app/node_modules/sequelize/lib/dialects/postgres/query.js:50:25)<br> &nbsp; &nbsp;at /Users/drboostfire/Documents/GitHub/aria-at-app/node_modules/sequelize/lib/sequelize.js:315:28<br> &nbsp; &nbsp;at process.processTicksAndRejections (node:internal/process/task_queues:105:5)<br> &nbsp; &nbsp;at async PostgresQueryInterface.select (/Users/drboostfire/Documents/GitHub/aria-at-app/node_modules/sequelize/lib/dialects/abstract/query-interface.js:407:12)<br> &nbsp; &nbsp;at async User.findAll (/Users/drboostfire/Documents/GitHub/aria-at-app/node_modules/sequelize/lib/model.js:1140:21)<br> &nbsp; &nbsp;at async Object.nestedGetOrCreate (/Users/drboostfire/Documents/GitHub/aria-at-app/server/models/services/ModelService.js:389:19)<br> &nbsp; &nbsp;at async getOrCreateUser (/Users/drboostfire/Documents/GitHub/aria-at-app/server/models/services/UserService.js:452:30)<br> &nbsp; &nbsp;at async setFakeUserController (/Users/drboostfire/Documents/GitHub/aria-at-app/server/controllers/FakeUserController.js:30:16)</pre>
    </body>
    </html>
    "

      13 |   });
      14 |
    > 15 |   it('does not render page if tester', async () => {
         |   ^
      16 |     await getPage({ role: 'tester', url: '/candidate-review' }, async page => {
      17 |       const h1Text = await text(page, 'h1');
      18 |       const currentUrl = await page.url();

      at it (tests/e2e/CandidateReview.e2e.test.js:15:3)
      at Object.describe (tests/e2e/CandidateReview.e2e.test.js:4:1)

  ● Candidate Review when signed in as vendor › renders page if signed in

    thrown: "<!DOCTYPE html>
    <html lang=\"en\">
    <head>
    <meta charset=\"utf-8\">
    <title>Error</title>
    </head>
    <body>
    <pre>Error<br> &nbsp; &nbsp;at Query.run (/Users/drboostfire/Documents/GitHub/aria-at-app/node_modules/sequelize/lib/dialects/postgres/query.js:50:25)<br> &nbsp; &nbsp;at /Users/drboostfire/Documents/GitHub/aria-at-app/node_modules/sequelize/lib/sequelize.js:315:28<br> &nbsp; &nbsp;at process.processTicksAndRejections (node:internal/process/task_queues:105:5)<br> &nbsp; &nbsp;at async PostgresQueryInterface.select (/Users/drboostfire/Documents/GitHub/aria-at-app/node_modules/sequelize/lib/dialects/abstract/query-interface.js:407:12)<br> &nbsp; &nbsp;at async User.findAll (/Users/drboostfire/Documents/GitHub/aria-at-app/node_modules/sequelize/lib/model.js:1140:21)<br> &nbsp; &nbsp;at async Object.nestedGetOrCreate (/Users/drboostfire/Documents/GitHub/aria-at-app/server/models/services/ModelService.js:389:19)<br> &nbsp; &nbsp;at async getOrCreateUser (/Users/drboostfire/Documents/GitHub/aria-at-app/server/models/services/UserService.js:452:30)<br> &nbsp; &nbsp;at async setFakeUserController (/Users/drboostfire/Documents/GitHub/aria-at-app/server/controllers/FakeUserController.js:30:16)</pre>
    </body>
    </html>
    "

      25 |
      26 | describe('Candidate Review when signed in as vendor', () => {
    > 27 |   it('renders page if signed in', async () => {
         |   ^
      28 |     await getPage(
      29 |       { role: 'vendor', url: '/candidate-review' },
      30 |       async (page, { consoleErrors }) => {

      at it (tests/e2e/CandidateReview.e2e.test.js:27:3)
      at Object.describe (tests/e2e/CandidateReview.e2e.test.js:26:1)

  ● Candidate Review when signed in as vendor › navigates to candidate test plan run page

    TimeoutError: Waiting for selector `[[["h1 ",{"name":"text","value":"Candidate Review"}]]]` failed: Waiting failed: 30000ms exceeded

      at new WaitTask (../node_modules/puppeteer-core/src/common/WaitTask.ts:82:28)
      at IsolatedWorld.waitForFunction (../node_modules/puppeteer-core/src/api/Realm.ts:74:22)
      at PQueryHandler.waitFor (../node_modules/puppeteer-core/src/common/QueryHandler.ts:172:50)
      at CdpFrame.waitForSelector (../node_modules/puppeteer-core/src/api/Frame.ts:729:13)
      at CdpPage.waitForSelector (../node_modules/puppeteer-core/src/api/Page.ts:2943:12)

  ● Candidate Review when signed in as vendor › shows summary view as first page and navigates correctly

    TimeoutError: Waiting for selector `[[["h1 ",{"name":"text","value":"Candidate Review"}]]]` failed: Waiting failed: 30000ms exceeded

      at new WaitTask (../node_modules/puppeteer-core/src/common/WaitTask.ts:82:28)
      at IsolatedWorld.waitForFunction (../node_modules/puppeteer-core/src/api/Realm.ts:74:22)
      at PQueryHandler.waitFor (../node_modules/puppeteer-core/src/common/QueryHandler.ts:172:50)
      at CdpFrame.waitForSelector (../node_modules/puppeteer-core/src/api/Frame.ts:729:13)
      at CdpPage.waitForSelector (../node_modules/puppeteer-core/src/api/Page.ts:2943:12)

  ● Candidate Review when signed in as vendor › shows failing assertions summary content

    TimeoutError: Waiting for selector `[[["h1 ",{"name":"text","value":"Candidate Review"}]]]` failed: Waiting failed: 30000ms exceeded

      at new WaitTask (../node_modules/puppeteer-core/src/common/WaitTask.ts:82:28)
      at IsolatedWorld.waitForFunction (../node_modules/puppeteer-core/src/api/Realm.ts:74:22)
      at PQueryHandler.waitFor (../node_modules/puppeteer-core/src/common/QueryHandler.ts:172:50)
      at CdpFrame.waitForSelector (../node_modules/puppeteer-core/src/api/Frame.ts:729:13)
      at CdpPage.waitForSelector (../node_modules/puppeteer-core/src/api/Page.ts:2943:12)

FAIL tests/e2e/UserSettings.e2e.test.js (111.618 s)
  ● User Settings when signed in as vendor › does not render page if signed in as vendor

    thrown: "<!DOCTYPE html>
    <html lang=\"en\">
    <head>
    <meta charset=\"utf-8\">
    <title>Error</title>
    </head>
    <body>
    <pre>Error<br> &nbsp; &nbsp;at Query.run (/Users/drboostfire/Documents/GitHub/aria-at-app/node_modules/sequelize/lib/dialects/postgres/query.js:50:25)<br> &nbsp; &nbsp;at /Users/drboostfire/Documents/GitHub/aria-at-app/node_modules/sequelize/lib/sequelize.js:315:28<br> &nbsp; &nbsp;at process.processTicksAndRejections (node:internal/process/task_queues:105:5)<br> &nbsp; &nbsp;at async PostgresQueryInterface.select (/Users/drboostfire/Documents/GitHub/aria-at-app/node_modules/sequelize/lib/dialects/abstract/query-interface.js:407:12)<br> &nbsp; &nbsp;at async User.findAll (/Users/drboostfire/Documents/GitHub/aria-at-app/node_modules/sequelize/lib/model.js:1140:21)<br> &nbsp; &nbsp;at async Object.nestedGetOrCreate (/Users/drboostfire/Documents/GitHub/aria-at-app/server/models/services/ModelService.js:389:19)<br> &nbsp; &nbsp;at async getOrCreateUser (/Users/drboostfire/Documents/GitHub/aria-at-app/server/models/services/UserService.js:452:30)<br> &nbsp; &nbsp;at async setFakeUserController (/Users/drboostfire/Documents/GitHub/aria-at-app/server/controllers/FakeUserController.js:30:16)</pre>
    </body>
    </html>
    "

      15 |
      16 | describe('User Settings when signed in as vendor', () => {
    > 17 |   it('does not render page if signed in as vendor', async () => {
         |   ^
      18 |     await getPage({ role: 'vendor', url: '/account/settings' }, async page => {
      19 |       const h1Text = await text(page, 'h1');
      20 |       const currentUrl = await page.url();

      at it (tests/e2e/UserSettings.e2e.test.js:17:3)
      at Object.describe (tests/e2e/UserSettings.e2e.test.js:16:1)

  ● User Settings common traits › renders page h1

    thrown: "<!DOCTYPE html>
    <html lang=\"en\">
    <head>
    <meta charset=\"utf-8\">
    <title>Error</title>
    </head>
    <body>
    <pre>Error<br> &nbsp; &nbsp;at Query.run (/Users/drboostfire/Documents/GitHub/aria-at-app/node_modules/sequelize/lib/dialects/postgres/query.js:50:25)<br> &nbsp; &nbsp;at /Users/drboostfire/Documents/GitHub/aria-at-app/node_modules/sequelize/lib/sequelize.js:315:28<br> &nbsp; &nbsp;at process.processTicksAndRejections (node:internal/process/task_queues:105:5)<br> &nbsp; &nbsp;at async PostgresQueryInterface.select (/Users/drboostfire/Documents/GitHub/aria-at-app/node_modules/sequelize/lib/dialects/abstract/query-interface.js:407:12)<br> &nbsp; &nbsp;at async User.findAll (/Users/drboostfire/Documents/GitHub/aria-at-app/node_modules/sequelize/lib/model.js:1140:21)<br> &nbsp; &nbsp;at async Object.nestedGetOrCreate (/Users/drboostfire/Documents/GitHub/aria-at-app/server/models/services/ModelService.js:389:19)<br> &nbsp; &nbsp;at async getOrCreateUser (/Users/drboostfire/Documents/GitHub/aria-at-app/server/models/services/UserService.js:452:30)<br> &nbsp; &nbsp;at async setFakeUserController (/Users/drboostfire/Documents/GitHub/aria-at-app/server/controllers/FakeUserController.js:30:16)</pre>
    </body>
    </html>
    "

      27 |
      28 | describe('User Settings common traits', () => {
    > 29 |   it('renders page h1', async () => {
         |   ^
      30 |     await getPage({ role: 'tester', url: '/account/settings' }, async page => {
      31 |       const h1Text = await text(page, 'h1');
      32 |       expect(h1Text).toBe('Settings');

      at it (tests/e2e/UserSettings.e2e.test.js:29:3)
      at Object.describe (tests/e2e/UserSettings.e2e.test.js:28:1)

  ● User Settings common traits › renders tester's user details and assistive technology sections

    TimeoutError: Waiting for selector `[[["h2 ",{"name":"text","value":"User Details"}]]]` failed: Waiting failed: 30000ms exceeded

      at new WaitTask (../node_modules/puppeteer-core/src/common/WaitTask.ts:82:28)
      at IsolatedWorld.waitForFunction (../node_modules/puppeteer-core/src/api/Realm.ts:74:22)
      at PQueryHandler.waitFor (../node_modules/puppeteer-core/src/common/QueryHandler.ts:172:50)
      at CdpFrame.waitForSelector (../node_modules/puppeteer-core/src/api/Frame.ts:729:13)
      at CdpPage.waitForSelector (../node_modules/puppeteer-core/src/api/Page.ts:2943:12)

  ● User Settings common traits › renders admin's user details and assistive technology sections

    thrown: "<!DOCTYPE html>
    <html lang=\"en\">
    <head>
    <meta charset=\"utf-8\">
    <title>Error</title>
    </head>
    <body>
    <pre>Error<br> &nbsp; &nbsp;at Query.run (/Users/drboostfire/Documents/GitHub/aria-at-app/node_modules/sequelize/lib/dialects/postgres/query.js:50:25)<br> &nbsp; &nbsp;at /Users/drboostfire/Documents/GitHub/aria-at-app/node_modules/sequelize/lib/sequelize.js:315:28<br> &nbsp; &nbsp;at process.processTicksAndRejections (node:internal/process/task_queues:105:5)<br> &nbsp; &nbsp;at async PostgresQueryInterface.select (/Users/drboostfire/Documents/GitHub/aria-at-app/node_modules/sequelize/lib/dialects/abstract/query-interface.js:407:12)<br> &nbsp; &nbsp;at async User.findAll (/Users/drboostfire/Documents/GitHub/aria-at-app/node_modules/sequelize/lib/model.js:1140:21)<br> &nbsp; &nbsp;at async Object.nestedGetOrCreate (/Users/drboostfire/Documents/GitHub/aria-at-app/server/models/services/ModelService.js:389:19)<br> &nbsp; &nbsp;at async getOrCreateUser (/Users/drboostfire/Documents/GitHub/aria-at-app/server/models/services/UserService.js:452:30)<br> &nbsp; &nbsp;at async setFakeUserController (/Users/drboostfire/Documents/GitHub/aria-at-app/server/controllers/FakeUserController.js:30:16)</pre>
    </body>
    </html>
    "

      44 |   });
      45 |
    > 46 |   it("renders admin's user details and assistive technology sections", async () => {
         |   ^
      47 |     await getPage({ role: 'admin', url: '/account/settings' }, async page => {
      48 |       await page.waitForSelector('h2 ::-p-text(User Details)');
      49 |       await page.waitForSelector('h2 ::-p-text(Admin Actions)');

      at it (tests/e2e/UserSettings.e2e.test.js:46:3)
      at Object.describe (tests/e2e/UserSettings.e2e.test.js:28:1)

  ● User Settings when signed in as tester › renders testable assistive technologies status and update on save

    TimeoutError: Waiting for selector `p[data-testid="testable-ats-status"]` failed: Waiting failed: 30000ms exceeded

      at new WaitTask (../node_modules/puppeteer-core/src/common/WaitTask.ts:82:28)
      at IsolatedWorld.waitForFunction (../node_modules/puppeteer-core/src/api/Realm.ts:74:22)
      at CSSQueryHandler.waitFor (../node_modules/puppeteer-core/src/common/QueryHandler.ts:172:50)
      at CdpFrame.waitForSelector (../node_modules/puppeteer-core/src/api/Frame.ts:729:13)
      at CdpPage.waitForSelector (../node_modules/puppeteer-core/src/api/Page.ts:2943:12)

  ● User Settings when signed in as admin › renders admin actions section

    TimeoutError: Waiting for selector `[[["button ",{"name":"text","value":"Import Latest Test Plan Versions"}]]]` failed: Waiting failed: 30000ms exceeded

      at new WaitTask (../node_modules/puppeteer-core/src/common/WaitTask.ts:82:28)
      at IsolatedWorld.waitForFunction (../node_modules/puppeteer-core/src/api/Realm.ts:74:22)
      at PQueryHandler.waitFor (../node_modules/puppeteer-core/src/common/QueryHandler.ts:172:50)
      at CdpFrame.waitForSelector (../node_modules/puppeteer-core/src/api/Frame.ts:729:13)
      at CdpPage.waitForSelector (../node_modules/puppeteer-core/src/api/Page.ts:2943:12)

FAIL tests/e2e/TestRun.e2e.test.js (259.084 s)
  ● Test Run when not signed in › renders /run/:id page but unable to make changes

    TimeoutError: Waiting for selector `[[["h1 ",{"name":"text","value":"Test 1:"}]]]` failed: Waiting failed: 30000ms exceeded

      at new WaitTask (../node_modules/puppeteer-core/src/common/WaitTask.ts:82:28)
      at IsolatedWorld.waitForFunction (../node_modules/puppeteer-core/src/api/Realm.ts:74:22)
      at PQueryHandler.waitFor (../node_modules/puppeteer-core/src/common/QueryHandler.ts:172:50)
      at CdpFrame.waitForSelector (../node_modules/puppeteer-core/src/api/Frame.ts:729:13)
      at CdpPage.waitForSelector (../node_modules/puppeteer-core/src/api/Page.ts:2943:12)

  ● Test Run when signed in as tester › self assigns tester on Test Queue page and opens test run

    thrown: "<!DOCTYPE html>
    <html lang=\"en\">
    <head>
    <meta charset=\"utf-8\">
    <title>Error</title>
    </head>
    <body>
    <pre>Error<br> &nbsp; &nbsp;at Query.run (/Users/drboostfire/Documents/GitHub/aria-at-app/node_modules/sequelize/lib/dialects/postgres/query.js:50:25)<br> &nbsp; &nbsp;at /Users/drboostfire/Documents/GitHub/aria-at-app/node_modules/sequelize/lib/sequelize.js:315:28<br> &nbsp; &nbsp;at process.processTicksAndRejections (node:internal/process/task_queues:105:5)<br> &nbsp; &nbsp;at async PostgresQueryInterface.select (/Users/drboostfire/Documents/GitHub/aria-at-app/node_modules/sequelize/lib/dialects/abstract/query-interface.js:407:12)<br> &nbsp; &nbsp;at async User.findAll (/Users/drboostfire/Documents/GitHub/aria-at-app/node_modules/sequelize/lib/model.js:1140:21)<br> &nbsp; &nbsp;at async Object.nestedGetOrCreate (/Users/drboostfire/Documents/GitHub/aria-at-app/server/models/services/ModelService.js:389:19)<br> &nbsp; &nbsp;at async getOrCreateUser (/Users/drboostfire/Documents/GitHub/aria-at-app/server/models/services/UserService.js:452:30)<br> &nbsp; &nbsp;at async setFakeUserController (/Users/drboostfire/Documents/GitHub/aria-at-app/server/controllers/FakeUserController.js:30:16)</pre>
    </body>
    </html>
    "

      232 |   };
      233 |
    > 234 |   it('self assigns tester on Test Queue page and opens test run', async () => {
          |   ^
      235 |     await getPage({ role: 'tester', url: '/test-queue' }, async page => {
      236 |       await assignSelfAndNavigateToRun(page);
      237 |

      at it (tests/e2e/TestRun.e2e.test.js:234:3)
      at Object.describe (tests/e2e/TestRun.e2e.test.js:112:1)

  ● Test Run when signed in as tester › navigates between tests

    TimeoutError: Waiting for selector `button#disclosure-btn-modal-dialog-0` failed: Waiting failed: 30000ms exceeded

      at new WaitTask (../node_modules/puppeteer-core/src/common/WaitTask.ts:82:28)
      at IsolatedWorld.waitForFunction (../node_modules/puppeteer-core/src/api/Realm.ts:74:22)
      at CSSQueryHandler.waitFor (../node_modules/puppeteer-core/src/common/QueryHandler.ts:172:50)
      at CdpFrame.waitForSelector (../node_modules/puppeteer-core/src/api/Frame.ts:729:13)
      at CdpPage.waitForSelector (../node_modules/puppeteer-core/src/api/Page.ts:2943:12)

  ● Test Run when signed in as tester › clamps the test index to the bounds of the test list

    TimeoutError: Waiting for selector `button#disclosure-btn-modal-dialog-0` failed: Waiting failed: 30000ms exceeded

      at new WaitTask (../node_modules/puppeteer-core/src/common/WaitTask.ts:82:28)
      at IsolatedWorld.waitForFunction (../node_modules/puppeteer-core/src/api/Realm.ts:74:22)
      at CSSQueryHandler.waitFor (../node_modules/puppeteer-core/src/common/QueryHandler.ts:172:50)
      at CdpFrame.waitForSelector (../node_modules/puppeteer-core/src/api/Frame.ts:729:13)
      at CdpPage.waitForSelector (../node_modules/puppeteer-core/src/api/Page.ts:2943:12)

  ● Test Run when signed in as tester › inputs results and navigates between tests to confirm saving

    TimeoutError: Waiting for selector `button#disclosure-btn-modal-dialog-0` failed: Waiting failed: 30000ms exceeded

      at new WaitTask (../node_modules/puppeteer-core/src/common/WaitTask.ts:82:28)
      at IsolatedWorld.waitForFunction (../node_modules/puppeteer-core/src/api/Realm.ts:74:22)
      at CSSQueryHandler.waitFor (../node_modules/puppeteer-core/src/common/QueryHandler.ts:172:50)
      at CdpFrame.waitForSelector (../node_modules/puppeteer-core/src/api/Frame.ts:729:13)
      at CdpPage.waitForSelector (../node_modules/puppeteer-core/src/api/Page.ts:2943:12)

  ● Test Run when signed in as tester › persists the presence of unexpected behaviors

    TimeoutError: Waiting for selector `button#disclosure-btn-alert-0` failed: Waiting failed: 30000ms exceeded

      at new WaitTask (../node_modules/puppeteer-core/src/common/WaitTask.ts:82:28)
      at IsolatedWorld.waitForFunction (../node_modules/puppeteer-core/src/api/Realm.ts:74:22)
      at CSSQueryHandler.waitFor (../node_modules/puppeteer-core/src/common/QueryHandler.ts:172:50)
      at CdpFrame.waitForSelector (../node_modules/puppeteer-core/src/api/Frame.ts:729:13)
      at CdpPage.waitForSelector (../node_modules/puppeteer-core/src/api/Page.ts:2943:12)

  ● Test Run when signed in as tester › marks assertions as untestable

    TimeoutError: Waiting for selector `button#disclosure-btn-alert-0` failed: Waiting failed: 30000ms exceeded

      at new WaitTask (../node_modules/puppeteer-core/src/common/WaitTask.ts:82:28)
      at IsolatedWorld.waitForFunction (../node_modules/puppeteer-core/src/api/Realm.ts:74:22)
      at CSSQueryHandler.waitFor (../node_modules/puppeteer-core/src/common/QueryHandler.ts:172:50)
      at CdpFrame.waitForSelector (../node_modules/puppeteer-core/src/api/Frame.ts:729:13)
      at CdpPage.waitForSelector (../node_modules/puppeteer-core/src/api/Page.ts:2943:12)

  ● Test Run when signed in as tester › inputs results and successfully submits

    TimeoutError: Waiting for selector `button#disclosure-btn-modal-dialog-0` failed: Waiting failed: 30000ms exceeded

      at new WaitTask (../node_modules/puppeteer-core/src/common/WaitTask.ts:82:28)
      at IsolatedWorld.waitForFunction (../node_modules/puppeteer-core/src/api/Realm.ts:74:22)
      at CSSQueryHandler.waitFor (../node_modules/puppeteer-core/src/common/QueryHandler.ts:172:50)
      at CdpFrame.waitForSelector (../node_modules/puppeteer-core/src/api/Frame.ts:729:13)
      at CdpPage.waitForSelector (../node_modules/puppeteer-core/src/api/Page.ts:2943:12)

  ● Test Run when signed in as tester › opens popup with content after clicking "Open Test Page" button

    TimeoutError: Waiting for selector `button#disclosure-btn-modal-dialog-0` failed: Waiting failed: 30000ms exceeded

      at new WaitTask (../node_modules/puppeteer-core/src/common/WaitTask.ts:82:28)
      at IsolatedWorld.waitForFunction (../node_modules/puppeteer-core/src/api/Realm.ts:74:22)
      at CSSQueryHandler.waitFor (../node_modules/puppeteer-core/src/common/QueryHandler.ts:172:50)
      at CdpFrame.waitForSelector (../node_modules/puppeteer-core/src/api/Frame.ts:729:13)
      at CdpPage.waitForSelector (../node_modules/puppeteer-core/src/api/Page.ts:2943:12)

FAIL tests/e2e/TestQueue.e2e.test.js (325.191 s)
  ● Test Queue admin traits when reports exist › renders page h1

    thrown: "<!DOCTYPE html>
    <html lang=\"en\">
    <head>
    <meta charset=\"utf-8\">
    <title>Error</title>
    </head>
    <body>
    <pre>Error<br> &nbsp; &nbsp;at Query.run (/Users/drboostfire/Documents/GitHub/aria-at-app/node_modules/sequelize/lib/dialects/postgres/query.js:50:25)<br> &nbsp; &nbsp;at /Users/drboostfire/Documents/GitHub/aria-at-app/node_modules/sequelize/lib/sequelize.js:315:28<br> &nbsp; &nbsp;at process.processTicksAndRejections (node:internal/process/task_queues:105:5)<br> &nbsp; &nbsp;at async PostgresQueryInterface.select (/Users/drboostfire/Documents/GitHub/aria-at-app/node_modules/sequelize/lib/dialects/abstract/query-interface.js:407:12)<br> &nbsp; &nbsp;at async User.findAll (/Users/drboostfire/Documents/GitHub/aria-at-app/node_modules/sequelize/lib/model.js:1140:21)<br> &nbsp; &nbsp;at async Object.nestedGetOrCreate (/Users/drboostfire/Documents/GitHub/aria-at-app/server/models/services/ModelService.js:389:19)<br> &nbsp; &nbsp;at async getOrCreateUser (/Users/drboostfire/Documents/GitHub/aria-at-app/server/models/services/UserService.js:452:30)<br> &nbsp; &nbsp;at async setFakeUserController (/Users/drboostfire/Documents/GitHub/aria-at-app/server/controllers/FakeUserController.js:30:16)</pre>
    </body>
    </html>
    "

      30 |   };
      31 |
    > 32 |   it('renders page h1', async () => {
         |   ^
      33 |     await getPage({ role: 'admin', url: '/test-queue' }, async page => {
      34 |       const h1Element = await text(page, 'h1');
      35 |       expect(h1Element).toBe('Test Queue');

      at it (tests/e2e/TestQueue.e2e.test.js:32:3)
      at Object.describe (tests/e2e/TestQueue.e2e.test.js:13:1)

  ● Test Queue admin traits when reports exist › renders page with instructions

    TimeoutError: Waiting for selector `[data-testid="test-queue-instructions"]` failed: Waiting failed: 30000ms exceeded

      at new WaitTask (../node_modules/puppeteer-core/src/common/WaitTask.ts:82:28)
      at IsolatedWorld.waitForFunction (../node_modules/puppeteer-core/src/api/Realm.ts:74:22)
      at CSSQueryHandler.waitFor (../node_modules/puppeteer-core/src/common/QueryHandler.ts:172:50)
      at CdpFrame.waitForSelector (../node_modules/puppeteer-core/src/api/Frame.ts:729:13)
      at CdpPage.waitForSelector (../node_modules/puppeteer-core/src/api/Page.ts:2943:12)

  ● Test Queue admin traits when reports exist › renders page with known pattern sections

    TimeoutError: Waiting for selector `[[["h2 ",{"name":"text","value":"Alert Example"}]]]` failed: Waiting failed: 30000ms exceeded

      at new WaitTask (../node_modules/puppeteer-core/src/common/WaitTask.ts:82:28)
      at IsolatedWorld.waitForFunction (../node_modules/puppeteer-core/src/api/Realm.ts:74:22)
      at PQueryHandler.waitFor (../node_modules/puppeteer-core/src/common/QueryHandler.ts:172:50)
      at CdpFrame.waitForSelector (../node_modules/puppeteer-core/src/api/Frame.ts:729:13)
      at CdpPage.waitForSelector (../node_modules/puppeteer-core/src/api/Page.ts:2943:12)

  ● Test Queue admin traits when reports exist › renders page and open pattern section's table

    TimeoutError: Waiting for selector `button#disclosure-btn-modal-dialog-0` failed: Waiting failed: 30000ms exceeded

      at new WaitTask (../node_modules/puppeteer-core/src/common/WaitTask.ts:82:28)
      at IsolatedWorld.waitForFunction (../node_modules/puppeteer-core/src/api/Realm.ts:74:22)
      at CSSQueryHandler.waitFor (../node_modules/puppeteer-core/src/common/QueryHandler.ts:172:50)
      at CdpFrame.waitForSelector (../node_modules/puppeteer-core/src/api/Frame.ts:729:13)
      at CdpPage.waitForSelector (../node_modules/puppeteer-core/src/api/Page.ts:2943:12)

  ● Test Queue admin traits when reports exist › renders page, opens pattern section's table and assigns bot and shows context related action

    TimeoutError: Waiting for selector `button#disclosure-btn-modal-dialog-0` failed: Waiting failed: 30000ms exceeded

      at new WaitTask (../node_modules/puppeteer-core/src/common/WaitTask.ts:82:28)
      at IsolatedWorld.waitForFunction (../node_modules/puppeteer-core/src/api/Realm.ts:74:22)
      at CSSQueryHandler.waitFor (../node_modules/puppeteer-core/src/common/QueryHandler.ts:172:50)
      at CdpFrame.waitForSelector (../node_modules/puppeteer-core/src/api/Frame.ts:729:13)
      at CdpPage.waitForSelector (../node_modules/puppeteer-core/src/api/Page.ts:2943:12)

  ● Test Queue admin traits when reports exist › renders page, opens pattern section's table and creates report using test plan report status dialog

    TimeoutError: Waiting for selector `button#disclosure-btn-modal-dialog-0` failed: Waiting failed: 30000ms exceeded

      at new WaitTask (../node_modules/puppeteer-core/src/common/WaitTask.ts:82:28)
      at IsolatedWorld.waitForFunction (../node_modules/puppeteer-core/src/api/Realm.ts:74:22)
      at CSSQueryHandler.waitFor (../node_modules/puppeteer-core/src/common/QueryHandler.ts:172:50)
      at CdpFrame.waitForSelector (../node_modules/puppeteer-core/src/api/Frame.ts:729:13)
      at CdpPage.waitForSelector (../node_modules/puppeteer-core/src/api/Page.ts:2943:12)

  ● Test Queue admin traits when reports exist › renders page, opens pattern section's table and creates report using test plan report status dialog after updating minimum AT version

    TimeoutError: Waiting for selector `button#disclosure-btn-modal-dialog-0` failed: Waiting failed: 30000ms exceeded

      at new WaitTask (../node_modules/puppeteer-core/src/common/WaitTask.ts:82:28)
      at IsolatedWorld.waitForFunction (../node_modules/puppeteer-core/src/api/Realm.ts:74:22)
      at CSSQueryHandler.waitFor (../node_modules/puppeteer-core/src/common/QueryHandler.ts:172:50)
      at CdpFrame.waitForSelector (../node_modules/puppeteer-core/src/api/Frame.ts:729:13)
      at CdpPage.waitForSelector (../node_modules/puppeteer-core/src/api/Page.ts:2943:12)

  ● Test Queue tester traits when reports exist › renders page h1

    thrown: "<!DOCTYPE html>
    <html lang=\"en\">
    <head>
    <meta charset=\"utf-8\">
    <title>Error</title>
    </head>
    <body>
    <pre>Error<br> &nbsp; &nbsp;at Query.run (/Users/drboostfire/Documents/GitHub/aria-at-app/node_modules/sequelize/lib/dialects/postgres/query.js:50:25)<br> &nbsp; &nbsp;at /Users/drboostfire/Documents/GitHub/aria-at-app/node_modules/sequelize/lib/sequelize.js:315:28<br> &nbsp; &nbsp;at process.processTicksAndRejections (node:internal/process/task_queues:105:5)<br> &nbsp; &nbsp;at async PostgresQueryInterface.select (/Users/drboostfire/Documents/GitHub/aria-at-app/node_modules/sequelize/lib/dialects/abstract/query-interface.js:407:12)<br> &nbsp; &nbsp;at async User.findAll (/Users/drboostfire/Documents/GitHub/aria-at-app/node_modules/sequelize/lib/model.js:1140:21)<br> &nbsp; &nbsp;at async Object.nestedGetOrCreate (/Users/drboostfire/Documents/GitHub/aria-at-app/server/models/services/ModelService.js:389:19)<br> &nbsp; &nbsp;at async getOrCreateUser (/Users/drboostfire/Documents/GitHub/aria-at-app/server/models/services/UserService.js:452:30)<br> &nbsp; &nbsp;at async setFakeUserController (/Users/drboostfire/Documents/GitHub/aria-at-app/server/controllers/FakeUserController.js:30:16)</pre>
    </body>
    </html>
    "

      388 |
      389 | describe('Test Queue tester traits when reports exist', () => {
    > 390 |   it('renders page h1', async () => {
          |   ^
      391 |     await getPage({ role: 'tester', url: '/test-queue' }, async page => {
      392 |       const h1Element = await text(page, 'h1');
      393 |       expect(h1Element).toBe('Test Queue');

      at it (tests/e2e/TestQueue.e2e.test.js:390:3)
      at Object.describe (tests/e2e/TestQueue.e2e.test.js:389:1)

  ● Test Queue tester traits when reports exist › renders page with instructions

    TimeoutError: Waiting for selector `[data-testid="test-queue-instructions"]` failed: Waiting failed: 30000ms exceeded

      at new WaitTask (../node_modules/puppeteer-core/src/common/WaitTask.ts:82:28)
      at IsolatedWorld.waitForFunction (../node_modules/puppeteer-core/src/api/Realm.ts:74:22)
      at CSSQueryHandler.waitFor (../node_modules/puppeteer-core/src/common/QueryHandler.ts:172:50)
      at CdpFrame.waitForSelector (../node_modules/puppeteer-core/src/api/Frame.ts:729:13)
      at CdpPage.waitForSelector (../node_modules/puppeteer-core/src/api/Page.ts:2943:12)

  ● Test Queue tester traits when reports exist › renders page with known pattern sections

    TimeoutError: Waiting for selector `[[["h2 ",{"name":"text","value":"Alert Example"}]]]` failed: Waiting failed: 30000ms exceeded

      at new WaitTask (../node_modules/puppeteer-core/src/common/WaitTask.ts:82:28)
      at IsolatedWorld.waitForFunction (../node_modules/puppeteer-core/src/api/Realm.ts:74:22)
      at PQueryHandler.waitFor (../node_modules/puppeteer-core/src/common/QueryHandler.ts:172:50)
      at CdpFrame.waitForSelector (../node_modules/puppeteer-core/src/api/Frame.ts:729:13)
      at CdpPage.waitForSelector (../node_modules/puppeteer-core/src/api/Page.ts:2943:12)

  ● Test Queue tester traits when reports exist › renders page and open pattern section's table

    TimeoutError: Waiting for selector `button#disclosure-btn-modal-dialog-0` failed: Waiting failed: 30000ms exceeded

      at new WaitTask (../node_modules/puppeteer-core/src/common/WaitTask.ts:82:28)
      at IsolatedWorld.waitForFunction (../node_modules/puppeteer-core/src/api/Realm.ts:74:22)
      at CSSQueryHandler.waitFor (../node_modules/puppeteer-core/src/common/QueryHandler.ts:172:50)
      at CdpFrame.waitForSelector (../node_modules/puppeteer-core/src/api/Frame.ts:729:13)
      at CdpPage.waitForSelector (../node_modules/puppeteer-core/src/api/Page.ts:2943:12)

  ● Test Queue tester traits when reports exist › renders page, opens pattern section's table and assigns yourself and shows proper state of context related action

    TimeoutError: Waiting for selector `button#disclosure-btn-modal-dialog-0` failed: Waiting failed: 30000ms exceeded

      at new WaitTask (../node_modules/puppeteer-core/src/common/WaitTask.ts:82:28)
      at IsolatedWorld.waitForFunction (../node_modules/puppeteer-core/src/api/Realm.ts:74:22)
      at CSSQueryHandler.waitFor (../node_modules/puppeteer-core/src/common/QueryHandler.ts:172:50)
      at CdpFrame.waitForSelector (../node_modules/puppeteer-core/src/api/Frame.ts:729:13)
      at CdpPage.waitForSelector (../node_modules/puppeteer-core/src/api/Page.ts:2943:12)


Test Suites: 8 failed, 17 passed, 25 total
Tests:       52 failed, 1 skipped, 97 passed, 150 total
Snapshots:   0 total
Time:        328.858 s
Ran all test suites.
<i> [webpack-dev-server] Gracefully shutting down. To force exit, press ^C again. Please wait...

<i> [webpack-dev-server] [HPM] server close signal received: closing proxy server

startServer exited with code 1
startServer exited with code 1
error Command failed with exit code 1.
info Visit https://yarnpkg.com/en/docs/cli/run for documentation about this command.
error Command failed.
Exit code: 1
Command: /opt/homebrew/Cellar/node/24.1.0/bin/node
Arguments: /opt/homebrew/Cellar/yarn/1.22.22/libexec/lib/cli.js run jest
Directory: /Users/drboostfire/Documents/GitHub/aria-at-app/client
Output:

info Visit https://yarnpkg.com/en/docs/cli/workspaces for documentation about this command.
error Command failed with exit code 1.
info Visit https://yarnpkg.com/en/docs/cli/run for documentation about this command.
